[1.142s] Invoking command in '/home/Projects/HET/alicia_ws/build/alicia_d_pick_coordinator': AMENT_PREFIX_PATH=/home/Projects/HET/alicia_ws/install/alicia_d_control_interfaces:${AMENT_PREFIX_PATH} CMAKE_PREFIX_PATH=/home/Projects/HET/alicia_ws/install/alicia_d_control_interfaces:/opt/ros/humble LD_LIBRARY_PATH=/home/Projects/HET/alicia_ws/install/alicia_d_control_interfaces/lib:${LD_LIBRARY_PATH} PYTHONPATH=/home/Projects/HET/alicia_ws/install/alicia_d_control_interfaces/local/lib/python3.10/dist-packages:${PYTHONPATH} /usr/bin/cmake --build /home/Projects/HET/alicia_ws/build/alicia_d_pick_coordinator -- -j20 -l20
[1.211s] -- Found ament_cmake: 1.3.14 (/opt/ros/humble/share/ament_cmake/cmake)
[1.611s] -- Found rclpy: 3.3.21 (/opt/ros/humble/share/rclpy/cmake)
[1.991s] -- Configuring done
[2.005s] -- Generating done
[2.015s] -- Build files have been written to: /home/Projects/HET/alicia_ws/build/alicia_d_pick_coordinator
[2.119s] Built target ament_cmake_python_copy_alicia_d_pick_coordinator
[2.736s] running egg_info
[2.785s] writing alicia_d_pick_coordinator.egg-info/PKG-INFO
[2.785s] writing dependency_links to alicia_d_pick_coordinator.egg-info/dependency_links.txt
[2.786s] writing top-level names to alicia_d_pick_coordinator.egg-info/top_level.txt
[2.786s] reading manifest file 'alicia_d_pick_coordinator.egg-info/SOURCES.txt'
[2.786s] writing manifest file 'alicia_d_pick_coordinator.egg-info/SOURCES.txt'
[2.808s] Built target ament_cmake_python_build_alicia_d_pick_coordinator_egg
[2.836s] Invoked command in '/home/Projects/HET/alicia_ws/build/alicia_d_pick_coordinator' returned '0': AMENT_PREFIX_PATH=/home/Projects/HET/alicia_ws/install/alicia_d_control_interfaces:${AMENT_PREFIX_PATH} CMAKE_PREFIX_PATH=/home/Projects/HET/alicia_ws/install/alicia_d_control_interfaces:/opt/ros/humble LD_LIBRARY_PATH=/home/Projects/HET/alicia_ws/install/alicia_d_control_interfaces/lib:${LD_LIBRARY_PATH} PYTHONPATH=/home/Projects/HET/alicia_ws/install/alicia_d_control_interfaces/local/lib/python3.10/dist-packages:${PYTHONPATH} /usr/bin/cmake --build /home/Projects/HET/alicia_ws/build/alicia_d_pick_coordinator -- -j20 -l20
[2.842s] Invoking command in '/home/Projects/HET/alicia_ws/build/alicia_d_pick_coordinator': AMENT_PREFIX_PATH=/home/Projects/HET/alicia_ws/install/alicia_d_control_interfaces:${AMENT_PREFIX_PATH} CMAKE_PREFIX_PATH=/home/Projects/HET/alicia_ws/install/alicia_d_control_interfaces:/opt/ros/humble LD_LIBRARY_PATH=/home/Projects/HET/alicia_ws/install/alicia_d_control_interfaces/lib:${LD_LIBRARY_PATH} PYTHONPATH=/home/Projects/HET/alicia_ws/install/alicia_d_control_interfaces/local/lib/python3.10/dist-packages:${PYTHONPATH} /usr/bin/cmake --install /home/Projects/HET/alicia_ws/build/alicia_d_pick_coordinator
[2.858s] -- Install configuration: ""
[2.858s] -- Up-to-date: /home/Projects/HET/alicia_ws/install/alicia_d_pick_coordinator/share/alicia_d_pick_coordinator/environment/pythonpath.sh
[2.861s] -- Installing: /home/Projects/HET/alicia_ws/install/alicia_d_pick_coordinator/share/alicia_d_pick_coordinator/environment/pythonpath.dsv
[2.861s] -- Up-to-date: /home/Projects/HET/alicia_ws/install/alicia_d_pick_coordinator/local/lib/python3.10/dist-packages/alicia_d_pick_coordinator-0.1.0-py3.10.egg-info
[2.861s] -- Installing: /home/Projects/HET/alicia_ws/install/alicia_d_pick_coordinator/local/lib/python3.10/dist-packages/alicia_d_pick_coordinator-0.1.0-py3.10.egg-info/PKG-INFO
[2.861s] -- Installing: /home/Projects/HET/alicia_ws/install/alicia_d_pick_coordinator/local/lib/python3.10/dist-packages/alicia_d_pick_coordinator-0.1.0-py3.10.egg-info/SOURCES.txt
[2.862s] -- Installing: /home/Projects/HET/alicia_ws/install/alicia_d_pick_coordinator/local/lib/python3.10/dist-packages/alicia_d_pick_coordinator-0.1.0-py3.10.egg-info/dependency_links.txt
[2.862s] -- Installing: /home/Projects/HET/alicia_ws/install/alicia_d_pick_coordinator/local/lib/python3.10/dist-packages/alicia_d_pick_coordinator-0.1.0-py3.10.egg-info/top_level.txt
[2.862s] -- Up-to-date: /home/Projects/HET/alicia_ws/install/alicia_d_pick_coordinator/local/lib/python3.10/dist-packages/alicia_d_pick_coordinator
[2.862s] -- Up-to-date: /home/Projects/HET/alicia_ws/install/alicia_d_pick_coordinator/local/lib/python3.10/dist-packages/alicia_d_pick_coordinator/__init__.py
[2.947s] Listing '/home/Projects/HET/alicia_ws/install/alicia_d_pick_coordinator/local/lib/python3.10/dist-packages/alicia_d_pick_coordinator'...
[2.957s] -- Installing: /home/Projects/HET/alicia_ws/install/alicia_d_pick_coordinator/lib/alicia_d_pick_coordinator/pick_coordinator.py
[2.958s] -- Up-to-date: /home/Projects/HET/alicia_ws/install/alicia_d_pick_coordinator/share/alicia_d_pick_coordinator/config
[2.959s] -- Installing: /home/Projects/HET/alicia_ws/install/alicia_d_pick_coordinator/share/alicia_d_pick_coordinator/config/pick_coordinator.yaml
[2.960s] -- Up-to-date: /home/Projects/HET/alicia_ws/install/alicia_d_pick_coordinator/share/alicia_d_pick_coordinator/launch
[2.962s] -- Up-to-date: /home/Projects/HET/alicia_ws/install/alicia_d_pick_coordinator/share/alicia_d_pick_coordinator/launch/pick_coordinator.launch.py
[2.963s] -- Up-to-date: /home/Projects/HET/alicia_ws/install/alicia_d_pick_coordinator/share/alicia_d_pick_coordinator/launch/mock_pick_control.launch.py
[2.964s] -- Installing: /home/Projects/HET/alicia_ws/install/alicia_d_pick_coordinator/share/ament_index/resource_index/package_run_dependencies/alicia_d_pick_coordinator
[2.965s] -- Up-to-date: /home/Projects/HET/alicia_ws/install/alicia_d_pick_coordinator/share/ament_index/resource_index/parent_prefix_path/alicia_d_pick_coordinator
[2.965s] -- Up-to-date: /home/Projects/HET/alicia_ws/install/alicia_d_pick_coordinator/share/alicia_d_pick_coordinator/environment/ament_prefix_path.sh
[2.965s] -- Installing: /home/Projects/HET/alicia_ws/install/alicia_d_pick_coordinator/share/alicia_d_pick_coordinator/environment/ament_prefix_path.dsv
[2.965s] -- Up-to-date: /home/Projects/HET/alicia_ws/install/alicia_d_pick_coordinator/share/alicia_d_pick_coordinator/environment/path.sh
[2.966s] -- Installing: /home/Projects/HET/alicia_ws/install/alicia_d_pick_coordinator/share/alicia_d_pick_coordinator/environment/path.dsv
[2.966s] -- Up-to-date: /home/Projects/HET/alicia_ws/install/alicia_d_pick_coordinator/share/alicia_d_pick_coordinator/local_setup.bash
[2.966s] -- Up-to-date: /home/Projects/HET/alicia_ws/install/alicia_d_pick_coordinator/share/alicia_d_pick_coordinator/local_setup.sh
[2.966s] -- Up-to-date: /home/Projects/HET/alicia_ws/install/alicia_d_pick_coordinator/share/alicia_d_pick_coordinator/local_setup.zsh
[2.966s] -- Installing: /home/Projects/HET/alicia_ws/install/alicia_d_pick_coordinator/share/alicia_d_pick_coordinator/local_setup.dsv
[2.966s] -- Installing: /home/Projects/HET/alicia_ws/install/alicia_d_pick_coordinator/share/alicia_d_pick_coordinator/package.dsv
[2.966s] -- Up-to-date: /home/Projects/HET/alicia_ws/install/alicia_d_pick_coordinator/share/ament_index/resource_index/packages/alicia_d_pick_coordinator
[2.966s] -- Up-to-date: /home/Projects/HET/alicia_ws/install/alicia_d_pick_coordinator/share/alicia_d_pick_coordinator/cmake/alicia_d_pick_coordinatorConfig.cmake
[2.966s] -- Up-to-date: /home/Projects/HET/alicia_ws/install/alicia_d_pick_coordinator/share/alicia_d_pick_coordinator/cmake/alicia_d_pick_coordinatorConfig-version.cmake
[2.966s] -- Installing: /home/Projects/HET/alicia_ws/install/alicia_d_pick_coordinator/share/alicia_d_pick_coordinator/package.xml
[2.971s] Invoked command in '/home/Projects/HET/alicia_ws/build/alicia_d_pick_coordinator' returned '0': AMENT_PREFIX_PATH=/home/Projects/HET/alicia_ws/install/alicia_d_control_interfaces:${AMENT_PREFIX_PATH} CMAKE_PREFIX_PATH=/home/Projects/HET/alicia_ws/install/alicia_d_control_interfaces:/opt/ros/humble LD_LIBRARY_PATH=/home/Projects/HET/alicia_ws/install/alicia_d_control_interfaces/lib:${LD_LIBRARY_PATH} PYTHONPATH=/home/Projects/HET/alicia_ws/install/alicia_d_control_interfaces/local/lib/python3.10/dist-packages:${PYTHONPATH} /usr/bin/cmake --install /home/Projects/HET/alicia_ws/build/alicia_d_pick_coordinator
