[2.598s] Invoking command in '/home/Projects/HET/alicia_ws/build/alicia_d_pick_coordinator': AMENT_PREFIX_PATH=/home/Projects/HET/alicia_ws/install/alicia_d_control_interfaces:${AMENT_PREFIX_PATH} CMAKE_PREFIX_PATH=/home/Projects/HET/alicia_ws/install/alicia_d_control_interfaces:/opt/ros/humble LD_LIBRARY_PATH=/home/Projects/HET/alicia_ws/install/alicia_d_control_interfaces/lib:${LD_LIBRARY_PATH} PYTHONPATH=/home/Projects/HET/alicia_ws/install/alicia_d_control_interfaces/local/lib/python3.10/dist-packages:${PYTHONPATH} /usr/bin/cmake --build /home/Projects/HET/alicia_ws/build/alicia_d_pick_coordinator -- -j20 -l20
[2.782s] Built target ament_cmake_python_copy_alicia_d_pick_coordinator
[3.527s] running egg_info
[3.529s] writing alicia_d_pick_coordinator.egg-info/PKG-INFO
[3.529s] writing dependency_links to alicia_d_pick_coordinator.egg-info/dependency_links.txt
[3.530s] writing top-level names to alicia_d_pick_coordinator.egg-info/top_level.txt
[3.536s] reading manifest file 'alicia_d_pick_coordinator.egg-info/SOURCES.txt'
[3.538s] writing manifest file 'alicia_d_pick_coordinator.egg-info/SOURCES.txt'
[3.618s] Built target ament_cmake_python_build_alicia_d_pick_coordinator_egg
[30.025s] Invoked command in '/home/Projects/HET/alicia_ws/build/alicia_d_pick_coordinator' returned '0': AMENT_PREFIX_PATH=/home/Projects/HET/alicia_ws/install/alicia_d_control_interfaces:${AMENT_PREFIX_PATH} CMAKE_PREFIX_PATH=/home/Projects/HET/alicia_ws/install/alicia_d_control_interfaces:/opt/ros/humble LD_LIBRARY_PATH=/home/Projects/HET/alicia_ws/install/alicia_d_control_interfaces/lib:${LD_LIBRARY_PATH} PYTHONPATH=/home/Projects/HET/alicia_ws/install/alicia_d_control_interfaces/local/lib/python3.10/dist-packages:${PYTHONPATH} /usr/bin/cmake --build /home/Projects/HET/alicia_ws/build/alicia_d_pick_coordinator -- -j20 -l20
[30.066s] Invoking command in '/home/Projects/HET/alicia_ws/build/alicia_d_pick_coordinator': AMENT_PREFIX_PATH=/home/Projects/HET/alicia_ws/install/alicia_d_control_interfaces:${AMENT_PREFIX_PATH} CMAKE_PREFIX_PATH=/home/Projects/HET/alicia_ws/install/alicia_d_control_interfaces:/opt/ros/humble LD_LIBRARY_PATH=/home/Projects/HET/alicia_ws/install/alicia_d_control_interfaces/lib:${LD_LIBRARY_PATH} PYTHONPATH=/home/Projects/HET/alicia_ws/install/alicia_d_control_interfaces/local/lib/python3.10/dist-packages:${PYTHONPATH} /usr/bin/cmake --install /home/Projects/HET/alicia_ws/build/alicia_d_pick_coordinator
[30.080s] -- Install configuration: ""
[30.082s] -- Up-to-date: /home/Projects/HET/alicia_ws/install/alicia_d_pick_coordinator/share/alicia_d_pick_coordinator/environment/pythonpath.sh
[30.082s] -- Up-to-date: /home/Projects/HET/alicia_ws/install/alicia_d_pick_coordinator/share/alicia_d_pick_coordinator/environment/pythonpath.dsv
[30.082s] -- Up-to-date: /home/Projects/HET/alicia_ws/install/alicia_d_pick_coordinator/local/lib/python3.10/dist-packages/alicia_d_pick_coordinator-0.1.0-py3.10.egg-info
[30.082s] -- Installing: /home/Projects/HET/alicia_ws/install/alicia_d_pick_coordinator/local/lib/python3.10/dist-packages/alicia_d_pick_coordinator-0.1.0-py3.10.egg-info/PKG-INFO
[30.083s] -- Installing: /home/Projects/HET/alicia_ws/install/alicia_d_pick_coordinator/local/lib/python3.10/dist-packages/alicia_d_pick_coordinator-0.1.0-py3.10.egg-info/SOURCES.txt
[30.083s] -- Installing: /home/Projects/HET/alicia_ws/install/alicia_d_pick_coordinator/local/lib/python3.10/dist-packages/alicia_d_pick_coordinator-0.1.0-py3.10.egg-info/dependency_links.txt
[30.083s] -- Installing: /home/Projects/HET/alicia_ws/install/alicia_d_pick_coordinator/local/lib/python3.10/dist-packages/alicia_d_pick_coordinator-0.1.0-py3.10.egg-info/top_level.txt
[30.083s] -- Up-to-date: /home/Projects/HET/alicia_ws/install/alicia_d_pick_coordinator/local/lib/python3.10/dist-packages/alicia_d_pick_coordinator
[30.083s] -- Up-to-date: /home/Projects/HET/alicia_ws/install/alicia_d_pick_coordinator/local/lib/python3.10/dist-packages/alicia_d_pick_coordinator/__init__.py
[30.156s] Listing '/home/Projects/HET/alicia_ws/install/alicia_d_pick_coordinator/local/lib/python3.10/dist-packages/alicia_d_pick_coordinator'...
[30.170s] -- Up-to-date: /home/Projects/HET/alicia_ws/install/alicia_d_pick_coordinator/lib/alicia_d_pick_coordinator/pick_coordinator.py
[30.172s] -- Up-to-date: /home/Projects/HET/alicia_ws/install/alicia_d_pick_coordinator/share/alicia_d_pick_coordinator/config
[30.172s] -- Up-to-date: /home/Projects/HET/alicia_ws/install/alicia_d_pick_coordinator/share/alicia_d_pick_coordinator/config/pick_coordinator.yaml
[30.172s] -- Installing: /home/Projects/HET/alicia_ws/install/alicia_d_pick_coordinator/share/alicia_d_pick_coordinator/config/waypoints.yaml
[30.176s] -- Up-to-date: /home/Projects/HET/alicia_ws/install/alicia_d_pick_coordinator/share/alicia_d_pick_coordinator/launch
[30.176s] -- Up-to-date: /home/Projects/HET/alicia_ws/install/alicia_d_pick_coordinator/share/alicia_d_pick_coordinator/launch/pick_coordinator.launch.py
[30.177s] -- Up-to-date: /home/Projects/HET/alicia_ws/install/alicia_d_pick_coordinator/share/alicia_d_pick_coordinator/launch/mock_pick_control.launch.py
[30.177s] -- Up-to-date: /home/Projects/HET/alicia_ws/install/alicia_d_pick_coordinator/share/alicia_d_pick_coordinator/launch/__pycache__
[30.178s] -- Up-to-date: /home/Projects/HET/alicia_ws/install/alicia_d_pick_coordinator/share/alicia_d_pick_coordinator/launch/__pycache__/pick_coordinator.launch.cpython-310.pyc
[30.178s] -- Up-to-date: /home/Projects/HET/alicia_ws/install/alicia_d_pick_coordinator/share/ament_index/resource_index/package_run_dependencies/alicia_d_pick_coordinator
[30.180s] -- Up-to-date: /home/Projects/HET/alicia_ws/install/alicia_d_pick_coordinator/share/ament_index/resource_index/parent_prefix_path/alicia_d_pick_coordinator
[30.182s] -- Up-to-date: /home/Projects/HET/alicia_ws/install/alicia_d_pick_coordinator/share/alicia_d_pick_coordinator/environment/ament_prefix_path.sh
[30.186s] -- Up-to-date: /home/Projects/HET/alicia_ws/install/alicia_d_pick_coordinator/share/alicia_d_pick_coordinator/environment/ament_prefix_path.dsv
[30.188s] -- Up-to-date: /home/Projects/HET/alicia_ws/install/alicia_d_pick_coordinator/share/alicia_d_pick_coordinator/environment/path.sh
[30.190s] -- Up-to-date: /home/Projects/HET/alicia_ws/install/alicia_d_pick_coordinator/share/alicia_d_pick_coordinator/environment/path.dsv
[30.191s] -- Up-to-date: /home/Projects/HET/alicia_ws/install/alicia_d_pick_coordinator/share/alicia_d_pick_coordinator/local_setup.bash
[30.193s] -- Up-to-date: /home/Projects/HET/alicia_ws/install/alicia_d_pick_coordinator/share/alicia_d_pick_coordinator/local_setup.sh
[30.194s] -- Up-to-date: /home/Projects/HET/alicia_ws/install/alicia_d_pick_coordinator/share/alicia_d_pick_coordinator/local_setup.zsh
[30.195s] -- Up-to-date: /home/Projects/HET/alicia_ws/install/alicia_d_pick_coordinator/share/alicia_d_pick_coordinator/local_setup.dsv
[30.196s] -- Installing: /home/Projects/HET/alicia_ws/install/alicia_d_pick_coordinator/share/alicia_d_pick_coordinator/package.dsv
[30.197s] -- Up-to-date: /home/Projects/HET/alicia_ws/install/alicia_d_pick_coordinator/share/ament_index/resource_index/packages/alicia_d_pick_coordinator
[30.198s] -- Up-to-date: /home/Projects/HET/alicia_ws/install/alicia_d_pick_coordinator/share/alicia_d_pick_coordinator/cmake/alicia_d_pick_coordinatorConfig.cmake
[30.200s] -- Up-to-date: /home/Projects/HET/alicia_ws/install/alicia_d_pick_coordinator/share/alicia_d_pick_coordinator/cmake/alicia_d_pick_coordinatorConfig-version.cmake
[30.201s] -- Up-to-date: /home/Projects/HET/alicia_ws/install/alicia_d_pick_coordinator/share/alicia_d_pick_coordinator/package.xml
[30.203s] Invoked command in '/home/Projects/HET/alicia_ws/build/alicia_d_pick_coordinator' returned '0': AMENT_PREFIX_PATH=/home/Projects/HET/alicia_ws/install/alicia_d_control_interfaces:${AMENT_PREFIX_PATH} CMAKE_PREFIX_PATH=/home/Projects/HET/alicia_ws/install/alicia_d_control_interfaces:/opt/ros/humble LD_LIBRARY_PATH=/home/Projects/HET/alicia_ws/install/alicia_d_control_interfaces/lib:${LD_LIBRARY_PATH} PYTHONPATH=/home/Projects/HET/alicia_ws/install/alicia_d_control_interfaces/local/lib/python3.10/dist-packages:${PYTHONPATH} /usr/bin/cmake --install /home/Projects/HET/alicia_ws/build/alicia_d_pick_coordinator
