[0.087s] Invoking command in '/home/Projects/HET/alicia_ws/build/alicia_d_cube_sort': CMAKE_PREFIX_PATH=/opt/ros/humble /usr/bin/cmake --build /home/Projects/HET/alicia_ws/build/alicia_d_cube_sort -- -j20 -l20
[0.259s] Built target ament_cmake_python_copy_alicia_d_cube_sort
[0.878s] running egg_info
[0.880s] writing alicia_d_cube_sort.egg-info/PKG-INFO
[0.881s] writing dependency_links to alicia_d_cube_sort.egg-info/dependency_links.txt
[0.882s] writing top-level names to alicia_d_cube_sort.egg-info/top_level.txt
[0.886s] reading manifest file 'alicia_d_cube_sort.egg-info/SOURCES.txt'
[0.887s] writing manifest file 'alicia_d_cube_sort.egg-info/SOURCES.txt'
[0.947s] Built target ament_cmake_python_build_alicia_d_cube_sort_egg
[0.972s] Invoked command in '/home/Projects/HET/alicia_ws/build/alicia_d_cube_sort' returned '0': CMAKE_PREFIX_PATH=/opt/ros/humble /usr/bin/cmake --build /home/Projects/HET/alicia_ws/build/alicia_d_cube_sort -- -j20 -l20
[0.976s] Invoking command in '/home/Projects/HET/alicia_ws/build/alicia_d_cube_sort': CMAKE_PREFIX_PATH=/opt/ros/humble /usr/bin/cmake --install /home/Projects/HET/alicia_ws/build/alicia_d_cube_sort
[0.992s] -- Install configuration: ""
[0.992s] -- Up-to-date: /home/Projects/HET/alicia_ws/install/alicia_d_cube_sort/share/alicia_d_cube_sort/environment/pythonpath.sh
[0.992s] -- Up-to-date: /home/Projects/HET/alicia_ws/install/alicia_d_cube_sort/share/alicia_d_cube_sort/environment/pythonpath.dsv
[0.994s] -- Up-to-date: /home/Projects/HET/alicia_ws/install/alicia_d_cube_sort/local/lib/python3.10/dist-packages/alicia_d_cube_sort-1.0.0-py3.10.egg-info
[0.996s] -- Installing: /home/Projects/HET/alicia_ws/install/alicia_d_cube_sort/local/lib/python3.10/dist-packages/alicia_d_cube_sort-1.0.0-py3.10.egg-info/PKG-INFO
[0.998s] -- Installing: /home/Projects/HET/alicia_ws/install/alicia_d_cube_sort/local/lib/python3.10/dist-packages/alicia_d_cube_sort-1.0.0-py3.10.egg-info/SOURCES.txt
[0.998s] -- Installing: /home/Projects/HET/alicia_ws/install/alicia_d_cube_sort/local/lib/python3.10/dist-packages/alicia_d_cube_sort-1.0.0-py3.10.egg-info/dependency_links.txt
[1.002s] -- Installing: /home/Projects/HET/alicia_ws/install/alicia_d_cube_sort/local/lib/python3.10/dist-packages/alicia_d_cube_sort-1.0.0-py3.10.egg-info/top_level.txt
[1.005s] -- Up-to-date: /home/Projects/HET/alicia_ws/install/alicia_d_cube_sort/local/lib/python3.10/dist-packages/alicia_d_cube_sort
[1.005s] -- Up-to-date: /home/Projects/HET/alicia_ws/install/alicia_d_cube_sort/local/lib/python3.10/dist-packages/alicia_d_cube_sort/utils
[1.008s] -- Up-to-date: /home/Projects/HET/alicia_ws/install/alicia_d_cube_sort/local/lib/python3.10/dist-packages/alicia_d_cube_sort/utils/plane_estimation.py
[1.008s] -- Up-to-date: /home/Projects/HET/alicia_ws/install/alicia_d_cube_sort/local/lib/python3.10/dist-packages/alicia_d_cube_sort/utils/color_detection.py
[1.008s] -- Up-to-date: /home/Projects/HET/alicia_ws/install/alicia_d_cube_sort/local/lib/python3.10/dist-packages/alicia_d_cube_sort/utils/__init__.py
[1.009s] -- Up-to-date: /home/Projects/HET/alicia_ws/install/alicia_d_cube_sort/local/lib/python3.10/dist-packages/alicia_d_cube_sort/__init__.py
[1.071s] Listing '/home/Projects/HET/alicia_ws/install/alicia_d_cube_sort/local/lib/python3.10/dist-packages/alicia_d_cube_sort'...
[1.072s] Listing '/home/Projects/HET/alicia_ws/install/alicia_d_cube_sort/local/lib/python3.10/dist-packages/alicia_d_cube_sort/utils'...
[1.082s] -- Up-to-date: /home/Projects/HET/alicia_ws/install/alicia_d_cube_sort/lib/alicia_d_cube_sort/cube_detection.py
[1.083s] -- Up-to-date: /home/Projects/HET/alicia_ws/install/alicia_d_cube_sort/lib/alicia_d_cube_sort/cube_sorting.py
[1.083s] -- Up-to-date: /home/Projects/HET/alicia_ws/install/alicia_d_cube_sort/share/alicia_d_cube_sort/config
[1.084s] -- Up-to-date: /home/Projects/HET/alicia_ws/install/alicia_d_cube_sort/share/alicia_d_cube_sort/config/cube_sorting.yaml
[1.085s] -- Up-to-date: /home/Projects/HET/alicia_ws/install/alicia_d_cube_sort/share/alicia_d_cube_sort/launch
[1.085s] -- Up-to-date: /home/Projects/HET/alicia_ws/install/alicia_d_cube_sort/share/alicia_d_cube_sort/launch/cube_sorting.launch.py
[1.086s] -- Up-to-date: /home/Projects/HET/alicia_ws/install/alicia_d_cube_sort/share/alicia_d_cube_sort/launch/cube_detection.launch.py
[1.086s] -- Up-to-date: /home/Projects/HET/alicia_ws/install/alicia_d_cube_sort/share/ament_index/resource_index/package_run_dependencies/alicia_d_cube_sort
[1.086s] -- Up-to-date: /home/Projects/HET/alicia_ws/install/alicia_d_cube_sort/share/ament_index/resource_index/parent_prefix_path/alicia_d_cube_sort
[1.087s] -- Up-to-date: /home/Projects/HET/alicia_ws/install/alicia_d_cube_sort/share/alicia_d_cube_sort/environment/ament_prefix_path.sh
[1.087s] -- Up-to-date: /home/Projects/HET/alicia_ws/install/alicia_d_cube_sort/share/alicia_d_cube_sort/environment/ament_prefix_path.dsv
[1.087s] -- Up-to-date: /home/Projects/HET/alicia_ws/install/alicia_d_cube_sort/share/alicia_d_cube_sort/environment/path.sh
[1.087s] -- Up-to-date: /home/Projects/HET/alicia_ws/install/alicia_d_cube_sort/share/alicia_d_cube_sort/environment/path.dsv
[1.087s] -- Up-to-date: /home/Projects/HET/alicia_ws/install/alicia_d_cube_sort/share/alicia_d_cube_sort/local_setup.bash
[1.087s] -- Up-to-date: /home/Projects/HET/alicia_ws/install/alicia_d_cube_sort/share/alicia_d_cube_sort/local_setup.sh
[1.088s] -- Up-to-date: /home/Projects/HET/alicia_ws/install/alicia_d_cube_sort/share/alicia_d_cube_sort/local_setup.zsh
[1.088s] -- Up-to-date: /home/Projects/HET/alicia_ws/install/alicia_d_cube_sort/share/alicia_d_cube_sort/local_setup.dsv
[1.090s] -- Installing: /home/Projects/HET/alicia_ws/install/alicia_d_cube_sort/share/alicia_d_cube_sort/package.dsv
[1.092s] -- Up-to-date: /home/Projects/HET/alicia_ws/install/alicia_d_cube_sort/share/ament_index/resource_index/packages/alicia_d_cube_sort
[1.093s] -- Up-to-date: /home/Projects/HET/alicia_ws/install/alicia_d_cube_sort/share/alicia_d_cube_sort/cmake/alicia_d_cube_sortConfig.cmake
[1.097s] -- Up-to-date: /home/Projects/HET/alicia_ws/install/alicia_d_cube_sort/share/alicia_d_cube_sort/cmake/alicia_d_cube_sortConfig-version.cmake
[1.099s] -- Up-to-date: /home/Projects/HET/alicia_ws/install/alicia_d_cube_sort/share/alicia_d_cube_sort/package.xml
[1.100s] Invoked command in '/home/Projects/HET/alicia_ws/build/alicia_d_cube_sort' returned '0': CMAKE_PREFIX_PATH=/opt/ros/humble /usr/bin/cmake --install /home/Projects/HET/alicia_ws/build/alicia_d_cube_sort
