[0.028s] Invoking command in '/home/Projects/HET/alicia_ws/build/alicia_d_thinkgrasp_bridge': CMAKE_PREFIX_PATH=/opt/ros/humble /usr/bin/cmake --build /home/Projects/HET/alicia_ws/build/alicia_d_thinkgrasp_bridge -- -j20 -l20
[0.136s] Built target ament_cmake_python_copy_alicia_d_thinkgrasp_bridge
[0.638s] running egg_info
[0.640s] writing alicia_d_thinkgrasp_bridge.egg-info/PKG-INFO
[0.641s] writing dependency_links to alicia_d_thinkgrasp_bridge.egg-info/dependency_links.txt
[0.641s] writing top-level names to alicia_d_thinkgrasp_bridge.egg-info/top_level.txt
[0.646s] reading manifest file 'alicia_d_thinkgrasp_bridge.egg-info/SOURCES.txt'
[0.648s] writing manifest file 'alicia_d_thinkgrasp_bridge.egg-info/SOURCES.txt'
[0.700s] Built target ament_cmake_python_build_alicia_d_thinkgrasp_bridge_egg
[0.748s] Invoked command in '/home/Projects/HET/alicia_ws/build/alicia_d_thinkgrasp_bridge' returned '0': CMAKE_PREFIX_PATH=/opt/ros/humble /usr/bin/cmake --build /home/Projects/HET/alicia_ws/build/alicia_d_thinkgrasp_bridge -- -j20 -l20
[0.753s] Invoking command in '/home/Projects/HET/alicia_ws/build/alicia_d_thinkgrasp_bridge': CMAKE_PREFIX_PATH=/opt/ros/humble /usr/bin/cmake --install /home/Projects/HET/alicia_ws/build/alicia_d_thinkgrasp_bridge
[0.770s] -- Install configuration: ""
[0.770s] -- Up-to-date: /home/Projects/HET/alicia_ws/install/alicia_d_thinkgrasp_bridge/share/alicia_d_thinkgrasp_bridge/environment/pythonpath.sh
[0.771s] -- Up-to-date: /home/Projects/HET/alicia_ws/install/alicia_d_thinkgrasp_bridge/share/alicia_d_thinkgrasp_bridge/environment/pythonpath.dsv
[0.771s] -- Up-to-date: /home/Projects/HET/alicia_ws/install/alicia_d_thinkgrasp_bridge/local/lib/python3.10/dist-packages/alicia_d_thinkgrasp_bridge-0.1.0-py3.10.egg-info
[0.772s] -- Installing: /home/Projects/HET/alicia_ws/install/alicia_d_thinkgrasp_bridge/local/lib/python3.10/dist-packages/alicia_d_thinkgrasp_bridge-0.1.0-py3.10.egg-info/PKG-INFO
[0.773s] -- Installing: /home/Projects/HET/alicia_ws/install/alicia_d_thinkgrasp_bridge/local/lib/python3.10/dist-packages/alicia_d_thinkgrasp_bridge-0.1.0-py3.10.egg-info/SOURCES.txt
[0.773s] -- Installing: /home/Projects/HET/alicia_ws/install/alicia_d_thinkgrasp_bridge/local/lib/python3.10/dist-packages/alicia_d_thinkgrasp_bridge-0.1.0-py3.10.egg-info/dependency_links.txt
[0.774s] -- Installing: /home/Projects/HET/alicia_ws/install/alicia_d_thinkgrasp_bridge/local/lib/python3.10/dist-packages/alicia_d_thinkgrasp_bridge-0.1.0-py3.10.egg-info/top_level.txt
[0.774s] -- Up-to-date: /home/Projects/HET/alicia_ws/install/alicia_d_thinkgrasp_bridge/local/lib/python3.10/dist-packages/alicia_d_thinkgrasp_bridge
[0.774s] -- Up-to-date: /home/Projects/HET/alicia_ws/install/alicia_d_thinkgrasp_bridge/local/lib/python3.10/dist-packages/alicia_d_thinkgrasp_bridge/__init__.py
[0.851s] Listing '/home/Projects/HET/alicia_ws/install/alicia_d_thinkgrasp_bridge/local/lib/python3.10/dist-packages/alicia_d_thinkgrasp_bridge'...
[0.910s] -- Up-to-date: /home/Projects/HET/alicia_ws/install/alicia_d_thinkgrasp_bridge/lib/alicia_d_thinkgrasp_bridge/ik_workspace_probe.py
[0.911s] -- Up-to-date: /home/Projects/HET/alicia_ws/install/alicia_d_thinkgrasp_bridge/lib/alicia_d_thinkgrasp_bridge/mock_decision_server.py
[0.912s] -- Up-to-date: /home/Projects/HET/alicia_ws/install/alicia_d_thinkgrasp_bridge/lib/alicia_d_thinkgrasp_bridge/safe_joint_raise.py
[0.912s] -- Up-to-date: /home/Projects/HET/alicia_ws/install/alicia_d_thinkgrasp_bridge/lib/alicia_d_thinkgrasp_bridge/safe_tcp_lift.py
[0.913s] -- Installing: /home/Projects/HET/alicia_ws/install/alicia_d_thinkgrasp_bridge/lib/alicia_d_thinkgrasp_bridge/thinkgrasp_mock_pick.py
[0.913s] -- Up-to-date: /home/Projects/HET/alicia_ws/install/alicia_d_thinkgrasp_bridge/share/alicia_d_thinkgrasp_bridge/config
[0.914s] -- Installing: /home/Projects/HET/alicia_ws/install/alicia_d_thinkgrasp_bridge/share/alicia_d_thinkgrasp_bridge/config/mock_grasp.yaml
[0.914s] -- Up-to-date: /home/Projects/HET/alicia_ws/install/alicia_d_thinkgrasp_bridge/share/alicia_d_thinkgrasp_bridge/launch
[0.915s] -- Up-to-date: /home/Projects/HET/alicia_ws/install/alicia_d_thinkgrasp_bridge/share/alicia_d_thinkgrasp_bridge/launch/mock_thinkgrasp_pick.launch.py
[0.917s] -- Up-to-date: /home/Projects/HET/alicia_ws/install/alicia_d_thinkgrasp_bridge/share/ament_index/resource_index/package_run_dependencies/alicia_d_thinkgrasp_bridge
[0.918s] -- Up-to-date: /home/Projects/HET/alicia_ws/install/alicia_d_thinkgrasp_bridge/share/ament_index/resource_index/parent_prefix_path/alicia_d_thinkgrasp_bridge
[0.919s] -- Up-to-date: /home/Projects/HET/alicia_ws/install/alicia_d_thinkgrasp_bridge/share/alicia_d_thinkgrasp_bridge/environment/ament_prefix_path.sh
[0.920s] -- Up-to-date: /home/Projects/HET/alicia_ws/install/alicia_d_thinkgrasp_bridge/share/alicia_d_thinkgrasp_bridge/environment/ament_prefix_path.dsv
[0.922s] -- Up-to-date: /home/Projects/HET/alicia_ws/install/alicia_d_thinkgrasp_bridge/share/alicia_d_thinkgrasp_bridge/environment/path.sh
[0.922s] -- Up-to-date: /home/Projects/HET/alicia_ws/install/alicia_d_thinkgrasp_bridge/share/alicia_d_thinkgrasp_bridge/environment/path.dsv
[0.924s] -- Up-to-date: /home/Projects/HET/alicia_ws/install/alicia_d_thinkgrasp_bridge/share/alicia_d_thinkgrasp_bridge/local_setup.bash
[0.927s] -- Up-to-date: /home/Projects/HET/alicia_ws/install/alicia_d_thinkgrasp_bridge/share/alicia_d_thinkgrasp_bridge/local_setup.sh
[0.928s] -- Up-to-date: /home/Projects/HET/alicia_ws/install/alicia_d_thinkgrasp_bridge/share/alicia_d_thinkgrasp_bridge/local_setup.zsh
[0.930s] -- Up-to-date: /home/Projects/HET/alicia_ws/install/alicia_d_thinkgrasp_bridge/share/alicia_d_thinkgrasp_bridge/local_setup.dsv
[0.930s] -- Installing: /home/Projects/HET/alicia_ws/install/alicia_d_thinkgrasp_bridge/share/alicia_d_thinkgrasp_bridge/package.dsv
[0.931s] -- Up-to-date: /home/Projects/HET/alicia_ws/install/alicia_d_thinkgrasp_bridge/share/ament_index/resource_index/packages/alicia_d_thinkgrasp_bridge
[0.931s] -- Up-to-date: /home/Projects/HET/alicia_ws/install/alicia_d_thinkgrasp_bridge/share/alicia_d_thinkgrasp_bridge/cmake/alicia_d_thinkgrasp_bridgeConfig.cmake
[0.933s] -- Up-to-date: /home/Projects/HET/alicia_ws/install/alicia_d_thinkgrasp_bridge/share/alicia_d_thinkgrasp_bridge/cmake/alicia_d_thinkgrasp_bridgeConfig-version.cmake
[0.933s] -- Up-to-date: /home/Projects/HET/alicia_ws/install/alicia_d_thinkgrasp_bridge/share/alicia_d_thinkgrasp_bridge/package.xml
[0.934s] Invoked command in '/home/Projects/HET/alicia_ws/build/alicia_d_thinkgrasp_bridge' returned '0': CMAKE_PREFIX_PATH=/opt/ros/humble /usr/bin/cmake --install /home/Projects/HET/alicia_ws/build/alicia_d_thinkgrasp_bridge
