[1.047s] Invoking command in '/home/Projects/HET/alicia_ws/build/alicia_d_pick_coordinator': AMENT_PREFIX_PATH=/home/Projects/HET/alicia_ws/install/alicia_d_control_interfaces:${AMENT_PREFIX_PATH} CMAKE_PREFIX_PATH=/home/Projects/HET/alicia_ws/install/alicia_d_control_interfaces:/opt/ros/humble LD_LIBRARY_PATH=/home/Projects/HET/alicia_ws/install/alicia_d_control_interfaces/lib:${LD_LIBRARY_PATH} PYTHONPATH=/home/Projects/HET/alicia_ws/install/alicia_d_control_interfaces/local/lib/python3.10/dist-packages:${PYTHONPATH} /usr/bin/cmake --build /home/Projects/HET/alicia_ws/build/alicia_d_pick_coordinator -- -j20 -l20
[1.171s] Built target ament_cmake_python_copy_alicia_d_pick_coordinator
[1.961s] running egg_info
[1.963s] writing alicia_d_pick_coordinator.egg-info/PKG-INFO
[1.964s] writing dependency_links to alicia_d_pick_coordinator.egg-info/dependency_links.txt
[1.966s] writing top-level names to alicia_d_pick_coordinator.egg-info/top_level.txt
[1.973s] reading manifest file 'alicia_d_pick_coordinator.egg-info/SOURCES.txt'
[1.975s] writing manifest file 'alicia_d_pick_coordinator.egg-info/SOURCES.txt'
[2.045s] Built target ament_cmake_python_build_alicia_d_pick_coordinator_egg
[2.082s] Invoked command in '/home/Projects/HET/alicia_ws/build/alicia_d_pick_coordinator' returned '0': AMENT_PREFIX_PATH=/home/Projects/HET/alicia_ws/install/alicia_d_control_interfaces:${AMENT_PREFIX_PATH} CMAKE_PREFIX_PATH=/home/Projects/HET/alicia_ws/install/alicia_d_control_interfaces:/opt/ros/humble LD_LIBRARY_PATH=/home/Projects/HET/alicia_ws/install/alicia_d_control_interfaces/lib:${LD_LIBRARY_PATH} PYTHONPATH=/home/Projects/HET/alicia_ws/install/alicia_d_control_interfaces/local/lib/python3.10/dist-packages:${PYTHONPATH} /usr/bin/cmake --build /home/Projects/HET/alicia_ws/build/alicia_d_pick_coordinator -- -j20 -l20
[2.091s] Invoking command in '/home/Projects/HET/alicia_ws/build/alicia_d_pick_coordinator': AMENT_PREFIX_PATH=/home/Projects/HET/alicia_ws/install/alicia_d_control_interfaces:${AMENT_PREFIX_PATH} CMAKE_PREFIX_PATH=/home/Projects/HET/alicia_ws/install/alicia_d_control_interfaces:/opt/ros/humble LD_LIBRARY_PATH=/home/Projects/HET/alicia_ws/install/alicia_d_control_interfaces/lib:${LD_LIBRARY_PATH} PYTHONPATH=/home/Projects/HET/alicia_ws/install/alicia_d_control_interfaces/local/lib/python3.10/dist-packages:${PYTHONPATH} /usr/bin/cmake --install /home/Projects/HET/alicia_ws/build/alicia_d_pick_coordinator
[2.106s] -- Install configuration: ""
[2.107s] -- Up-to-date: /home/Projects/HET/alicia_ws/install/alicia_d_pick_coordinator/share/alicia_d_pick_coordinator/environment/pythonpath.sh
[2.107s] -- Up-to-date: /home/Projects/HET/alicia_ws/install/alicia_d_pick_coordinator/share/alicia_d_pick_coordinator/environment/pythonpath.dsv
[2.108s] -- Up-to-date: /home/Projects/HET/alicia_ws/install/alicia_d_pick_coordinator/local/lib/python3.10/dist-packages/alicia_d_pick_coordinator-0.1.0-py3.10.egg-info
[2.108s] -- Installing: /home/Projects/HET/alicia_ws/install/alicia_d_pick_coordinator/local/lib/python3.10/dist-packages/alicia_d_pick_coordinator-0.1.0-py3.10.egg-info/PKG-INFO
[2.109s] -- Installing: /home/Projects/HET/alicia_ws/install/alicia_d_pick_coordinator/local/lib/python3.10/dist-packages/alicia_d_pick_coordinator-0.1.0-py3.10.egg-info/SOURCES.txt
[2.109s] -- Installing: /home/Projects/HET/alicia_ws/install/alicia_d_pick_coordinator/local/lib/python3.10/dist-packages/alicia_d_pick_coordinator-0.1.0-py3.10.egg-info/dependency_links.txt
[2.113s] -- Installing: /home/Projects/HET/alicia_ws/install/alicia_d_pick_coordinator/local/lib/python3.10/dist-packages/alicia_d_pick_coordinator-0.1.0-py3.10.egg-info/top_level.txt
[2.115s] -- Up-to-date: /home/Projects/HET/alicia_ws/install/alicia_d_pick_coordinator/local/lib/python3.10/dist-packages/alicia_d_pick_coordinator
[2.115s] -- Up-to-date: /home/Projects/HET/alicia_ws/install/alicia_d_pick_coordinator/local/lib/python3.10/dist-packages/alicia_d_pick_coordinator/__init__.py
[2.194s] Listing '/home/Projects/HET/alicia_ws/install/alicia_d_pick_coordinator/local/lib/python3.10/dist-packages/alicia_d_pick_coordinator'...
[2.204s] -- Up-to-date: /home/Projects/HET/alicia_ws/install/alicia_d_pick_coordinator/lib/alicia_d_pick_coordinator/pick_coordinator.py
[2.206s] -- Up-to-date: /home/Projects/HET/alicia_ws/install/alicia_d_pick_coordinator/share/alicia_d_pick_coordinator/config
[2.208s] -- Up-to-date: /home/Projects/HET/alicia_ws/install/alicia_d_pick_coordinator/share/alicia_d_pick_coordinator/config/pick_coordinator.yaml
[2.209s] -- Up-to-date: /home/Projects/HET/alicia_ws/install/alicia_d_pick_coordinator/share/alicia_d_pick_coordinator/config/waypoints.yaml
[2.209s] -- Up-to-date: /home/Projects/HET/alicia_ws/install/alicia_d_pick_coordinator/share/alicia_d_pick_coordinator/launch
[2.210s] -- Up-to-date: /home/Projects/HET/alicia_ws/install/alicia_d_pick_coordinator/share/alicia_d_pick_coordinator/launch/pick_coordinator.launch.py
[2.212s] -- Up-to-date: /home/Projects/HET/alicia_ws/install/alicia_d_pick_coordinator/share/alicia_d_pick_coordinator/launch/mock_pick_control.launch.py
[2.214s] -- Up-to-date: /home/Projects/HET/alicia_ws/install/alicia_d_pick_coordinator/share/alicia_d_pick_coordinator/launch/__pycache__
[2.217s] -- Up-to-date: /home/Projects/HET/alicia_ws/install/alicia_d_pick_coordinator/share/alicia_d_pick_coordinator/launch/__pycache__/pick_coordinator.launch.cpython-310.pyc
[2.217s] -- Up-to-date: /home/Projects/HET/alicia_ws/install/alicia_d_pick_coordinator/share/ament_index/resource_index/package_run_dependencies/alicia_d_pick_coordinator
[2.218s] -- Up-to-date: /home/Projects/HET/alicia_ws/install/alicia_d_pick_coordinator/share/ament_index/resource_index/parent_prefix_path/alicia_d_pick_coordinator
[2.218s] -- Up-to-date: /home/Projects/HET/alicia_ws/install/alicia_d_pick_coordinator/share/alicia_d_pick_coordinator/environment/ament_prefix_path.sh
[2.218s] -- Up-to-date: /home/Projects/HET/alicia_ws/install/alicia_d_pick_coordinator/share/alicia_d_pick_coordinator/environment/ament_prefix_path.dsv
[2.219s] -- Up-to-date: /home/Projects/HET/alicia_ws/install/alicia_d_pick_coordinator/share/alicia_d_pick_coordinator/environment/path.sh
[2.219s] -- Up-to-date: /home/Projects/HET/alicia_ws/install/alicia_d_pick_coordinator/share/alicia_d_pick_coordinator/environment/path.dsv
[2.219s] -- Up-to-date: /home/Projects/HET/alicia_ws/install/alicia_d_pick_coordinator/share/alicia_d_pick_coordinator/local_setup.bash
[2.220s] -- Up-to-date: /home/Projects/HET/alicia_ws/install/alicia_d_pick_coordinator/share/alicia_d_pick_coordinator/local_setup.sh
[2.220s] -- Up-to-date: /home/Projects/HET/alicia_ws/install/alicia_d_pick_coordinator/share/alicia_d_pick_coordinator/local_setup.zsh
[2.220s] -- Up-to-date: /home/Projects/HET/alicia_ws/install/alicia_d_pick_coordinator/share/alicia_d_pick_coordinator/local_setup.dsv
[2.221s] -- Installing: /home/Projects/HET/alicia_ws/install/alicia_d_pick_coordinator/share/alicia_d_pick_coordinator/package.dsv
[2.222s] -- Up-to-date: /home/Projects/HET/alicia_ws/install/alicia_d_pick_coordinator/share/ament_index/resource_index/packages/alicia_d_pick_coordinator
[2.225s] -- Up-to-date: /home/Projects/HET/alicia_ws/install/alicia_d_pick_coordinator/share/alicia_d_pick_coordinator/cmake/alicia_d_pick_coordinatorConfig.cmake
[2.226s] -- Up-to-date: /home/Projects/HET/alicia_ws/install/alicia_d_pick_coordinator/share/alicia_d_pick_coordinator/cmake/alicia_d_pick_coordinatorConfig-version.cmake
[2.228s] -- Up-to-date: /home/Projects/HET/alicia_ws/install/alicia_d_pick_coordinator/share/alicia_d_pick_coordinator/package.xml
[2.338s] Invoked command in '/home/Projects/HET/alicia_ws/build/alicia_d_pick_coordinator' returned '0': AMENT_PREFIX_PATH=/home/Projects/HET/alicia_ws/install/alicia_d_control_interfaces:${AMENT_PREFIX_PATH} CMAKE_PREFIX_PATH=/home/Projects/HET/alicia_ws/install/alicia_d_control_interfaces:/opt/ros/humble LD_LIBRARY_PATH=/home/Projects/HET/alicia_ws/install/alicia_d_control_interfaces/lib:${LD_LIBRARY_PATH} PYTHONPATH=/home/Projects/HET/alicia_ws/install/alicia_d_control_interfaces/local/lib/python3.10/dist-packages:${PYTHONPATH} /usr/bin/cmake --install /home/Projects/HET/alicia_ws/build/alicia_d_pick_coordinator
