[0.029s] Invoking command in '/home/Projects/HET/alicia_ws/build/alicia_d_control_interfaces': CMAKE_PREFIX_PATH=/opt/ros/humble /usr/bin/cmake --build /home/Projects/HET/alicia_ws/build/alicia_d_control_interfaces -- -j20 -l20
[0.179s] [  1%] Built target alicia_d_control_interfaces__rs
[0.186s] [  2%] Built target alicia_d_control_interfaces__cpp
[0.196s] [ 13%] Built target alicia_d_control_interfaces__rosidl_generator_c
[0.251s] [ 13%] Built target ament_cmake_python_copy_alicia_d_control_interfaces
[0.272s] [ 25%] Built target alicia_d_control_interfaces__rosidl_typesupport_cpp
[0.287s] [ 64%] Built target alicia_d_control_interfaces__rosidl_typesupport_introspection_cpp
[0.289s] [ 70%] Built target alicia_d_control_interfaces__rosidl_typesupport_fastrtps_cpp
[0.289s] [ 70%] Built target alicia_d_control_interfaces__rosidl_typesupport_introspection_c
[0.289s] [ 70%] Built target alicia_d_control_interfaces__rosidl_typesupport_c
[0.291s] [ 81%] Built target alicia_d_control_interfaces__rosidl_typesupport_fastrtps_c
[0.349s] [ 81%] Built target alicia_d_control_interfaces
[0.404s] [ 82%] Built target alicia_d_control_interfaces__py
[0.476s] [ 93%] Built target alicia_d_control_interfaces__rosidl_generator_py
[0.540s] [ 95%] Built target alicia_d_control_interfaces__rosidl_typesupport_fastrtps_c__pyext
[0.544s] [ 97%] Built target alicia_d_control_interfaces__rosidl_typesupport_introspection_c__pyext
[0.546s] [100%] Built target alicia_d_control_interfaces__rosidl_typesupport_c__pyext
[0.938s] running egg_info
[0.941s] writing alicia_d_control_interfaces.egg-info/PKG-INFO
[0.958s] writing dependency_links to alicia_d_control_interfaces.egg-info/dependency_links.txt
[0.958s] writing top-level names to alicia_d_control_interfaces.egg-info/top_level.txt
[0.967s] reading manifest file 'alicia_d_control_interfaces.egg-info/SOURCES.txt'
[0.969s] writing manifest file 'alicia_d_control_interfaces.egg-info/SOURCES.txt'
[1.042s] [100%] Built target ament_cmake_python_build_alicia_d_control_interfaces_egg
[1.073s] Invoked command in '/home/Projects/HET/alicia_ws/build/alicia_d_control_interfaces' returned '0': CMAKE_PREFIX_PATH=/opt/ros/humble /usr/bin/cmake --build /home/Projects/HET/alicia_ws/build/alicia_d_control_interfaces -- -j20 -l20
[1.104s] Invoking command in '/home/Projects/HET/alicia_ws/build/alicia_d_control_interfaces': CMAKE_PREFIX_PATH=/opt/ros/humble /usr/bin/cmake --install /home/Projects/HET/alicia_ws/build/alicia_d_control_interfaces
[1.126s] -- Install configuration: ""
[1.127s] -- Up-to-date: /home/Projects/HET/alicia_ws/install/alicia_d_control_interfaces/share/ament_index/resource_index/rosidl_interfaces/alicia_d_control_interfaces
[1.128s] -- Up-to-date: /home/Projects/HET/alicia_ws/install/alicia_d_control_interfaces/include/alicia_d_control_interfaces/alicia_d_control_interfaces
[1.128s] -- Up-to-date: /home/Projects/HET/alicia_ws/install/alicia_d_control_interfaces/include/alicia_d_control_interfaces/alicia_d_control_interfaces/action
[1.129s] -- Up-to-date: /home/Projects/HET/alicia_ws/install/alicia_d_control_interfaces/include/alicia_d_control_interfaces/alicia_d_control_interfaces/action/detail
[1.130s] -- Up-to-date: /home/Projects/HET/alicia_ws/install/alicia_d_control_interfaces/include/alicia_d_control_interfaces/alicia_d_control_interfaces/action/detail/move_gripper_step__functions.c
[1.130s] -- Up-to-date: /home/Projects/HET/alicia_ws/install/alicia_d_control_interfaces/include/alicia_d_control_interfaces/alicia_d_control_interfaces/action/detail/home_gripper__functions.c
[1.130s] -- Up-to-date: /home/Projects/HET/alicia_ws/install/alicia_d_control_interfaces/include/alicia_d_control_interfaces/alicia_d_control_interfaces/action/detail/force_grasp__struct.h
[1.130s] -- Up-to-date: /home/Projects/HET/alicia_ws/install/alicia_d_control_interfaces/include/alicia_d_control_interfaces/alicia_d_control_interfaces/action/detail/move_gripper__type_support.h
[1.131s] -- Up-to-date: /home/Projects/HET/alicia_ws/install/alicia_d_control_interfaces/include/alicia_d_control_interfaces/alicia_d_control_interfaces/action/detail/move_arm_to_joints__type_support.h
[1.133s] -- Up-to-date: /home/Projects/HET/alicia_ws/install/alicia_d_control_interfaces/include/alicia_d_control_interfaces/alicia_d_control_interfaces/action/detail/move_gripper_step__type_support.h
[1.134s] -- Up-to-date: /home/Projects/HET/alicia_ws/install/alicia_d_control_interfaces/include/alicia_d_control_interfaces/alicia_d_control_interfaces/action/detail/move_gripper_step__functions.h
[1.134s] -- Up-to-date: /home/Projects/HET/alicia_ws/install/alicia_d_control_interfaces/include/alicia_d_control_interfaces/alicia_d_control_interfaces/action/detail/move_arm_to_pose__functions.c
[1.134s] -- Up-to-date: /home/Projects/HET/alicia_ws/install/alicia_d_control_interfaces/include/alicia_d_control_interfaces/alicia_d_control_interfaces/action/detail/home_gripper__type_support.h
[1.136s] -- Up-to-date: /home/Projects/HET/alicia_ws/install/alicia_d_control_interfaces/include/alicia_d_control_interfaces/alicia_d_control_interfaces/action/detail/force_grasp__functions.h
[1.144s] -- Up-to-date: /home/Projects/HET/alicia_ws/install/alicia_d_control_interfaces/include/alicia_d_control_interfaces/alicia_d_control_interfaces/action/detail/move_gripper__functions.c
[1.144s] -- Up-to-date: /home/Projects/HET/alicia_ws/install/alicia_d_control_interfaces/include/alicia_d_control_interfaces/alicia_d_control_interfaces/action/detail/move_arm_to_joints__struct.h
[1.145s] -- Up-to-date: /home/Projects/HET/alicia_ws/install/alicia_d_control_interfaces/include/alicia_d_control_interfaces/alicia_d_control_interfaces/action/detail/force_grasp__type_support.h
[1.146s] -- Up-to-date: /home/Projects/HET/alicia_ws/install/alicia_d_control_interfaces/include/alicia_d_control_interfaces/alicia_d_control_interfaces/action/detail/move_arm_to_pose__functions.h
[1.146s] -- Up-to-date: /home/Projects/HET/alicia_ws/install/alicia_d_control_interfaces/include/alicia_d_control_interfaces/alicia_d_control_interfaces/action/detail/move_arm_to_joints__functions.c
[1.146s] -- Up-to-date: /home/Projects/HET/alicia_ws/install/alicia_d_control_interfaces/include/alicia_d_control_interfaces/alicia_d_control_interfaces/action/detail/home_gripper__struct.h
[1.148s] -- Up-to-date: /home/Projects/HET/alicia_ws/install/alicia_d_control_interfaces/include/alicia_d_control_interfaces/alicia_d_control_interfaces/action/detail/home_gripper__functions.h
[1.149s] -- Up-to-date: /home/Projects/HET/alicia_ws/install/alicia_d_control_interfaces/include/alicia_d_control_interfaces/alicia_d_control_interfaces/action/detail/move_arm_to_pose__type_support.h
[1.150s] -- Up-to-date: /home/Projects/HET/alicia_ws/install/alicia_d_control_interfaces/include/alicia_d_control_interfaces/alicia_d_control_interfaces/action/detail/move_arm_to_joints__functions.h
[1.150s] -- Up-to-date: /home/Projects/HET/alicia_ws/install/alicia_d_control_interfaces/include/alicia_d_control_interfaces/alicia_d_control_interfaces/action/detail/move_arm_to_pose__struct.h
[1.150s] -- Up-to-date: /home/Projects/HET/alicia_ws/install/alicia_d_control_interfaces/include/alicia_d_control_interfaces/alicia_d_control_interfaces/action/detail/force_grasp__functions.c
[1.151s] -- Up-to-date: /home/Projects/HET/alicia_ws/install/alicia_d_control_interfaces/include/alicia_d_control_interfaces/alicia_d_control_interfaces/action/detail/move_gripper_step__struct.h
[1.152s] -- Up-to-date: /home/Projects/HET/alicia_ws/install/alicia_d_control_interfaces/include/alicia_d_control_interfaces/alicia_d_control_interfaces/action/detail/move_gripper__struct.h
[1.153s] -- Up-to-date: /home/Projects/HET/alicia_ws/install/alicia_d_control_interfaces/include/alicia_d_control_interfaces/alicia_d_control_interfaces/action/detail/move_gripper__functions.h
[1.153s] -- Up-to-date: /home/Projects/HET/alicia_ws/install/alicia_d_control_interfaces/include/alicia_d_control_interfaces/alicia_d_control_interfaces/action/home_gripper.h
[1.154s] -- Up-to-date: /home/Projects/HET/alicia_ws/install/alicia_d_control_interfaces/include/alicia_d_control_interfaces/alicia_d_control_interfaces/action/move_gripper_step.h
[1.154s] -- Up-to-date: /home/Projects/HET/alicia_ws/install/alicia_d_control_interfaces/include/alicia_d_control_interfaces/alicia_d_control_interfaces/action/move_arm_to_pose.h
[1.154s] -- Up-to-date: /home/Projects/HET/alicia_ws/install/alicia_d_control_interfaces/include/alicia_d_control_interfaces/alicia_d_control_interfaces/action/force_grasp.h
[1.154s] -- Up-to-date: /home/Projects/HET/alicia_ws/install/alicia_d_control_interfaces/include/alicia_d_control_interfaces/alicia_d_control_interfaces/action/move_arm_to_joints.h
[1.154s] -- Up-to-date: /home/Projects/HET/alicia_ws/install/alicia_d_control_interfaces/include/alicia_d_control_interfaces/alicia_d_control_interfaces/action/move_gripper.h
[1.155s] -- Up-to-date: /home/Projects/HET/alicia_ws/install/alicia_d_control_interfaces/include/alicia_d_control_interfaces/alicia_d_control_interfaces/msg
[1.155s] -- Up-to-date: /home/Projects/HET/alicia_ws/install/alicia_d_control_interfaces/include/alicia_d_control_interfaces/alicia_d_control_interfaces/msg/detail
[1.155s] -- Up-to-date: /home/Projects/HET/alicia_ws/install/alicia_d_control_interfaces/include/alicia_d_control_interfaces/alicia_d_control_interfaces/msg/detail/grasp_candidate__type_support.h
[1.155s] -- Up-to-date: /home/Projects/HET/alicia_ws/install/alicia_d_control_interfaces/include/alicia_d_control_interfaces/alicia_d_control_interfaces/msg/detail/gripper_state__struct.h
[1.156s] -- Up-to-date: /home/Projects/HET/alicia_ws/install/alicia_d_control_interfaces/include/alicia_d_control_interfaces/alicia_d_control_interfaces/msg/detail/gripper_state__functions.c
[1.156s] -- Up-to-date: /home/Projects/HET/alicia_ws/install/alicia_d_control_interfaces/include/alicia_d_control_interfaces/alicia_d_control_interfaces/msg/detail/gripper_state__functions.h
[1.156s] -- Up-to-date: /home/Projects/HET/alicia_ws/install/alicia_d_control_interfaces/include/alicia_d_control_interfaces/alicia_d_control_interfaces/msg/detail/gripper_state__type_support.h
[1.156s] -- Up-to-date: /home/Projects/HET/alicia_ws/install/alicia_d_control_interfaces/include/alicia_d_control_interfaces/alicia_d_control_interfaces/msg/detail/grasp_candidate__functions.c
[1.157s] -- Up-to-date: /home/Projects/HET/alicia_ws/install/alicia_d_control_interfaces/include/alicia_d_control_interfaces/alicia_d_control_interfaces/msg/detail/grasp_candidate__struct.h
[1.157s] -- Up-to-date: /home/Projects/HET/alicia_ws/install/alicia_d_control_interfaces/include/alicia_d_control_interfaces/alicia_d_control_interfaces/msg/detail/grasp_candidate__functions.h
[1.157s] -- Up-to-date: /home/Projects/HET/alicia_ws/install/alicia_d_control_interfaces/include/alicia_d_control_interfaces/alicia_d_control_interfaces/msg/grasp_candidate.h
[1.158s] -- Up-to-date: /home/Projects/HET/alicia_ws/install/alicia_d_control_interfaces/include/alicia_d_control_interfaces/alicia_d_control_interfaces/msg/rosidl_generator_c__visibility_control.h
[1.158s] -- Up-to-date: /home/Projects/HET/alicia_ws/install/alicia_d_control_interfaces/include/alicia_d_control_interfaces/alicia_d_control_interfaces/msg/gripper_state.h
[1.159s] -- Up-to-date: /home/Projects/HET/alicia_ws/install/alicia_d_control_interfaces/share/alicia_d_control_interfaces/environment/library_path.sh
[1.159s] -- Up-to-date: /home/Projects/HET/alicia_ws/install/alicia_d_control_interfaces/share/alicia_d_control_interfaces/environment/library_path.dsv
[1.159s] -- Up-to-date: /home/Projects/HET/alicia_ws/install/alicia_d_control_interfaces/lib/libalicia_d_control_interfaces__rosidl_generator_c.so
[1.160s] -- Up-to-date: /home/Projects/HET/alicia_ws/install/alicia_d_control_interfaces/include/alicia_d_control_interfaces/alicia_d_control_interfaces
[1.160s] -- Up-to-date: /home/Projects/HET/alicia_ws/install/alicia_d_control_interfaces/include/alicia_d_control_interfaces/alicia_d_control_interfaces/action
[1.160s] -- Up-to-date: /home/Projects/HET/alicia_ws/install/alicia_d_control_interfaces/include/alicia_d_control_interfaces/alicia_d_control_interfaces/action/detail
[1.160s] -- Up-to-date: /home/Projects/HET/alicia_ws/install/alicia_d_control_interfaces/include/alicia_d_control_interfaces/alicia_d_control_interfaces/action/detail/force_grasp__rosidl_typesupport_fastrtps_c.h
[1.160s] -- Up-to-date: /home/Projects/HET/alicia_ws/install/alicia_d_control_interfaces/include/alicia_d_control_interfaces/alicia_d_control_interfaces/action/detail/move_arm_to_joints__rosidl_typesupport_fastrtps_c.h
[1.160s] -- Up-to-date: /home/Projects/HET/alicia_ws/install/alicia_d_control_interfaces/include/alicia_d_control_interfaces/alicia_d_control_interfaces/action/detail/move_gripper__rosidl_typesupport_fastrtps_c.h
[1.161s] -- Up-to-date: /home/Projects/HET/alicia_ws/install/alicia_d_control_interfaces/include/alicia_d_control_interfaces/alicia_d_control_interfaces/action/detail/home_gripper__rosidl_typesupport_fastrtps_c.h
[1.161s] -- Up-to-date: /home/Projects/HET/alicia_ws/install/alicia_d_control_interfaces/include/alicia_d_control_interfaces/alicia_d_control_interfaces/action/detail/move_arm_to_pose__rosidl_typesupport_fastrtps_c.h
[1.161s] -- Up-to-date: /home/Projects/HET/alicia_ws/install/alicia_d_control_interfaces/include/alicia_d_control_interfaces/alicia_d_control_interfaces/action/detail/move_gripper_step__rosidl_typesupport_fastrtps_c.h
[1.161s] -- Up-to-date: /home/Projects/HET/alicia_ws/install/alicia_d_control_interfaces/include/alicia_d_control_interfaces/alicia_d_control_interfaces/msg
[1.161s] -- Up-to-date: /home/Projects/HET/alicia_ws/install/alicia_d_control_interfaces/include/alicia_d_control_interfaces/alicia_d_control_interfaces/msg/detail
[1.161s] -- Up-to-date: /home/Projects/HET/alicia_ws/install/alicia_d_control_interfaces/include/alicia_d_control_interfaces/alicia_d_control_interfaces/msg/detail/grasp_candidate__rosidl_typesupport_fastrtps_c.h
[1.162s] -- Up-to-date: /home/Projects/HET/alicia_ws/install/alicia_d_control_interfaces/include/alicia_d_control_interfaces/alicia_d_control_interfaces/msg/detail/gripper_state__rosidl_typesupport_fastrtps_c.h
[1.162s] -- Up-to-date: /home/Projects/HET/alicia_ws/install/alicia_d_control_interfaces/include/alicia_d_control_interfaces/alicia_d_control_interfaces/msg/rosidl_typesupport_fastrtps_c__visibility_control.h
[1.162s] -- Up-to-date: /home/Projects/HET/alicia_ws/install/alicia_d_control_interfaces/lib/libalicia_d_control_interfaces__rosidl_typesupport_fastrtps_c.so
[1.162s] -- Up-to-date: /home/Projects/HET/alicia_ws/install/alicia_d_control_interfaces/include/alicia_d_control_interfaces/alicia_d_control_interfaces
[1.162s] -- Up-to-date: /home/Projects/HET/alicia_ws/install/alicia_d_control_interfaces/include/alicia_d_control_interfaces/alicia_d_control_interfaces/action
[1.162s] -- Up-to-date: /home/Projects/HET/alicia_ws/install/alicia_d_control_interfaces/include/alicia_d_control_interfaces/alicia_d_control_interfaces/action/move_arm_to_joints.hpp
[1.162s] -- Up-to-date: /home/Projects/HET/alicia_ws/install/alicia_d_control_interfaces/include/alicia_d_control_interfaces/alicia_d_control_interfaces/action/move_gripper.hpp
[1.162s] -- Up-to-date: /home/Projects/HET/alicia_ws/install/alicia_d_control_interfaces/include/alicia_d_control_interfaces/alicia_d_control_interfaces/action/detail
[1.162s] -- Up-to-date: /home/Projects/HET/alicia_ws/install/alicia_d_control_interfaces/include/alicia_d_control_interfaces/alicia_d_control_interfaces/action/detail/move_gripper_step__type_support.hpp
[1.162s] -- Up-to-date: /home/Projects/HET/alicia_ws/install/alicia_d_control_interfaces/include/alicia_d_control_interfaces/alicia_d_control_interfaces/action/detail/move_gripper__struct.hpp
[1.162s] -- Up-to-date: /home/Projects/HET/alicia_ws/install/alicia_d_control_interfaces/include/alicia_d_control_interfaces/alicia_d_control_interfaces/action/detail/home_gripper__type_support.hpp
[1.162s] -- Up-to-date: /home/Projects/HET/alicia_ws/install/alicia_d_control_interfaces/include/alicia_d_control_interfaces/alicia_d_control_interfaces/action/detail/home_gripper__builder.hpp
[1.163s] -- Up-to-date: /home/Projects/HET/alicia_ws/install/alicia_d_control_interfaces/include/alicia_d_control_interfaces/alicia_d_control_interfaces/action/detail/move_gripper__traits.hpp
[1.163s] -- Up-to-date: /home/Projects/HET/alicia_ws/install/alicia_d_control_interfaces/include/alicia_d_control_interfaces/alicia_d_control_interfaces/action/detail/move_arm_to_joints__traits.hpp
[1.163s] -- Up-to-date: /home/Projects/HET/alicia_ws/install/alicia_d_control_interfaces/include/alicia_d_control_interfaces/alicia_d_control_interfaces/action/detail/move_gripper__type_support.hpp
[1.163s] -- Up-to-date: /home/Projects/HET/alicia_ws/install/alicia_d_control_interfaces/include/alicia_d_control_interfaces/alicia_d_control_interfaces/action/detail/move_gripper_step__traits.hpp
[1.163s] -- Up-to-date: /home/Projects/HET/alicia_ws/install/alicia_d_control_interfaces/include/alicia_d_control_interfaces/alicia_d_control_interfaces/action/detail/force_grasp__builder.hpp
[1.163s] -- Up-to-date: /home/Projects/HET/alicia_ws/install/alicia_d_control_interfaces/include/alicia_d_control_interfaces/alicia_d_control_interfaces/action/detail/move_arm_to_pose__traits.hpp
[1.163s] -- Up-to-date: /home/Projects/HET/alicia_ws/install/alicia_d_control_interfaces/include/alicia_d_control_interfaces/alicia_d_control_interfaces/action/detail/move_arm_to_joints__struct.hpp
[1.163s] -- Up-to-date: /home/Projects/HET/alicia_ws/install/alicia_d_control_interfaces/include/alicia_d_control_interfaces/alicia_d_control_interfaces/action/detail/force_grasp__type_support.hpp
[1.164s] -- Up-to-date: /home/Projects/HET/alicia_ws/install/alicia_d_control_interfaces/include/alicia_d_control_interfaces/alicia_d_control_interfaces/action/detail/move_gripper__builder.hpp
[1.164s] -- Up-to-date: /home/Projects/HET/alicia_ws/install/alicia_d_control_interfaces/include/alicia_d_control_interfaces/alicia_d_control_interfaces/action/detail/move_gripper_step__builder.hpp
[1.164s] -- Up-to-date: /home/Projects/HET/alicia_ws/install/alicia_d_control_interfaces/include/alicia_d_control_interfaces/alicia_d_control_interfaces/action/detail/move_arm_to_pose__builder.hpp
[1.164s] -- Up-to-date: /home/Projects/HET/alicia_ws/install/alicia_d_control_interfaces/include/alicia_d_control_interfaces/alicia_d_control_interfaces/action/detail/move_arm_to_pose__type_support.hpp
[1.164s] -- Up-to-date: /home/Projects/HET/alicia_ws/install/alicia_d_control_interfaces/include/alicia_d_control_interfaces/alicia_d_control_interfaces/action/detail/move_arm_to_joints__type_support.hpp
[1.164s] -- Up-to-date: /home/Projects/HET/alicia_ws/install/alicia_d_control_interfaces/include/alicia_d_control_interfaces/alicia_d_control_interfaces/action/detail/force_grasp__struct.hpp
[1.165s] -- Up-to-date: /home/Projects/HET/alicia_ws/install/alicia_d_control_interfaces/include/alicia_d_control_interfaces/alicia_d_control_interfaces/action/detail/move_arm_to_joints__builder.hpp
[1.165s] -- Up-to-date: /home/Projects/HET/alicia_ws/install/alicia_d_control_interfaces/include/alicia_d_control_interfaces/alicia_d_control_interfaces/action/detail/force_grasp__traits.hpp
[1.165s] -- Up-to-date: /home/Projects/HET/alicia_ws/install/alicia_d_control_interfaces/include/alicia_d_control_interfaces/alicia_d_control_interfaces/action/detail/move_arm_to_pose__struct.hpp
[1.165s] -- Up-to-date: /home/Projects/HET/alicia_ws/install/alicia_d_control_interfaces/include/alicia_d_control_interfaces/alicia_d_control_interfaces/action/detail/home_gripper__struct.hpp
[1.165s] -- Up-to-date: /home/Projects/HET/alicia_ws/install/alicia_d_control_interfaces/include/alicia_d_control_interfaces/alicia_d_control_interfaces/action/detail/move_gripper_step__struct.hpp
[1.165s] -- Up-to-date: /home/Projects/HET/alicia_ws/install/alicia_d_control_interfaces/include/alicia_d_control_interfaces/alicia_d_control_interfaces/action/detail/home_gripper__traits.hpp
[1.166s] -- Up-to-date: /home/Projects/HET/alicia_ws/install/alicia_d_control_interfaces/include/alicia_d_control_interfaces/alicia_d_control_interfaces/action/move_gripper_step.hpp
[1.166s] -- Up-to-date: /home/Projects/HET/alicia_ws/install/alicia_d_control_interfaces/include/alicia_d_control_interfaces/alicia_d_control_interfaces/action/force_grasp.hpp
[1.167s] -- Up-to-date: /home/Projects/HET/alicia_ws/install/alicia_d_control_interfaces/include/alicia_d_control_interfaces/alicia_d_control_interfaces/action/move_arm_to_pose.hpp
[1.167s] -- Up-to-date: /home/Projects/HET/alicia_ws/install/alicia_d_control_interfaces/include/alicia_d_control_interfaces/alicia_d_control_interfaces/action/home_gripper.hpp
[1.167s] -- Up-to-date: /home/Projects/HET/alicia_ws/install/alicia_d_control_interfaces/include/alicia_d_control_interfaces/alicia_d_control_interfaces/msg
[1.167s] -- Up-to-date: /home/Projects/HET/alicia_ws/install/alicia_d_control_interfaces/include/alicia_d_control_interfaces/alicia_d_control_interfaces/msg/detail
[1.167s] -- Up-to-date: /home/Projects/HET/alicia_ws/install/alicia_d_control_interfaces/include/alicia_d_control_interfaces/alicia_d_control_interfaces/msg/detail/grasp_candidate__struct.hpp
[1.167s] -- Up-to-date: /home/Projects/HET/alicia_ws/install/alicia_d_control_interfaces/include/alicia_d_control_interfaces/alicia_d_control_interfaces/msg/detail/gripper_state__type_support.hpp
[1.168s] -- Up-to-date: /home/Projects/HET/alicia_ws/install/alicia_d_control_interfaces/include/alicia_d_control_interfaces/alicia_d_control_interfaces/msg/detail/gripper_state__struct.hpp
[1.168s] -- Up-to-date: /home/Projects/HET/alicia_ws/install/alicia_d_control_interfaces/include/alicia_d_control_interfaces/alicia_d_control_interfaces/msg/detail/grasp_candidate__traits.hpp
[1.168s] -- Up-to-date: /home/Projects/HET/alicia_ws/install/alicia_d_control_interfaces/include/alicia_d_control_interfaces/alicia_d_control_interfaces/msg/detail/gripper_state__builder.hpp
[1.169s] -- Up-to-date: /home/Projects/HET/alicia_ws/install/alicia_d_control_interfaces/include/alicia_d_control_interfaces/alicia_d_control_interfaces/msg/detail/gripper_state__traits.hpp
[1.169s] -- Up-to-date: /home/Projects/HET/alicia_ws/install/alicia_d_control_interfaces/include/alicia_d_control_interfaces/alicia_d_control_interfaces/msg/detail/grasp_candidate__type_support.hpp
[1.169s] -- Up-to-date: /home/Projects/HET/alicia_ws/install/alicia_d_control_interfaces/include/alicia_d_control_interfaces/alicia_d_control_interfaces/msg/detail/grasp_candidate__builder.hpp
[1.169s] -- Up-to-date: /home/Projects/HET/alicia_ws/install/alicia_d_control_interfaces/include/alicia_d_control_interfaces/alicia_d_control_interfaces/msg/gripper_state.hpp
[1.169s] -- Up-to-date: /home/Projects/HET/alicia_ws/install/alicia_d_control_interfaces/include/alicia_d_control_interfaces/alicia_d_control_interfaces/msg/grasp_candidate.hpp
[1.170s] -- Up-to-date: /home/Projects/HET/alicia_ws/install/alicia_d_control_interfaces/include/alicia_d_control_interfaces/alicia_d_control_interfaces/msg/rosidl_generator_cpp__visibility_control.hpp
[1.170s] -- Up-to-date: /home/Projects/HET/alicia_ws/install/alicia_d_control_interfaces/include/alicia_d_control_interfaces/alicia_d_control_interfaces
[1.170s] -- Up-to-date: /home/Projects/HET/alicia_ws/install/alicia_d_control_interfaces/include/alicia_d_control_interfaces/alicia_d_control_interfaces/action
[1.170s] -- Up-to-date: /home/Projects/HET/alicia_ws/install/alicia_d_control_interfaces/include/alicia_d_control_interfaces/alicia_d_control_interfaces/action/detail
[1.170s] -- Up-to-date: /home/Projects/HET/alicia_ws/install/alicia_d_control_interfaces/include/alicia_d_control_interfaces/alicia_d_control_interfaces/action/detail/move_gripper_step__rosidl_typesupport_fastrtps_cpp.hpp
[1.171s] -- Up-to-date: /home/Projects/HET/alicia_ws/install/alicia_d_control_interfaces/include/alicia_d_control_interfaces/alicia_d_control_interfaces/action/detail/move_arm_to_pose__rosidl_typesupport_fastrtps_cpp.hpp
[1.171s] -- Up-to-date: /home/Projects/HET/alicia_ws/install/alicia_d_control_interfaces/include/alicia_d_control_interfaces/alicia_d_control_interfaces/action/detail/move_arm_to_joints__rosidl_typesupport_fastrtps_cpp.hpp
[1.171s] -- Up-to-date: /home/Projects/HET/alicia_ws/install/alicia_d_control_interfaces/include/alicia_d_control_interfaces/alicia_d_control_interfaces/action/detail/move_gripper__rosidl_typesupport_fastrtps_cpp.hpp
[1.171s] -- Up-to-date: /home/Projects/HET/alicia_ws/install/alicia_d_control_interfaces/include/alicia_d_control_interfaces/alicia_d_control_interfaces/action/detail/home_gripper__rosidl_typesupport_fastrtps_cpp.hpp
[1.171s] -- Up-to-date: /home/Projects/HET/alicia_ws/install/alicia_d_control_interfaces/include/alicia_d_control_interfaces/alicia_d_control_interfaces/action/detail/dds_fastrtps
[1.172s] -- Up-to-date: /home/Projects/HET/alicia_ws/install/alicia_d_control_interfaces/include/alicia_d_control_interfaces/alicia_d_control_interfaces/action/detail/force_grasp__rosidl_typesupport_fastrtps_cpp.hpp
[1.172s] -- Up-to-date: /home/Projects/HET/alicia_ws/install/alicia_d_control_interfaces/include/alicia_d_control_interfaces/alicia_d_control_interfaces/msg
[1.172s] -- Up-to-date: /home/Projects/HET/alicia_ws/install/alicia_d_control_interfaces/include/alicia_d_control_interfaces/alicia_d_control_interfaces/msg/detail
[1.172s] -- Up-to-date: /home/Projects/HET/alicia_ws/install/alicia_d_control_interfaces/include/alicia_d_control_interfaces/alicia_d_control_interfaces/msg/detail/gripper_state__rosidl_typesupport_fastrtps_cpp.hpp
[1.173s] -- Up-to-date: /home/Projects/HET/alicia_ws/install/alicia_d_control_interfaces/include/alicia_d_control_interfaces/alicia_d_control_interfaces/msg/detail/dds_fastrtps
[1.173s] -- Up-to-date: /home/Projects/HET/alicia_ws/install/alicia_d_control_interfaces/include/alicia_d_control_interfaces/alicia_d_control_interfaces/msg/detail/grasp_candidate__rosidl_typesupport_fastrtps_cpp.hpp
[1.173s] -- Up-to-date: /home/Projects/HET/alicia_ws/install/alicia_d_control_interfaces/include/alicia_d_control_interfaces/alicia_d_control_interfaces/msg/rosidl_typesupport_fastrtps_cpp__visibility_control.h
[1.173s] -- Up-to-date: /home/Projects/HET/alicia_ws/install/alicia_d_control_interfaces/lib/libalicia_d_control_interfaces__rosidl_typesupport_fastrtps_cpp.so
[1.173s] -- Up-to-date: /home/Projects/HET/alicia_ws/install/alicia_d_control_interfaces/include/alicia_d_control_interfaces/alicia_d_control_interfaces
[1.173s] -- Up-to-date: /home/Projects/HET/alicia_ws/install/alicia_d_control_interfaces/include/alicia_d_control_interfaces/alicia_d_control_interfaces/action
[1.174s] -- Up-to-date: /home/Projects/HET/alicia_ws/install/alicia_d_control_interfaces/include/alicia_d_control_interfaces/alicia_d_control_interfaces/action/detail
[1.174s] -- Up-to-date: /home/Projects/HET/alicia_ws/install/alicia_d_control_interfaces/include/alicia_d_control_interfaces/alicia_d_control_interfaces/action/detail/move_gripper__type_support.c
[1.174s] -- Up-to-date: /home/Projects/HET/alicia_ws/install/alicia_d_control_interfaces/include/alicia_d_control_interfaces/alicia_d_control_interfaces/action/detail/move_arm_to_pose__rosidl_typesupport_introspection_c.h
[1.174s] -- Up-to-date: /home/Projects/HET/alicia_ws/install/alicia_d_control_interfaces/include/alicia_d_control_interfaces/alicia_d_control_interfaces/action/detail/move_gripper__rosidl_typesupport_introspection_c.h
[1.174s] -- Up-to-date: /home/Projects/HET/alicia_ws/install/alicia_d_control_interfaces/include/alicia_d_control_interfaces/alicia_d_control_interfaces/action/detail/force_grasp__type_support.c
[1.174s] -- Up-to-date: /home/Projects/HET/alicia_ws/install/alicia_d_control_interfaces/include/alicia_d_control_interfaces/alicia_d_control_interfaces/action/detail/move_gripper_step__rosidl_typesupport_introspection_c.h
[1.174s] -- Up-to-date: /home/Projects/HET/alicia_ws/install/alicia_d_control_interfaces/include/alicia_d_control_interfaces/alicia_d_control_interfaces/action/detail/home_gripper__rosidl_typesupport_introspection_c.h
[1.174s] -- Up-to-date: /home/Projects/HET/alicia_ws/install/alicia_d_control_interfaces/include/alicia_d_control_interfaces/alicia_d_control_interfaces/action/detail/force_grasp__rosidl_typesupport_introspection_c.h
[1.174s] -- Up-to-date: /home/Projects/HET/alicia_ws/install/alicia_d_control_interfaces/include/alicia_d_control_interfaces/alicia_d_control_interfaces/action/detail/move_gripper_step__type_support.c
[1.174s] -- Up-to-date: /home/Projects/HET/alicia_ws/install/alicia_d_control_interfaces/include/alicia_d_control_interfaces/alicia_d_control_interfaces/action/detail/move_arm_to_joints__type_support.c
[1.174s] -- Up-to-date: /home/Projects/HET/alicia_ws/install/alicia_d_control_interfaces/include/alicia_d_control_interfaces/alicia_d_control_interfaces/action/detail/move_arm_to_joints__rosidl_typesupport_introspection_c.h
[1.175s] -- Up-to-date: /home/Projects/HET/alicia_ws/install/alicia_d_control_interfaces/include/alicia_d_control_interfaces/alicia_d_control_interfaces/action/detail/move_arm_to_pose__type_support.c
[1.175s] -- Up-to-date: /home/Projects/HET/alicia_ws/install/alicia_d_control_interfaces/include/alicia_d_control_interfaces/alicia_d_control_interfaces/action/detail/home_gripper__type_support.c
[1.175s] -- Up-to-date: /home/Projects/HET/alicia_ws/install/alicia_d_control_interfaces/include/alicia_d_control_interfaces/alicia_d_control_interfaces/msg
[1.175s] -- Up-to-date: /home/Projects/HET/alicia_ws/install/alicia_d_control_interfaces/include/alicia_d_control_interfaces/alicia_d_control_interfaces/msg/detail
[1.175s] -- Up-to-date: /home/Projects/HET/alicia_ws/install/alicia_d_control_interfaces/include/alicia_d_control_interfaces/alicia_d_control_interfaces/msg/detail/grasp_candidate__type_support.c
[1.175s] -- Up-to-date: /home/Projects/HET/alicia_ws/install/alicia_d_control_interfaces/include/alicia_d_control_interfaces/alicia_d_control_interfaces/msg/detail/gripper_state__type_support.c
[1.175s] -- Up-to-date: /home/Projects/HET/alicia_ws/install/alicia_d_control_interfaces/include/alicia_d_control_interfaces/alicia_d_control_interfaces/msg/detail/gripper_state__rosidl_typesupport_introspection_c.h
[1.176s] -- Up-to-date: /home/Projects/HET/alicia_ws/install/alicia_d_control_interfaces/include/alicia_d_control_interfaces/alicia_d_control_interfaces/msg/detail/grasp_candidate__rosidl_typesupport_introspection_c.h
[1.176s] -- Up-to-date: /home/Projects/HET/alicia_ws/install/alicia_d_control_interfaces/include/alicia_d_control_interfaces/alicia_d_control_interfaces/msg/rosidl_typesupport_introspection_c__visibility_control.h
[1.176s] -- Up-to-date: /home/Projects/HET/alicia_ws/install/alicia_d_control_interfaces/lib/libalicia_d_control_interfaces__rosidl_typesupport_introspection_c.so
[1.176s] -- Up-to-date: /home/Projects/HET/alicia_ws/install/alicia_d_control_interfaces/lib/libalicia_d_control_interfaces__rosidl_typesupport_c.so
[1.177s] -- Up-to-date: /home/Projects/HET/alicia_ws/install/alicia_d_control_interfaces/include/alicia_d_control_interfaces/alicia_d_control_interfaces
[1.177s] -- Up-to-date: /home/Projects/HET/alicia_ws/install/alicia_d_control_interfaces/include/alicia_d_control_interfaces/alicia_d_control_interfaces/action
[1.177s] -- Up-to-date: /home/Projects/HET/alicia_ws/install/alicia_d_control_interfaces/include/alicia_d_control_interfaces/alicia_d_control_interfaces/action/detail
[1.177s] -- Up-to-date: /home/Projects/HET/alicia_ws/install/alicia_d_control_interfaces/include/alicia_d_control_interfaces/alicia_d_control_interfaces/action/detail/move_gripper_step__rosidl_typesupport_introspection_cpp.hpp
[1.177s] -- Up-to-date: /home/Projects/HET/alicia_ws/install/alicia_d_control_interfaces/include/alicia_d_control_interfaces/alicia_d_control_interfaces/action/detail/home_gripper__rosidl_typesupport_introspection_cpp.hpp
[1.177s] -- Up-to-date: /home/Projects/HET/alicia_ws/install/alicia_d_control_interfaces/include/alicia_d_control_interfaces/alicia_d_control_interfaces/action/detail/force_grasp__rosidl_typesupport_introspection_cpp.hpp
[1.177s] -- Up-to-date: /home/Projects/HET/alicia_ws/install/alicia_d_control_interfaces/include/alicia_d_control_interfaces/alicia_d_control_interfaces/action/detail/move_arm_to_pose__rosidl_typesupport_introspection_cpp.hpp
[1.177s] -- Up-to-date: /home/Projects/HET/alicia_ws/install/alicia_d_control_interfaces/include/alicia_d_control_interfaces/alicia_d_control_interfaces/action/detail/move_gripper__rosidl_typesupport_introspection_cpp.hpp
[1.177s] -- Up-to-date: /home/Projects/HET/alicia_ws/install/alicia_d_control_interfaces/include/alicia_d_control_interfaces/alicia_d_control_interfaces/action/detail/force_grasp__type_support.cpp
[1.177s] -- Up-to-date: /home/Projects/HET/alicia_ws/install/alicia_d_control_interfaces/include/alicia_d_control_interfaces/alicia_d_control_interfaces/action/detail/move_arm_to_joints__type_support.cpp
[1.178s] -- Up-to-date: /home/Projects/HET/alicia_ws/install/alicia_d_control_interfaces/include/alicia_d_control_interfaces/alicia_d_control_interfaces/action/detail/move_arm_to_pose__type_support.cpp
[1.178s] -- Up-to-date: /home/Projects/HET/alicia_ws/install/alicia_d_control_interfaces/include/alicia_d_control_interfaces/alicia_d_control_interfaces/action/detail/home_gripper__type_support.cpp
[1.178s] -- Up-to-date: /home/Projects/HET/alicia_ws/install/alicia_d_control_interfaces/include/alicia_d_control_interfaces/alicia_d_control_interfaces/action/detail/move_gripper_step__type_support.cpp
[1.178s] -- Up-to-date: /home/Projects/HET/alicia_ws/install/alicia_d_control_interfaces/include/alicia_d_control_interfaces/alicia_d_control_interfaces/action/detail/move_arm_to_joints__rosidl_typesupport_introspection_cpp.hpp
[1.178s] -- Up-to-date: /home/Projects/HET/alicia_ws/install/alicia_d_control_interfaces/include/alicia_d_control_interfaces/alicia_d_control_interfaces/action/detail/move_gripper__type_support.cpp
[1.178s] -- Up-to-date: /home/Projects/HET/alicia_ws/install/alicia_d_control_interfaces/include/alicia_d_control_interfaces/alicia_d_control_interfaces/msg
[1.178s] -- Up-to-date: /home/Projects/HET/alicia_ws/install/alicia_d_control_interfaces/include/alicia_d_control_interfaces/alicia_d_control_interfaces/msg/detail
[1.179s] -- Up-to-date: /home/Projects/HET/alicia_ws/install/alicia_d_control_interfaces/include/alicia_d_control_interfaces/alicia_d_control_interfaces/msg/detail/gripper_state__type_support.cpp
[1.179s] -- Up-to-date: /home/Projects/HET/alicia_ws/install/alicia_d_control_interfaces/include/alicia_d_control_interfaces/alicia_d_control_interfaces/msg/detail/grasp_candidate__rosidl_typesupport_introspection_cpp.hpp
[1.179s] -- Up-to-date: /home/Projects/HET/alicia_ws/install/alicia_d_control_interfaces/include/alicia_d_control_interfaces/alicia_d_control_interfaces/msg/detail/grasp_candidate__type_support.cpp
[1.179s] -- Up-to-date: /home/Projects/HET/alicia_ws/install/alicia_d_control_interfaces/include/alicia_d_control_interfaces/alicia_d_control_interfaces/msg/detail/gripper_state__rosidl_typesupport_introspection_cpp.hpp
[1.179s] -- Up-to-date: /home/Projects/HET/alicia_ws/install/alicia_d_control_interfaces/lib/libalicia_d_control_interfaces__rosidl_typesupport_introspection_cpp.so
[1.179s] -- Up-to-date: /home/Projects/HET/alicia_ws/install/alicia_d_control_interfaces/lib/libalicia_d_control_interfaces__rosidl_typesupport_cpp.so
[1.179s] -- Up-to-date: /home/Projects/HET/alicia_ws/install/alicia_d_control_interfaces/share/alicia_d_control_interfaces/environment/pythonpath.sh
[1.179s] -- Up-to-date: /home/Projects/HET/alicia_ws/install/alicia_d_control_interfaces/share/alicia_d_control_interfaces/environment/pythonpath.dsv
[1.180s] -- Up-to-date: /home/Projects/HET/alicia_ws/install/alicia_d_control_interfaces/local/lib/python3.10/dist-packages/alicia_d_control_interfaces-0.1.0-py3.10.egg-info
[1.180s] -- Installing: /home/Projects/HET/alicia_ws/install/alicia_d_control_interfaces/local/lib/python3.10/dist-packages/alicia_d_control_interfaces-0.1.0-py3.10.egg-info/PKG-INFO
[1.180s] -- Installing: /home/Projects/HET/alicia_ws/install/alicia_d_control_interfaces/local/lib/python3.10/dist-packages/alicia_d_control_interfaces-0.1.0-py3.10.egg-info/SOURCES.txt
[1.181s] -- Installing: /home/Projects/HET/alicia_ws/install/alicia_d_control_interfaces/local/lib/python3.10/dist-packages/alicia_d_control_interfaces-0.1.0-py3.10.egg-info/dependency_links.txt
[1.181s] -- Installing: /home/Projects/HET/alicia_ws/install/alicia_d_control_interfaces/local/lib/python3.10/dist-packages/alicia_d_control_interfaces-0.1.0-py3.10.egg-info/top_level.txt
[1.181s] -- Up-to-date: /home/Projects/HET/alicia_ws/install/alicia_d_control_interfaces/local/lib/python3.10/dist-packages/alicia_d_control_interfaces
[1.181s] -- Up-to-date: /home/Projects/HET/alicia_ws/install/alicia_d_control_interfaces/local/lib/python3.10/dist-packages/alicia_d_control_interfaces/alicia_d_control_interfaces_s__rosidl_typesupport_c.cpython-310-x86_64-linux-gnu.so
[1.182s] -- Up-to-date: /home/Projects/HET/alicia_ws/install/alicia_d_control_interfaces/local/lib/python3.10/dist-packages/alicia_d_control_interfaces/_alicia_d_control_interfaces_s.ep.rosidl_typesupport_fastrtps_c.c
[1.182s] -- Up-to-date: /home/Projects/HET/alicia_ws/install/alicia_d_control_interfaces/local/lib/python3.10/dist-packages/alicia_d_control_interfaces/__init__.py
[1.182s] -- Up-to-date: /home/Projects/HET/alicia_ws/install/alicia_d_control_interfaces/local/lib/python3.10/dist-packages/alicia_d_control_interfaces/_alicia_d_control_interfaces_s.ep.rosidl_typesupport_c.c
[1.182s] -- Up-to-date: /home/Projects/HET/alicia_ws/install/alicia_d_control_interfaces/local/lib/python3.10/dist-packages/alicia_d_control_interfaces/alicia_d_control_interfaces_s__rosidl_typesupport_introspection_c.cpython-310-x86_64-linux-gnu.so
[1.182s] -- Up-to-date: /home/Projects/HET/alicia_ws/install/alicia_d_control_interfaces/local/lib/python3.10/dist-packages/alicia_d_control_interfaces/libalicia_d_control_interfaces__rosidl_generator_py.so
[1.182s] -- Up-to-date: /home/Projects/HET/alicia_ws/install/alicia_d_control_interfaces/local/lib/python3.10/dist-packages/alicia_d_control_interfaces/alicia_d_control_interfaces_s__rosidl_typesupport_fastrtps_c.cpython-310-x86_64-linux-gnu.so
[1.183s] -- Up-to-date: /home/Projects/HET/alicia_ws/install/alicia_d_control_interfaces/local/lib/python3.10/dist-packages/alicia_d_control_interfaces/action
[1.183s] -- Up-to-date: /home/Projects/HET/alicia_ws/install/alicia_d_control_interfaces/local/lib/python3.10/dist-packages/alicia_d_control_interfaces/action/_force_grasp_s.c
[1.183s] -- Up-to-date: /home/Projects/HET/alicia_ws/install/alicia_d_control_interfaces/local/lib/python3.10/dist-packages/alicia_d_control_interfaces/action/_force_grasp.py
[1.183s] -- Up-to-date: /home/Projects/HET/alicia_ws/install/alicia_d_control_interfaces/local/lib/python3.10/dist-packages/alicia_d_control_interfaces/action/_move_gripper_step_s.c
[1.183s] -- Up-to-date: /home/Projects/HET/alicia_ws/install/alicia_d_control_interfaces/local/lib/python3.10/dist-packages/alicia_d_control_interfaces/action/__init__.py
[1.183s] -- Up-to-date: /home/Projects/HET/alicia_ws/install/alicia_d_control_interfaces/local/lib/python3.10/dist-packages/alicia_d_control_interfaces/action/_move_gripper.py
[1.183s] -- Up-to-date: /home/Projects/HET/alicia_ws/install/alicia_d_control_interfaces/local/lib/python3.10/dist-packages/alicia_d_control_interfaces/action/_home_gripper.py
[1.183s] -- Up-to-date: /home/Projects/HET/alicia_ws/install/alicia_d_control_interfaces/local/lib/python3.10/dist-packages/alicia_d_control_interfaces/action/_move_arm_to_joints.py
[1.184s] -- Up-to-date: /home/Projects/HET/alicia_ws/install/alicia_d_control_interfaces/local/lib/python3.10/dist-packages/alicia_d_control_interfaces/action/_move_gripper_step.py
[1.184s] -- Up-to-date: /home/Projects/HET/alicia_ws/install/alicia_d_control_interfaces/local/lib/python3.10/dist-packages/alicia_d_control_interfaces/action/_move_arm_to_pose.py
[1.184s] -- Up-to-date: /home/Projects/HET/alicia_ws/install/alicia_d_control_interfaces/local/lib/python3.10/dist-packages/alicia_d_control_interfaces/action/_move_arm_to_joints_s.c
[1.184s] -- Up-to-date: /home/Projects/HET/alicia_ws/install/alicia_d_control_interfaces/local/lib/python3.10/dist-packages/alicia_d_control_interfaces/action/_move_gripper_s.c
[1.184s] -- Up-to-date: /home/Projects/HET/alicia_ws/install/alicia_d_control_interfaces/local/lib/python3.10/dist-packages/alicia_d_control_interfaces/action/_move_arm_to_pose_s.c
[1.184s] -- Up-to-date: /home/Projects/HET/alicia_ws/install/alicia_d_control_interfaces/local/lib/python3.10/dist-packages/alicia_d_control_interfaces/action/_home_gripper_s.c
[1.184s] -- Up-to-date: /home/Projects/HET/alicia_ws/install/alicia_d_control_interfaces/local/lib/python3.10/dist-packages/alicia_d_control_interfaces/msg
[1.184s] -- Up-to-date: /home/Projects/HET/alicia_ws/install/alicia_d_control_interfaces/local/lib/python3.10/dist-packages/alicia_d_control_interfaces/msg/_grasp_candidate.py
[1.184s] -- Up-to-date: /home/Projects/HET/alicia_ws/install/alicia_d_control_interfaces/local/lib/python3.10/dist-packages/alicia_d_control_interfaces/msg/__init__.py
[1.185s] -- Up-to-date: /home/Projects/HET/alicia_ws/install/alicia_d_control_interfaces/local/lib/python3.10/dist-packages/alicia_d_control_interfaces/msg/_gripper_state.py
[1.185s] -- Up-to-date: /home/Projects/HET/alicia_ws/install/alicia_d_control_interfaces/local/lib/python3.10/dist-packages/alicia_d_control_interfaces/msg/_grasp_candidate_s.c
[1.185s] -- Up-to-date: /home/Projects/HET/alicia_ws/install/alicia_d_control_interfaces/local/lib/python3.10/dist-packages/alicia_d_control_interfaces/msg/_gripper_state_s.c
[1.185s] -- Up-to-date: /home/Projects/HET/alicia_ws/install/alicia_d_control_interfaces/local/lib/python3.10/dist-packages/alicia_d_control_interfaces/_alicia_d_control_interfaces_s.ep.rosidl_typesupport_introspection_c.c
[1.248s] Listing '/home/Projects/HET/alicia_ws/install/alicia_d_control_interfaces/local/lib/python3.10/dist-packages/alicia_d_control_interfaces'...
[1.248s] Listing '/home/Projects/HET/alicia_ws/install/alicia_d_control_interfaces/local/lib/python3.10/dist-packages/alicia_d_control_interfaces/action'...
[1.248s] Listing '/home/Projects/HET/alicia_ws/install/alicia_d_control_interfaces/local/lib/python3.10/dist-packages/alicia_d_control_interfaces/msg'...
[1.261s] -- Up-to-date: /home/Projects/HET/alicia_ws/install/alicia_d_control_interfaces/local/lib/python3.10/dist-packages/alicia_d_control_interfaces/alicia_d_control_interfaces_s__rosidl_typesupport_fastrtps_c.cpython-310-x86_64-linux-gnu.so
[1.262s] -- Up-to-date: /home/Projects/HET/alicia_ws/install/alicia_d_control_interfaces/local/lib/python3.10/dist-packages/alicia_d_control_interfaces/alicia_d_control_interfaces_s__rosidl_typesupport_introspection_c.cpython-310-x86_64-linux-gnu.so
[1.263s] -- Up-to-date: /home/Projects/HET/alicia_ws/install/alicia_d_control_interfaces/local/lib/python3.10/dist-packages/alicia_d_control_interfaces/alicia_d_control_interfaces_s__rosidl_typesupport_c.cpython-310-x86_64-linux-gnu.so
[1.264s] -- Up-to-date: /home/Projects/HET/alicia_ws/install/alicia_d_control_interfaces/lib/libalicia_d_control_interfaces__rosidl_generator_py.so
[1.266s] -- Up-to-date: /home/Projects/HET/alicia_ws/install/alicia_d_control_interfaces/share/ament_index/resource_index/rust_packages/alicia_d_control_interfaces
[1.266s] -- Up-to-date: /home/Projects/HET/alicia_ws/install/alicia_d_control_interfaces/share/alicia_d_control_interfaces/rust
[1.267s] -- Up-to-date: /home/Projects/HET/alicia_ws/install/alicia_d_control_interfaces/share/alicia_d_control_interfaces/rust/Cargo.toml
[1.268s] -- Up-to-date: /home/Projects/HET/alicia_ws/install/alicia_d_control_interfaces/share/alicia_d_control_interfaces/rust/build.rs
[1.269s] -- Up-to-date: /home/Projects/HET/alicia_ws/install/alicia_d_control_interfaces/share/alicia_d_control_interfaces/rust/src
[1.270s] -- Up-to-date: /home/Projects/HET/alicia_ws/install/alicia_d_control_interfaces/share/alicia_d_control_interfaces/rust/src/msg.rs
[1.271s] -- Up-to-date: /home/Projects/HET/alicia_ws/install/alicia_d_control_interfaces/share/alicia_d_control_interfaces/rust/src/lib.rs
[1.272s] -- Up-to-date: /home/Projects/HET/alicia_ws/install/alicia_d_control_interfaces/share/alicia_d_control_interfaces/rust/src/action.rs
[1.273s] -- Up-to-date: /home/Projects/HET/alicia_ws/install/alicia_d_control_interfaces/share/alicia_d_control_interfaces/rust/src/action
[1.274s] -- Up-to-date: /home/Projects/HET/alicia_ws/install/alicia_d_control_interfaces/share/alicia_d_control_interfaces/rust/src/action/rmw.rs
[1.275s] -- Up-to-date: /home/Projects/HET/alicia_ws/install/alicia_d_control_interfaces/share/alicia_d_control_interfaces/rust/src/msg
[1.275s] -- Up-to-date: /home/Projects/HET/alicia_ws/install/alicia_d_control_interfaces/share/alicia_d_control_interfaces/rust/src/msg/rmw.rs
[1.277s] -- Up-to-date: /home/Projects/HET/alicia_ws/install/alicia_d_control_interfaces/share/alicia_d_control_interfaces/msg/GraspCandidate.idl
[1.277s] -- Up-to-date: /home/Projects/HET/alicia_ws/install/alicia_d_control_interfaces/share/alicia_d_control_interfaces/msg/GripperState.idl
[1.278s] -- Up-to-date: /home/Projects/HET/alicia_ws/install/alicia_d_control_interfaces/share/alicia_d_control_interfaces/action/ForceGrasp.idl
[1.278s] -- Up-to-date: /home/Projects/HET/alicia_ws/install/alicia_d_control_interfaces/share/alicia_d_control_interfaces/action/HomeGripper.idl
[1.279s] -- Up-to-date: /home/Projects/HET/alicia_ws/install/alicia_d_control_interfaces/share/alicia_d_control_interfaces/action/MoveArmToJoints.idl
[1.281s] -- Up-to-date: /home/Projects/HET/alicia_ws/install/alicia_d_control_interfaces/share/alicia_d_control_interfaces/action/MoveArmToPose.idl
[1.282s] -- Up-to-date: /home/Projects/HET/alicia_ws/install/alicia_d_control_interfaces/share/alicia_d_control_interfaces/action/MoveGripper.idl
[1.282s] -- Up-to-date: /home/Projects/HET/alicia_ws/install/alicia_d_control_interfaces/share/alicia_d_control_interfaces/action/MoveGripperStep.idl
[1.282s] -- Up-to-date: /home/Projects/HET/alicia_ws/install/alicia_d_control_interfaces/share/alicia_d_control_interfaces/msg/GraspCandidate.msg
[1.283s] -- Up-to-date: /home/Projects/HET/alicia_ws/install/alicia_d_control_interfaces/share/alicia_d_control_interfaces/msg/GripperState.msg
[1.283s] -- Up-to-date: /home/Projects/HET/alicia_ws/install/alicia_d_control_interfaces/share/alicia_d_control_interfaces/action/ForceGrasp.action
[1.283s] -- Up-to-date: /home/Projects/HET/alicia_ws/install/alicia_d_control_interfaces/share/alicia_d_control_interfaces/action/HomeGripper.action
[1.283s] -- Up-to-date: /home/Projects/HET/alicia_ws/install/alicia_d_control_interfaces/share/alicia_d_control_interfaces/action/MoveArmToJoints.action
[1.283s] -- Up-to-date: /home/Projects/HET/alicia_ws/install/alicia_d_control_interfaces/share/alicia_d_control_interfaces/action/MoveArmToPose.action
[1.284s] -- Up-to-date: /home/Projects/HET/alicia_ws/install/alicia_d_control_interfaces/share/alicia_d_control_interfaces/action/MoveGripper.action
[1.284s] -- Up-to-date: /home/Projects/HET/alicia_ws/install/alicia_d_control_interfaces/share/alicia_d_control_interfaces/action/MoveGripperStep.action
[1.284s] -- Up-to-date: /home/Projects/HET/alicia_ws/install/alicia_d_control_interfaces/share/ament_index/resource_index/package_run_dependencies/alicia_d_control_interfaces
[1.284s] -- Up-to-date: /home/Projects/HET/alicia_ws/install/alicia_d_control_interfaces/share/ament_index/resource_index/parent_prefix_path/alicia_d_control_interfaces
[1.284s] -- Up-to-date: /home/Projects/HET/alicia_ws/install/alicia_d_control_interfaces/share/alicia_d_control_interfaces/environment/ament_prefix_path.sh
[1.284s] -- Up-to-date: /home/Projects/HET/alicia_ws/install/alicia_d_control_interfaces/share/alicia_d_control_interfaces/environment/ament_prefix_path.dsv
[1.284s] -- Up-to-date: /home/Projects/HET/alicia_ws/install/alicia_d_control_interfaces/share/alicia_d_control_interfaces/environment/path.sh
[1.285s] -- Up-to-date: /home/Projects/HET/alicia_ws/install/alicia_d_control_interfaces/share/alicia_d_control_interfaces/environment/path.dsv
[1.285s] -- Up-to-date: /home/Projects/HET/alicia_ws/install/alicia_d_control_interfaces/share/alicia_d_control_interfaces/local_setup.bash
[1.285s] -- Up-to-date: /home/Projects/HET/alicia_ws/install/alicia_d_control_interfaces/share/alicia_d_control_interfaces/local_setup.sh
[1.285s] -- Up-to-date: /home/Projects/HET/alicia_ws/install/alicia_d_control_interfaces/share/alicia_d_control_interfaces/local_setup.zsh
[1.286s] -- Up-to-date: /home/Projects/HET/alicia_ws/install/alicia_d_control_interfaces/share/alicia_d_control_interfaces/local_setup.dsv
[1.286s] -- Installing: /home/Projects/HET/alicia_ws/install/alicia_d_control_interfaces/share/alicia_d_control_interfaces/package.dsv
[1.286s] -- Up-to-date: /home/Projects/HET/alicia_ws/install/alicia_d_control_interfaces/share/ament_index/resource_index/packages/alicia_d_control_interfaces
[1.286s] -- Up-to-date: /home/Projects/HET/alicia_ws/install/alicia_d_control_interfaces/share/alicia_d_control_interfaces/cmake/export_alicia_d_control_interfaces__rosidl_generator_cExport.cmake
[1.287s] -- Up-to-date: /home/Projects/HET/alicia_ws/install/alicia_d_control_interfaces/share/alicia_d_control_interfaces/cmake/export_alicia_d_control_interfaces__rosidl_generator_cExport-noconfig.cmake
[1.287s] -- Up-to-date: /home/Projects/HET/alicia_ws/install/alicia_d_control_interfaces/share/alicia_d_control_interfaces/cmake/export_alicia_d_control_interfaces__rosidl_typesupport_fastrtps_cExport.cmake
[1.287s] -- Up-to-date: /home/Projects/HET/alicia_ws/install/alicia_d_control_interfaces/share/alicia_d_control_interfaces/cmake/export_alicia_d_control_interfaces__rosidl_typesupport_fastrtps_cExport-noconfig.cmake
[1.287s] -- Up-to-date: /home/Projects/HET/alicia_ws/install/alicia_d_control_interfaces/share/alicia_d_control_interfaces/cmake/export_alicia_d_control_interfaces__rosidl_generator_cppExport.cmake
[1.287s] -- Up-to-date: /home/Projects/HET/alicia_ws/install/alicia_d_control_interfaces/share/alicia_d_control_interfaces/cmake/export_alicia_d_control_interfaces__rosidl_typesupport_fastrtps_cppExport.cmake
[1.287s] -- Up-to-date: /home/Projects/HET/alicia_ws/install/alicia_d_control_interfaces/share/alicia_d_control_interfaces/cmake/export_alicia_d_control_interfaces__rosidl_typesupport_fastrtps_cppExport-noconfig.cmake
[1.288s] -- Up-to-date: /home/Projects/HET/alicia_ws/install/alicia_d_control_interfaces/share/alicia_d_control_interfaces/cmake/alicia_d_control_interfaces__rosidl_typesupport_introspection_cExport.cmake
[1.288s] -- Up-to-date: /home/Projects/HET/alicia_ws/install/alicia_d_control_interfaces/share/alicia_d_control_interfaces/cmake/alicia_d_control_interfaces__rosidl_typesupport_introspection_cExport-noconfig.cmake
[1.288s] -- Up-to-date: /home/Projects/HET/alicia_ws/install/alicia_d_control_interfaces/share/alicia_d_control_interfaces/cmake/alicia_d_control_interfaces__rosidl_typesupport_cExport.cmake
[1.288s] -- Up-to-date: /home/Projects/HET/alicia_ws/install/alicia_d_control_interfaces/share/alicia_d_control_interfaces/cmake/alicia_d_control_interfaces__rosidl_typesupport_cExport-noconfig.cmake
[1.289s] -- Up-to-date: /home/Projects/HET/alicia_ws/install/alicia_d_control_interfaces/share/alicia_d_control_interfaces/cmake/alicia_d_control_interfaces__rosidl_typesupport_introspection_cppExport.cmake
[1.292s] -- Up-to-date: /home/Projects/HET/alicia_ws/install/alicia_d_control_interfaces/share/alicia_d_control_interfaces/cmake/alicia_d_control_interfaces__rosidl_typesupport_introspection_cppExport-noconfig.cmake
[1.293s] -- Up-to-date: /home/Projects/HET/alicia_ws/install/alicia_d_control_interfaces/share/alicia_d_control_interfaces/cmake/alicia_d_control_interfaces__rosidl_typesupport_cppExport.cmake
[1.294s] -- Up-to-date: /home/Projects/HET/alicia_ws/install/alicia_d_control_interfaces/share/alicia_d_control_interfaces/cmake/alicia_d_control_interfaces__rosidl_typesupport_cppExport-noconfig.cmake
[1.295s] -- Up-to-date: /home/Projects/HET/alicia_ws/install/alicia_d_control_interfaces/share/alicia_d_control_interfaces/cmake/export_alicia_d_control_interfaces__rosidl_generator_pyExport.cmake
[1.296s] -- Up-to-date: /home/Projects/HET/alicia_ws/install/alicia_d_control_interfaces/share/alicia_d_control_interfaces/cmake/export_alicia_d_control_interfaces__rosidl_generator_pyExport-noconfig.cmake
[1.297s] -- Up-to-date: /home/Projects/HET/alicia_ws/install/alicia_d_control_interfaces/share/alicia_d_control_interfaces/cmake/rosidl_cmake-extras.cmake
[1.299s] -- Up-to-date: /home/Projects/HET/alicia_ws/install/alicia_d_control_interfaces/share/alicia_d_control_interfaces/cmake/ament_cmake_export_dependencies-extras.cmake
[1.301s] -- Up-to-date: /home/Projects/HET/alicia_ws/install/alicia_d_control_interfaces/share/alicia_d_control_interfaces/cmake/ament_cmake_export_include_directories-extras.cmake
[1.301s] -- Up-to-date: /home/Projects/HET/alicia_ws/install/alicia_d_control_interfaces/share/alicia_d_control_interfaces/cmake/ament_cmake_export_libraries-extras.cmake
[1.302s] -- Up-to-date: /home/Projects/HET/alicia_ws/install/alicia_d_control_interfaces/share/alicia_d_control_interfaces/cmake/ament_cmake_export_targets-extras.cmake
[1.306s] -- Up-to-date: /home/Projects/HET/alicia_ws/install/alicia_d_control_interfaces/share/alicia_d_control_interfaces/cmake/rosidl_cmake_export_typesupport_targets-extras.cmake
[1.308s] -- Up-to-date: /home/Projects/HET/alicia_ws/install/alicia_d_control_interfaces/share/alicia_d_control_interfaces/cmake/rosidl_cmake_export_typesupport_libraries-extras.cmake
[1.309s] -- Up-to-date: /home/Projects/HET/alicia_ws/install/alicia_d_control_interfaces/share/alicia_d_control_interfaces/cmake/alicia_d_control_interfacesConfig.cmake
[1.311s] -- Up-to-date: /home/Projects/HET/alicia_ws/install/alicia_d_control_interfaces/share/alicia_d_control_interfaces/cmake/alicia_d_control_interfacesConfig-version.cmake
[1.313s] -- Up-to-date: /home/Projects/HET/alicia_ws/install/alicia_d_control_interfaces/share/alicia_d_control_interfaces/package.xml
[1.316s] Invoked command in '/home/Projects/HET/alicia_ws/build/alicia_d_control_interfaces' returned '0': CMAKE_PREFIX_PATH=/opt/ros/humble /usr/bin/cmake --install /home/Projects/HET/alicia_ws/build/alicia_d_control_interfaces
