[1.501s] Invoking command in '/home/Projects/HET/alicia_ws/build/alicia_d_arm_motion': AMENT_PREFIX_PATH=/home/Projects/HET/alicia_ws/install/alicia_d_control_interfaces:${AMENT_PREFIX_PATH} CMAKE_PREFIX_PATH=/home/Projects/HET/alicia_ws/install/alicia_d_control_interfaces:/opt/ros/humble LD_LIBRARY_PATH=/home/Projects/HET/alicia_ws/install/alicia_d_control_interfaces/lib:${LD_LIBRARY_PATH} PYTHONPATH=/home/Projects/HET/alicia_ws/install/alicia_d_control_interfaces/local/lib/python3.10/dist-packages:${PYTHONPATH} /usr/bin/cmake --build /home/Projects/HET/alicia_ws/build/alicia_d_arm_motion -- -j20 -l20
[1.668s] Built target ament_cmake_python_copy_alicia_d_arm_motion
[2.454s] running egg_info
[2.456s] writing alicia_d_arm_motion.egg-info/PKG-INFO
[2.458s] writing dependency_links to alicia_d_arm_motion.egg-info/dependency_links.txt
[2.459s] writing top-level names to alicia_d_arm_motion.egg-info/top_level.txt
[2.465s] reading manifest file 'alicia_d_arm_motion.egg-info/SOURCES.txt'
[2.467s] writing manifest file 'alicia_d_arm_motion.egg-info/SOURCES.txt'
[2.528s] Built target ament_cmake_python_build_alicia_d_arm_motion_egg
[2.562s] Invoked command in '/home/Projects/HET/alicia_ws/build/alicia_d_arm_motion' returned '0': AMENT_PREFIX_PATH=/home/Projects/HET/alicia_ws/install/alicia_d_control_interfaces:${AMENT_PREFIX_PATH} CMAKE_PREFIX_PATH=/home/Projects/HET/alicia_ws/install/alicia_d_control_interfaces:/opt/ros/humble LD_LIBRARY_PATH=/home/Projects/HET/alicia_ws/install/alicia_d_control_interfaces/lib:${LD_LIBRARY_PATH} PYTHONPATH=/home/Projects/HET/alicia_ws/install/alicia_d_control_interfaces/local/lib/python3.10/dist-packages:${PYTHONPATH} /usr/bin/cmake --build /home/Projects/HET/alicia_ws/build/alicia_d_arm_motion -- -j20 -l20
[2.568s] Invoking command in '/home/Projects/HET/alicia_ws/build/alicia_d_arm_motion': AMENT_PREFIX_PATH=/home/Projects/HET/alicia_ws/install/alicia_d_control_interfaces:${AMENT_PREFIX_PATH} CMAKE_PREFIX_PATH=/home/Projects/HET/alicia_ws/install/alicia_d_control_interfaces:/opt/ros/humble LD_LIBRARY_PATH=/home/Projects/HET/alicia_ws/install/alicia_d_control_interfaces/lib:${LD_LIBRARY_PATH} PYTHONPATH=/home/Projects/HET/alicia_ws/install/alicia_d_control_interfaces/local/lib/python3.10/dist-packages:${PYTHONPATH} /usr/bin/cmake --install /home/Projects/HET/alicia_ws/build/alicia_d_arm_motion
[2.582s] -- Install configuration: ""
[2.583s] -- Up-to-date: /home/Projects/HET/alicia_ws/install/alicia_d_arm_motion/share/alicia_d_arm_motion/environment/pythonpath.sh
[2.583s] -- Up-to-date: /home/Projects/HET/alicia_ws/install/alicia_d_arm_motion/share/alicia_d_arm_motion/environment/pythonpath.dsv
[2.584s] -- Up-to-date: /home/Projects/HET/alicia_ws/install/alicia_d_arm_motion/local/lib/python3.10/dist-packages/alicia_d_arm_motion-0.1.0-py3.10.egg-info
[2.585s] -- Installing: /home/Projects/HET/alicia_ws/install/alicia_d_arm_motion/local/lib/python3.10/dist-packages/alicia_d_arm_motion-0.1.0-py3.10.egg-info/PKG-INFO
[2.585s] -- Installing: /home/Projects/HET/alicia_ws/install/alicia_d_arm_motion/local/lib/python3.10/dist-packages/alicia_d_arm_motion-0.1.0-py3.10.egg-info/SOURCES.txt
[2.586s] -- Installing: /home/Projects/HET/alicia_ws/install/alicia_d_arm_motion/local/lib/python3.10/dist-packages/alicia_d_arm_motion-0.1.0-py3.10.egg-info/dependency_links.txt
[2.586s] -- Installing: /home/Projects/HET/alicia_ws/install/alicia_d_arm_motion/local/lib/python3.10/dist-packages/alicia_d_arm_motion-0.1.0-py3.10.egg-info/top_level.txt
[2.586s] -- Up-to-date: /home/Projects/HET/alicia_ws/install/alicia_d_arm_motion/local/lib/python3.10/dist-packages/alicia_d_arm_motion
[2.586s] -- Up-to-date: /home/Projects/HET/alicia_ws/install/alicia_d_arm_motion/local/lib/python3.10/dist-packages/alicia_d_arm_motion/__init__.py
[2.673s] Listing '/home/Projects/HET/alicia_ws/install/alicia_d_arm_motion/local/lib/python3.10/dist-packages/alicia_d_arm_motion'...
[2.685s] -- Up-to-date: /home/Projects/HET/alicia_ws/install/alicia_d_arm_motion/lib/alicia_d_arm_motion/arm_motion_server.py
[2.687s] -- Up-to-date: /home/Projects/HET/alicia_ws/install/alicia_d_arm_motion/share/alicia_d_arm_motion/config
[2.687s] -- Up-to-date: /home/Projects/HET/alicia_ws/install/alicia_d_arm_motion/share/alicia_d_arm_motion/config/arm_motion.yaml
[2.687s] -- Up-to-date: /home/Projects/HET/alicia_ws/install/alicia_d_arm_motion/share/alicia_d_arm_motion/launch
[2.688s] -- Up-to-date: /home/Projects/HET/alicia_ws/install/alicia_d_arm_motion/share/alicia_d_arm_motion/launch/arm_motion.launch.py
[2.690s] -- Up-to-date: /home/Projects/HET/alicia_ws/install/alicia_d_arm_motion/share/ament_index/resource_index/package_run_dependencies/alicia_d_arm_motion
[2.690s] -- Up-to-date: /home/Projects/HET/alicia_ws/install/alicia_d_arm_motion/share/ament_index/resource_index/parent_prefix_path/alicia_d_arm_motion
[2.692s] -- Up-to-date: /home/Projects/HET/alicia_ws/install/alicia_d_arm_motion/share/alicia_d_arm_motion/environment/ament_prefix_path.sh
[2.695s] -- Up-to-date: /home/Projects/HET/alicia_ws/install/alicia_d_arm_motion/share/alicia_d_arm_motion/environment/ament_prefix_path.dsv
[2.698s] -- Up-to-date: /home/Projects/HET/alicia_ws/install/alicia_d_arm_motion/share/alicia_d_arm_motion/environment/path.sh
[2.700s] -- Up-to-date: /home/Projects/HET/alicia_ws/install/alicia_d_arm_motion/share/alicia_d_arm_motion/environment/path.dsv
[2.701s] -- Up-to-date: /home/Projects/HET/alicia_ws/install/alicia_d_arm_motion/share/alicia_d_arm_motion/local_setup.bash
[2.702s] -- Up-to-date: /home/Projects/HET/alicia_ws/install/alicia_d_arm_motion/share/alicia_d_arm_motion/local_setup.sh
[2.703s] -- Up-to-date: /home/Projects/HET/alicia_ws/install/alicia_d_arm_motion/share/alicia_d_arm_motion/local_setup.zsh
[2.704s] -- Up-to-date: /home/Projects/HET/alicia_ws/install/alicia_d_arm_motion/share/alicia_d_arm_motion/local_setup.dsv
[2.704s] -- Installing: /home/Projects/HET/alicia_ws/install/alicia_d_arm_motion/share/alicia_d_arm_motion/package.dsv
[2.705s] -- Up-to-date: /home/Projects/HET/alicia_ws/install/alicia_d_arm_motion/share/ament_index/resource_index/packages/alicia_d_arm_motion
[2.705s] -- Up-to-date: /home/Projects/HET/alicia_ws/install/alicia_d_arm_motion/share/alicia_d_arm_motion/cmake/alicia_d_arm_motionConfig.cmake
[2.707s] -- Up-to-date: /home/Projects/HET/alicia_ws/install/alicia_d_arm_motion/share/alicia_d_arm_motion/cmake/alicia_d_arm_motionConfig-version.cmake
[2.708s] -- Up-to-date: /home/Projects/HET/alicia_ws/install/alicia_d_arm_motion/share/alicia_d_arm_motion/package.xml
[2.709s] Invoked command in '/home/Projects/HET/alicia_ws/build/alicia_d_arm_motion' returned '0': AMENT_PREFIX_PATH=/home/Projects/HET/alicia_ws/install/alicia_d_control_interfaces:${AMENT_PREFIX_PATH} CMAKE_PREFIX_PATH=/home/Projects/HET/alicia_ws/install/alicia_d_control_interfaces:/opt/ros/humble LD_LIBRARY_PATH=/home/Projects/HET/alicia_ws/install/alicia_d_control_interfaces/lib:${LD_LIBRARY_PATH} PYTHONPATH=/home/Projects/HET/alicia_ws/install/alicia_d_control_interfaces/local/lib/python3.10/dist-packages:${PYTHONPATH} /usr/bin/cmake --install /home/Projects/HET/alicia_ws/build/alicia_d_arm_motion
