-- The C compiler identification is GNU 11.4.0
-- The CXX compiler identification is GNU 11.4.0
-- Detecting C compiler ABI info
-- Detecting C compiler ABI info - done
-- Check for working C compiler: /usr/bin/cc - skipped
-- Detecting C compile features
-- Detecting C compile features - done
-- Detecting CXX compiler ABI info
-- Detecting CXX compiler ABI info - done
-- Check for working CXX compiler: /usr/bin/c++ - skipped
-- Detecting CXX compile features
-- Detecting CXX compile features - done
-- Found ament_cmake: 1.3.14 (/opt/ros/humble/share/ament_cmake/cmake)
-- Found Python3: /usr/bin/python3 (found version "3.10.12") found components: Interpreter 
-- Found rclpy: 3.3.21 (/opt/ros/humble/share/rclpy/cmake)
-- Configuring done
-- Generating done
-- Build files have been written to: /home/Projects/HET/alicia_ws/build/alicia_d_sts_gripper
Built target ament_cmake_python_copy_alicia_d_sts_gripper
running egg_info
creating alicia_d_sts_gripper.egg-info
writing alicia_d_sts_gripper.egg-info/PKG-INFO
writing dependency_links to alicia_d_sts_gripper.egg-info/dependency_links.txt
writing top-level names to alicia_d_sts_gripper.egg-info/top_level.txt
writing manifest file 'alicia_d_sts_gripper.egg-info/SOURCES.txt'
reading manifest file 'alicia_d_sts_gripper.egg-info/SOURCES.txt'
writing manifest file 'alicia_d_sts_gripper.egg-info/SOURCES.txt'
Built target ament_cmake_python_build_alicia_d_sts_gripper_egg
-- Install configuration: ""
-- Installing: /home/Projects/HET/alicia_ws/install/alicia_d_sts_gripper/share/alicia_d_sts_gripper/environment/pythonpath.sh
-- Installing: /home/Projects/HET/alicia_ws/install/alicia_d_sts_gripper/share/alicia_d_sts_gripper/environment/pythonpath.dsv
-- Installing: /home/Projects/HET/alicia_ws/install/alicia_d_sts_gripper/local/lib/python3.10/dist-packages/alicia_d_sts_gripper-0.1.0-py3.10.egg-info
-- Installing: /home/Projects/HET/alicia_ws/install/alicia_d_sts_gripper/local/lib/python3.10/dist-packages/alicia_d_sts_gripper-0.1.0-py3.10.egg-info/PKG-INFO
-- Installing: /home/Projects/HET/alicia_ws/install/alicia_d_sts_gripper/local/lib/python3.10/dist-packages/alicia_d_sts_gripper-0.1.0-py3.10.egg-info/SOURCES.txt
-- Installing: /home/Projects/HET/alicia_ws/install/alicia_d_sts_gripper/local/lib/python3.10/dist-packages/alicia_d_sts_gripper-0.1.0-py3.10.egg-info/dependency_links.txt
-- Installing: /home/Projects/HET/alicia_ws/install/alicia_d_sts_gripper/local/lib/python3.10/dist-packages/alicia_d_sts_gripper-0.1.0-py3.10.egg-info/top_level.txt
-- Installing: /home/Projects/HET/alicia_ws/install/alicia_d_sts_gripper/local/lib/python3.10/dist-packages/alicia_d_sts_gripper
-- Installing: /home/Projects/HET/alicia_ws/install/alicia_d_sts_gripper/local/lib/python3.10/dist-packages/alicia_d_sts_gripper/__init__.py
-- Installing: /home/Projects/HET/alicia_ws/install/alicia_d_sts_gripper/local/lib/python3.10/dist-packages/alicia_d_sts_gripper/sts3215_bus.py
Listing '/home/Projects/HET/alicia_ws/install/alicia_d_sts_gripper/local/lib/python3.10/dist-packages/alicia_d_sts_gripper'...
Compiling '/home/Projects/HET/alicia_ws/install/alicia_d_sts_gripper/local/lib/python3.10/dist-packages/alicia_d_sts_gripper/__init__.py'...
Compiling '/home/Projects/HET/alicia_ws/install/alicia_d_sts_gripper/local/lib/python3.10/dist-packages/alicia_d_sts_gripper/sts3215_bus.py'...
-- Installing: /home/Projects/HET/alicia_ws/install/alicia_d_sts_gripper/lib/alicia_d_sts_gripper/gripper_action_node.py
-- Installing: /home/Projects/HET/alicia_ws/install/alicia_d_sts_gripper/lib/alicia_d_sts_gripper/sts3215_raw_tool.py
-- Installing: /home/Projects/HET/alicia_ws/install/alicia_d_sts_gripper/share/alicia_d_sts_gripper/config
-- Installing: /home/Projects/HET/alicia_ws/install/alicia_d_sts_gripper/share/alicia_d_sts_gripper/config/sts3215_gripper.yaml
-- Installing: /home/Projects/HET/alicia_ws/install/alicia_d_sts_gripper/share/alicia_d_sts_gripper/launch
-- Installing: /home/Projects/HET/alicia_ws/install/alicia_d_sts_gripper/share/alicia_d_sts_gripper/launch/sts3215_gripper.launch.py
-- Installing: /home/Projects/HET/alicia_ws/install/alicia_d_sts_gripper/share/ament_index/resource_index/package_run_dependencies/alicia_d_sts_gripper
-- Installing: /home/Projects/HET/alicia_ws/install/alicia_d_sts_gripper/share/ament_index/resource_index/parent_prefix_path/alicia_d_sts_gripper
-- Installing: /home/Projects/HET/alicia_ws/install/alicia_d_sts_gripper/share/alicia_d_sts_gripper/environment/ament_prefix_path.sh
-- Installing: /home/Projects/HET/alicia_ws/install/alicia_d_sts_gripper/share/alicia_d_sts_gripper/environment/ament_prefix_path.dsv
-- Installing: /home/Projects/HET/alicia_ws/install/alicia_d_sts_gripper/share/alicia_d_sts_gripper/environment/path.sh
-- Installing: /home/Projects/HET/alicia_ws/install/alicia_d_sts_gripper/share/alicia_d_sts_gripper/environment/path.dsv
-- Installing: /home/Projects/HET/alicia_ws/install/alicia_d_sts_gripper/share/alicia_d_sts_gripper/local_setup.bash
-- Installing: /home/Projects/HET/alicia_ws/install/alicia_d_sts_gripper/share/alicia_d_sts_gripper/local_setup.sh
-- Installing: /home/Projects/HET/alicia_ws/install/alicia_d_sts_gripper/share/alicia_d_sts_gripper/local_setup.zsh
-- Installing: /home/Projects/HET/alicia_ws/install/alicia_d_sts_gripper/share/alicia_d_sts_gripper/local_setup.dsv
-- Installing: /home/Projects/HET/alicia_ws/install/alicia_d_sts_gripper/share/alicia_d_sts_gripper/package.dsv
-- Installing: /home/Projects/HET/alicia_ws/install/alicia_d_sts_gripper/share/ament_index/resource_index/packages/alicia_d_sts_gripper
-- Installing: /home/Projects/HET/alicia_ws/install/alicia_d_sts_gripper/share/alicia_d_sts_gripper/cmake/alicia_d_sts_gripperConfig.cmake
-- Installing: /home/Projects/HET/alicia_ws/install/alicia_d_sts_gripper/share/alicia_d_sts_gripper/cmake/alicia_d_sts_gripperConfig-version.cmake
-- Installing: /home/Projects/HET/alicia_ws/install/alicia_d_sts_gripper/share/alicia_d_sts_gripper/package.xml
