/usr/bin/ld: CMakeFiles/alicia_d_control_interfaces__rosidl_typesupport_fastrtps_c__pyext.dir/rosidl_generator_py/alicia_d_control_interfaces/_alicia_d_control_interfaces_s.ep.rosidl_typesupport_fastrtps_c.c.o: in function `alicia_d_control_interfaces__action__execute_pick__goal__create_ros_message':
_alicia_d_control_interfaces_s.ep.rosidl_typesupport_fastrtps_c.c:(.text+0x54d): undefined reference to `alicia_d_control_interfaces__action__ExecutePick_Goal__create'
/usr/bin/ld: CMakeFiles/alicia_d_control_interfaces__rosidl_typesupport_fastrtps_c__pyext.dir/rosidl_generator_py/alicia_d_control_interfaces/_alicia_d_control_interfaces_s.ep.rosidl_typesupport_fastrtps_c.c.o: in function `alicia_d_control_interfaces__action__execute_pick__goal__destroy_ros_message':
_alicia_d_control_interfaces_s.ep.rosidl_typesupport_fastrtps_c.c:(.text+0x573): undefined reference to `alicia_d_control_interfaces__action__ExecutePick_Goal__destroy'
/usr/bin/ld: CMakeFiles/alicia_d_control_interfaces__rosidl_typesupport_fastrtps_c__pyext.dir/rosidl_generator_py/alicia_d_control_interfaces/_alicia_d_control_interfaces_s.ep.rosidl_typesupport_fastrtps_c.c.o: in function `_register_msg_type__action__execute_pick__goal':
_alicia_d_control_interfaces_s.ep.rosidl_typesupport_fastrtps_c.c:(.text+0x67b): undefined reference to `alicia_d_control_interfaces__action__execute_pick__goal__convert_from_py'
/usr/bin/ld: _alicia_d_control_interfaces_s.ep.rosidl_typesupport_fastrtps_c.c:(.text+0x6e9): undefined reference to `alicia_d_control_interfaces__action__execute_pick__goal__convert_to_py'
/usr/bin/ld: _alicia_d_control_interfaces_s.ep.rosidl_typesupport_fastrtps_c.c:(.text+0x74d): undefined reference to `rosidl_typesupport_c__get_message_type_support_handle__alicia_d_control_interfaces__action__ExecutePick_Goal'
/usr/bin/ld: CMakeFiles/alicia_d_control_interfaces__rosidl_typesupport_fastrtps_c__pyext.dir/rosidl_generator_py/alicia_d_control_interfaces/_alicia_d_control_interfaces_s.ep.rosidl_typesupport_fastrtps_c.c.o: in function `alicia_d_control_interfaces__action__execute_pick__result__create_ros_message':
_alicia_d_control_interfaces_s.ep.rosidl_typesupport_fastrtps_c.c:(.text+0x7bf): undefined reference to `alicia_d_control_interfaces__action__ExecutePick_Result__create'
/usr/bin/ld: CMakeFiles/alicia_d_control_interfaces__rosidl_typesupport_fastrtps_c__pyext.dir/rosidl_generator_py/alicia_d_control_interfaces/_alicia_d_control_interfaces_s.ep.rosidl_typesupport_fastrtps_c.c.o: in function `alicia_d_control_interfaces__action__execute_pick__result__destroy_ros_message':
_alicia_d_control_interfaces_s.ep.rosidl_typesupport_fastrtps_c.c:(.text+0x7e5): undefined reference to `alicia_d_control_interfaces__action__ExecutePick_Result__destroy'
/usr/bin/ld: CMakeFiles/alicia_d_control_interfaces__rosidl_typesupport_fastrtps_c__pyext.dir/rosidl_generator_py/alicia_d_control_interfaces/_alicia_d_control_interfaces_s.ep.rosidl_typesupport_fastrtps_c.c.o: in function `_register_msg_type__action__execute_pick__result':
_alicia_d_control_interfaces_s.ep.rosidl_typesupport_fastrtps_c.c:(.text+0x8ed): undefined reference to `alicia_d_control_interfaces__action__execute_pick__result__convert_from_py'
/usr/bin/ld: _alicia_d_control_interfaces_s.ep.rosidl_typesupport_fastrtps_c.c:(.text+0x95b): undefined reference to `alicia_d_control_interfaces__action__execute_pick__result__convert_to_py'
/usr/bin/ld: _alicia_d_control_interfaces_s.ep.rosidl_typesupport_fastrtps_c.c:(.text+0x9bf): undefined reference to `rosidl_typesupport_c__get_message_type_support_handle__alicia_d_control_interfaces__action__ExecutePick_Result'
/usr/bin/ld: CMakeFiles/alicia_d_control_interfaces__rosidl_typesupport_fastrtps_c__pyext.dir/rosidl_generator_py/alicia_d_control_interfaces/_alicia_d_control_interfaces_s.ep.rosidl_typesupport_fastrtps_c.c.o: in function `alicia_d_control_interfaces__action__execute_pick__feedback__create_ros_message':
_alicia_d_control_interfaces_s.ep.rosidl_typesupport_fastrtps_c.c:(.text+0xa31): undefined reference to `alicia_d_control_interfaces__action__ExecutePick_Feedback__create'
/usr/bin/ld: CMakeFiles/alicia_d_control_interfaces__rosidl_typesupport_fastrtps_c__pyext.dir/rosidl_generator_py/alicia_d_control_interfaces/_alicia_d_control_interfaces_s.ep.rosidl_typesupport_fastrtps_c.c.o: in function `alicia_d_control_interfaces__action__execute_pick__feedback__destroy_ros_message':
_alicia_d_control_interfaces_s.ep.rosidl_typesupport_fastrtps_c.c:(.text+0xa57): undefined reference to `alicia_d_control_interfaces__action__ExecutePick_Feedback__destroy'
/usr/bin/ld: CMakeFiles/alicia_d_control_interfaces__rosidl_typesupport_fastrtps_c__pyext.dir/rosidl_generator_py/alicia_d_control_interfaces/_alicia_d_control_interfaces_s.ep.rosidl_typesupport_fastrtps_c.c.o: in function `_register_msg_type__action__execute_pick__feedback':
_alicia_d_control_interfaces_s.ep.rosidl_typesupport_fastrtps_c.c:(.text+0xb5f): undefined reference to `alicia_d_control_interfaces__action__execute_pick__feedback__convert_from_py'
/usr/bin/ld: _alicia_d_control_interfaces_s.ep.rosidl_typesupport_fastrtps_c.c:(.text+0xbcd): undefined reference to `alicia_d_control_interfaces__action__execute_pick__feedback__convert_to_py'
/usr/bin/ld: _alicia_d_control_interfaces_s.ep.rosidl_typesupport_fastrtps_c.c:(.text+0xc31): undefined reference to `rosidl_typesupport_c__get_message_type_support_handle__alicia_d_control_interfaces__action__ExecutePick_Feedback'
/usr/bin/ld: CMakeFiles/alicia_d_control_interfaces__rosidl_typesupport_fastrtps_c__pyext.dir/rosidl_generator_py/alicia_d_control_interfaces/_alicia_d_control_interfaces_s.ep.rosidl_typesupport_fastrtps_c.c.o: in function `alicia_d_control_interfaces__action__execute_pick__send_goal__request__create_ros_message':
_alicia_d_control_interfaces_s.ep.rosidl_typesupport_fastrtps_c.c:(.text+0xca3): undefined reference to `alicia_d_control_interfaces__action__ExecutePick_SendGoal_Request__create'
/usr/bin/ld: CMakeFiles/alicia_d_control_interfaces__rosidl_typesupport_fastrtps_c__pyext.dir/rosidl_generator_py/alicia_d_control_interfaces/_alicia_d_control_interfaces_s.ep.rosidl_typesupport_fastrtps_c.c.o: in function `alicia_d_control_interfaces__action__execute_pick__send_goal__request__destroy_ros_message':
_alicia_d_control_interfaces_s.ep.rosidl_typesupport_fastrtps_c.c:(.text+0xcc9): undefined reference to `alicia_d_control_interfaces__action__ExecutePick_SendGoal_Request__destroy'
/usr/bin/ld: CMakeFiles/alicia_d_control_interfaces__rosidl_typesupport_fastrtps_c__pyext.dir/rosidl_generator_py/alicia_d_control_interfaces/_alicia_d_control_interfaces_s.ep.rosidl_typesupport_fastrtps_c.c.o: in function `_register_msg_type__action__execute_pick__send_goal__request':
_alicia_d_control_interfaces_s.ep.rosidl_typesupport_fastrtps_c.c:(.text+0xdd1): undefined reference to `alicia_d_control_interfaces__action__execute_pick__send_goal__request__convert_from_py'
/usr/bin/ld: _alicia_d_control_interfaces_s.ep.rosidl_typesupport_fastrtps_c.c:(.text+0xe3f): undefined reference to `alicia_d_control_interfaces__action__execute_pick__send_goal__request__convert_to_py'
/usr/bin/ld: _alicia_d_control_interfaces_s.ep.rosidl_typesupport_fastrtps_c.c:(.text+0xea3): undefined reference to `rosidl_typesupport_c__get_message_type_support_handle__alicia_d_control_interfaces__action__ExecutePick_SendGoal_Request'
/usr/bin/ld: CMakeFiles/alicia_d_control_interfaces__rosidl_typesupport_fastrtps_c__pyext.dir/rosidl_generator_py/alicia_d_control_interfaces/_alicia_d_control_interfaces_s.ep.rosidl_typesupport_fastrtps_c.c.o: in function `alicia_d_control_interfaces__action__execute_pick__send_goal__response__create_ros_message':
_alicia_d_control_interfaces_s.ep.rosidl_typesupport_fastrtps_c.c:(.text+0xf15): undefined reference to `alicia_d_control_interfaces__action__ExecutePick_SendGoal_Response__create'
/usr/bin/ld: CMakeFiles/alicia_d_control_interfaces__rosidl_typesupport_fastrtps_c__pyext.dir/rosidl_generator_py/alicia_d_control_interfaces/_alicia_d_control_interfaces_s.ep.rosidl_typesupport_fastrtps_c.c.o: in function `alicia_d_control_interfaces__action__execute_pick__send_goal__response__destroy_ros_message':
_alicia_d_control_interfaces_s.ep.rosidl_typesupport_fastrtps_c.c:(.text+0xf3b): undefined reference to `alicia_d_control_interfaces__action__ExecutePick_SendGoal_Response__destroy'
/usr/bin/ld: CMakeFiles/alicia_d_control_interfaces__rosidl_typesupport_fastrtps_c__pyext.dir/rosidl_generator_py/alicia_d_control_interfaces/_alicia_d_control_interfaces_s.ep.rosidl_typesupport_fastrtps_c.c.o: in function `_register_msg_type__action__execute_pick__send_goal__response':
_alicia_d_control_interfaces_s.ep.rosidl_typesupport_fastrtps_c.c:(.text+0x1043): undefined reference to `alicia_d_control_interfaces__action__execute_pick__send_goal__response__convert_from_py'
/usr/bin/ld: _alicia_d_control_interfaces_s.ep.rosidl_typesupport_fastrtps_c.c:(.text+0x10b1): undefined reference to `alicia_d_control_interfaces__action__execute_pick__send_goal__response__convert_to_py'
/usr/bin/ld: _alicia_d_control_interfaces_s.ep.rosidl_typesupport_fastrtps_c.c:(.text+0x1115): undefined reference to `rosidl_typesupport_c__get_message_type_support_handle__alicia_d_control_interfaces__action__ExecutePick_SendGoal_Response'
/usr/bin/ld: CMakeFiles/alicia_d_control_interfaces__rosidl_typesupport_fastrtps_c__pyext.dir/rosidl_generator_py/alicia_d_control_interfaces/_alicia_d_control_interfaces_s.ep.rosidl_typesupport_fastrtps_c.c.o: in function `_register_srv_type__action__execute_pick__send_goal':
_alicia_d_control_interfaces_s.ep.rosidl_typesupport_fastrtps_c.c:(.text+0x1197): undefined reference to `rosidl_typesupport_c__get_service_type_support_handle__alicia_d_control_interfaces__action__ExecutePick_SendGoal'
/usr/bin/ld: CMakeFiles/alicia_d_control_interfaces__rosidl_typesupport_fastrtps_c__pyext.dir/rosidl_generator_py/alicia_d_control_interfaces/_alicia_d_control_interfaces_s.ep.rosidl_typesupport_fastrtps_c.c.o: in function `alicia_d_control_interfaces__action__execute_pick__get_result__request__create_ros_message':
_alicia_d_control_interfaces_s.ep.rosidl_typesupport_fastrtps_c.c:(.text+0x1209): undefined reference to `alicia_d_control_interfaces__action__ExecutePick_GetResult_Request__create'
/usr/bin/ld: CMakeFiles/alicia_d_control_interfaces__rosidl_typesupport_fastrtps_c__pyext.dir/rosidl_generator_py/alicia_d_control_interfaces/_alicia_d_control_interfaces_s.ep.rosidl_typesupport_fastrtps_c.c.o: in function `alicia_d_control_interfaces__action__execute_pick__get_result__request__destroy_ros_message':
_alicia_d_control_interfaces_s.ep.rosidl_typesupport_fastrtps_c.c:(.text+0x122f): undefined reference to `alicia_d_control_interfaces__action__ExecutePick_GetResult_Request__destroy'
/usr/bin/ld: CMakeFiles/alicia_d_control_interfaces__rosidl_typesupport_fastrtps_c__pyext.dir/rosidl_generator_py/alicia_d_control_interfaces/_alicia_d_control_interfaces_s.ep.rosidl_typesupport_fastrtps_c.c.o: in function `_register_msg_type__action__execute_pick__get_result__request':
_alicia_d_control_interfaces_s.ep.rosidl_typesupport_fastrtps_c.c:(.text+0x1337): undefined reference to `alicia_d_control_interfaces__action__execute_pick__get_result__request__convert_from_py'
/usr/bin/ld: _alicia_d_control_interfaces_s.ep.rosidl_typesupport_fastrtps_c.c:(.text+0x13a5): undefined reference to `alicia_d_control_interfaces__action__execute_pick__get_result__request__convert_to_py'
/usr/bin/ld: _alicia_d_control_interfaces_s.ep.rosidl_typesupport_fastrtps_c.c:(.text+0x1409): undefined reference to `rosidl_typesupport_c__get_message_type_support_handle__alicia_d_control_interfaces__action__ExecutePick_GetResult_Request'
/usr/bin/ld: CMakeFiles/alicia_d_control_interfaces__rosidl_typesupport_fastrtps_c__pyext.dir/rosidl_generator_py/alicia_d_control_interfaces/_alicia_d_control_interfaces_s.ep.rosidl_typesupport_fastrtps_c.c.o: in function `alicia_d_control_interfaces__action__execute_pick__get_result__response__create_ros_message':
_alicia_d_control_interfaces_s.ep.rosidl_typesupport_fastrtps_c.c:(.text+0x147b): undefined reference to `alicia_d_control_interfaces__action__ExecutePick_GetResult_Response__create'
/usr/bin/ld: CMakeFiles/alicia_d_control_interfaces__rosidl_typesupport_fastrtps_c__pyext.dir/rosidl_generator_py/alicia_d_control_interfaces/_alicia_d_control_interfaces_s.ep.rosidl_typesupport_fastrtps_c.c.o: in function `alicia_d_control_interfaces__action__execute_pick__get_result__response__destroy_ros_message':
_alicia_d_control_interfaces_s.ep.rosidl_typesupport_fastrtps_c.c:(.text+0x14a1): undefined reference to `alicia_d_control_interfaces__action__ExecutePick_GetResult_Response__destroy'
/usr/bin/ld: CMakeFiles/alicia_d_control_interfaces__rosidl_typesupport_fastrtps_c__pyext.dir/rosidl_generator_py/alicia_d_control_interfaces/_alicia_d_control_interfaces_s.ep.rosidl_typesupport_fastrtps_c.c.o: in function `_register_msg_type__action__execute_pick__get_result__response':
_alicia_d_control_interfaces_s.ep.rosidl_typesupport_fastrtps_c.c:(.text+0x15a9): undefined reference to `alicia_d_control_interfaces__action__execute_pick__get_result__response__convert_from_py'
/usr/bin/ld: _alicia_d_control_interfaces_s.ep.rosidl_typesupport_fastrtps_c.c:(.text+0x1617): undefined reference to `alicia_d_control_interfaces__action__execute_pick__get_result__response__convert_to_py'
/usr/bin/ld: _alicia_d_control_interfaces_s.ep.rosidl_typesupport_fastrtps_c.c:(.text+0x167b): undefined reference to `rosidl_typesupport_c__get_message_type_support_handle__alicia_d_control_interfaces__action__ExecutePick_GetResult_Response'
/usr/bin/ld: CMakeFiles/alicia_d_control_interfaces__rosidl_typesupport_fastrtps_c__pyext.dir/rosidl_generator_py/alicia_d_control_interfaces/_alicia_d_control_interfaces_s.ep.rosidl_typesupport_fastrtps_c.c.o: in function `_register_srv_type__action__execute_pick__get_result':
_alicia_d_control_interfaces_s.ep.rosidl_typesupport_fastrtps_c.c:(.text+0x16fd): undefined reference to `rosidl_typesupport_c__get_service_type_support_handle__alicia_d_control_interfaces__action__ExecutePick_GetResult'
/usr/bin/ld: CMakeFiles/alicia_d_control_interfaces__rosidl_typesupport_fastrtps_c__pyext.dir/rosidl_generator_py/alicia_d_control_interfaces/_alicia_d_control_interfaces_s.ep.rosidl_typesupport_fastrtps_c.c.o: in function `alicia_d_control_interfaces__action__execute_pick__feedback_message__create_ros_message':
_alicia_d_control_interfaces_s.ep.rosidl_typesupport_fastrtps_c.c:(.text+0x176f): undefined reference to `alicia_d_control_interfaces__action__ExecutePick_FeedbackMessage__create'
/usr/bin/ld: CMakeFiles/alicia_d_control_interfaces__rosidl_typesupport_fastrtps_c__pyext.dir/rosidl_generator_py/alicia_d_control_interfaces/_alicia_d_control_interfaces_s.ep.rosidl_typesupport_fastrtps_c.c.o: in function `alicia_d_control_interfaces__action__execute_pick__feedback_message__destroy_ros_message':
_alicia_d_control_interfaces_s.ep.rosidl_typesupport_fastrtps_c.c:(.text+0x1795): undefined reference to `alicia_d_control_interfaces__action__ExecutePick_FeedbackMessage__destroy'
/usr/bin/ld: CMakeFiles/alicia_d_control_interfaces__rosidl_typesupport_fastrtps_c__pyext.dir/rosidl_generator_py/alicia_d_control_interfaces/_alicia_d_control_interfaces_s.ep.rosidl_typesupport_fastrtps_c.c.o: in function `_register_msg_type__action__execute_pick__feedback_message':
_alicia_d_control_interfaces_s.ep.rosidl_typesupport_fastrtps_c.c:(.text+0x189d): undefined reference to `alicia_d_control_interfaces__action__execute_pick__feedback_message__convert_from_py'
/usr/bin/ld: _alicia_d_control_interfaces_s.ep.rosidl_typesupport_fastrtps_c.c:(.text+0x190b): undefined reference to `alicia_d_control_interfaces__action__execute_pick__feedback_message__convert_to_py'
/usr/bin/ld: _alicia_d_control_interfaces_s.ep.rosidl_typesupport_fastrtps_c.c:(.text+0x196f): undefined reference to `rosidl_typesupport_c__get_message_type_support_handle__alicia_d_control_interfaces__action__ExecutePick_FeedbackMessage'
/usr/bin/ld: CMakeFiles/alicia_d_control_interfaces__rosidl_typesupport_fastrtps_c__pyext.dir/rosidl_generator_py/alicia_d_control_interfaces/_alicia_d_control_interfaces_s.ep.rosidl_typesupport_fastrtps_c.c.o: in function `_register_action_type__action__execute_pick':
_alicia_d_control_interfaces_s.ep.rosidl_typesupport_fastrtps_c.c:(.text+0x19f1): undefined reference to `rosidl_typesupport_c__get_action_type_support_handle__alicia_d_control_interfaces__action__ExecutePick'
/usr/bin/ld: CMakeFiles/alicia_d_control_interfaces__rosidl_typesupport_introspection_c__pyext.dir/rosidl_generator_py/alicia_d_control_interfaces/_alicia_d_control_interfaces_s.ep.rosidl_typesupport_introspection_c.c.o: in function `alicia_d_control_interfaces__action__execute_pick__goal__create_ros_message':
_alicia_d_control_interfaces_s.ep.rosidl_typesupport_introspection_c.c:(.text+0x54d): undefined reference to `alicia_d_control_interfaces__action__ExecutePick_Goal__create'
/usr/bin/ld: CMakeFiles/alicia_d_control_interfaces__rosidl_typesupport_introspection_c__pyext.dir/rosidl_generator_py/alicia_d_control_interfaces/_alicia_d_control_interfaces_s.ep.rosidl_typesupport_introspection_c.c.o: in function `alicia_d_control_interfaces__action__execute_pick__goal__destroy_ros_message':
_alicia_d_control_interfaces_s.ep.rosidl_typesupport_introspection_c.c:(.text+0x573): undefined reference to `alicia_d_control_interfaces__action__ExecutePick_Goal__destroy'
/usr/bin/ld: CMakeFiles/alicia_d_control_interfaces__rosidl_typesupport_introspection_c__pyext.dir/rosidl_generator_py/alicia_d_control_interfaces/_alicia_d_control_interfaces_s.ep.rosidl_typesupport_introspection_c.c.o: in function `_register_msg_type__action__execute_pick__goal':
_alicia_d_control_interfaces_s.ep.rosidl_typesupport_introspection_c.c:(.text+0x67b): undefined reference to `alicia_d_control_interfaces__action__execute_pick__goal__convert_from_py'
/usr/bin/ld: _alicia_d_control_interfaces_s.ep.rosidl_typesupport_introspection_c.c:(.text+0x6e9): undefined reference to `alicia_d_control_interfaces__action__execute_pick__goal__convert_to_py'
/usr/bin/ld: _alicia_d_control_interfaces_s.ep.rosidl_typesupport_introspection_c.c:(.text+0x74d): undefined reference to `rosidl_typesupport_c__get_message_type_support_handle__alicia_d_control_interfaces__action__ExecutePick_Goal'
/usr/bin/ld: CMakeFiles/alicia_d_control_interfaces__rosidl_typesupport_introspection_c__pyext.dir/rosidl_generator_py/alicia_d_control_interfaces/_alicia_d_control_interfaces_s.ep.rosidl_typesupport_introspection_c.c.o: in function `alicia_d_control_interfaces__action__execute_pick__result__create_ros_message':
_alicia_d_control_interfaces_s.ep.rosidl_typesupport_introspection_c.c:(.text+0x7bf): undefined reference to `alicia_d_control_interfaces__action__ExecutePick_Result__create'
/usr/bin/ld: CMakeFiles/alicia_d_control_interfaces__rosidl_typesupport_introspection_c__pyext.dir/rosidl_generator_py/alicia_d_control_interfaces/_alicia_d_control_interfaces_s.ep.rosidl_typesupport_introspection_c.c.o: in function `alicia_d_control_interfaces__action__execute_pick__result__destroy_ros_message':
_alicia_d_control_interfaces_s.ep.rosidl_typesupport_introspection_c.c:(.text+0x7e5): undefined reference to `alicia_d_control_interfaces__action__ExecutePick_Result__destroy'
/usr/bin/ld: CMakeFiles/alicia_d_control_interfaces__rosidl_typesupport_introspection_c__pyext.dir/rosidl_generator_py/alicia_d_control_interfaces/_alicia_d_control_interfaces_s.ep.rosidl_typesupport_introspection_c.c.o: in function `_register_msg_type__action__execute_pick__result':
_alicia_d_control_interfaces_s.ep.rosidl_typesupport_introspection_c.c:(.text+0x8ed): undefined reference to `alicia_d_control_interfaces__action__execute_pick__result__convert_from_py'
/usr/bin/ld: _alicia_d_control_interfaces_s.ep.rosidl_typesupport_introspection_c.c:(.text+0x95b): undefined reference to `alicia_d_control_interfaces__action__execute_pick__result__convert_to_py'
/usr/bin/ld: _alicia_d_control_interfaces_s.ep.rosidl_typesupport_introspection_c.c:(.text+0x9bf): undefined reference to `rosidl_typesupport_c__get_message_type_support_handle__alicia_d_control_interfaces__action__ExecutePick_Result'
/usr/bin/ld: collect2: error: ld returned 1 exit status
CMakeFiles/alicia_d_control_interfaces__rosidl_typesupport_introspection_c__pyext.dir/rosidl_generator_py/alicia_d_control_interfaces/_alicia_d_control_interfaces_s.ep.rosidl_typesupport_introspection_c.c.o: in function `alicia_d_control_interfaces__action__execute_pick__feedback__create_ros_message':
_alicia_d_control_interfaces_s.ep.rosidl_typesupport_introspection_c.c:(.text+0xa31): undefined reference to `alicia_d_control_interfaces__action__ExecutePick_Feedback__create'
/usr/bin/ld: CMakeFiles/alicia_d_control_interfaces__rosidl_typesupport_introspection_c__pyext.dir/rosidl_generator_py/alicia_d_control_interfaces/_alicia_d_control_interfaces_s.ep.rosidl_typesupport_introspection_c.c.o: in function `alicia_d_control_interfaces__action__execute_pick__feedback__destroy_ros_message':
_alicia_d_control_interfaces_s.ep.rosidl_typesupport_introspection_c.c:(.text+0xa57): undefined reference to `alicia_d_control_interfaces__action__ExecutePick_Feedback__destroy'
/usr/bin/ld: CMakeFiles/alicia_d_control_interfaces__rosidl_typesupport_introspection_c__pyext.dir/rosidl_generator_py/alicia_d_control_interfaces/_alicia_d_control_interfaces_s.ep.rosidl_typesupport_introspection_c.c.o: in function `_register_msg_type__action__execute_pick__feedback':
_alicia_d_control_interfaces_s.ep.rosidl_typesupport_introspection_c.c:(.text+0xb5f): undefined reference to `alicia_d_control_interfaces__action__execute_pick__feedback__convert_from_py'
/usr/bin/ld: _alicia_d_control_interfaces_s.ep.rosidl_typesupport_introspection_c.c:(.text+0xbcd): undefined reference to `alicia_d_control_interfaces__action__execute_pick__feedback__convert_to_py'
/usr/bin/ld: _alicia_d_control_interfaces_s.ep.rosidl_typesupport_introspection_c.c:(.text+0xc31): undefined reference to `rosidl_typesupport_c__get_message_type_support_handle__alicia_d_control_interfaces__action__ExecutePick_Feedback'
/usr/bin/ld: CMakeFiles/alicia_d_control_interfaces__rosidl_typesupport_introspection_c__pyext.dir/rosidl_generator_py/alicia_d_control_interfaces/_alicia_d_control_interfaces_s.ep.rosidl_typesupport_introspection_c.c.o: in function `alicia_d_control_interfaces__action__execute_pick__send_goal__request__create_ros_message':
_alicia_d_control_interfaces_s.ep.rosidl_typesupport_introspection_c.c:(.text+0xca3): undefined reference to `alicia_d_control_interfaces__action__ExecutePick_SendGoal_Request__create'
/usr/bin/ld: CMakeFiles/alicia_d_control_interfaces__rosidl_typesupport_introspection_c__pyext.dir/rosidl_generator_py/alicia_d_control_interfaces/_alicia_d_control_interfaces_s.ep.rosidl_typesupport_introspection_c.c.o: in function `alicia_d_control_interfaces__action__execute_pick__send_goal__request__destroy_ros_message':
_alicia_d_control_interfaces_s.ep.rosidl_typesupport_introspection_c.c:(.text+0xcc9): undefined reference to `alicia_d_control_interfaces__action__ExecutePick_SendGoal_Request__destroy'
/usr/bin/ld: CMakeFiles/alicia_d_control_interfaces__rosidl_typesupport_introspection_c__pyext.dir/rosidl_generator_py/alicia_d_control_interfaces/_alicia_d_control_interfaces_s.ep.rosidl_typesupport_introspection_c.c.o: in function `_register_msg_type__action__execute_pick__send_goal__request':
_alicia_d_control_interfaces_s.ep.rosidl_typesupport_introspection_c.c:(.text+0xdd1): undefined reference to `alicia_d_control_interfaces__action__execute_pick__send_goal__request__convert_from_py'
/usr/bin/ld: _alicia_d_control_interfaces_s.ep.rosidl_typesupport_introspection_c.c:(.text+0xe3f): undefined reference to `alicia_d_control_interfaces__action__execute_pick__send_goal__request__convert_to_py'
/usr/bin/ld: _alicia_d_control_interfaces_s.ep.rosidl_typesupport_introspection_c.c:(.text+0xea3): undefined reference to `rosidl_typesupport_c__get_message_type_support_handle__alicia_d_control_interfaces__action__ExecutePick_SendGoal_Request'
/usr/bin/ld: CMakeFiles/alicia_d_control_interfaces__rosidl_typesupport_introspection_c__pyext.dir/rosidl_generator_py/alicia_d_control_interfaces/_alicia_d_control_interfaces_s.ep.rosidl_typesupport_introspection_c.c.o: in function `alicia_d_control_interfaces__action__execute_pick__send_goal__response__create_ros_message':
_alicia_d_control_interfaces_s.ep.rosidl_typesupport_introspection_c.c:(.text+0xf15): undefined reference to `alicia_d_control_interfaces__action__ExecutePick_SendGoal_Response__create'
/usr/bin/ld: CMakeFiles/alicia_d_control_interfaces__rosidl_typesupport_introspection_c__pyext.dir/rosidl_generator_py/alicia_d_control_interfaces/_alicia_d_control_interfaces_s.ep.rosidl_typesupport_introspection_c.c.o: in function `alicia_d_control_interfaces__action__execute_pick__send_goal__response__destroy_ros_message':
_alicia_d_control_interfaces_s.ep.rosidl_typesupport_introspection_c.c:(.text+0xf3b): undefined reference to `alicia_d_control_interfaces__action__ExecutePick_SendGoal_Response__destroy'
/usr/bin/ld: CMakeFiles/alicia_d_control_interfaces__rosidl_typesupport_introspection_c__pyext.dir/rosidl_generator_py/alicia_d_control_interfaces/_alicia_d_control_interfaces_s.ep.rosidl_typesupport_introspection_c.c.o: in function `_register_msg_type__action__execute_pick__send_goal__response':
_alicia_d_control_interfaces_s.ep.rosidl_typesupport_introspection_c.c:(.text+0x1043): undefined reference to `alicia_d_control_interfaces__action__execute_pick__send_goal__response__convert_from_py'
/usr/bin/ld: _alicia_d_control_interfaces_s.ep.rosidl_typesupport_introspection_c.c:(.text+0x10b1): undefined reference to `alicia_d_control_interfaces__action__execute_pick__send_goal__response__convert_to_py'
/usr/bin/ld: _alicia_d_control_interfaces_s.ep.rosidl_typesupport_introspection_c.c:(.text+0x1115): undefined reference to `rosidl_typesupport_c__get_message_type_support_handle__alicia_d_control_interfaces__action__ExecutePick_SendGoal_Response'
/usr/bin/ld: CMakeFiles/alicia_d_control_interfaces__rosidl_typesupport_introspection_c__pyext.dir/rosidl_generator_py/alicia_d_control_interfaces/_alicia_d_control_interfaces_s.ep.rosidl_typesupport_introspection_c.c.o: in function `_register_srv_type__action__execute_pick__send_goal':
_alicia_d_control_interfaces_s.ep.rosidl_typesupport_introspection_c.c:(.text+0x1197): undefined reference to `rosidl_typesupport_c__get_service_type_support_handle__alicia_d_control_interfaces__action__ExecutePick_SendGoal'
/usr/bin/ld: CMakeFiles/alicia_d_control_interfaces__rosidl_typesupport_introspection_c__pyext.dir/rosidl_generator_py/alicia_d_control_interfaces/_alicia_d_control_interfaces_s.ep.rosidl_typesupport_introspection_c.c.o: in function `alicia_d_control_interfaces__action__execute_pick__get_result__request__create_ros_message':
_alicia_d_control_interfaces_s.ep.rosidl_typesupport_introspection_c.c:(.text+0x1209): undefined reference to `alicia_d_control_interfaces__action__ExecutePick_GetResult_Request__create'
/usr/bin/ld: CMakeFiles/alicia_d_control_interfaces__rosidl_typesupport_introspection_c__pyext.dir/rosidl_generator_py/alicia_d_control_interfaces/_alicia_d_control_interfaces_s.ep.rosidl_typesupport_introspection_c.c.o: in function `alicia_d_control_interfaces__action__execute_pick__get_result__request__destroy_ros_message':
_alicia_d_control_interfaces_s.ep.rosidl_typesupport_introspection_c.c:(.text+0x122f): undefined reference to `alicia_d_control_interfaces__action__ExecutePick_GetResult_Request__destroy'
/usr/bin/ld: CMakeFiles/alicia_d_control_interfaces__rosidl_typesupport_introspection_c__pyext.dir/rosidl_generator_py/alicia_d_control_interfaces/_alicia_d_control_interfaces_s.ep.rosidl_typesupport_introspection_c.c.o: in function `_register_msg_type__action__execute_pick__get_result__request':
_alicia_d_control_interfaces_s.ep.rosidl_typesupport_introspection_c.c:(.text+0x1337): undefined reference to `alicia_d_control_interfaces__action__execute_pick__get_result__request__convert_from_py'
/usr/bin/ld: _alicia_d_control_interfaces_s.ep.rosidl_typesupport_introspection_c.c:(.text+0x13a5): undefined reference to `alicia_d_control_interfaces__action__execute_pick__get_result__request__convert_to_py'
/usr/bin/ld: _alicia_d_control_interfaces_s.ep.rosidl_typesupport_introspection_c.c:(.text+0x1409): undefined reference to `rosidl_typesupport_c__get_message_type_support_handle__alicia_d_control_interfaces__action__ExecutePick_GetResult_Request'
/usr/bin/ld: CMakeFiles/alicia_d_control_interfaces__rosidl_typesupport_introspection_c__pyext.dir/rosidl_generator_py/alicia_d_control_interfaces/_alicia_d_control_interfaces_s.ep.rosidl_typesupport_introspection_c.c.o: in function `alicia_d_control_interfaces__action__execute_pick__get_result__response__create_ros_message':
_alicia_d_control_interfaces_s.ep.rosidl_typesupport_introspection_c.c:(.text+0x147b): undefined reference to `alicia_d_control_interfaces__action__ExecutePick_GetResult_Response__create'
/usr/bin/ld: CMakeFiles/alicia_d_control_interfaces__rosidl_typesupport_introspection_c__pyext.dir/rosidl_generator_py/alicia_d_control_interfaces/_alicia_d_control_interfaces_s.ep.rosidl_typesupport_introspection_c.c.o: in function `alicia_d_control_interfaces__action__execute_pick__get_result__response__destroy_ros_message':
_alicia_d_control_interfaces_s.ep.rosidl_typesupport_introspection_c.c:(.text+0x14a1): undefined reference to `alicia_d_control_interfaces__action__ExecutePick_GetResult_Response__destroy'
/usr/bin/ld: CMakeFiles/alicia_d_control_interfaces__rosidl_typesupport_introspection_c__pyext.dir/rosidl_generator_py/alicia_d_control_interfaces/_alicia_d_control_interfaces_s.ep.rosidl_typesupport_introspection_c.c.o: in function `_register_msg_type__action__execute_pick__get_result__response':
_alicia_d_control_interfaces_s.ep.rosidl_typesupport_introspection_c.c:(.text+0x15a9): undefined reference to `alicia_d_control_interfaces__action__execute_pick__get_result__response__convert_from_py'
/usr/bin/ld: _alicia_d_control_interfaces_s.ep.rosidl_typesupport_introspection_c.c:(.text+0x1617): undefined reference to `alicia_d_control_interfaces__action__execute_pick__get_result__response__convert_to_py'
/usr/bin/ld: _alicia_d_control_interfaces_s.ep.rosidl_typesupport_introspection_c.c:(.text+0x167b): undefined reference to `rosidl_typesupport_c__get_message_type_support_handle__alicia_d_control_interfaces__action__ExecutePick_GetResult_Response'
/usr/bin/ld: CMakeFiles/alicia_d_control_interfaces__rosidl_typesupport_introspection_c__pyext.dir/rosidl_generator_py/alicia_d_control_interfaces/_alicia_d_control_interfaces_s.ep.rosidl_typesupport_introspection_c.c.o: in function `_register_srv_type__action__execute_pick__get_result':
_alicia_d_control_interfaces_s.ep.rosidl_typesupport_introspection_c.c:(.text+0x16fd): undefined reference to `rosidl_typesupport_c__get_service_type_support_handle__alicia_d_control_interfaces__action__ExecutePick_GetResult'
/usr/bin/ld: CMakeFiles/alicia_d_control_interfaces__rosidl_typesupport_introspection_c__pyext.dir/rosidl_generator_py/alicia_d_control_interfaces/_alicia_d_control_interfaces_s.ep.rosidl_typesupport_introspection_c.c.o: in function `alicia_d_control_interfaces__action__execute_pick__feedback_message__create_ros_message':
_alicia_d_control_interfaces_s.ep.rosidl_typesupport_introspection_c.c:(.text+0x176f): undefined reference to `alicia_d_control_interfaces__action__ExecutePick_FeedbackMessage__create'
/usr/bin/ld: CMakeFiles/alicia_d_control_interfaces__rosidl_typesupport_introspection_c__pyext.dir/rosidl_generator_py/alicia_d_control_interfaces/_alicia_d_control_interfaces_s.ep.rosidl_typesupport_introspection_c.c.o: in function `alicia_d_control_interfaces__action__execute_pick__feedback_message__destroy_ros_message':
_alicia_d_control_interfaces_s.ep.rosidl_typesupport_introspection_c.c:(.text+0x1795): undefined reference to `alicia_d_control_interfaces__action__ExecutePick_FeedbackMessage__destroy'
/usr/bin/ld: CMakeFiles/alicia_d_control_interfaces__rosidl_typesupport_introspection_c__pyext.dir/rosidl_generator_py/alicia_d_control_interfaces/_alicia_d_control_interfaces_s.ep.rosidl_typesupport_introspection_c.c.o: in function `_register_msg_type__action__execute_pick__feedback_message':
_alicia_d_control_interfaces_s.ep.rosidl_typesupport_introspection_c.c:(.text+0x189d): undefined reference to `alicia_d_control_interfaces__action__execute_pick__feedback_message__convert_from_py'
/usr/bin/ld: _alicia_d_control_interfaces_s.ep.rosidl_typesupport_introspection_c.c:(.text+0x190b): undefined reference to `alicia_d_control_interfaces__action__execute_pick__feedback_message__convert_to_py'
/usr/bin/ld: _alicia_d_control_interfaces_s.ep.rosidl_typesupport_introspection_c.c:(.text+0x196f): undefined reference to `rosidl_typesupport_c__get_message_type_support_handle__alicia_d_control_interfaces__action__ExecutePick_FeedbackMessage'
/usr/bin/ld: CMakeFiles/alicia_d_control_interfaces__rosidl_typesupport_introspection_c__pyext.dir/rosidl_generator_py/alicia_d_control_interfaces/_alicia_d_control_interfaces_s.ep.rosidl_typesupport_introspection_c.c.o: in function `_register_action_type__action__execute_pick':
_alicia_d_control_interfaces_s.ep.rosidl_typesupport_introspection_c.c:(.text+0x19f1): undefined reference to `rosidl_typesupport_c__get_action_type_support_handle__alicia_d_control_interfaces__action__ExecutePick'
gmake[2]: *** [CMakeFiles/alicia_d_control_interfaces__rosidl_typesupport_fastrtps_c__pyext.dir/build.make:153: rosidl_generator_py/alicia_d_control_interfaces/alicia_d_control_interfaces_s__rosidl_typesupport_fastrtps_c.cpython-310-x86_64-linux-gnu.so] Error 1
gmake[1]: *** [CMakeFiles/Makefile2:524: CMakeFiles/alicia_d_control_interfaces__rosidl_typesupport_fastrtps_c__pyext.dir/all] Error 2
collect2: error: ld returned 1 exit status
gmake[1]: *** Waiting for unfinished jobs....
gmake[2]: *** [CMakeFiles/alicia_d_control_interfaces__rosidl_typesupport_introspection_c__pyext.dir/build.make:153: rosidl_generator_py/alicia_d_control_interfaces/alicia_d_control_interfaces_s__rosidl_typesupport_introspection_c.cpython-310-x86_64-linux-gnu.so] Error 1
gmake[1]: *** [CMakeFiles/Makefile2:554: CMakeFiles/alicia_d_control_interfaces__rosidl_typesupport_introspection_c__pyext.dir/all] Error 2
/usr/bin/ld: CMakeFiles/alicia_d_control_interfaces__rosidl_typesupport_c__pyext.dir/rosidl_generator_py/alicia_d_control_interfaces/_alicia_d_control_interfaces_s.ep.rosidl_typesupport_c.c.o: in function `alicia_d_control_interfaces__action__execute_pick__goal__create_ros_message':
_alicia_d_control_interfaces_s.ep.rosidl_typesupport_c.c:(.text+0x54d): undefined reference to `alicia_d_control_interfaces__action__ExecutePick_Goal__create'
/usr/bin/ld: CMakeFiles/alicia_d_control_interfaces__rosidl_typesupport_c__pyext.dir/rosidl_generator_py/alicia_d_control_interfaces/_alicia_d_control_interfaces_s.ep.rosidl_typesupport_c.c.o: in function `alicia_d_control_interfaces__action__execute_pick__goal__destroy_ros_message':
_alicia_d_control_interfaces_s.ep.rosidl_typesupport_c.c:(.text+0x573): undefined reference to `alicia_d_control_interfaces__action__ExecutePick_Goal__destroy'
/usr/bin/ld: CMakeFiles/alicia_d_control_interfaces__rosidl_typesupport_c__pyext.dir/rosidl_generator_py/alicia_d_control_interfaces/_alicia_d_control_interfaces_s.ep.rosidl_typesupport_c.c.o: in function `_register_msg_type__action__execute_pick__goal':
_alicia_d_control_interfaces_s.ep.rosidl_typesupport_c.c:(.text+0x67b): undefined reference to `alicia_d_control_interfaces__action__execute_pick__goal__convert_from_py'
/usr/bin/ld: _alicia_d_control_interfaces_s.ep.rosidl_typesupport_c.c:(.text+0x6e9): undefined reference to `alicia_d_control_interfaces__action__execute_pick__goal__convert_to_py'
/usr/bin/ld: _alicia_d_control_interfaces_s.ep.rosidl_typesupport_c.c:(.text+0x74d): undefined reference to `rosidl_typesupport_c__get_message_type_support_handle__alicia_d_control_interfaces__action__ExecutePick_Goal'
/usr/bin/ld: CMakeFiles/alicia_d_control_interfaces__rosidl_typesupport_c__pyext.dir/rosidl_generator_py/alicia_d_control_interfaces/_alicia_d_control_interfaces_s.ep.rosidl_typesupport_c.c.o: in function `alicia_d_control_interfaces__action__execute_pick__result__create_ros_message':
_alicia_d_control_interfaces_s.ep.rosidl_typesupport_c.c:(.text+0x7bf): undefined reference to `alicia_d_control_interfaces__action__ExecutePick_Result__create'
/usr/bin/ld: CMakeFiles/alicia_d_control_interfaces__rosidl_typesupport_c__pyext.dir/rosidl_generator_py/alicia_d_control_interfaces/_alicia_d_control_interfaces_s.ep.rosidl_typesupport_c.c.o: in function `alicia_d_control_interfaces__action__execute_pick__result__destroy_ros_message':
_alicia_d_control_interfaces_s.ep.rosidl_typesupport_c.c:(.text+0x7e5): undefined reference to `alicia_d_control_interfaces__action__ExecutePick_Result__destroy'
/usr/bin/ld: CMakeFiles/alicia_d_control_interfaces__rosidl_typesupport_c__pyext.dir/rosidl_generator_py/alicia_d_control_interfaces/_alicia_d_control_interfaces_s.ep.rosidl_typesupport_c.c.o: in function `_register_msg_type__action__execute_pick__result':
_alicia_d_control_interfaces_s.ep.rosidl_typesupport_c.c:(.text+0x8ed): undefined reference to `alicia_d_control_interfaces__action__execute_pick__result__convert_from_py'
/usr/bin/ld: _alicia_d_control_interfaces_s.ep.rosidl_typesupport_c.c:(.text+0x95b): undefined reference to `alicia_d_control_interfaces__action__execute_pick__result__convert_to_py'
/usr/bin/ld: _alicia_d_control_interfaces_s.ep.rosidl_typesupport_c.c:(.text+0x9bf): undefined reference to `rosidl_typesupport_c__get_message_type_support_handle__alicia_d_control_interfaces__action__ExecutePick_Result'
/usr/bin/ld: CMakeFiles/alicia_d_control_interfaces__rosidl_typesupport_c__pyext.dir/rosidl_generator_py/alicia_d_control_interfaces/_alicia_d_control_interfaces_s.ep.rosidl_typesupport_c.c.o: in function `alicia_d_control_interfaces__action__execute_pick__feedback__create_ros_message':
_alicia_d_control_interfaces_s.ep.rosidl_typesupport_c.c:(.text+0xa31): undefined reference to `alicia_d_control_interfaces__action__ExecutePick_Feedback__create'
/usr/bin/ld: CMakeFiles/alicia_d_control_interfaces__rosidl_typesupport_c__pyext.dir/rosidl_generator_py/alicia_d_control_interfaces/_alicia_d_control_interfaces_s.ep.rosidl_typesupport_c.c.o: in function `alicia_d_control_interfaces__action__execute_pick__feedback__destroy_ros_message':
_alicia_d_control_interfaces_s.ep.rosidl_typesupport_c.c:(.text+0xa57): undefined reference to `alicia_d_control_interfaces__action__ExecutePick_Feedback__destroy'
/usr/bin/ld: CMakeFiles/alicia_d_control_interfaces__rosidl_typesupport_c__pyext.dir/rosidl_generator_py/alicia_d_control_interfaces/_alicia_d_control_interfaces_s.ep.rosidl_typesupport_c.c.o: in function `_register_msg_type__action__execute_pick__feedback':
_alicia_d_control_interfaces_s.ep.rosidl_typesupport_c.c:(.text+0xb5f): undefined reference to `alicia_d_control_interfaces__action__execute_pick__feedback__convert_from_py'
/usr/bin/ld: _alicia_d_control_interfaces_s.ep.rosidl_typesupport_c.c:(.text+0xbcd): undefined reference to `alicia_d_control_interfaces__action__execute_pick__feedback__convert_to_py'
/usr/bin/ld: _alicia_d_control_interfaces_s.ep.rosidl_typesupport_c.c:(.text+0xc31): undefined reference to `rosidl_typesupport_c__get_message_type_support_handle__alicia_d_control_interfaces__action__ExecutePick_Feedback'
/usr/bin/ld: CMakeFiles/alicia_d_control_interfaces__rosidl_typesupport_c__pyext.dir/rosidl_generator_py/alicia_d_control_interfaces/_alicia_d_control_interfaces_s.ep.rosidl_typesupport_c.c.o: in function `alicia_d_control_interfaces__action__execute_pick__send_goal__request__create_ros_message':
_alicia_d_control_interfaces_s.ep.rosidl_typesupport_c.c:(.text+0xca3): undefined reference to `alicia_d_control_interfaces__action__ExecutePick_SendGoal_Request__create'
/usr/bin/ld: CMakeFiles/alicia_d_control_interfaces__rosidl_typesupport_c__pyext.dir/rosidl_generator_py/alicia_d_control_interfaces/_alicia_d_control_interfaces_s.ep.rosidl_typesupport_c.c.o: in function `alicia_d_control_interfaces__action__execute_pick__send_goal__request__destroy_ros_message':
_alicia_d_control_interfaces_s.ep.rosidl_typesupport_c.c:(.text+0xcc9): undefined reference to `alicia_d_control_interfaces__action__ExecutePick_SendGoal_Request__destroy'
/usr/bin/ld: CMakeFiles/alicia_d_control_interfaces__rosidl_typesupport_c__pyext.dir/rosidl_generator_py/alicia_d_control_interfaces/_alicia_d_control_interfaces_s.ep.rosidl_typesupport_c.c.o: in function `_register_msg_type__action__execute_pick__send_goal__request':
_alicia_d_control_interfaces_s.ep.rosidl_typesupport_c.c:(.text+0xdd1): undefined reference to `alicia_d_control_interfaces__action__execute_pick__send_goal__request__convert_from_py'
/usr/bin/ld: _alicia_d_control_interfaces_s.ep.rosidl_typesupport_c.c:(.text+0xe3f): undefined reference to `alicia_d_control_interfaces__action__execute_pick__send_goal__request__convert_to_py'
/usr/bin/ld: _alicia_d_control_interfaces_s.ep.rosidl_typesupport_c.c:(.text+0xea3): undefined reference to `rosidl_typesupport_c__get_message_type_support_handle__alicia_d_control_interfaces__action__ExecutePick_SendGoal_Request'
/usr/bin/ld: CMakeFiles/alicia_d_control_interfaces__rosidl_typesupport_c__pyext.dir/rosidl_generator_py/alicia_d_control_interfaces/_alicia_d_control_interfaces_s.ep.rosidl_typesupport_c.c.o: in function `alicia_d_control_interfaces__action__execute_pick__send_goal__response__create_ros_message':
_alicia_d_control_interfaces_s.ep.rosidl_typesupport_c.c:(.text+0xf15): undefined reference to `alicia_d_control_interfaces__action__ExecutePick_SendGoal_Response__create'
/usr/bin/ld: CMakeFiles/alicia_d_control_interfaces__rosidl_typesupport_c__pyext.dir/rosidl_generator_py/alicia_d_control_interfaces/_alicia_d_control_interfaces_s.ep.rosidl_typesupport_c.c.o: in function `alicia_d_control_interfaces__action__execute_pick__send_goal__response__destroy_ros_message':
_alicia_d_control_interfaces_s.ep.rosidl_typesupport_c.c:(.text+0xf3b): undefined reference to `alicia_d_control_interfaces__action__ExecutePick_SendGoal_Response__destroy'
/usr/bin/ld: CMakeFiles/alicia_d_control_interfaces__rosidl_typesupport_c__pyext.dir/rosidl_generator_py/alicia_d_control_interfaces/_alicia_d_control_interfaces_s.ep.rosidl_typesupport_c.c.o: in function `_register_msg_type__action__execute_pick__send_goal__response':
_alicia_d_control_interfaces_s.ep.rosidl_typesupport_c.c:(.text+0x1043): undefined reference to `alicia_d_control_interfaces__action__execute_pick__send_goal__response__convert_from_py'
/usr/bin/ld: _alicia_d_control_interfaces_s.ep.rosidl_typesupport_c.c:(.text+0x10b1): undefined reference to `alicia_d_control_interfaces__action__execute_pick__send_goal__response__convert_to_py'
/usr/bin/ld: _alicia_d_control_interfaces_s.ep.rosidl_typesupport_c.c:(.text+0x1115): undefined reference to `rosidl_typesupport_c__get_message_type_support_handle__alicia_d_control_interfaces__action__ExecutePick_SendGoal_Response'
/usr/bin/ld: CMakeFiles/alicia_d_control_interfaces__rosidl_typesupport_c__pyext.dir/rosidl_generator_py/alicia_d_control_interfaces/_alicia_d_control_interfaces_s.ep.rosidl_typesupport_c.c.o: in function `_register_srv_type__action__execute_pick__send_goal':
_alicia_d_control_interfaces_s.ep.rosidl_typesupport_c.c:(.text+0x1197): undefined reference to `rosidl_typesupport_c__get_service_type_support_handle__alicia_d_control_interfaces__action__ExecutePick_SendGoal'
/usr/bin/ld: CMakeFiles/alicia_d_control_interfaces__rosidl_typesupport_c__pyext.dir/rosidl_generator_py/alicia_d_control_interfaces/_alicia_d_control_interfaces_s.ep.rosidl_typesupport_c.c.o: in function `alicia_d_control_interfaces__action__execute_pick__get_result__request__create_ros_message':
_alicia_d_control_interfaces_s.ep.rosidl_typesupport_c.c:(.text+0x1209): undefined reference to `alicia_d_control_interfaces__action__ExecutePick_GetResult_Request__create'
/usr/bin/ld: CMakeFiles/alicia_d_control_interfaces__rosidl_typesupport_c__pyext.dir/rosidl_generator_py/alicia_d_control_interfaces/_alicia_d_control_interfaces_s.ep.rosidl_typesupport_c.c.o: in function `alicia_d_control_interfaces__action__execute_pick__get_result__request__destroy_ros_message':
_alicia_d_control_interfaces_s.ep.rosidl_typesupport_c.c:(.text+0x122f): undefined reference to `alicia_d_control_interfaces__action__ExecutePick_GetResult_Request__destroy'
/usr/bin/ld: CMakeFiles/alicia_d_control_interfaces__rosidl_typesupport_c__pyext.dir/rosidl_generator_py/alicia_d_control_interfaces/_alicia_d_control_interfaces_s.ep.rosidl_typesupport_c.c.o: in function `_register_msg_type__action__execute_pick__get_result__request':
_alicia_d_control_interfaces_s.ep.rosidl_typesupport_c.c:(.text+0x1337): undefined reference to `alicia_d_control_interfaces__action__execute_pick__get_result__request__convert_from_py'
/usr/bin/ld: _alicia_d_control_interfaces_s.ep.rosidl_typesupport_c.c:(.text+0x13a5): undefined reference to `alicia_d_control_interfaces__action__execute_pick__get_result__request__convert_to_py'
/usr/bin/ld: _alicia_d_control_interfaces_s.ep.rosidl_typesupport_c.c:(.text+0x1409): undefined reference to `rosidl_typesupport_c__get_message_type_support_handle__alicia_d_control_interfaces__action__ExecutePick_GetResult_Request'
/usr/bin/ld: CMakeFiles/alicia_d_control_interfaces__rosidl_typesupport_c__pyext.dir/rosidl_generator_py/alicia_d_control_interfaces/_alicia_d_control_interfaces_s.ep.rosidl_typesupport_c.c.o: in function `alicia_d_control_interfaces__action__execute_pick__get_result__response__create_ros_message':
_alicia_d_control_interfaces_s.ep.rosidl_typesupport_c.c:(.text+0x147b): undefined reference to `alicia_d_control_interfaces__action__ExecutePick_GetResult_Response__create'
/usr/bin/ld: CMakeFiles/alicia_d_control_interfaces__rosidl_typesupport_c__pyext.dir/rosidl_generator_py/alicia_d_control_interfaces/_alicia_d_control_interfaces_s.ep.rosidl_typesupport_c.c.o: in function `alicia_d_control_interfaces__action__execute_pick__get_result__response__destroy_ros_message':
_alicia_d_control_interfaces_s.ep.rosidl_typesupport_c.c:(.text+0x14a1): undefined reference to `alicia_d_control_interfaces__action__ExecutePick_GetResult_Response__destroy'
/usr/bin/ld: CMakeFiles/alicia_d_control_interfaces__rosidl_typesupport_c__pyext.dir/rosidl_generator_py/alicia_d_control_interfaces/_alicia_d_control_interfaces_s.ep.rosidl_typesupport_c.c.o: in function `_register_msg_type__action__execute_pick__get_result__response':
_alicia_d_control_interfaces_s.ep.rosidl_typesupport_c.c:(.text+0x15a9): undefined reference to `alicia_d_control_interfaces__action__execute_pick__get_result__response__convert_from_py'
/usr/bin/ld: _alicia_d_control_interfaces_s.ep.rosidl_typesupport_c.c:(.text+0x1617): undefined reference to `alicia_d_control_interfaces__action__execute_pick__get_result__response__convert_to_py'
/usr/bin/ld: _alicia_d_control_interfaces_s.ep.rosidl_typesupport_c.c:(.text+0x167b): undefined reference to `rosidl_typesupport_c__get_message_type_support_handle__alicia_d_control_interfaces__action__ExecutePick_GetResult_Response'
/usr/bin/ld: CMakeFiles/alicia_d_control_interfaces__rosidl_typesupport_c__pyext.dir/rosidl_generator_py/alicia_d_control_interfaces/_alicia_d_control_interfaces_s.ep.rosidl_typesupport_c.c.o: in function `_register_srv_type__action__execute_pick__get_result':
_alicia_d_control_interfaces_s.ep.rosidl_typesupport_c.c:(.text+0x16fd): undefined reference to `rosidl_typesupport_c__get_service_type_support_handle__alicia_d_control_interfaces__action__ExecutePick_GetResult'
/usr/bin/ld: CMakeFiles/alicia_d_control_interfaces__rosidl_typesupport_c__pyext.dir/rosidl_generator_py/alicia_d_control_interfaces/_alicia_d_control_interfaces_s.ep.rosidl_typesupport_c.c.o: in function `alicia_d_control_interfaces__action__execute_pick__feedback_message__create_ros_message':
_alicia_d_control_interfaces_s.ep.rosidl_typesupport_c.c:(.text+0x176f): undefined reference to `alicia_d_control_interfaces__action__ExecutePick_FeedbackMessage__create'
/usr/bin/ld: CMakeFiles/alicia_d_control_interfaces__rosidl_typesupport_c__pyext.dir/rosidl_generator_py/alicia_d_control_interfaces/_alicia_d_control_interfaces_s.ep.rosidl_typesupport_c.c.o: in function `alicia_d_control_interfaces__action__execute_pick__feedback_message__destroy_ros_message':
_alicia_d_control_interfaces_s.ep.rosidl_typesupport_c.c:(.text+0x1795): undefined reference to `alicia_d_control_interfaces__action__ExecutePick_FeedbackMessage__destroy'
/usr/bin/ld: CMakeFiles/alicia_d_control_interfaces__rosidl_typesupport_c__pyext.dir/rosidl_generator_py/alicia_d_control_interfaces/_alicia_d_control_interfaces_s.ep.rosidl_typesupport_c.c.o: in function `_register_msg_type__action__execute_pick__feedback_message':
_alicia_d_control_interfaces_s.ep.rosidl_typesupport_c.c:(.text+0x189d): undefined reference to `alicia_d_control_interfaces__action__execute_pick__feedback_message__convert_from_py'
/usr/bin/ld: _alicia_d_control_interfaces_s.ep.rosidl_typesupport_c.c:(.text+0x190b): undefined reference to `alicia_d_control_interfaces__action__execute_pick__feedback_message__convert_to_py'
/usr/bin/ld: _alicia_d_control_interfaces_s.ep.rosidl_typesupport_c.c:(.text+0x196f): undefined reference to `rosidl_typesupport_c__get_message_type_support_handle__alicia_d_control_interfaces__action__ExecutePick_FeedbackMessage'
/usr/bin/ld: CMakeFiles/alicia_d_control_interfaces__rosidl_typesupport_c__pyext.dir/rosidl_generator_py/alicia_d_control_interfaces/_alicia_d_control_interfaces_s.ep.rosidl_typesupport_c.c.o: in function `_register_action_type__action__execute_pick':
_alicia_d_control_interfaces_s.ep.rosidl_typesupport_c.c:(.text+0x19f1): undefined reference to `rosidl_typesupport_c__get_action_type_support_handle__alicia_d_control_interfaces__action__ExecutePick'
collect2: error: ld returned 1 exit status
gmake[2]: *** [CMakeFiles/alicia_d_control_interfaces__rosidl_typesupport_c__pyext.dir/build.make:152: rosidl_generator_py/alicia_d_control_interfaces/alicia_d_control_interfaces_s__rosidl_typesupport_c.cpython-310-x86_64-linux-gnu.so] Error 1
gmake[1]: *** [CMakeFiles/Makefile2:583: CMakeFiles/alicia_d_control_interfaces__rosidl_typesupport_c__pyext.dir/all] Error 2
gmake: *** [Makefile:146: all] Error 2
