-- Found ament_cmake: 1.3.14 (/opt/ros/humble/share/ament_cmake/cmake)
-- Found geometry_msgs: 4.9.1 (/opt/ros/humble/share/geometry_msgs/cmake)
-- Found rosidl_generator_c: 3.1.8 (/opt/ros/humble/share/rosidl_generator_c/cmake)
-- Found rosidl_adapter: 3.1.8 (/opt/ros/humble/share/rosidl_adapter/cmake)
-- Found rosidl_generator_cpp: 3.1.8 (/opt/ros/humble/share/rosidl_generator_cpp/cmake)
-- Using all available rosidl_typesupport_c: rosidl_typesupport_fastrtps_c;rosidl_typesupport_introspection_c
-- Using all available rosidl_typesupport_cpp: rosidl_typesupport_fastrtps_cpp;rosidl_typesupport_introspection_cpp
-- Found rosidl_default_generators: 1.2.1 (/opt/ros/humble/share/rosidl_default_generators/cmake)
-- Found ament_cmake_ros: 0.10.0 (/opt/ros/humble/share/ament_cmake_ros/cmake)
-- Using all available rosidl_typesupport_c: rosidl_typesupport_fastrtps_c;rosidl_typesupport_introspection_c
-- Using all available rosidl_typesupport_cpp: rosidl_typesupport_fastrtps_cpp;rosidl_typesupport_introspection_cpp
-- Found python_cmake_module: 0.10.0 (/opt/ros/humble/share/python_cmake_module/cmake)
-- Using PYTHON_EXECUTABLE: /usr/bin/python3
-- Using PYTHON_INCLUDE_DIRS: /usr/include/python3.10
-- Using PYTHON_LIBRARIES: /usr/lib/x86_64-linux-gnu/libpython3.10.so
-- Configuring done
-- Generating done
-- Build files have been written to: /home/Projects/HET/alicia_ws/build/alicia_d_control_interfaces
Consolidate compiler generated dependencies of target alicia_d_control_interfaces__rosidl_generator_c
[  1%] Built target alicia_d_control_interfaces__rs
[  2%] Built target alicia_d_control_interfaces__cpp
[  3%] Linking C shared library libalicia_d_control_interfaces__rosidl_generator_c.so
Consolidate compiler generated dependencies of target alicia_d_control_interfaces__rosidl_typesupport_introspection_cpp
Consolidate compiler generated dependencies of target alicia_d_control_interfaces__rosidl_typesupport_cpp
Consolidate compiler generated dependencies of target alicia_d_control_interfaces__rosidl_typesupport_fastrtps_cpp
[  3%] Built target ament_cmake_python_copy_alicia_d_control_interfaces
[  5%] Linking CXX shared library libalicia_d_control_interfaces__rosidl_typesupport_cpp.so
[  6%] Linking CXX shared library libalicia_d_control_interfaces__rosidl_typesupport_fastrtps_cpp.so
[  7%] Linking CXX shared library libalicia_d_control_interfaces__rosidl_typesupport_introspection_cpp.so
running egg_info
writing alicia_d_control_interfaces.egg-info/PKG-INFO
writing dependency_links to alicia_d_control_interfaces.egg-info/dependency_links.txt
writing top-level names to alicia_d_control_interfaces.egg-info/top_level.txt
reading manifest file 'alicia_d_control_interfaces.egg-info/SOURCES.txt'
writing manifest file 'alicia_d_control_interfaces.egg-info/SOURCES.txt'
[  7%] Built target ament_cmake_python_build_alicia_d_control_interfaces_egg
[ 17%] Built target alicia_d_control_interfaces__rosidl_typesupport_cpp
[ 27%] Built target alicia_d_control_interfaces__rosidl_generator_c
Consolidate compiler generated dependencies of target alicia_d_control_interfaces__rosidl_typesupport_introspection_c
Consolidate compiler generated dependencies of target alicia_d_control_interfaces__rosidl_typesupport_c
Consolidate compiler generated dependencies of target alicia_d_control_interfaces__rosidl_typesupport_fastrtps_c
[ 28%] Linking C shared library libalicia_d_control_interfaces__rosidl_typesupport_introspection_c.so
[ 30%] Linking CXX shared library libalicia_d_control_interfaces__rosidl_typesupport_c.so
[ 31%] Linking CXX shared library libalicia_d_control_interfaces__rosidl_typesupport_fastrtps_c.so
[ 41%] Built target alicia_d_control_interfaces__rosidl_typesupport_introspection_cpp
[ 51%] Built target alicia_d_control_interfaces__rosidl_typesupport_fastrtps_cpp
[ 61%] Built target alicia_d_control_interfaces__rosidl_typesupport_introspection_c
[ 71%] Built target alicia_d_control_interfaces__rosidl_typesupport_c
[ 81%] Built target alicia_d_control_interfaces__rosidl_typesupport_fastrtps_c
[ 81%] Built target alicia_d_control_interfaces
[ 82%] Built target alicia_d_control_interfaces__py
Consolidate compiler generated dependencies of target alicia_d_control_interfaces__rosidl_generator_py
[ 83%] Linking C shared library rosidl_generator_py/alicia_d_control_interfaces/libalicia_d_control_interfaces__rosidl_generator_py.so
[ 92%] Built target alicia_d_control_interfaces__rosidl_generator_py
Consolidate compiler generated dependencies of target alicia_d_control_interfaces__rosidl_typesupport_fastrtps_c__pyext
Consolidate compiler generated dependencies of target alicia_d_control_interfaces__rosidl_typesupport_c__pyext
Consolidate compiler generated dependencies of target alicia_d_control_interfaces__rosidl_typesupport_introspection_c__pyext
[ 93%] Linking C shared library rosidl_generator_py/alicia_d_control_interfaces/alicia_d_control_interfaces_s__rosidl_typesupport_fastrtps_c.cpython-310-x86_64-linux-gnu.so
[ 95%] Linking C shared library rosidl_generator_py/alicia_d_control_interfaces/alicia_d_control_interfaces_s__rosidl_typesupport_introspection_c.cpython-310-x86_64-linux-gnu.so
[ 96%] Linking C shared library rosidl_generator_py/alicia_d_control_interfaces/alicia_d_control_interfaces_s__rosidl_typesupport_c.cpython-310-x86_64-linux-gnu.so
