-- Found ament_cmake: 1.3.14 (/opt/ros/humble/share/ament_cmake/cmake)
-- Found geometry_msgs: 4.9.1 (/opt/ros/humble/share/geometry_msgs/cmake)
-- Found rosidl_generator_c: 3.1.8 (/opt/ros/humble/share/rosidl_generator_c/cmake)
-- Found rosidl_adapter: 3.1.8 (/opt/ros/humble/share/rosidl_adapter/cmake)
-- Found rosidl_generator_cpp: 3.1.8 (/opt/ros/humble/share/rosidl_generator_cpp/cmake)
-- Using all available rosidl_typesupport_c: rosidl_typesupport_fastrtps_c;rosidl_typesupport_introspection_c
-- Using all available rosidl_typesupport_cpp: rosidl_typesupport_fastrtps_cpp;rosidl_typesupport_introspection_cpp
-- Found rosidl_default_generators: 1.2.1 (/opt/ros/humble/share/rosidl_default_generators/cmake)
-- Found ament_cmake_ros: 0.10.0 (/opt/ros/humble/share/ament_cmake_ros/cmake)
-- Using all available rosidl_typesupport_c: rosidl_typesupport_fastrtps_c;rosidl_typesupport_introspection_c
-- Using all available rosidl_typesupport_cpp: rosidl_typesupport_fastrtps_cpp;rosidl_typesupport_introspection_cpp
-- Found python_cmake_module: 0.10.0 (/opt/ros/humble/share/python_cmake_module/cmake)
-- Using PYTHON_EXECUTABLE: /usr/bin/python3
-- Using PYTHON_INCLUDE_DIRS: /usr/include/python3.10
-- Using PYTHON_LIBRARIES: /usr/lib/x86_64-linux-gnu/libpython3.10.so
-- Configuring done
-- Generating done
-- Build files have been written to: /home/Projects/HET/alicia_ws/build/alicia_d_control_interfaces
Consolidate compiler generated dependencies of target alicia_d_control_interfaces__rosidl_generator_c
[  1%] Built target alicia_d_control_interfaces__rs
[  2%] Built target alicia_d_control_interfaces__cpp
[  3%] Linking C shared library libalicia_d_control_interfaces__rosidl_generator_c.so
Consolidate compiler generated dependencies of target alicia_d_control_interfaces__rosidl_typesupport_introspection_cpp
Consolidate compiler generated dependencies of target alicia_d_control_interfaces__rosidl_typesupport_cpp
Consolidate compiler generated dependencies of target alicia_d_control_interfaces__rosidl_typesupport_fastrtps_cpp
[  3%] Built target ament_cmake_python_copy_alicia_d_control_interfaces
[  5%] Linking CXX shared library libalicia_d_control_interfaces__rosidl_typesupport_cpp.so
[  6%] Linking CXX shared library libalicia_d_control_interfaces__rosidl_typesupport_fastrtps_cpp.so
[  7%] Linking CXX shared library libalicia_d_control_interfaces__rosidl_typesupport_introspection_cpp.so
running egg_info
writing alicia_d_control_interfaces.egg-info/PKG-INFO
writing dependency_links to alicia_d_control_interfaces.egg-info/dependency_links.txt
writing top-level names to alicia_d_control_interfaces.egg-info/top_level.txt
reading manifest file 'alicia_d_control_interfaces.egg-info/SOURCES.txt'
writing manifest file 'alicia_d_control_interfaces.egg-info/SOURCES.txt'
[  7%] Built target ament_cmake_python_build_alicia_d_control_interfaces_egg
[ 17%] Built target alicia_d_control_interfaces__rosidl_typesupport_cpp
[ 27%] Built target alicia_d_control_interfaces__rosidl_generator_c
Consolidate compiler generated dependencies of target alicia_d_control_interfaces__rosidl_typesupport_introspection_c
Consolidate compiler generated dependencies of target alicia_d_control_interfaces__rosidl_typesupport_c
Consolidate compiler generated dependencies of target alicia_d_control_interfaces__rosidl_typesupport_fastrtps_c
[ 28%] Linking C shared library libalicia_d_control_interfaces__rosidl_typesupport_introspection_c.so
[ 30%] Linking CXX shared library libalicia_d_control_interfaces__rosidl_typesupport_c.so
[ 31%] Linking CXX shared library libalicia_d_control_interfaces__rosidl_typesupport_fastrtps_c.so
[ 41%] Built target alicia_d_control_interfaces__rosidl_typesupport_introspection_cpp
[ 51%] Built target alicia_d_control_interfaces__rosidl_typesupport_fastrtps_cpp
[ 61%] Built target alicia_d_control_interfaces__rosidl_typesupport_introspection_c
[ 71%] Built target alicia_d_control_interfaces__rosidl_typesupport_c
[ 81%] Built target alicia_d_control_interfaces__rosidl_typesupport_fastrtps_c
[ 81%] Built target alicia_d_control_interfaces
[ 82%] Built target alicia_d_control_interfaces__py
Consolidate compiler generated dependencies of target alicia_d_control_interfaces__rosidl_generator_py
[ 83%] Linking C shared library rosidl_generator_py/alicia_d_control_interfaces/libalicia_d_control_interfaces__rosidl_generator_py.so
[ 92%] Built target alicia_d_control_interfaces__rosidl_generator_py
Consolidate compiler generated dependencies of target alicia_d_control_interfaces__rosidl_typesupport_fastrtps_c__pyext
Consolidate compiler generated dependencies of target alicia_d_control_interfaces__rosidl_typesupport_c__pyext
Consolidate compiler generated dependencies of target alicia_d_control_interfaces__rosidl_typesupport_introspection_c__pyext
[ 93%] Linking C shared library rosidl_generator_py/alicia_d_control_interfaces/alicia_d_control_interfaces_s__rosidl_typesupport_fastrtps_c.cpython-310-x86_64-linux-gnu.so
[ 95%] Linking C shared library rosidl_generator_py/alicia_d_control_interfaces/alicia_d_control_interfaces_s__rosidl_typesupport_introspection_c.cpython-310-x86_64-linux-gnu.so
[ 96%] Linking C shared library rosidl_generator_py/alicia_d_control_interfaces/alicia_d_control_interfaces_s__rosidl_typesupport_c.cpython-310-x86_64-linux-gnu.so
/usr/bin/ld: CMakeFiles/alicia_d_control_interfaces__rosidl_typesupport_fastrtps_c__pyext.dir/rosidl_generator_py/alicia_d_control_interfaces/_alicia_d_control_interfaces_s.ep.rosidl_typesupport_fastrtps_c.c.o: in function `alicia_d_control_interfaces__action__execute_pick__goal__create_ros_message':
_alicia_d_control_interfaces_s.ep.rosidl_typesupport_fastrtps_c.c:(.text+0x54d): undefined reference to `alicia_d_control_interfaces__action__ExecutePick_Goal__create'
/usr/bin/ld: CMakeFiles/alicia_d_control_interfaces__rosidl_typesupport_fastrtps_c__pyext.dir/rosidl_generator_py/alicia_d_control_interfaces/_alicia_d_control_interfaces_s.ep.rosidl_typesupport_fastrtps_c.c.o: in function `alicia_d_control_interfaces__action__execute_pick__goal__destroy_ros_message':
_alicia_d_control_interfaces_s.ep.rosidl_typesupport_fastrtps_c.c:(.text+0x573): undefined reference to `alicia_d_control_interfaces__action__ExecutePick_Goal__destroy'
/usr/bin/ld: CMakeFiles/alicia_d_control_interfaces__rosidl_typesupport_fastrtps_c__pyext.dir/rosidl_generator_py/alicia_d_control_interfaces/_alicia_d_control_interfaces_s.ep.rosidl_typesupport_fastrtps_c.c.o: in function `_register_msg_type__action__execute_pick__goal':
_alicia_d_control_interfaces_s.ep.rosidl_typesupport_fastrtps_c.c:(.text+0x67b): undefined reference to `alicia_d_control_interfaces__action__execute_pick__goal__convert_from_py'
/usr/bin/ld: _alicia_d_control_interfaces_s.ep.rosidl_typesupport_fastrtps_c.c:(.text+0x6e9): undefined reference to `alicia_d_control_interfaces__action__execute_pick__goal__convert_to_py'
/usr/bin/ld: _alicia_d_control_interfaces_s.ep.rosidl_typesupport_fastrtps_c.c:(.text+0x74d): undefined reference to `rosidl_typesupport_c__get_message_type_support_handle__alicia_d_control_interfaces__action__ExecutePick_Goal'
/usr/bin/ld: CMakeFiles/alicia_d_control_interfaces__rosidl_typesupport_fastrtps_c__pyext.dir/rosidl_generator_py/alicia_d_control_interfaces/_alicia_d_control_interfaces_s.ep.rosidl_typesupport_fastrtps_c.c.o: in function `alicia_d_control_interfaces__action__execute_pick__result__create_ros_message':
_alicia_d_control_interfaces_s.ep.rosidl_typesupport_fastrtps_c.c:(.text+0x7bf): undefined reference to `alicia_d_control_interfaces__action__ExecutePick_Result__create'
/usr/bin/ld: CMakeFiles/alicia_d_control_interfaces__rosidl_typesupport_fastrtps_c__pyext.dir/rosidl_generator_py/alicia_d_control_interfaces/_alicia_d_control_interfaces_s.ep.rosidl_typesupport_fastrtps_c.c.o: in function `alicia_d_control_interfaces__action__execute_pick__result__destroy_ros_message':
_alicia_d_control_interfaces_s.ep.rosidl_typesupport_fastrtps_c.c:(.text+0x7e5): undefined reference to `alicia_d_control_interfaces__action__ExecutePick_Result__destroy'
/usr/bin/ld: CMakeFiles/alicia_d_control_interfaces__rosidl_typesupport_fastrtps_c__pyext.dir/rosidl_generator_py/alicia_d_control_interfaces/_alicia_d_control_interfaces_s.ep.rosidl_typesupport_fastrtps_c.c.o: in function `_register_msg_type__action__execute_pick__result':
_alicia_d_control_interfaces_s.ep.rosidl_typesupport_fastrtps_c.c:(.text+0x8ed): undefined reference to `alicia_d_control_interfaces__action__execute_pick__result__convert_from_py'
/usr/bin/ld: _alicia_d_control_interfaces_s.ep.rosidl_typesupport_fastrtps_c.c:(.text+0x95b): undefined reference to `alicia_d_control_interfaces__action__execute_pick__result__convert_to_py'
/usr/bin/ld: _alicia_d_control_interfaces_s.ep.rosidl_typesupport_fastrtps_c.c:(.text+0x9bf): undefined reference to `rosidl_typesupport_c__get_message_type_support_handle__alicia_d_control_interfaces__action__ExecutePick_Result'
/usr/bin/ld: CMakeFiles/alicia_d_control_interfaces__rosidl_typesupport_fastrtps_c__pyext.dir/rosidl_generator_py/alicia_d_control_interfaces/_alicia_d_control_interfaces_s.ep.rosidl_typesupport_fastrtps_c.c.o: in function `alicia_d_control_interfaces__action__execute_pick__feedback__create_ros_message':
_alicia_d_control_interfaces_s.ep.rosidl_typesupport_fastrtps_c.c:(.text+0xa31): undefined reference to `alicia_d_control_interfaces__action__ExecutePick_Feedback__create'
/usr/bin/ld: CMakeFiles/alicia_d_control_interfaces__rosidl_typesupport_fastrtps_c__pyext.dir/rosidl_generator_py/alicia_d_control_interfaces/_alicia_d_control_interfaces_s.ep.rosidl_typesupport_fastrtps_c.c.o: in function `alicia_d_control_interfaces__action__execute_pick__feedback__destroy_ros_message':
_alicia_d_control_interfaces_s.ep.rosidl_typesupport_fastrtps_c.c:(.text+0xa57): undefined reference to `alicia_d_control_interfaces__action__ExecutePick_Feedback__destroy'
/usr/bin/ld: CMakeFiles/alicia_d_control_interfaces__rosidl_typesupport_fastrtps_c__pyext.dir/rosidl_generator_py/alicia_d_control_interfaces/_alicia_d_control_interfaces_s.ep.rosidl_typesupport_fastrtps_c.c.o: in function `_register_msg_type__action__execute_pick__feedback':
_alicia_d_control_interfaces_s.ep.rosidl_typesupport_fastrtps_c.c:(.text+0xb5f): undefined reference to `alicia_d_control_interfaces__action__execute_pick__feedback__convert_from_py'
/usr/bin/ld: _alicia_d_control_interfaces_s.ep.rosidl_typesupport_fastrtps_c.c:(.text+0xbcd): undefined reference to `alicia_d_control_interfaces__action__execute_pick__feedback__convert_to_py'
/usr/bin/ld: _alicia_d_control_interfaces_s.ep.rosidl_typesupport_fastrtps_c.c:(.text+0xc31): undefined reference to `rosidl_typesupport_c__get_message_type_support_handle__alicia_d_control_interfaces__action__ExecutePick_Feedback'
/usr/bin/ld: CMakeFiles/alicia_d_control_interfaces__rosidl_typesupport_fastrtps_c__pyext.dir/rosidl_generator_py/alicia_d_control_interfaces/_alicia_d_control_interfaces_s.ep.rosidl_typesupport_fastrtps_c.c.o: in function `alicia_d_control_interfaces__action__execute_pick__send_goal__request__create_ros_message':
_alicia_d_control_interfaces_s.ep.rosidl_typesupport_fastrtps_c.c:(.text+0xca3): undefined reference to `alicia_d_control_interfaces__action__ExecutePick_SendGoal_Request__create'
/usr/bin/ld: CMakeFiles/alicia_d_control_interfaces__rosidl_typesupport_fastrtps_c__pyext.dir/rosidl_generator_py/alicia_d_control_interfaces/_alicia_d_control_interfaces_s.ep.rosidl_typesupport_fastrtps_c.c.o: in function `alicia_d_control_interfaces__action__execute_pick__send_goal__request__destroy_ros_message':
_alicia_d_control_interfaces_s.ep.rosidl_typesupport_fastrtps_c.c:(.text+0xcc9): undefined reference to `alicia_d_control_interfaces__action__ExecutePick_SendGoal_Request__destroy'
/usr/bin/ld: CMakeFiles/alicia_d_control_interfaces__rosidl_typesupport_fastrtps_c__pyext.dir/rosidl_generator_py/alicia_d_control_interfaces/_alicia_d_control_interfaces_s.ep.rosidl_typesupport_fastrtps_c.c.o: in function `_register_msg_type__action__execute_pick__send_goal__request':
_alicia_d_control_interfaces_s.ep.rosidl_typesupport_fastrtps_c.c:(.text+0xdd1): undefined reference to `alicia_d_control_interfaces__action__execute_pick__send_goal__request__convert_from_py'
/usr/bin/ld: _alicia_d_control_interfaces_s.ep.rosidl_typesupport_fastrtps_c.c:(.text+0xe3f): undefined reference to `alicia_d_control_interfaces__action__execute_pick__send_goal__request__convert_to_py'
/usr/bin/ld: _alicia_d_control_interfaces_s.ep.rosidl_typesupport_fastrtps_c.c:(.text+0xea3): undefined reference to `rosidl_typesupport_c__get_message_type_support_handle__alicia_d_control_interfaces__action__ExecutePick_SendGoal_Request'
/usr/bin/ld: CMakeFiles/alicia_d_control_interfaces__rosidl_typesupport_fastrtps_c__pyext.dir/rosidl_generator_py/alicia_d_control_interfaces/_alicia_d_control_interfaces_s.ep.rosidl_typesupport_fastrtps_c.c.o: in function `alicia_d_control_interfaces__action__execute_pick__send_goal__response__create_ros_message':
_alicia_d_control_interfaces_s.ep.rosidl_typesupport_fastrtps_c.c:(.text+0xf15): undefined reference to `alicia_d_control_interfaces__action__ExecutePick_SendGoal_Response__create'
/usr/bin/ld: CMakeFiles/alicia_d_control_interfaces__rosidl_typesupport_fastrtps_c__pyext.dir/rosidl_generator_py/alicia_d_control_interfaces/_alicia_d_control_interfaces_s.ep.rosidl_typesupport_fastrtps_c.c.o: in function `alicia_d_control_interfaces__action__execute_pick__send_goal__response__destroy_ros_message':
_alicia_d_control_interfaces_s.ep.rosidl_typesupport_fastrtps_c.c:(.text+0xf3b): undefined reference to `alicia_d_control_interfaces__action__ExecutePick_SendGoal_Response__destroy'
/usr/bin/ld: CMakeFiles/alicia_d_control_interfaces__rosidl_typesupport_fastrtps_c__pyext.dir/rosidl_generator_py/alicia_d_control_interfaces/_alicia_d_control_interfaces_s.ep.rosidl_typesupport_fastrtps_c.c.o: in function `_register_msg_type__action__execute_pick__send_goal__response':
_alicia_d_control_interfaces_s.ep.rosidl_typesupport_fastrtps_c.c:(.text+0x1043): undefined reference to `alicia_d_control_interfaces__action__execute_pick__send_goal__response__convert_from_py'
/usr/bin/ld: _alicia_d_control_interfaces_s.ep.rosidl_typesupport_fastrtps_c.c:(.text+0x10b1): undefined reference to `alicia_d_control_interfaces__action__execute_pick__send_goal__response__convert_to_py'
/usr/bin/ld: _alicia_d_control_interfaces_s.ep.rosidl_typesupport_fastrtps_c.c:(.text+0x1115): undefined reference to `rosidl_typesupport_c__get_message_type_support_handle__alicia_d_control_interfaces__action__ExecutePick_SendGoal_Response'
/usr/bin/ld: CMakeFiles/alicia_d_control_interfaces__rosidl_typesupport_fastrtps_c__pyext.dir/rosidl_generator_py/alicia_d_control_interfaces/_alicia_d_control_interfaces_s.ep.rosidl_typesupport_fastrtps_c.c.o: in function `_register_srv_type__action__execute_pick__send_goal':
_alicia_d_control_interfaces_s.ep.rosidl_typesupport_fastrtps_c.c:(.text+0x1197): undefined reference to `rosidl_typesupport_c__get_service_type_support_handle__alicia_d_control_interfaces__action__ExecutePick_SendGoal'
/usr/bin/ld: CMakeFiles/alicia_d_control_interfaces__rosidl_typesupport_fastrtps_c__pyext.dir/rosidl_generator_py/alicia_d_control_interfaces/_alicia_d_control_interfaces_s.ep.rosidl_typesupport_fastrtps_c.c.o: in function `alicia_d_control_interfaces__action__execute_pick__get_result__request__create_ros_message':
_alicia_d_control_interfaces_s.ep.rosidl_typesupport_fastrtps_c.c:(.text+0x1209): undefined reference to `alicia_d_control_interfaces__action__ExecutePick_GetResult_Request__create'
/usr/bin/ld: CMakeFiles/alicia_d_control_interfaces__rosidl_typesupport_fastrtps_c__pyext.dir/rosidl_generator_py/alicia_d_control_interfaces/_alicia_d_control_interfaces_s.ep.rosidl_typesupport_fastrtps_c.c.o: in function `alicia_d_control_interfaces__action__execute_pick__get_result__request__destroy_ros_message':
_alicia_d_control_interfaces_s.ep.rosidl_typesupport_fastrtps_c.c:(.text+0x122f): undefined reference to `alicia_d_control_interfaces__action__ExecutePick_GetResult_Request__destroy'
/usr/bin/ld: CMakeFiles/alicia_d_control_interfaces__rosidl_typesupport_fastrtps_c__pyext.dir/rosidl_generator_py/alicia_d_control_interfaces/_alicia_d_control_interfaces_s.ep.rosidl_typesupport_fastrtps_c.c.o: in function `_register_msg_type__action__execute_pick__get_result__request':
_alicia_d_control_interfaces_s.ep.rosidl_typesupport_fastrtps_c.c:(.text+0x1337): undefined reference to `alicia_d_control_interfaces__action__execute_pick__get_result__request__convert_from_py'
/usr/bin/ld: _alicia_d_control_interfaces_s.ep.rosidl_typesupport_fastrtps_c.c:(.text+0x13a5): undefined reference to `alicia_d_control_interfaces__action__execute_pick__get_result__request__convert_to_py'
/usr/bin/ld: _alicia_d_control_interfaces_s.ep.rosidl_typesupport_fastrtps_c.c:(.text+0x1409): undefined reference to `rosidl_typesupport_c__get_message_type_support_handle__alicia_d_control_interfaces__action__ExecutePick_GetResult_Request'
/usr/bin/ld: CMakeFiles/alicia_d_control_interfaces__rosidl_typesupport_fastrtps_c__pyext.dir/rosidl_generator_py/alicia_d_control_interfaces/_alicia_d_control_interfaces_s.ep.rosidl_typesupport_fastrtps_c.c.o: in function `alicia_d_control_interfaces__action__execute_pick__get_result__response__create_ros_message':
_alicia_d_control_interfaces_s.ep.rosidl_typesupport_fastrtps_c.c:(.text+0x147b): undefined reference to `alicia_d_control_interfaces__action__ExecutePick_GetResult_Response__create'
/usr/bin/ld: CMakeFiles/alicia_d_control_interfaces__rosidl_typesupport_fastrtps_c__pyext.dir/rosidl_generator_py/alicia_d_control_interfaces/_alicia_d_control_interfaces_s.ep.rosidl_typesupport_fastrtps_c.c.o: in function `alicia_d_control_interfaces__action__execute_pick__get_result__response__destroy_ros_message':
_alicia_d_control_interfaces_s.ep.rosidl_typesupport_fastrtps_c.c:(.text+0x14a1): undefined reference to `alicia_d_control_interfaces__action__ExecutePick_GetResult_Response__destroy'
/usr/bin/ld: CMakeFiles/alicia_d_control_interfaces__rosidl_typesupport_fastrtps_c__pyext.dir/rosidl_generator_py/alicia_d_control_interfaces/_alicia_d_control_interfaces_s.ep.rosidl_typesupport_fastrtps_c.c.o: in function `_register_msg_type__action__execute_pick__get_result__response':
_alicia_d_control_interfaces_s.ep.rosidl_typesupport_fastrtps_c.c:(.text+0x15a9): undefined reference to `alicia_d_control_interfaces__action__execute_pick__get_result__response__convert_from_py'
/usr/bin/ld: _alicia_d_control_interfaces_s.ep.rosidl_typesupport_fastrtps_c.c:(.text+0x1617): undefined reference to `alicia_d_control_interfaces__action__execute_pick__get_result__response__convert_to_py'
/usr/bin/ld: _alicia_d_control_interfaces_s.ep.rosidl_typesupport_fastrtps_c.c:(.text+0x167b): undefined reference to `rosidl_typesupport_c__get_message_type_support_handle__alicia_d_control_interfaces__action__ExecutePick_GetResult_Response'
/usr/bin/ld: CMakeFiles/alicia_d_control_interfaces__rosidl_typesupport_fastrtps_c__pyext.dir/rosidl_generator_py/alicia_d_control_interfaces/_alicia_d_control_interfaces_s.ep.rosidl_typesupport_fastrtps_c.c.o: in function `_register_srv_type__action__execute_pick__get_result':
_alicia_d_control_interfaces_s.ep.rosidl_typesupport_fastrtps_c.c:(.text+0x16fd): undefined reference to `rosidl_typesupport_c__get_service_type_support_handle__alicia_d_control_interfaces__action__ExecutePick_GetResult'
/usr/bin/ld: CMakeFiles/alicia_d_control_interfaces__rosidl_typesupport_fastrtps_c__pyext.dir/rosidl_generator_py/alicia_d_control_interfaces/_alicia_d_control_interfaces_s.ep.rosidl_typesupport_fastrtps_c.c.o: in function `alicia_d_control_interfaces__action__execute_pick__feedback_message__create_ros_message':
_alicia_d_control_interfaces_s.ep.rosidl_typesupport_fastrtps_c.c:(.text+0x176f): undefined reference to `alicia_d_control_interfaces__action__ExecutePick_FeedbackMessage__create'
/usr/bin/ld: CMakeFiles/alicia_d_control_interfaces__rosidl_typesupport_fastrtps_c__pyext.dir/rosidl_generator_py/alicia_d_control_interfaces/_alicia_d_control_interfaces_s.ep.rosidl_typesupport_fastrtps_c.c.o: in function `alicia_d_control_interfaces__action__execute_pick__feedback_message__destroy_ros_message':
_alicia_d_control_interfaces_s.ep.rosidl_typesupport_fastrtps_c.c:(.text+0x1795): undefined reference to `alicia_d_control_interfaces__action__ExecutePick_FeedbackMessage__destroy'
/usr/bin/ld: CMakeFiles/alicia_d_control_interfaces__rosidl_typesupport_fastrtps_c__pyext.dir/rosidl_generator_py/alicia_d_control_interfaces/_alicia_d_control_interfaces_s.ep.rosidl_typesupport_fastrtps_c.c.o: in function `_register_msg_type__action__execute_pick__feedback_message':
_alicia_d_control_interfaces_s.ep.rosidl_typesupport_fastrtps_c.c:(.text+0x189d): undefined reference to `alicia_d_control_interfaces__action__execute_pick__feedback_message__convert_from_py'
/usr/bin/ld: _alicia_d_control_interfaces_s.ep.rosidl_typesupport_fastrtps_c.c:(.text+0x190b): undefined reference to `alicia_d_control_interfaces__action__execute_pick__feedback_message__convert_to_py'
/usr/bin/ld: _alicia_d_control_interfaces_s.ep.rosidl_typesupport_fastrtps_c.c:(.text+0x196f): undefined reference to `rosidl_typesupport_c__get_message_type_support_handle__alicia_d_control_interfaces__action__ExecutePick_FeedbackMessage'
/usr/bin/ld: CMakeFiles/alicia_d_control_interfaces__rosidl_typesupport_fastrtps_c__pyext.dir/rosidl_generator_py/alicia_d_control_interfaces/_alicia_d_control_interfaces_s.ep.rosidl_typesupport_fastrtps_c.c.o: in function `_register_action_type__action__execute_pick':
_alicia_d_control_interfaces_s.ep.rosidl_typesupport_fastrtps_c.c:(.text+0x19f1): undefined reference to `rosidl_typesupport_c__get_action_type_support_handle__alicia_d_control_interfaces__action__ExecutePick'
/usr/bin/ld: CMakeFiles/alicia_d_control_interfaces__rosidl_typesupport_introspection_c__pyext.dir/rosidl_generator_py/alicia_d_control_interfaces/_alicia_d_control_interfaces_s.ep.rosidl_typesupport_introspection_c.c.o: in function `alicia_d_control_interfaces__action__execute_pick__goal__create_ros_message':
_alicia_d_control_interfaces_s.ep.rosidl_typesupport_introspection_c.c:(.text+0x54d): undefined reference to `alicia_d_control_interfaces__action__ExecutePick_Goal__create'
/usr/bin/ld: CMakeFiles/alicia_d_control_interfaces__rosidl_typesupport_introspection_c__pyext.dir/rosidl_generator_py/alicia_d_control_interfaces/_alicia_d_control_interfaces_s.ep.rosidl_typesupport_introspection_c.c.o: in function `alicia_d_control_interfaces__action__execute_pick__goal__destroy_ros_message':
_alicia_d_control_interfaces_s.ep.rosidl_typesupport_introspection_c.c:(.text+0x573): undefined reference to `alicia_d_control_interfaces__action__ExecutePick_Goal__destroy'
/usr/bin/ld: CMakeFiles/alicia_d_control_interfaces__rosidl_typesupport_introspection_c__pyext.dir/rosidl_generator_py/alicia_d_control_interfaces/_alicia_d_control_interfaces_s.ep.rosidl_typesupport_introspection_c.c.o: in function `_register_msg_type__action__execute_pick__goal':
_alicia_d_control_interfaces_s.ep.rosidl_typesupport_introspection_c.c:(.text+0x67b): undefined reference to `alicia_d_control_interfaces__action__execute_pick__goal__convert_from_py'
/usr/bin/ld: _alicia_d_control_interfaces_s.ep.rosidl_typesupport_introspection_c.c:(.text+0x6e9): undefined reference to `alicia_d_control_interfaces__action__execute_pick__goal__convert_to_py'
/usr/bin/ld: _alicia_d_control_interfaces_s.ep.rosidl_typesupport_introspection_c.c:(.text+0x74d): undefined reference to `rosidl_typesupport_c__get_message_type_support_handle__alicia_d_control_interfaces__action__ExecutePick_Goal'
/usr/bin/ld: CMakeFiles/alicia_d_control_interfaces__rosidl_typesupport_introspection_c__pyext.dir/rosidl_generator_py/alicia_d_control_interfaces/_alicia_d_control_interfaces_s.ep.rosidl_typesupport_introspection_c.c.o: in function `alicia_d_control_interfaces__action__execute_pick__result__create_ros_message':
_alicia_d_control_interfaces_s.ep.rosidl_typesupport_introspection_c.c:(.text+0x7bf): undefined reference to `alicia_d_control_interfaces__action__ExecutePick_Result__create'
/usr/bin/ld: CMakeFiles/alicia_d_control_interfaces__rosidl_typesupport_introspection_c__pyext.dir/rosidl_generator_py/alicia_d_control_interfaces/_alicia_d_control_interfaces_s.ep.rosidl_typesupport_introspection_c.c.o: in function `alicia_d_control_interfaces__action__execute_pick__result__destroy_ros_message':
_alicia_d_control_interfaces_s.ep.rosidl_typesupport_introspection_c.c:(.text+0x7e5): undefined reference to `alicia_d_control_interfaces__action__ExecutePick_Result__destroy'
/usr/bin/ld: CMakeFiles/alicia_d_control_interfaces__rosidl_typesupport_introspection_c__pyext.dir/rosidl_generator_py/alicia_d_control_interfaces/_alicia_d_control_interfaces_s.ep.rosidl_typesupport_introspection_c.c.o: in function `_register_msg_type__action__execute_pick__result':
_alicia_d_control_interfaces_s.ep.rosidl_typesupport_introspection_c.c:(.text+0x8ed): undefined reference to `alicia_d_control_interfaces__action__execute_pick__result__convert_from_py'
/usr/bin/ld: _alicia_d_control_interfaces_s.ep.rosidl_typesupport_introspection_c.c:(.text+0x95b): undefined reference to `alicia_d_control_interfaces__action__execute_pick__result__convert_to_py'
/usr/bin/ld: _alicia_d_control_interfaces_s.ep.rosidl_typesupport_introspection_c.c:(.text+0x9bf): undefined reference to `rosidl_typesupport_c__get_message_type_support_handle__alicia_d_control_interfaces__action__ExecutePick_Result'
/usr/bin/ld: collect2: error: ld returned 1 exit status
CMakeFiles/alicia_d_control_interfaces__rosidl_typesupport_introspection_c__pyext.dir/rosidl_generator_py/alicia_d_control_interfaces/_alicia_d_control_interfaces_s.ep.rosidl_typesupport_introspection_c.c.o: in function `alicia_d_control_interfaces__action__execute_pick__feedback__create_ros_message':
_alicia_d_control_interfaces_s.ep.rosidl_typesupport_introspection_c.c:(.text+0xa31): undefined reference to `alicia_d_control_interfaces__action__ExecutePick_Feedback__create'
/usr/bin/ld: CMakeFiles/alicia_d_control_interfaces__rosidl_typesupport_introspection_c__pyext.dir/rosidl_generator_py/alicia_d_control_interfaces/_alicia_d_control_interfaces_s.ep.rosidl_typesupport_introspection_c.c.o: in function `alicia_d_control_interfaces__action__execute_pick__feedback__destroy_ros_message':
_alicia_d_control_interfaces_s.ep.rosidl_typesupport_introspection_c.c:(.text+0xa57): undefined reference to `alicia_d_control_interfaces__action__ExecutePick_Feedback__destroy'
/usr/bin/ld: CMakeFiles/alicia_d_control_interfaces__rosidl_typesupport_introspection_c__pyext.dir/rosidl_generator_py/alicia_d_control_interfaces/_alicia_d_control_interfaces_s.ep.rosidl_typesupport_introspection_c.c.o: in function `_register_msg_type__action__execute_pick__feedback':
_alicia_d_control_interfaces_s.ep.rosidl_typesupport_introspection_c.c:(.text+0xb5f): undefined reference to `alicia_d_control_interfaces__action__execute_pick__feedback__convert_from_py'
/usr/bin/ld: _alicia_d_control_interfaces_s.ep.rosidl_typesupport_introspection_c.c:(.text+0xbcd): undefined reference to `alicia_d_control_interfaces__action__execute_pick__feedback__convert_to_py'
/usr/bin/ld: _alicia_d_control_interfaces_s.ep.rosidl_typesupport_introspection_c.c:(.text+0xc31): undefined reference to `rosidl_typesupport_c__get_message_type_support_handle__alicia_d_control_interfaces__action__ExecutePick_Feedback'
/usr/bin/ld: CMakeFiles/alicia_d_control_interfaces__rosidl_typesupport_introspection_c__pyext.dir/rosidl_generator_py/alicia_d_control_interfaces/_alicia_d_control_interfaces_s.ep.rosidl_typesupport_introspection_c.c.o: in function `alicia_d_control_interfaces__action__execute_pick__send_goal__request__create_ros_message':
_alicia_d_control_interfaces_s.ep.rosidl_typesupport_introspection_c.c:(.text+0xca3): undefined reference to `alicia_d_control_interfaces__action__ExecutePick_SendGoal_Request__create'
/usr/bin/ld: CMakeFiles/alicia_d_control_interfaces__rosidl_typesupport_introspection_c__pyext.dir/rosidl_generator_py/alicia_d_control_interfaces/_alicia_d_control_interfaces_s.ep.rosidl_typesupport_introspection_c.c.o: in function `alicia_d_control_interfaces__action__execute_pick__send_goal__request__destroy_ros_message':
_alicia_d_control_interfaces_s.ep.rosidl_typesupport_introspection_c.c:(.text+0xcc9): undefined reference to `alicia_d_control_interfaces__action__ExecutePick_SendGoal_Request__destroy'
/usr/bin/ld: CMakeFiles/alicia_d_control_interfaces__rosidl_typesupport_introspection_c__pyext.dir/rosidl_generator_py/alicia_d_control_interfaces/_alicia_d_control_interfaces_s.ep.rosidl_typesupport_introspection_c.c.o: in function `_register_msg_type__action__execute_pick__send_goal__request':
_alicia_d_control_interfaces_s.ep.rosidl_typesupport_introspection_c.c:(.text+0xdd1): undefined reference to `alicia_d_control_interfaces__action__execute_pick__send_goal__request__convert_from_py'
/usr/bin/ld: _alicia_d_control_interfaces_s.ep.rosidl_typesupport_introspection_c.c:(.text+0xe3f): undefined reference to `alicia_d_control_interfaces__action__execute_pick__send_goal__request__convert_to_py'
/usr/bin/ld: _alicia_d_control_interfaces_s.ep.rosidl_typesupport_introspection_c.c:(.text+0xea3): undefined reference to `rosidl_typesupport_c__get_message_type_support_handle__alicia_d_control_interfaces__action__ExecutePick_SendGoal_Request'
/usr/bin/ld: CMakeFiles/alicia_d_control_interfaces__rosidl_typesupport_introspection_c__pyext.dir/rosidl_generator_py/alicia_d_control_interfaces/_alicia_d_control_interfaces_s.ep.rosidl_typesupport_introspection_c.c.o: in function `alicia_d_control_interfaces__action__execute_pick__send_goal__response__create_ros_message':
_alicia_d_control_interfaces_s.ep.rosidl_typesupport_introspection_c.c:(.text+0xf15): undefined reference to `alicia_d_control_interfaces__action__ExecutePick_SendGoal_Response__create'
/usr/bin/ld: CMakeFiles/alicia_d_control_interfaces__rosidl_typesupport_introspection_c__pyext.dir/rosidl_generator_py/alicia_d_control_interfaces/_alicia_d_control_interfaces_s.ep.rosidl_typesupport_introspection_c.c.o: in function `alicia_d_control_interfaces__action__execute_pick__send_goal__response__destroy_ros_message':
_alicia_d_control_interfaces_s.ep.rosidl_typesupport_introspection_c.c:(.text+0xf3b): undefined reference to `alicia_d_control_interfaces__action__ExecutePick_SendGoal_Response__destroy'
/usr/bin/ld: CMakeFiles/alicia_d_control_interfaces__rosidl_typesupport_introspection_c__pyext.dir/rosidl_generator_py/alicia_d_control_interfaces/_alicia_d_control_interfaces_s.ep.rosidl_typesupport_introspection_c.c.o: in function `_register_msg_type__action__execute_pick__send_goal__response':
_alicia_d_control_interfaces_s.ep.rosidl_typesupport_introspection_c.c:(.text+0x1043): undefined reference to `alicia_d_control_interfaces__action__execute_pick__send_goal__response__convert_from_py'
/usr/bin/ld: _alicia_d_control_interfaces_s.ep.rosidl_typesupport_introspection_c.c:(.text+0x10b1): undefined reference to `alicia_d_control_interfaces__action__execute_pick__send_goal__response__convert_to_py'
/usr/bin/ld: _alicia_d_control_interfaces_s.ep.rosidl_typesupport_introspection_c.c:(.text+0x1115): undefined reference to `rosidl_typesupport_c__get_message_type_support_handle__alicia_d_control_interfaces__action__ExecutePick_SendGoal_Response'
/usr/bin/ld: CMakeFiles/alicia_d_control_interfaces__rosidl_typesupport_introspection_c__pyext.dir/rosidl_generator_py/alicia_d_control_interfaces/_alicia_d_control_interfaces_s.ep.rosidl_typesupport_introspection_c.c.o: in function `_register_srv_type__action__execute_pick__send_goal':
_alicia_d_control_interfaces_s.ep.rosidl_typesupport_introspection_c.c:(.text+0x1197): undefined reference to `rosidl_typesupport_c__get_service_type_support_handle__alicia_d_control_interfaces__action__ExecutePick_SendGoal'
/usr/bin/ld: CMakeFiles/alicia_d_control_interfaces__rosidl_typesupport_introspection_c__pyext.dir/rosidl_generator_py/alicia_d_control_interfaces/_alicia_d_control_interfaces_s.ep.rosidl_typesupport_introspection_c.c.o: in function `alicia_d_control_interfaces__action__execute_pick__get_result__request__create_ros_message':
_alicia_d_control_interfaces_s.ep.rosidl_typesupport_introspection_c.c:(.text+0x1209): undefined reference to `alicia_d_control_interfaces__action__ExecutePick_GetResult_Request__create'
/usr/bin/ld: CMakeFiles/alicia_d_control_interfaces__rosidl_typesupport_introspection_c__pyext.dir/rosidl_generator_py/alicia_d_control_interfaces/_alicia_d_control_interfaces_s.ep.rosidl_typesupport_introspection_c.c.o: in function `alicia_d_control_interfaces__action__execute_pick__get_result__request__destroy_ros_message':
_alicia_d_control_interfaces_s.ep.rosidl_typesupport_introspection_c.c:(.text+0x122f): undefined reference to `alicia_d_control_interfaces__action__ExecutePick_GetResult_Request__destroy'
/usr/bin/ld: CMakeFiles/alicia_d_control_interfaces__rosidl_typesupport_introspection_c__pyext.dir/rosidl_generator_py/alicia_d_control_interfaces/_alicia_d_control_interfaces_s.ep.rosidl_typesupport_introspection_c.c.o: in function `_register_msg_type__action__execute_pick__get_result__request':
_alicia_d_control_interfaces_s.ep.rosidl_typesupport_introspection_c.c:(.text+0x1337): undefined reference to `alicia_d_control_interfaces__action__execute_pick__get_result__request__convert_from_py'
/usr/bin/ld: _alicia_d_control_interfaces_s.ep.rosidl_typesupport_introspection_c.c:(.text+0x13a5): undefined reference to `alicia_d_control_interfaces__action__execute_pick__get_result__request__convert_to_py'
/usr/bin/ld: _alicia_d_control_interfaces_s.ep.rosidl_typesupport_introspection_c.c:(.text+0x1409): undefined reference to `rosidl_typesupport_c__get_message_type_support_handle__alicia_d_control_interfaces__action__ExecutePick_GetResult_Request'
/usr/bin/ld: CMakeFiles/alicia_d_control_interfaces__rosidl_typesupport_introspection_c__pyext.dir/rosidl_generator_py/alicia_d_control_interfaces/_alicia_d_control_interfaces_s.ep.rosidl_typesupport_introspection_c.c.o: in function `alicia_d_control_interfaces__action__execute_pick__get_result__response__create_ros_message':
_alicia_d_control_interfaces_s.ep.rosidl_typesupport_introspection_c.c:(.text+0x147b): undefined reference to `alicia_d_control_interfaces__action__ExecutePick_GetResult_Response__create'
/usr/bin/ld: CMakeFiles/alicia_d_control_interfaces__rosidl_typesupport_introspection_c__pyext.dir/rosidl_generator_py/alicia_d_control_interfaces/_alicia_d_control_interfaces_s.ep.rosidl_typesupport_introspection_c.c.o: in function `alicia_d_control_interfaces__action__execute_pick__get_result__response__destroy_ros_message':
_alicia_d_control_interfaces_s.ep.rosidl_typesupport_introspection_c.c:(.text+0x14a1): undefined reference to `alicia_d_control_interfaces__action__ExecutePick_GetResult_Response__destroy'
/usr/bin/ld: CMakeFiles/alicia_d_control_interfaces__rosidl_typesupport_introspection_c__pyext.dir/rosidl_generator_py/alicia_d_control_interfaces/_alicia_d_control_interfaces_s.ep.rosidl_typesupport_introspection_c.c.o: in function `_register_msg_type__action__execute_pick__get_result__response':
_alicia_d_control_interfaces_s.ep.rosidl_typesupport_introspection_c.c:(.text+0x15a9): undefined reference to `alicia_d_control_interfaces__action__execute_pick__get_result__response__convert_from_py'
/usr/bin/ld: _alicia_d_control_interfaces_s.ep.rosidl_typesupport_introspection_c.c:(.text+0x1617): undefined reference to `alicia_d_control_interfaces__action__execute_pick__get_result__response__convert_to_py'
/usr/bin/ld: _alicia_d_control_interfaces_s.ep.rosidl_typesupport_introspection_c.c:(.text+0x167b): undefined reference to `rosidl_typesupport_c__get_message_type_support_handle__alicia_d_control_interfaces__action__ExecutePick_GetResult_Response'
/usr/bin/ld: CMakeFiles/alicia_d_control_interfaces__rosidl_typesupport_introspection_c__pyext.dir/rosidl_generator_py/alicia_d_control_interfaces/_alicia_d_control_interfaces_s.ep.rosidl_typesupport_introspection_c.c.o: in function `_register_srv_type__action__execute_pick__get_result':
_alicia_d_control_interfaces_s.ep.rosidl_typesupport_introspection_c.c:(.text+0x16fd): undefined reference to `rosidl_typesupport_c__get_service_type_support_handle__alicia_d_control_interfaces__action__ExecutePick_GetResult'
/usr/bin/ld: CMakeFiles/alicia_d_control_interfaces__rosidl_typesupport_introspection_c__pyext.dir/rosidl_generator_py/alicia_d_control_interfaces/_alicia_d_control_interfaces_s.ep.rosidl_typesupport_introspection_c.c.o: in function `alicia_d_control_interfaces__action__execute_pick__feedback_message__create_ros_message':
_alicia_d_control_interfaces_s.ep.rosidl_typesupport_introspection_c.c:(.text+0x176f): undefined reference to `alicia_d_control_interfaces__action__ExecutePick_FeedbackMessage__create'
/usr/bin/ld: CMakeFiles/alicia_d_control_interfaces__rosidl_typesupport_introspection_c__pyext.dir/rosidl_generator_py/alicia_d_control_interfaces/_alicia_d_control_interfaces_s.ep.rosidl_typesupport_introspection_c.c.o: in function `alicia_d_control_interfaces__action__execute_pick__feedback_message__destroy_ros_message':
_alicia_d_control_interfaces_s.ep.rosidl_typesupport_introspection_c.c:(.text+0x1795): undefined reference to `alicia_d_control_interfaces__action__ExecutePick_FeedbackMessage__destroy'
/usr/bin/ld: CMakeFiles/alicia_d_control_interfaces__rosidl_typesupport_introspection_c__pyext.dir/rosidl_generator_py/alicia_d_control_interfaces/_alicia_d_control_interfaces_s.ep.rosidl_typesupport_introspection_c.c.o: in function `_register_msg_type__action__execute_pick__feedback_message':
_alicia_d_control_interfaces_s.ep.rosidl_typesupport_introspection_c.c:(.text+0x189d): undefined reference to `alicia_d_control_interfaces__action__execute_pick__feedback_message__convert_from_py'
/usr/bin/ld: _alicia_d_control_interfaces_s.ep.rosidl_typesupport_introspection_c.c:(.text+0x190b): undefined reference to `alicia_d_control_interfaces__action__execute_pick__feedback_message__convert_to_py'
/usr/bin/ld: _alicia_d_control_interfaces_s.ep.rosidl_typesupport_introspection_c.c:(.text+0x196f): undefined reference to `rosidl_typesupport_c__get_message_type_support_handle__alicia_d_control_interfaces__action__ExecutePick_FeedbackMessage'
/usr/bin/ld: CMakeFiles/alicia_d_control_interfaces__rosidl_typesupport_introspection_c__pyext.dir/rosidl_generator_py/alicia_d_control_interfaces/_alicia_d_control_interfaces_s.ep.rosidl_typesupport_introspection_c.c.o: in function `_register_action_type__action__execute_pick':
_alicia_d_control_interfaces_s.ep.rosidl_typesupport_introspection_c.c:(.text+0x19f1): undefined reference to `rosidl_typesupport_c__get_action_type_support_handle__alicia_d_control_interfaces__action__ExecutePick'
gmake[2]: *** [CMakeFiles/alicia_d_control_interfaces__rosidl_typesupport_fastrtps_c__pyext.dir/build.make:153: rosidl_generator_py/alicia_d_control_interfaces/alicia_d_control_interfaces_s__rosidl_typesupport_fastrtps_c.cpython-310-x86_64-linux-gnu.so] Error 1
gmake[1]: *** [CMakeFiles/Makefile2:524: CMakeFiles/alicia_d_control_interfaces__rosidl_typesupport_fastrtps_c__pyext.dir/all] Error 2
collect2: error: ld returned 1 exit status
gmake[1]: *** Waiting for unfinished jobs....
gmake[2]: *** [CMakeFiles/alicia_d_control_interfaces__rosidl_typesupport_introspection_c__pyext.dir/build.make:153: rosidl_generator_py/alicia_d_control_interfaces/alicia_d_control_interfaces_s__rosidl_typesupport_introspection_c.cpython-310-x86_64-linux-gnu.so] Error 1
gmake[1]: *** [CMakeFiles/Makefile2:554: CMakeFiles/alicia_d_control_interfaces__rosidl_typesupport_introspection_c__pyext.dir/all] Error 2
/usr/bin/ld: CMakeFiles/alicia_d_control_interfaces__rosidl_typesupport_c__pyext.dir/rosidl_generator_py/alicia_d_control_interfaces/_alicia_d_control_interfaces_s.ep.rosidl_typesupport_c.c.o: in function `alicia_d_control_interfaces__action__execute_pick__goal__create_ros_message':
_alicia_d_control_interfaces_s.ep.rosidl_typesupport_c.c:(.text+0x54d): undefined reference to `alicia_d_control_interfaces__action__ExecutePick_Goal__create'
/usr/bin/ld: CMakeFiles/alicia_d_control_interfaces__rosidl_typesupport_c__pyext.dir/rosidl_generator_py/alicia_d_control_interfaces/_alicia_d_control_interfaces_s.ep.rosidl_typesupport_c.c.o: in function `alicia_d_control_interfaces__action__execute_pick__goal__destroy_ros_message':
_alicia_d_control_interfaces_s.ep.rosidl_typesupport_c.c:(.text+0x573): undefined reference to `alicia_d_control_interfaces__action__ExecutePick_Goal__destroy'
/usr/bin/ld: CMakeFiles/alicia_d_control_interfaces__rosidl_typesupport_c__pyext.dir/rosidl_generator_py/alicia_d_control_interfaces/_alicia_d_control_interfaces_s.ep.rosidl_typesupport_c.c.o: in function `_register_msg_type__action__execute_pick__goal':
_alicia_d_control_interfaces_s.ep.rosidl_typesupport_c.c:(.text+0x67b): undefined reference to `alicia_d_control_interfaces__action__execute_pick__goal__convert_from_py'
/usr/bin/ld: _alicia_d_control_interfaces_s.ep.rosidl_typesupport_c.c:(.text+0x6e9): undefined reference to `alicia_d_control_interfaces__action__execute_pick__goal__convert_to_py'
/usr/bin/ld: _alicia_d_control_interfaces_s.ep.rosidl_typesupport_c.c:(.text+0x74d): undefined reference to `rosidl_typesupport_c__get_message_type_support_handle__alicia_d_control_interfaces__action__ExecutePick_Goal'
/usr/bin/ld: CMakeFiles/alicia_d_control_interfaces__rosidl_typesupport_c__pyext.dir/rosidl_generator_py/alicia_d_control_interfaces/_alicia_d_control_interfaces_s.ep.rosidl_typesupport_c.c.o: in function `alicia_d_control_interfaces__action__execute_pick__result__create_ros_message':
_alicia_d_control_interfaces_s.ep.rosidl_typesupport_c.c:(.text+0x7bf): undefined reference to `alicia_d_control_interfaces__action__ExecutePick_Result__create'
/usr/bin/ld: CMakeFiles/alicia_d_control_interfaces__rosidl_typesupport_c__pyext.dir/rosidl_generator_py/alicia_d_control_interfaces/_alicia_d_control_interfaces_s.ep.rosidl_typesupport_c.c.o: in function `alicia_d_control_interfaces__action__execute_pick__result__destroy_ros_message':
_alicia_d_control_interfaces_s.ep.rosidl_typesupport_c.c:(.text+0x7e5): undefined reference to `alicia_d_control_interfaces__action__ExecutePick_Result__destroy'
/usr/bin/ld: CMakeFiles/alicia_d_control_interfaces__rosidl_typesupport_c__pyext.dir/rosidl_generator_py/alicia_d_control_interfaces/_alicia_d_control_interfaces_s.ep.rosidl_typesupport_c.c.o: in function `_register_msg_type__action__execute_pick__result':
_alicia_d_control_interfaces_s.ep.rosidl_typesupport_c.c:(.text+0x8ed): undefined reference to `alicia_d_control_interfaces__action__execute_pick__result__convert_from_py'
/usr/bin/ld: _alicia_d_control_interfaces_s.ep.rosidl_typesupport_c.c:(.text+0x95b): undefined reference to `alicia_d_control_interfaces__action__execute_pick__result__convert_to_py'
/usr/bin/ld: _alicia_d_control_interfaces_s.ep.rosidl_typesupport_c.c:(.text+0x9bf): undefined reference to `rosidl_typesupport_c__get_message_type_support_handle__alicia_d_control_interfaces__action__ExecutePick_Result'
/usr/bin/ld: CMakeFiles/alicia_d_control_interfaces__rosidl_typesupport_c__pyext.dir/rosidl_generator_py/alicia_d_control_interfaces/_alicia_d_control_interfaces_s.ep.rosidl_typesupport_c.c.o: in function `alicia_d_control_interfaces__action__execute_pick__feedback__create_ros_message':
_alicia_d_control_interfaces_s.ep.rosidl_typesupport_c.c:(.text+0xa31): undefined reference to `alicia_d_control_interfaces__action__ExecutePick_Feedback__create'
/usr/bin/ld: CMakeFiles/alicia_d_control_interfaces__rosidl_typesupport_c__pyext.dir/rosidl_generator_py/alicia_d_control_interfaces/_alicia_d_control_interfaces_s.ep.rosidl_typesupport_c.c.o: in function `alicia_d_control_interfaces__action__execute_pick__feedback__destroy_ros_message':
_alicia_d_control_interfaces_s.ep.rosidl_typesupport_c.c:(.text+0xa57): undefined reference to `alicia_d_control_interfaces__action__ExecutePick_Feedback__destroy'
/usr/bin/ld: CMakeFiles/alicia_d_control_interfaces__rosidl_typesupport_c__pyext.dir/rosidl_generator_py/alicia_d_control_interfaces/_alicia_d_control_interfaces_s.ep.rosidl_typesupport_c.c.o: in function `_register_msg_type__action__execute_pick__feedback':
_alicia_d_control_interfaces_s.ep.rosidl_typesupport_c.c:(.text+0xb5f): undefined reference to `alicia_d_control_interfaces__action__execute_pick__feedback__convert_from_py'
/usr/bin/ld: _alicia_d_control_interfaces_s.ep.rosidl_typesupport_c.c:(.text+0xbcd): undefined reference to `alicia_d_control_interfaces__action__execute_pick__feedback__convert_to_py'
/usr/bin/ld: _alicia_d_control_interfaces_s.ep.rosidl_typesupport_c.c:(.text+0xc31): undefined reference to `rosidl_typesupport_c__get_message_type_support_handle__alicia_d_control_interfaces__action__ExecutePick_Feedback'
/usr/bin/ld: CMakeFiles/alicia_d_control_interfaces__rosidl_typesupport_c__pyext.dir/rosidl_generator_py/alicia_d_control_interfaces/_alicia_d_control_interfaces_s.ep.rosidl_typesupport_c.c.o: in function `alicia_d_control_interfaces__action__execute_pick__send_goal__request__create_ros_message':
_alicia_d_control_interfaces_s.ep.rosidl_typesupport_c.c:(.text+0xca3): undefined reference to `alicia_d_control_interfaces__action__ExecutePick_SendGoal_Request__create'
/usr/bin/ld: CMakeFiles/alicia_d_control_interfaces__rosidl_typesupport_c__pyext.dir/rosidl_generator_py/alicia_d_control_interfaces/_alicia_d_control_interfaces_s.ep.rosidl_typesupport_c.c.o: in function `alicia_d_control_interfaces__action__execute_pick__send_goal__request__destroy_ros_message':
_alicia_d_control_interfaces_s.ep.rosidl_typesupport_c.c:(.text+0xcc9): undefined reference to `alicia_d_control_interfaces__action__ExecutePick_SendGoal_Request__destroy'
/usr/bin/ld: CMakeFiles/alicia_d_control_interfaces__rosidl_typesupport_c__pyext.dir/rosidl_generator_py/alicia_d_control_interfaces/_alicia_d_control_interfaces_s.ep.rosidl_typesupport_c.c.o: in function `_register_msg_type__action__execute_pick__send_goal__request':
_alicia_d_control_interfaces_s.ep.rosidl_typesupport_c.c:(.text+0xdd1): undefined reference to `alicia_d_control_interfaces__action__execute_pick__send_goal__request__convert_from_py'
/usr/bin/ld: _alicia_d_control_interfaces_s.ep.rosidl_typesupport_c.c:(.text+0xe3f): undefined reference to `alicia_d_control_interfaces__action__execute_pick__send_goal__request__convert_to_py'
/usr/bin/ld: _alicia_d_control_interfaces_s.ep.rosidl_typesupport_c.c:(.text+0xea3): undefined reference to `rosidl_typesupport_c__get_message_type_support_handle__alicia_d_control_interfaces__action__ExecutePick_SendGoal_Request'
/usr/bin/ld: CMakeFiles/alicia_d_control_interfaces__rosidl_typesupport_c__pyext.dir/rosidl_generator_py/alicia_d_control_interfaces/_alicia_d_control_interfaces_s.ep.rosidl_typesupport_c.c.o: in function `alicia_d_control_interfaces__action__execute_pick__send_goal__response__create_ros_message':
_alicia_d_control_interfaces_s.ep.rosidl_typesupport_c.c:(.text+0xf15): undefined reference to `alicia_d_control_interfaces__action__ExecutePick_SendGoal_Response__create'
/usr/bin/ld: CMakeFiles/alicia_d_control_interfaces__rosidl_typesupport_c__pyext.dir/rosidl_generator_py/alicia_d_control_interfaces/_alicia_d_control_interfaces_s.ep.rosidl_typesupport_c.c.o: in function `alicia_d_control_interfaces__action__execute_pick__send_goal__response__destroy_ros_message':
_alicia_d_control_interfaces_s.ep.rosidl_typesupport_c.c:(.text+0xf3b): undefined reference to `alicia_d_control_interfaces__action__ExecutePick_SendGoal_Response__destroy'
/usr/bin/ld: CMakeFiles/alicia_d_control_interfaces__rosidl_typesupport_c__pyext.dir/rosidl_generator_py/alicia_d_control_interfaces/_alicia_d_control_interfaces_s.ep.rosidl_typesupport_c.c.o: in function `_register_msg_type__action__execute_pick__send_goal__response':
_alicia_d_control_interfaces_s.ep.rosidl_typesupport_c.c:(.text+0x1043): undefined reference to `alicia_d_control_interfaces__action__execute_pick__send_goal__response__convert_from_py'
/usr/bin/ld: _alicia_d_control_interfaces_s.ep.rosidl_typesupport_c.c:(.text+0x10b1): undefined reference to `alicia_d_control_interfaces__action__execute_pick__send_goal__response__convert_to_py'
/usr/bin/ld: _alicia_d_control_interfaces_s.ep.rosidl_typesupport_c.c:(.text+0x1115): undefined reference to `rosidl_typesupport_c__get_message_type_support_handle__alicia_d_control_interfaces__action__ExecutePick_SendGoal_Response'
/usr/bin/ld: CMakeFiles/alicia_d_control_interfaces__rosidl_typesupport_c__pyext.dir/rosidl_generator_py/alicia_d_control_interfaces/_alicia_d_control_interfaces_s.ep.rosidl_typesupport_c.c.o: in function `_register_srv_type__action__execute_pick__send_goal':
_alicia_d_control_interfaces_s.ep.rosidl_typesupport_c.c:(.text+0x1197): undefined reference to `rosidl_typesupport_c__get_service_type_support_handle__alicia_d_control_interfaces__action__ExecutePick_SendGoal'
/usr/bin/ld: CMakeFiles/alicia_d_control_interfaces__rosidl_typesupport_c__pyext.dir/rosidl_generator_py/alicia_d_control_interfaces/_alicia_d_control_interfaces_s.ep.rosidl_typesupport_c.c.o: in function `alicia_d_control_interfaces__action__execute_pick__get_result__request__create_ros_message':
_alicia_d_control_interfaces_s.ep.rosidl_typesupport_c.c:(.text+0x1209): undefined reference to `alicia_d_control_interfaces__action__ExecutePick_GetResult_Request__create'
/usr/bin/ld: CMakeFiles/alicia_d_control_interfaces__rosidl_typesupport_c__pyext.dir/rosidl_generator_py/alicia_d_control_interfaces/_alicia_d_control_interfaces_s.ep.rosidl_typesupport_c.c.o: in function `alicia_d_control_interfaces__action__execute_pick__get_result__request__destroy_ros_message':
_alicia_d_control_interfaces_s.ep.rosidl_typesupport_c.c:(.text+0x122f): undefined reference to `alicia_d_control_interfaces__action__ExecutePick_GetResult_Request__destroy'
/usr/bin/ld: CMakeFiles/alicia_d_control_interfaces__rosidl_typesupport_c__pyext.dir/rosidl_generator_py/alicia_d_control_interfaces/_alicia_d_control_interfaces_s.ep.rosidl_typesupport_c.c.o: in function `_register_msg_type__action__execute_pick__get_result__request':
_alicia_d_control_interfaces_s.ep.rosidl_typesupport_c.c:(.text+0x1337): undefined reference to `alicia_d_control_interfaces__action__execute_pick__get_result__request__convert_from_py'
/usr/bin/ld: _alicia_d_control_interfaces_s.ep.rosidl_typesupport_c.c:(.text+0x13a5): undefined reference to `alicia_d_control_interfaces__action__execute_pick__get_result__request__convert_to_py'
/usr/bin/ld: _alicia_d_control_interfaces_s.ep.rosidl_typesupport_c.c:(.text+0x1409): undefined reference to `rosidl_typesupport_c__get_message_type_support_handle__alicia_d_control_interfaces__action__ExecutePick_GetResult_Request'
/usr/bin/ld: CMakeFiles/alicia_d_control_interfaces__rosidl_typesupport_c__pyext.dir/rosidl_generator_py/alicia_d_control_interfaces/_alicia_d_control_interfaces_s.ep.rosidl_typesupport_c.c.o: in function `alicia_d_control_interfaces__action__execute_pick__get_result__response__create_ros_message':
_alicia_d_control_interfaces_s.ep.rosidl_typesupport_c.c:(.text+0x147b): undefined reference to `alicia_d_control_interfaces__action__ExecutePick_GetResult_Response__create'
/usr/bin/ld: CMakeFiles/alicia_d_control_interfaces__rosidl_typesupport_c__pyext.dir/rosidl_generator_py/alicia_d_control_interfaces/_alicia_d_control_interfaces_s.ep.rosidl_typesupport_c.c.o: in function `alicia_d_control_interfaces__action__execute_pick__get_result__response__destroy_ros_message':
_alicia_d_control_interfaces_s.ep.rosidl_typesupport_c.c:(.text+0x14a1): undefined reference to `alicia_d_control_interfaces__action__ExecutePick_GetResult_Response__destroy'
/usr/bin/ld: CMakeFiles/alicia_d_control_interfaces__rosidl_typesupport_c__pyext.dir/rosidl_generator_py/alicia_d_control_interfaces/_alicia_d_control_interfaces_s.ep.rosidl_typesupport_c.c.o: in function `_register_msg_type__action__execute_pick__get_result__response':
_alicia_d_control_interfaces_s.ep.rosidl_typesupport_c.c:(.text+0x15a9): undefined reference to `alicia_d_control_interfaces__action__execute_pick__get_result__response__convert_from_py'
/usr/bin/ld: _alicia_d_control_interfaces_s.ep.rosidl_typesupport_c.c:(.text+0x1617): undefined reference to `alicia_d_control_interfaces__action__execute_pick__get_result__response__convert_to_py'
/usr/bin/ld: _alicia_d_control_interfaces_s.ep.rosidl_typesupport_c.c:(.text+0x167b): undefined reference to `rosidl_typesupport_c__get_message_type_support_handle__alicia_d_control_interfaces__action__ExecutePick_GetResult_Response'
/usr/bin/ld: CMakeFiles/alicia_d_control_interfaces__rosidl_typesupport_c__pyext.dir/rosidl_generator_py/alicia_d_control_interfaces/_alicia_d_control_interfaces_s.ep.rosidl_typesupport_c.c.o: in function `_register_srv_type__action__execute_pick__get_result':
_alicia_d_control_interfaces_s.ep.rosidl_typesupport_c.c:(.text+0x16fd): undefined reference to `rosidl_typesupport_c__get_service_type_support_handle__alicia_d_control_interfaces__action__ExecutePick_GetResult'
/usr/bin/ld: CMakeFiles/alicia_d_control_interfaces__rosidl_typesupport_c__pyext.dir/rosidl_generator_py/alicia_d_control_interfaces/_alicia_d_control_interfaces_s.ep.rosidl_typesupport_c.c.o: in function `alicia_d_control_interfaces__action__execute_pick__feedback_message__create_ros_message':
_alicia_d_control_interfaces_s.ep.rosidl_typesupport_c.c:(.text+0x176f): undefined reference to `alicia_d_control_interfaces__action__ExecutePick_FeedbackMessage__create'
/usr/bin/ld: CMakeFiles/alicia_d_control_interfaces__rosidl_typesupport_c__pyext.dir/rosidl_generator_py/alicia_d_control_interfaces/_alicia_d_control_interfaces_s.ep.rosidl_typesupport_c.c.o: in function `alicia_d_control_interfaces__action__execute_pick__feedback_message__destroy_ros_message':
_alicia_d_control_interfaces_s.ep.rosidl_typesupport_c.c:(.text+0x1795): undefined reference to `alicia_d_control_interfaces__action__ExecutePick_FeedbackMessage__destroy'
/usr/bin/ld: CMakeFiles/alicia_d_control_interfaces__rosidl_typesupport_c__pyext.dir/rosidl_generator_py/alicia_d_control_interfaces/_alicia_d_control_interfaces_s.ep.rosidl_typesupport_c.c.o: in function `_register_msg_type__action__execute_pick__feedback_message':
_alicia_d_control_interfaces_s.ep.rosidl_typesupport_c.c:(.text+0x189d): undefined reference to `alicia_d_control_interfaces__action__execute_pick__feedback_message__convert_from_py'
/usr/bin/ld: _alicia_d_control_interfaces_s.ep.rosidl_typesupport_c.c:(.text+0x190b): undefined reference to `alicia_d_control_interfaces__action__execute_pick__feedback_message__convert_to_py'
/usr/bin/ld: _alicia_d_control_interfaces_s.ep.rosidl_typesupport_c.c:(.text+0x196f): undefined reference to `rosidl_typesupport_c__get_message_type_support_handle__alicia_d_control_interfaces__action__ExecutePick_FeedbackMessage'
/usr/bin/ld: CMakeFiles/alicia_d_control_interfaces__rosidl_typesupport_c__pyext.dir/rosidl_generator_py/alicia_d_control_interfaces/_alicia_d_control_interfaces_s.ep.rosidl_typesupport_c.c.o: in function `_register_action_type__action__execute_pick':
_alicia_d_control_interfaces_s.ep.rosidl_typesupport_c.c:(.text+0x19f1): undefined reference to `rosidl_typesupport_c__get_action_type_support_handle__alicia_d_control_interfaces__action__ExecutePick'
collect2: error: ld returned 1 exit status
gmake[2]: *** [CMakeFiles/alicia_d_control_interfaces__rosidl_typesupport_c__pyext.dir/build.make:152: rosidl_generator_py/alicia_d_control_interfaces/alicia_d_control_interfaces_s__rosidl_typesupport_c.cpython-310-x86_64-linux-gnu.so] Error 1
gmake[1]: *** [CMakeFiles/Makefile2:583: CMakeFiles/alicia_d_control_interfaces__rosidl_typesupport_c__pyext.dir/all] Error 2
gmake: *** [Makefile:146: all] Error 2
