[0.035s] Invoking command in '/home/Projects/HET/alicia_ws/build/alicia_d_control_interfaces': CMAKE_PREFIX_PATH=/opt/ros/humble /usr/bin/cmake --build /home/Projects/HET/alicia_ws/build/alicia_d_control_interfaces -- -j20 -l20
[0.140s] -- Found ament_cmake: 1.3.14 (/opt/ros/humble/share/ament_cmake/cmake)
[0.536s] -- Found geometry_msgs: 4.9.1 (/opt/ros/humble/share/geometry_msgs/cmake)
[3.575s] -- Found rosidl_generator_c: 3.1.8 (/opt/ros/humble/share/rosidl_generator_c/cmake)
[3.581s] -- Found rosidl_adapter: 3.1.8 (/opt/ros/humble/share/rosidl_adapter/cmake)
[3.596s] -- Found rosidl_generator_cpp: 3.1.8 (/opt/ros/humble/share/rosidl_generator_cpp/cmake)
[3.618s] -- Using all available rosidl_typesupport_c: rosidl_typesupport_fastrtps_c;rosidl_typesupport_introspection_c
[3.645s] -- Using all available rosidl_typesupport_cpp: rosidl_typesupport_fastrtps_cpp;rosidl_typesupport_introspection_cpp
[3.742s] -- Found rosidl_default_generators: 1.2.1 (/opt/ros/humble/share/rosidl_default_generators/cmake)
[4.793s] -- Found ament_cmake_ros: 0.10.0 (/opt/ros/humble/share/ament_cmake_ros/cmake)
[5.822s] -- Using all available rosidl_typesupport_c: rosidl_typesupport_fastrtps_c;rosidl_typesupport_introspection_c
[6.276s] -- Using all available rosidl_typesupport_cpp: rosidl_typesupport_fastrtps_cpp;rosidl_typesupport_introspection_cpp
[6.340s] -- Found python_cmake_module: 0.10.0 (/opt/ros/humble/share/python_cmake_module/cmake)
[6.400s] -- Using PYTHON_EXECUTABLE: /usr/bin/python3
[6.400s] -- Using PYTHON_INCLUDE_DIRS: /usr/include/python3.10
[6.401s] -- Using PYTHON_LIBRARIES: /usr/lib/x86_64-linux-gnu/libpython3.10.so
[6.791s] -- Configuring done
[6.986s] -- Generating done
[7.030s] -- Build files have been written to: /home/Projects/HET/alicia_ws/build/alicia_d_control_interfaces
[7.104s] Consolidate compiler generated dependencies of target alicia_d_control_interfaces__rosidl_generator_c
[7.118s] [  1%] Built target alicia_d_control_interfaces__rs
[7.122s] [  2%] Built target alicia_d_control_interfaces__cpp
[7.134s] [  3%] Linking C shared library libalicia_d_control_interfaces__rosidl_generator_c.so
[7.173s] Consolidate compiler generated dependencies of target alicia_d_control_interfaces__rosidl_typesupport_introspection_cpp
[7.174s] Consolidate compiler generated dependencies of target alicia_d_control_interfaces__rosidl_typesupport_cpp
[7.175s] Consolidate compiler generated dependencies of target alicia_d_control_interfaces__rosidl_typesupport_fastrtps_cpp
[7.183s] [  3%] Built target ament_cmake_python_copy_alicia_d_control_interfaces
[7.203s] [  5%] Linking CXX shared library libalicia_d_control_interfaces__rosidl_typesupport_cpp.so
[7.206s] [  6%] Linking CXX shared library libalicia_d_control_interfaces__rosidl_typesupport_fastrtps_cpp.so
[7.207s] [  7%] Linking CXX shared library libalicia_d_control_interfaces__rosidl_typesupport_introspection_cpp.so
[7.805s] running egg_info
[7.809s] writing alicia_d_control_interfaces.egg-info/PKG-INFO
[7.811s] writing dependency_links to alicia_d_control_interfaces.egg-info/dependency_links.txt
[7.811s] writing top-level names to alicia_d_control_interfaces.egg-info/top_level.txt
[7.819s] reading manifest file 'alicia_d_control_interfaces.egg-info/SOURCES.txt'
[7.821s] writing manifest file 'alicia_d_control_interfaces.egg-info/SOURCES.txt'
[7.907s] [  7%] Built target ament_cmake_python_build_alicia_d_control_interfaces_egg
[9.132s] [ 17%] Built target alicia_d_control_interfaces__rosidl_typesupport_cpp
[9.137s] [ 27%] Built target alicia_d_control_interfaces__rosidl_generator_c
[9.178s] Consolidate compiler generated dependencies of target alicia_d_control_interfaces__rosidl_typesupport_introspection_c
[9.179s] Consolidate compiler generated dependencies of target alicia_d_control_interfaces__rosidl_typesupport_c
[9.186s] Consolidate compiler generated dependencies of target alicia_d_control_interfaces__rosidl_typesupport_fastrtps_c
[9.211s] [ 28%] Linking C shared library libalicia_d_control_interfaces__rosidl_typesupport_introspection_c.so
[9.214s] [ 30%] Linking CXX shared library libalicia_d_control_interfaces__rosidl_typesupport_c.so
[9.221s] [ 31%] Linking CXX shared library libalicia_d_control_interfaces__rosidl_typesupport_fastrtps_c.so
[9.233s] [ 41%] Built target alicia_d_control_interfaces__rosidl_typesupport_introspection_cpp
[9.243s] [ 51%] Built target alicia_d_control_interfaces__rosidl_typesupport_fastrtps_cpp
[11.187s] [ 61%] Built target alicia_d_control_interfaces__rosidl_typesupport_introspection_c
[11.208s] [ 71%] Built target alicia_d_control_interfaces__rosidl_typesupport_c
[12.603s] [ 81%] Built target alicia_d_control_interfaces__rosidl_typesupport_fastrtps_c
[12.649s] [ 81%] Built target alicia_d_control_interfaces
[12.695s] [ 82%] Built target alicia_d_control_interfaces__py
[12.732s] Consolidate compiler generated dependencies of target alicia_d_control_interfaces__rosidl_generator_py
[12.761s] [ 83%] Linking C shared library rosidl_generator_py/alicia_d_control_interfaces/libalicia_d_control_interfaces__rosidl_generator_py.so
[15.268s] [ 92%] Built target alicia_d_control_interfaces__rosidl_generator_py
[15.295s] Consolidate compiler generated dependencies of target alicia_d_control_interfaces__rosidl_typesupport_fastrtps_c__pyext
[15.302s] Consolidate compiler generated dependencies of target alicia_d_control_interfaces__rosidl_typesupport_c__pyext
[15.302s] Consolidate compiler generated dependencies of target alicia_d_control_interfaces__rosidl_typesupport_introspection_c__pyext
[15.325s] [ 93%] Linking C shared library rosidl_generator_py/alicia_d_control_interfaces/alicia_d_control_interfaces_s__rosidl_typesupport_fastrtps_c.cpython-310-x86_64-linux-gnu.so
[15.330s] [ 95%] Linking C shared library rosidl_generator_py/alicia_d_control_interfaces/alicia_d_control_interfaces_s__rosidl_typesupport_introspection_c.cpython-310-x86_64-linux-gnu.so
[15.331s] [ 96%] Linking C shared library rosidl_generator_py/alicia_d_control_interfaces/alicia_d_control_interfaces_s__rosidl_typesupport_c.cpython-310-x86_64-linux-gnu.so
[17.296s] /usr/bin/ld: CMakeFiles/alicia_d_control_interfaces__rosidl_typesupport_fastrtps_c__pyext.dir/rosidl_generator_py/alicia_d_control_interfaces/_alicia_d_control_interfaces_s.ep.rosidl_typesupport_fastrtps_c.c.o: in function `alicia_d_control_interfaces__action__execute_pick__goal__create_ros_message':
[17.296s] _alicia_d_control_interfaces_s.ep.rosidl_typesupport_fastrtps_c.c:(.text+0x54d): undefined reference to `alicia_d_control_interfaces__action__ExecutePick_Goal__create'
[17.297s] /usr/bin/ld: CMakeFiles/alicia_d_control_interfaces__rosidl_typesupport_fastrtps_c__pyext.dir/rosidl_generator_py/alicia_d_control_interfaces/_alicia_d_control_interfaces_s.ep.rosidl_typesupport_fastrtps_c.c.o: in function `alicia_d_control_interfaces__action__execute_pick__goal__destroy_ros_message':
[17.297s] _alicia_d_control_interfaces_s.ep.rosidl_typesupport_fastrtps_c.c:(.text+0x573): undefined reference to `alicia_d_control_interfaces__action__ExecutePick_Goal__destroy'
[17.298s] /usr/bin/ld: CMakeFiles/alicia_d_control_interfaces__rosidl_typesupport_fastrtps_c__pyext.dir/rosidl_generator_py/alicia_d_control_interfaces/_alicia_d_control_interfaces_s.ep.rosidl_typesupport_fastrtps_c.c.o: in function `_register_msg_type__action__execute_pick__goal':
[17.298s] _alicia_d_control_interfaces_s.ep.rosidl_typesupport_fastrtps_c.c:(.text+0x67b): undefined reference to `alicia_d_control_interfaces__action__execute_pick__goal__convert_from_py'
[17.298s] /usr/bin/ld: _alicia_d_control_interfaces_s.ep.rosidl_typesupport_fastrtps_c.c:(.text+0x6e9): undefined reference to `alicia_d_control_interfaces__action__execute_pick__goal__convert_to_py'
[17.298s] /usr/bin/ld: _alicia_d_control_interfaces_s.ep.rosidl_typesupport_fastrtps_c.c:(.text+0x74d): undefined reference to `rosidl_typesupport_c__get_message_type_support_handle__alicia_d_control_interfaces__action__ExecutePick_Goal'
[17.298s] /usr/bin/ld: CMakeFiles/alicia_d_control_interfaces__rosidl_typesupport_fastrtps_c__pyext.dir/rosidl_generator_py/alicia_d_control_interfaces/_alicia_d_control_interfaces_s.ep.rosidl_typesupport_fastrtps_c.c.o: in function `alicia_d_control_interfaces__action__execute_pick__result__create_ros_message':
[17.298s] _alicia_d_control_interfaces_s.ep.rosidl_typesupport_fastrtps_c.c:(.text+0x7bf): undefined reference to `alicia_d_control_interfaces__action__ExecutePick_Result__create'
[17.298s] /usr/bin/ld: CMakeFiles/alicia_d_control_interfaces__rosidl_typesupport_fastrtps_c__pyext.dir/rosidl_generator_py/alicia_d_control_interfaces/_alicia_d_control_interfaces_s.ep.rosidl_typesupport_fastrtps_c.c.o: in function `alicia_d_control_interfaces__action__execute_pick__result__destroy_ros_message':
[17.300s] _alicia_d_control_interfaces_s.ep.rosidl_typesupport_fastrtps_c.c:(.text+0x7e5): undefined reference to `alicia_d_control_interfaces__action__ExecutePick_Result__destroy'
[17.300s] /usr/bin/ld: CMakeFiles/alicia_d_control_interfaces__rosidl_typesupport_fastrtps_c__pyext.dir/rosidl_generator_py/alicia_d_control_interfaces/_alicia_d_control_interfaces_s.ep.rosidl_typesupport_fastrtps_c.c.o: in function `_register_msg_type__action__execute_pick__result':
[17.301s] _alicia_d_control_interfaces_s.ep.rosidl_typesupport_fastrtps_c.c:(.text+0x8ed): undefined reference to `alicia_d_control_interfaces__action__execute_pick__result__convert_from_py'
[17.301s] /usr/bin/ld: _alicia_d_control_interfaces_s.ep.rosidl_typesupport_fastrtps_c.c:(.text+0x95b): undefined reference to `alicia_d_control_interfaces__action__execute_pick__result__convert_to_py'
[17.301s] /usr/bin/ld: _alicia_d_control_interfaces_s.ep.rosidl_typesupport_fastrtps_c.c:(.text+0x9bf): undefined reference to `rosidl_typesupport_c__get_message_type_support_handle__alicia_d_control_interfaces__action__ExecutePick_Result'
[17.301s] /usr/bin/ld: CMakeFiles/alicia_d_control_interfaces__rosidl_typesupport_fastrtps_c__pyext.dir/rosidl_generator_py/alicia_d_control_interfaces/_alicia_d_control_interfaces_s.ep.rosidl_typesupport_fastrtps_c.c.o: in function `alicia_d_control_interfaces__action__execute_pick__feedback__create_ros_message':
[17.301s] _alicia_d_control_interfaces_s.ep.rosidl_typesupport_fastrtps_c.c:(.text+0xa31): undefined reference to `alicia_d_control_interfaces__action__ExecutePick_Feedback__create'
[17.301s] /usr/bin/ld: CMakeFiles/alicia_d_control_interfaces__rosidl_typesupport_fastrtps_c__pyext.dir/rosidl_generator_py/alicia_d_control_interfaces/_alicia_d_control_interfaces_s.ep.rosidl_typesupport_fastrtps_c.c.o: in function `alicia_d_control_interfaces__action__execute_pick__feedback__destroy_ros_message':
[17.302s] _alicia_d_control_interfaces_s.ep.rosidl_typesupport_fastrtps_c.c:(.text+0xa57): undefined reference to `alicia_d_control_interfaces__action__ExecutePick_Feedback__destroy'
[17.304s] /usr/bin/ld: CMakeFiles/alicia_d_control_interfaces__rosidl_typesupport_fastrtps_c__pyext.dir/rosidl_generator_py/alicia_d_control_interfaces/_alicia_d_control_interfaces_s.ep.rosidl_typesupport_fastrtps_c.c.o: in function `_register_msg_type__action__execute_pick__feedback':
[17.305s] _alicia_d_control_interfaces_s.ep.rosidl_typesupport_fastrtps_c.c:(.text+0xb5f): undefined reference to `alicia_d_control_interfaces__action__execute_pick__feedback__convert_from_py'
[17.305s] /usr/bin/ld: _alicia_d_control_interfaces_s.ep.rosidl_typesupport_fastrtps_c.c:(.text+0xbcd): undefined reference to `alicia_d_control_interfaces__action__execute_pick__feedback__convert_to_py'
[17.305s] /usr/bin/ld: _alicia_d_control_interfaces_s.ep.rosidl_typesupport_fastrtps_c.c:(.text+0xc31): undefined reference to `rosidl_typesupport_c__get_message_type_support_handle__alicia_d_control_interfaces__action__ExecutePick_Feedback'
[17.306s] /usr/bin/ld: CMakeFiles/alicia_d_control_interfaces__rosidl_typesupport_fastrtps_c__pyext.dir/rosidl_generator_py/alicia_d_control_interfaces/_alicia_d_control_interfaces_s.ep.rosidl_typesupport_fastrtps_c.c.o: in function `alicia_d_control_interfaces__action__execute_pick__send_goal__request__create_ros_message':
[17.307s] _alicia_d_control_interfaces_s.ep.rosidl_typesupport_fastrtps_c.c:(.text+0xca3): undefined reference to `alicia_d_control_interfaces__action__ExecutePick_SendGoal_Request__create'
[17.308s] /usr/bin/ld: CMakeFiles/alicia_d_control_interfaces__rosidl_typesupport_fastrtps_c__pyext.dir/rosidl_generator_py/alicia_d_control_interfaces/_alicia_d_control_interfaces_s.ep.rosidl_typesupport_fastrtps_c.c.o: in function `alicia_d_control_interfaces__action__execute_pick__send_goal__request__destroy_ros_message':
[17.310s] _alicia_d_control_interfaces_s.ep.rosidl_typesupport_fastrtps_c.c:(.text+0xcc9): undefined reference to `alicia_d_control_interfaces__action__ExecutePick_SendGoal_Request__destroy'
[17.310s] /usr/bin/ld: CMakeFiles/alicia_d_control_interfaces__rosidl_typesupport_fastrtps_c__pyext.dir/rosidl_generator_py/alicia_d_control_interfaces/_alicia_d_control_interfaces_s.ep.rosidl_typesupport_fastrtps_c.c.o: in function `_register_msg_type__action__execute_pick__send_goal__request':
[17.311s] _alicia_d_control_interfaces_s.ep.rosidl_typesupport_fastrtps_c.c:(.text+0xdd1): undefined reference to `alicia_d_control_interfaces__action__execute_pick__send_goal__request__convert_from_py'
[17.311s] /usr/bin/ld: _alicia_d_control_interfaces_s.ep.rosidl_typesupport_fastrtps_c.c:(.text+0xe3f): undefined reference to `alicia_d_control_interfaces__action__execute_pick__send_goal__request__convert_to_py'
[17.311s] /usr/bin/ld: _alicia_d_control_interfaces_s.ep.rosidl_typesupport_fastrtps_c.c:(.text+0xea3): undefined reference to `rosidl_typesupport_c__get_message_type_support_handle__alicia_d_control_interfaces__action__ExecutePick_SendGoal_Request'
[17.311s] /usr/bin/ld: CMakeFiles/alicia_d_control_interfaces__rosidl_typesupport_fastrtps_c__pyext.dir/rosidl_generator_py/alicia_d_control_interfaces/_alicia_d_control_interfaces_s.ep.rosidl_typesupport_fastrtps_c.c.o: in function `alicia_d_control_interfaces__action__execute_pick__send_goal__response__create_ros_message':
[17.311s] _alicia_d_control_interfaces_s.ep.rosidl_typesupport_fastrtps_c.c:(.text+0xf15): undefined reference to `alicia_d_control_interfaces__action__ExecutePick_SendGoal_Response__create'
[17.311s] /usr/bin/ld: CMakeFiles/alicia_d_control_interfaces__rosidl_typesupport_fastrtps_c__pyext.dir/rosidl_generator_py/alicia_d_control_interfaces/_alicia_d_control_interfaces_s.ep.rosidl_typesupport_fastrtps_c.c.o: in function `alicia_d_control_interfaces__action__execute_pick__send_goal__response__destroy_ros_message':
[17.311s] _alicia_d_control_interfaces_s.ep.rosidl_typesupport_fastrtps_c.c:(.text+0xf3b): undefined reference to `alicia_d_control_interfaces__action__ExecutePick_SendGoal_Response__destroy'
[17.311s] /usr/bin/ld: CMakeFiles/alicia_d_control_interfaces__rosidl_typesupport_fastrtps_c__pyext.dir/rosidl_generator_py/alicia_d_control_interfaces/_alicia_d_control_interfaces_s.ep.rosidl_typesupport_fastrtps_c.c.o: in function `_register_msg_type__action__execute_pick__send_goal__response':
[17.312s] _alicia_d_control_interfaces_s.ep.rosidl_typesupport_fastrtps_c.c:(.text+0x1043): undefined reference to `alicia_d_control_interfaces__action__execute_pick__send_goal__response__convert_from_py'
[17.312s] /usr/bin/ld: _alicia_d_control_interfaces_s.ep.rosidl_typesupport_fastrtps_c.c:(.text+0x10b1): undefined reference to `alicia_d_control_interfaces__action__execute_pick__send_goal__response__convert_to_py'
[17.312s] /usr/bin/ld: _alicia_d_control_interfaces_s.ep.rosidl_typesupport_fastrtps_c.c:(.text+0x1115): undefined reference to `rosidl_typesupport_c__get_message_type_support_handle__alicia_d_control_interfaces__action__ExecutePick_SendGoal_Response'
[17.312s] /usr/bin/ld: CMakeFiles/alicia_d_control_interfaces__rosidl_typesupport_fastrtps_c__pyext.dir/rosidl_generator_py/alicia_d_control_interfaces/_alicia_d_control_interfaces_s.ep.rosidl_typesupport_fastrtps_c.c.o: in function `_register_srv_type__action__execute_pick__send_goal':
[17.312s] _alicia_d_control_interfaces_s.ep.rosidl_typesupport_fastrtps_c.c:(.text+0x1197): undefined reference to `rosidl_typesupport_c__get_service_type_support_handle__alicia_d_control_interfaces__action__ExecutePick_SendGoal'
[17.312s] /usr/bin/ld: CMakeFiles/alicia_d_control_interfaces__rosidl_typesupport_fastrtps_c__pyext.dir/rosidl_generator_py/alicia_d_control_interfaces/_alicia_d_control_interfaces_s.ep.rosidl_typesupport_fastrtps_c.c.o: in function `alicia_d_control_interfaces__action__execute_pick__get_result__request__create_ros_message':
[17.312s] _alicia_d_control_interfaces_s.ep.rosidl_typesupport_fastrtps_c.c:(.text+0x1209): undefined reference to `alicia_d_control_interfaces__action__ExecutePick_GetResult_Request__create'
[17.312s] /usr/bin/ld: CMakeFiles/alicia_d_control_interfaces__rosidl_typesupport_fastrtps_c__pyext.dir/rosidl_generator_py/alicia_d_control_interfaces/_alicia_d_control_interfaces_s.ep.rosidl_typesupport_fastrtps_c.c.o: in function `alicia_d_control_interfaces__action__execute_pick__get_result__request__destroy_ros_message':
[17.312s] _alicia_d_control_interfaces_s.ep.rosidl_typesupport_fastrtps_c.c:(.text+0x122f): undefined reference to `alicia_d_control_interfaces__action__ExecutePick_GetResult_Request__destroy'
[17.312s] /usr/bin/ld: CMakeFiles/alicia_d_control_interfaces__rosidl_typesupport_fastrtps_c__pyext.dir/rosidl_generator_py/alicia_d_control_interfaces/_alicia_d_control_interfaces_s.ep.rosidl_typesupport_fastrtps_c.c.o: in function `_register_msg_type__action__execute_pick__get_result__request':
[17.312s] _alicia_d_control_interfaces_s.ep.rosidl_typesupport_fastrtps_c.c:(.text+0x1337): undefined reference to `alicia_d_control_interfaces__action__execute_pick__get_result__request__convert_from_py'
[17.313s] /usr/bin/ld: _alicia_d_control_interfaces_s.ep.rosidl_typesupport_fastrtps_c.c:(.text+0x13a5): undefined reference to `alicia_d_control_interfaces__action__execute_pick__get_result__request__convert_to_py'
[17.313s] /usr/bin/ld: _alicia_d_control_interfaces_s.ep.rosidl_typesupport_fastrtps_c.c:(.text+0x1409): undefined reference to `rosidl_typesupport_c__get_message_type_support_handle__alicia_d_control_interfaces__action__ExecutePick_GetResult_Request'
[17.313s] /usr/bin/ld: CMakeFiles/alicia_d_control_interfaces__rosidl_typesupport_fastrtps_c__pyext.dir/rosidl_generator_py/alicia_d_control_interfaces/_alicia_d_control_interfaces_s.ep.rosidl_typesupport_fastrtps_c.c.o: in function `alicia_d_control_interfaces__action__execute_pick__get_result__response__create_ros_message':
[17.313s] _alicia_d_control_interfaces_s.ep.rosidl_typesupport_fastrtps_c.c:(.text+0x147b): undefined reference to `alicia_d_control_interfaces__action__ExecutePick_GetResult_Response__create'
[17.313s] /usr/bin/ld: CMakeFiles/alicia_d_control_interfaces__rosidl_typesupport_fastrtps_c__pyext.dir/rosidl_generator_py/alicia_d_control_interfaces/_alicia_d_control_interfaces_s.ep.rosidl_typesupport_fastrtps_c.c.o: in function `alicia_d_control_interfaces__action__execute_pick__get_result__response__destroy_ros_message':
[17.313s] _alicia_d_control_interfaces_s.ep.rosidl_typesupport_fastrtps_c.c:(.text+0x14a1): undefined reference to `alicia_d_control_interfaces__action__ExecutePick_GetResult_Response__destroy'
[17.313s] /usr/bin/ld: CMakeFiles/alicia_d_control_interfaces__rosidl_typesupport_fastrtps_c__pyext.dir/rosidl_generator_py/alicia_d_control_interfaces/_alicia_d_control_interfaces_s.ep.rosidl_typesupport_fastrtps_c.c.o: in function `_register_msg_type__action__execute_pick__get_result__response':
[17.313s] _alicia_d_control_interfaces_s.ep.rosidl_typesupport_fastrtps_c.c:(.text+0x15a9): undefined reference to `alicia_d_control_interfaces__action__execute_pick__get_result__response__convert_from_py'
[17.313s] /usr/bin/ld: _alicia_d_control_interfaces_s.ep.rosidl_typesupport_fastrtps_c.c:(.text+0x1617): undefined reference to `alicia_d_control_interfaces__action__execute_pick__get_result__response__convert_to_py'
[17.313s] /usr/bin/ld: _alicia_d_control_interfaces_s.ep.rosidl_typesupport_fastrtps_c.c:(.text+0x167b): undefined reference to `rosidl_typesupport_c__get_message_type_support_handle__alicia_d_control_interfaces__action__ExecutePick_GetResult_Response'
[17.313s] /usr/bin/ld: CMakeFiles/alicia_d_control_interfaces__rosidl_typesupport_fastrtps_c__pyext.dir/rosidl_generator_py/alicia_d_control_interfaces/_alicia_d_control_interfaces_s.ep.rosidl_typesupport_fastrtps_c.c.o: in function `_register_srv_type__action__execute_pick__get_result':
[17.314s] _alicia_d_control_interfaces_s.ep.rosidl_typesupport_fastrtps_c.c:(.text+0x16fd): undefined reference to `rosidl_typesupport_c__get_service_type_support_handle__alicia_d_control_interfaces__action__ExecutePick_GetResult'
[17.314s] /usr/bin/ld: CMakeFiles/alicia_d_control_interfaces__rosidl_typesupport_fastrtps_c__pyext.dir/rosidl_generator_py/alicia_d_control_interfaces/_alicia_d_control_interfaces_s.ep.rosidl_typesupport_fastrtps_c.c.o: in function `alicia_d_control_interfaces__action__execute_pick__feedback_message__create_ros_message':
[17.314s] _alicia_d_control_interfaces_s.ep.rosidl_typesupport_fastrtps_c.c:(.text+0x176f): undefined reference to `alicia_d_control_interfaces__action__ExecutePick_FeedbackMessage__create'
[17.314s] /usr/bin/ld: CMakeFiles/alicia_d_control_interfaces__rosidl_typesupport_fastrtps_c__pyext.dir/rosidl_generator_py/alicia_d_control_interfaces/_alicia_d_control_interfaces_s.ep.rosidl_typesupport_fastrtps_c.c.o: in function `alicia_d_control_interfaces__action__execute_pick__feedback_message__destroy_ros_message':
[17.314s] _alicia_d_control_interfaces_s.ep.rosidl_typesupport_fastrtps_c.c:(.text+0x1795): undefined reference to `alicia_d_control_interfaces__action__ExecutePick_FeedbackMessage__destroy'
[17.314s] /usr/bin/ld: CMakeFiles/alicia_d_control_interfaces__rosidl_typesupport_fastrtps_c__pyext.dir/rosidl_generator_py/alicia_d_control_interfaces/_alicia_d_control_interfaces_s.ep.rosidl_typesupport_fastrtps_c.c.o: in function `_register_msg_type__action__execute_pick__feedback_message':
[17.314s] _alicia_d_control_interfaces_s.ep.rosidl_typesupport_fastrtps_c.c:(.text+0x189d): undefined reference to `alicia_d_control_interfaces__action__execute_pick__feedback_message__convert_from_py'
[17.314s] /usr/bin/ld: _alicia_d_control_interfaces_s.ep.rosidl_typesupport_fastrtps_c.c:(.text+0x190b): undefined reference to `alicia_d_control_interfaces__action__execute_pick__feedback_message__convert_to_py'
[17.315s] /usr/bin/ld: _alicia_d_control_interfaces_s.ep.rosidl_typesupport_fastrtps_c.c:(.text+0x196f): undefined reference to `rosidl_typesupport_c__get_message_type_support_handle__alicia_d_control_interfaces__action__ExecutePick_FeedbackMessage'
[17.315s] /usr/bin/ld: CMakeFiles/alicia_d_control_interfaces__rosidl_typesupport_fastrtps_c__pyext.dir/rosidl_generator_py/alicia_d_control_interfaces/_alicia_d_control_interfaces_s.ep.rosidl_typesupport_fastrtps_c.c.o: in function `_register_action_type__action__execute_pick':
[17.315s] _alicia_d_control_interfaces_s.ep.rosidl_typesupport_fastrtps_c.c:(.text+0x19f1): undefined reference to `rosidl_typesupport_c__get_action_type_support_handle__alicia_d_control_interfaces__action__ExecutePick'
[17.315s] /usr/bin/ld: CMakeFiles/alicia_d_control_interfaces__rosidl_typesupport_introspection_c__pyext.dir/rosidl_generator_py/alicia_d_control_interfaces/_alicia_d_control_interfaces_s.ep.rosidl_typesupport_introspection_c.c.o: in function `alicia_d_control_interfaces__action__execute_pick__goal__create_ros_message':
[17.315s] _alicia_d_control_interfaces_s.ep.rosidl_typesupport_introspection_c.c:(.text+0x54d): undefined reference to `alicia_d_control_interfaces__action__ExecutePick_Goal__create'
[17.315s] /usr/bin/ld: CMakeFiles/alicia_d_control_interfaces__rosidl_typesupport_introspection_c__pyext.dir/rosidl_generator_py/alicia_d_control_interfaces/_alicia_d_control_interfaces_s.ep.rosidl_typesupport_introspection_c.c.o: in function `alicia_d_control_interfaces__action__execute_pick__goal__destroy_ros_message':
[17.315s] _alicia_d_control_interfaces_s.ep.rosidl_typesupport_introspection_c.c:(.text+0x573): undefined reference to `alicia_d_control_interfaces__action__ExecutePick_Goal__destroy'
[17.315s] /usr/bin/ld: CMakeFiles/alicia_d_control_interfaces__rosidl_typesupport_introspection_c__pyext.dir/rosidl_generator_py/alicia_d_control_interfaces/_alicia_d_control_interfaces_s.ep.rosidl_typesupport_introspection_c.c.o: in function `_register_msg_type__action__execute_pick__goal':
[17.315s] _alicia_d_control_interfaces_s.ep.rosidl_typesupport_introspection_c.c:(.text+0x67b): undefined reference to `alicia_d_control_interfaces__action__execute_pick__goal__convert_from_py'
[17.316s] /usr/bin/ld: _alicia_d_control_interfaces_s.ep.rosidl_typesupport_introspection_c.c:(.text+0x6e9): undefined reference to `alicia_d_control_interfaces__action__execute_pick__goal__convert_to_py'
[17.316s] /usr/bin/ld: _alicia_d_control_interfaces_s.ep.rosidl_typesupport_introspection_c.c:(.text+0x74d): undefined reference to `rosidl_typesupport_c__get_message_type_support_handle__alicia_d_control_interfaces__action__ExecutePick_Goal'
[17.316s] /usr/bin/ld: CMakeFiles/alicia_d_control_interfaces__rosidl_typesupport_introspection_c__pyext.dir/rosidl_generator_py/alicia_d_control_interfaces/_alicia_d_control_interfaces_s.ep.rosidl_typesupport_introspection_c.c.o: in function `alicia_d_control_interfaces__action__execute_pick__result__create_ros_message':
[17.316s] _alicia_d_control_interfaces_s.ep.rosidl_typesupport_introspection_c.c:(.text+0x7bf): undefined reference to `alicia_d_control_interfaces__action__ExecutePick_Result__create'
[17.316s] /usr/bin/ld: CMakeFiles/alicia_d_control_interfaces__rosidl_typesupport_introspection_c__pyext.dir/rosidl_generator_py/alicia_d_control_interfaces/_alicia_d_control_interfaces_s.ep.rosidl_typesupport_introspection_c.c.o: in function `alicia_d_control_interfaces__action__execute_pick__result__destroy_ros_message':
[17.316s] _alicia_d_control_interfaces_s.ep.rosidl_typesupport_introspection_c.c:(.text+0x7e5): undefined reference to `alicia_d_control_interfaces__action__ExecutePick_Result__destroy'
[17.316s] /usr/bin/ld: CMakeFiles/alicia_d_control_interfaces__rosidl_typesupport_introspection_c__pyext.dir/rosidl_generator_py/alicia_d_control_interfaces/_alicia_d_control_interfaces_s.ep.rosidl_typesupport_introspection_c.c.o: in function `_register_msg_type__action__execute_pick__result':
[17.316s] _alicia_d_control_interfaces_s.ep.rosidl_typesupport_introspection_c.c:(.text+0x8ed): undefined reference to `alicia_d_control_interfaces__action__execute_pick__result__convert_from_py'
[17.317s] /usr/bin/ld: _alicia_d_control_interfaces_s.ep.rosidl_typesupport_introspection_c.c:(.text+0x95b): undefined reference to `alicia_d_control_interfaces__action__execute_pick__result__convert_to_py'
[17.317s] /usr/bin/ld: _alicia_d_control_interfaces_s.ep.rosidl_typesupport_introspection_c.c:(.text+0x9bf): undefined reference to `rosidl_typesupport_c__get_message_type_support_handle__alicia_d_control_interfaces__action__ExecutePick_Result'
[17.317s] /usr/bin/ld: collect2: error: ld returned 1 exit status
[17.317s] CMakeFiles/alicia_d_control_interfaces__rosidl_typesupport_introspection_c__pyext.dir/rosidl_generator_py/alicia_d_control_interfaces/_alicia_d_control_interfaces_s.ep.rosidl_typesupport_introspection_c.c.o: in function `alicia_d_control_interfaces__action__execute_pick__feedback__create_ros_message':
[17.317s] _alicia_d_control_interfaces_s.ep.rosidl_typesupport_introspection_c.c:(.text+0xa31): undefined reference to `alicia_d_control_interfaces__action__ExecutePick_Feedback__create'
[17.317s] /usr/bin/ld: CMakeFiles/alicia_d_control_interfaces__rosidl_typesupport_introspection_c__pyext.dir/rosidl_generator_py/alicia_d_control_interfaces/_alicia_d_control_interfaces_s.ep.rosidl_typesupport_introspection_c.c.o: in function `alicia_d_control_interfaces__action__execute_pick__feedback__destroy_ros_message':
[17.317s] _alicia_d_control_interfaces_s.ep.rosidl_typesupport_introspection_c.c:(.text+0xa57): undefined reference to `alicia_d_control_interfaces__action__ExecutePick_Feedback__destroy'
[17.317s] /usr/bin/ld: CMakeFiles/alicia_d_control_interfaces__rosidl_typesupport_introspection_c__pyext.dir/rosidl_generator_py/alicia_d_control_interfaces/_alicia_d_control_interfaces_s.ep.rosidl_typesupport_introspection_c.c.o: in function `_register_msg_type__action__execute_pick__feedback':
[17.317s] _alicia_d_control_interfaces_s.ep.rosidl_typesupport_introspection_c.c:(.text+0xb5f): undefined reference to `alicia_d_control_interfaces__action__execute_pick__feedback__convert_from_py'
[17.317s] /usr/bin/ld: _alicia_d_control_interfaces_s.ep.rosidl_typesupport_introspection_c.c:(.text+0xbcd): undefined reference to `alicia_d_control_interfaces__action__execute_pick__feedback__convert_to_py'
[17.317s] /usr/bin/ld: _alicia_d_control_interfaces_s.ep.rosidl_typesupport_introspection_c.c:(.text+0xc31): undefined reference to `rosidl_typesupport_c__get_message_type_support_handle__alicia_d_control_interfaces__action__ExecutePick_Feedback'
[17.317s] /usr/bin/ld: CMakeFiles/alicia_d_control_interfaces__rosidl_typesupport_introspection_c__pyext.dir/rosidl_generator_py/alicia_d_control_interfaces/_alicia_d_control_interfaces_s.ep.rosidl_typesupport_introspection_c.c.o: in function `alicia_d_control_interfaces__action__execute_pick__send_goal__request__create_ros_message':
[17.318s] _alicia_d_control_interfaces_s.ep.rosidl_typesupport_introspection_c.c:(.text+0xca3): undefined reference to `alicia_d_control_interfaces__action__ExecutePick_SendGoal_Request__create'
[17.318s] /usr/bin/ld: CMakeFiles/alicia_d_control_interfaces__rosidl_typesupport_introspection_c__pyext.dir/rosidl_generator_py/alicia_d_control_interfaces/_alicia_d_control_interfaces_s.ep.rosidl_typesupport_introspection_c.c.o: in function `alicia_d_control_interfaces__action__execute_pick__send_goal__request__destroy_ros_message':
[17.318s] _alicia_d_control_interfaces_s.ep.rosidl_typesupport_introspection_c.c:(.text+0xcc9): undefined reference to `alicia_d_control_interfaces__action__ExecutePick_SendGoal_Request__destroy'
[17.318s] /usr/bin/ld: CMakeFiles/alicia_d_control_interfaces__rosidl_typesupport_introspection_c__pyext.dir/rosidl_generator_py/alicia_d_control_interfaces/_alicia_d_control_interfaces_s.ep.rosidl_typesupport_introspection_c.c.o: in function `_register_msg_type__action__execute_pick__send_goal__request':
[17.318s] _alicia_d_control_interfaces_s.ep.rosidl_typesupport_introspection_c.c:(.text+0xdd1): undefined reference to `alicia_d_control_interfaces__action__execute_pick__send_goal__request__convert_from_py'
[17.318s] /usr/bin/ld: _alicia_d_control_interfaces_s.ep.rosidl_typesupport_introspection_c.c:(.text+0xe3f): undefined reference to `alicia_d_control_interfaces__action__execute_pick__send_goal__request__convert_to_py'
[17.318s] /usr/bin/ld: _alicia_d_control_interfaces_s.ep.rosidl_typesupport_introspection_c.c:(.text+0xea3): undefined reference to `rosidl_typesupport_c__get_message_type_support_handle__alicia_d_control_interfaces__action__ExecutePick_SendGoal_Request'
[17.318s] /usr/bin/ld: CMakeFiles/alicia_d_control_interfaces__rosidl_typesupport_introspection_c__pyext.dir/rosidl_generator_py/alicia_d_control_interfaces/_alicia_d_control_interfaces_s.ep.rosidl_typesupport_introspection_c.c.o: in function `alicia_d_control_interfaces__action__execute_pick__send_goal__response__create_ros_message':
[17.318s] _alicia_d_control_interfaces_s.ep.rosidl_typesupport_introspection_c.c:(.text+0xf15): undefined reference to `alicia_d_control_interfaces__action__ExecutePick_SendGoal_Response__create'
[17.318s] /usr/bin/ld: CMakeFiles/alicia_d_control_interfaces__rosidl_typesupport_introspection_c__pyext.dir/rosidl_generator_py/alicia_d_control_interfaces/_alicia_d_control_interfaces_s.ep.rosidl_typesupport_introspection_c.c.o: in function `alicia_d_control_interfaces__action__execute_pick__send_goal__response__destroy_ros_message':
[17.319s] _alicia_d_control_interfaces_s.ep.rosidl_typesupport_introspection_c.c:(.text+0xf3b): undefined reference to `alicia_d_control_interfaces__action__ExecutePick_SendGoal_Response__destroy'
[17.319s] /usr/bin/ld: CMakeFiles/alicia_d_control_interfaces__rosidl_typesupport_introspection_c__pyext.dir/rosidl_generator_py/alicia_d_control_interfaces/_alicia_d_control_interfaces_s.ep.rosidl_typesupport_introspection_c.c.o: in function `_register_msg_type__action__execute_pick__send_goal__response':
[17.320s] _alicia_d_control_interfaces_s.ep.rosidl_typesupport_introspection_c.c:(.text+0x1043): undefined reference to `alicia_d_control_interfaces__action__execute_pick__send_goal__response__convert_from_py'
[17.320s] /usr/bin/ld: _alicia_d_control_interfaces_s.ep.rosidl_typesupport_introspection_c.c:(.text+0x10b1): undefined reference to `alicia_d_control_interfaces__action__execute_pick__send_goal__response__convert_to_py'
[17.320s] /usr/bin/ld: _alicia_d_control_interfaces_s.ep.rosidl_typesupport_introspection_c.c:(.text+0x1115): undefined reference to `rosidl_typesupport_c__get_message_type_support_handle__alicia_d_control_interfaces__action__ExecutePick_SendGoal_Response'
[17.321s] /usr/bin/ld: CMakeFiles/alicia_d_control_interfaces__rosidl_typesupport_introspection_c__pyext.dir/rosidl_generator_py/alicia_d_control_interfaces/_alicia_d_control_interfaces_s.ep.rosidl_typesupport_introspection_c.c.o: in function `_register_srv_type__action__execute_pick__send_goal':
[17.321s] _alicia_d_control_interfaces_s.ep.rosidl_typesupport_introspection_c.c:(.text+0x1197): undefined reference to `rosidl_typesupport_c__get_service_type_support_handle__alicia_d_control_interfaces__action__ExecutePick_SendGoal'
[17.322s] /usr/bin/ld: CMakeFiles/alicia_d_control_interfaces__rosidl_typesupport_introspection_c__pyext.dir/rosidl_generator_py/alicia_d_control_interfaces/_alicia_d_control_interfaces_s.ep.rosidl_typesupport_introspection_c.c.o: in function `alicia_d_control_interfaces__action__execute_pick__get_result__request__create_ros_message':
[17.322s] _alicia_d_control_interfaces_s.ep.rosidl_typesupport_introspection_c.c:(.text+0x1209): undefined reference to `alicia_d_control_interfaces__action__ExecutePick_GetResult_Request__create'
[17.323s] /usr/bin/ld: CMakeFiles/alicia_d_control_interfaces__rosidl_typesupport_introspection_c__pyext.dir/rosidl_generator_py/alicia_d_control_interfaces/_alicia_d_control_interfaces_s.ep.rosidl_typesupport_introspection_c.c.o: in function `alicia_d_control_interfaces__action__execute_pick__get_result__request__destroy_ros_message':
[17.323s] _alicia_d_control_interfaces_s.ep.rosidl_typesupport_introspection_c.c:(.text+0x122f): undefined reference to `alicia_d_control_interfaces__action__ExecutePick_GetResult_Request__destroy'
[17.323s] /usr/bin/ld: CMakeFiles/alicia_d_control_interfaces__rosidl_typesupport_introspection_c__pyext.dir/rosidl_generator_py/alicia_d_control_interfaces/_alicia_d_control_interfaces_s.ep.rosidl_typesupport_introspection_c.c.o: in function `_register_msg_type__action__execute_pick__get_result__request':
[17.323s] _alicia_d_control_interfaces_s.ep.rosidl_typesupport_introspection_c.c:(.text+0x1337): undefined reference to `alicia_d_control_interfaces__action__execute_pick__get_result__request__convert_from_py'
[17.323s] /usr/bin/ld: _alicia_d_control_interfaces_s.ep.rosidl_typesupport_introspection_c.c:(.text+0x13a5): undefined reference to `alicia_d_control_interfaces__action__execute_pick__get_result__request__convert_to_py'
[17.323s] /usr/bin/ld: _alicia_d_control_interfaces_s.ep.rosidl_typesupport_introspection_c.c:(.text+0x1409): undefined reference to `rosidl_typesupport_c__get_message_type_support_handle__alicia_d_control_interfaces__action__ExecutePick_GetResult_Request'
[17.324s] /usr/bin/ld: CMakeFiles/alicia_d_control_interfaces__rosidl_typesupport_introspection_c__pyext.dir/rosidl_generator_py/alicia_d_control_interfaces/_alicia_d_control_interfaces_s.ep.rosidl_typesupport_introspection_c.c.o: in function `alicia_d_control_interfaces__action__execute_pick__get_result__response__create_ros_message':
[17.324s] _alicia_d_control_interfaces_s.ep.rosidl_typesupport_introspection_c.c:(.text+0x147b): undefined reference to `alicia_d_control_interfaces__action__ExecutePick_GetResult_Response__create'
[17.324s] /usr/bin/ld: CMakeFiles/alicia_d_control_interfaces__rosidl_typesupport_introspection_c__pyext.dir/rosidl_generator_py/alicia_d_control_interfaces/_alicia_d_control_interfaces_s.ep.rosidl_typesupport_introspection_c.c.o: in function `alicia_d_control_interfaces__action__execute_pick__get_result__response__destroy_ros_message':
[17.324s] _alicia_d_control_interfaces_s.ep.rosidl_typesupport_introspection_c.c:(.text+0x14a1): undefined reference to `alicia_d_control_interfaces__action__ExecutePick_GetResult_Response__destroy'
[17.324s] /usr/bin/ld: CMakeFiles/alicia_d_control_interfaces__rosidl_typesupport_introspection_c__pyext.dir/rosidl_generator_py/alicia_d_control_interfaces/_alicia_d_control_interfaces_s.ep.rosidl_typesupport_introspection_c.c.o: in function `_register_msg_type__action__execute_pick__get_result__response':
[17.324s] _alicia_d_control_interfaces_s.ep.rosidl_typesupport_introspection_c.c:(.text+0x15a9): undefined reference to `alicia_d_control_interfaces__action__execute_pick__get_result__response__convert_from_py'
[17.324s] /usr/bin/ld: _alicia_d_control_interfaces_s.ep.rosidl_typesupport_introspection_c.c:(.text+0x1617): undefined reference to `alicia_d_control_interfaces__action__execute_pick__get_result__response__convert_to_py'
[17.325s] /usr/bin/ld: _alicia_d_control_interfaces_s.ep.rosidl_typesupport_introspection_c.c:(.text+0x167b): undefined reference to `rosidl_typesupport_c__get_message_type_support_handle__alicia_d_control_interfaces__action__ExecutePick_GetResult_Response'
[17.325s] /usr/bin/ld: CMakeFiles/alicia_d_control_interfaces__rosidl_typesupport_introspection_c__pyext.dir/rosidl_generator_py/alicia_d_control_interfaces/_alicia_d_control_interfaces_s.ep.rosidl_typesupport_introspection_c.c.o: in function `_register_srv_type__action__execute_pick__get_result':
[17.325s] _alicia_d_control_interfaces_s.ep.rosidl_typesupport_introspection_c.c:(.text+0x16fd): undefined reference to `rosidl_typesupport_c__get_service_type_support_handle__alicia_d_control_interfaces__action__ExecutePick_GetResult'
[17.325s] /usr/bin/ld: CMakeFiles/alicia_d_control_interfaces__rosidl_typesupport_introspection_c__pyext.dir/rosidl_generator_py/alicia_d_control_interfaces/_alicia_d_control_interfaces_s.ep.rosidl_typesupport_introspection_c.c.o: in function `alicia_d_control_interfaces__action__execute_pick__feedback_message__create_ros_message':
[17.326s] _alicia_d_control_interfaces_s.ep.rosidl_typesupport_introspection_c.c:(.text+0x176f): undefined reference to `alicia_d_control_interfaces__action__ExecutePick_FeedbackMessage__create'
[17.326s] /usr/bin/ld: CMakeFiles/alicia_d_control_interfaces__rosidl_typesupport_introspection_c__pyext.dir/rosidl_generator_py/alicia_d_control_interfaces/_alicia_d_control_interfaces_s.ep.rosidl_typesupport_introspection_c.c.o: in function `alicia_d_control_interfaces__action__execute_pick__feedback_message__destroy_ros_message':
[17.326s] _alicia_d_control_interfaces_s.ep.rosidl_typesupport_introspection_c.c:(.text+0x1795): undefined reference to `alicia_d_control_interfaces__action__ExecutePick_FeedbackMessage__destroy'
[17.326s] /usr/bin/ld: CMakeFiles/alicia_d_control_interfaces__rosidl_typesupport_introspection_c__pyext.dir/rosidl_generator_py/alicia_d_control_interfaces/_alicia_d_control_interfaces_s.ep.rosidl_typesupport_introspection_c.c.o: in function `_register_msg_type__action__execute_pick__feedback_message':
[17.326s] _alicia_d_control_interfaces_s.ep.rosidl_typesupport_introspection_c.c:(.text+0x189d): undefined reference to `alicia_d_control_interfaces__action__execute_pick__feedback_message__convert_from_py'
[17.326s] /usr/bin/ld: _alicia_d_control_interfaces_s.ep.rosidl_typesupport_introspection_c.c:(.text+0x190b): undefined reference to `alicia_d_control_interfaces__action__execute_pick__feedback_message__convert_to_py'
[17.326s] /usr/bin/ld: _alicia_d_control_interfaces_s.ep.rosidl_typesupport_introspection_c.c:(.text+0x196f): undefined reference to `rosidl_typesupport_c__get_message_type_support_handle__alicia_d_control_interfaces__action__ExecutePick_FeedbackMessage'
[17.327s] /usr/bin/ld: CMakeFiles/alicia_d_control_interfaces__rosidl_typesupport_introspection_c__pyext.dir/rosidl_generator_py/alicia_d_control_interfaces/_alicia_d_control_interfaces_s.ep.rosidl_typesupport_introspection_c.c.o: in function `_register_action_type__action__execute_pick':
[17.327s] _alicia_d_control_interfaces_s.ep.rosidl_typesupport_introspection_c.c:(.text+0x19f1): undefined reference to `rosidl_typesupport_c__get_action_type_support_handle__alicia_d_control_interfaces__action__ExecutePick'
[17.327s] gmake[2]: *** [CMakeFiles/alicia_d_control_interfaces__rosidl_typesupport_fastrtps_c__pyext.dir/build.make:153: rosidl_generator_py/alicia_d_control_interfaces/alicia_d_control_interfaces_s__rosidl_typesupport_fastrtps_c.cpython-310-x86_64-linux-gnu.so] Error 1
[17.327s] gmake[1]: *** [CMakeFiles/Makefile2:524: CMakeFiles/alicia_d_control_interfaces__rosidl_typesupport_fastrtps_c__pyext.dir/all] Error 2
[17.328s] collect2: error: ld returned 1 exit status
[17.328s] gmake[1]: *** Waiting for unfinished jobs....
[17.328s] gmake[2]: *** [CMakeFiles/alicia_d_control_interfaces__rosidl_typesupport_introspection_c__pyext.dir/build.make:153: rosidl_generator_py/alicia_d_control_interfaces/alicia_d_control_interfaces_s__rosidl_typesupport_introspection_c.cpython-310-x86_64-linux-gnu.so] Error 1
[17.328s] gmake[1]: *** [CMakeFiles/Makefile2:554: CMakeFiles/alicia_d_control_interfaces__rosidl_typesupport_introspection_c__pyext.dir/all] Error 2
[18.506s] /usr/bin/ld: CMakeFiles/alicia_d_control_interfaces__rosidl_typesupport_c__pyext.dir/rosidl_generator_py/alicia_d_control_interfaces/_alicia_d_control_interfaces_s.ep.rosidl_typesupport_c.c.o: in function `alicia_d_control_interfaces__action__execute_pick__goal__create_ros_message':
[18.507s] _alicia_d_control_interfaces_s.ep.rosidl_typesupport_c.c:(.text+0x54d): undefined reference to `alicia_d_control_interfaces__action__ExecutePick_Goal__create'
[18.507s] /usr/bin/ld: CMakeFiles/alicia_d_control_interfaces__rosidl_typesupport_c__pyext.dir/rosidl_generator_py/alicia_d_control_interfaces/_alicia_d_control_interfaces_s.ep.rosidl_typesupport_c.c.o: in function `alicia_d_control_interfaces__action__execute_pick__goal__destroy_ros_message':
[18.507s] _alicia_d_control_interfaces_s.ep.rosidl_typesupport_c.c:(.text+0x573): undefined reference to `alicia_d_control_interfaces__action__ExecutePick_Goal__destroy'
[18.507s] /usr/bin/ld: CMakeFiles/alicia_d_control_interfaces__rosidl_typesupport_c__pyext.dir/rosidl_generator_py/alicia_d_control_interfaces/_alicia_d_control_interfaces_s.ep.rosidl_typesupport_c.c.o: in function `_register_msg_type__action__execute_pick__goal':
[18.507s] _alicia_d_control_interfaces_s.ep.rosidl_typesupport_c.c:(.text+0x67b): undefined reference to `alicia_d_control_interfaces__action__execute_pick__goal__convert_from_py'
[18.508s] /usr/bin/ld: _alicia_d_control_interfaces_s.ep.rosidl_typesupport_c.c:(.text+0x6e9): undefined reference to `alicia_d_control_interfaces__action__execute_pick__goal__convert_to_py'
[18.508s] /usr/bin/ld: _alicia_d_control_interfaces_s.ep.rosidl_typesupport_c.c:(.text+0x74d): undefined reference to `rosidl_typesupport_c__get_message_type_support_handle__alicia_d_control_interfaces__action__ExecutePick_Goal'
[18.508s] /usr/bin/ld: CMakeFiles/alicia_d_control_interfaces__rosidl_typesupport_c__pyext.dir/rosidl_generator_py/alicia_d_control_interfaces/_alicia_d_control_interfaces_s.ep.rosidl_typesupport_c.c.o: in function `alicia_d_control_interfaces__action__execute_pick__result__create_ros_message':
[18.509s] _alicia_d_control_interfaces_s.ep.rosidl_typesupport_c.c:(.text+0x7bf): undefined reference to `alicia_d_control_interfaces__action__ExecutePick_Result__create'
[18.509s] /usr/bin/ld: CMakeFiles/alicia_d_control_interfaces__rosidl_typesupport_c__pyext.dir/rosidl_generator_py/alicia_d_control_interfaces/_alicia_d_control_interfaces_s.ep.rosidl_typesupport_c.c.o: in function `alicia_d_control_interfaces__action__execute_pick__result__destroy_ros_message':
[18.510s] _alicia_d_control_interfaces_s.ep.rosidl_typesupport_c.c:(.text+0x7e5): undefined reference to `alicia_d_control_interfaces__action__ExecutePick_Result__destroy'
[18.510s] /usr/bin/ld: CMakeFiles/alicia_d_control_interfaces__rosidl_typesupport_c__pyext.dir/rosidl_generator_py/alicia_d_control_interfaces/_alicia_d_control_interfaces_s.ep.rosidl_typesupport_c.c.o: in function `_register_msg_type__action__execute_pick__result':
[18.510s] _alicia_d_control_interfaces_s.ep.rosidl_typesupport_c.c:(.text+0x8ed): undefined reference to `alicia_d_control_interfaces__action__execute_pick__result__convert_from_py'
[18.510s] /usr/bin/ld: _alicia_d_control_interfaces_s.ep.rosidl_typesupport_c.c:(.text+0x95b): undefined reference to `alicia_d_control_interfaces__action__execute_pick__result__convert_to_py'
[18.510s] /usr/bin/ld: _alicia_d_control_interfaces_s.ep.rosidl_typesupport_c.c:(.text+0x9bf): undefined reference to `rosidl_typesupport_c__get_message_type_support_handle__alicia_d_control_interfaces__action__ExecutePick_Result'
[18.510s] /usr/bin/ld: CMakeFiles/alicia_d_control_interfaces__rosidl_typesupport_c__pyext.dir/rosidl_generator_py/alicia_d_control_interfaces/_alicia_d_control_interfaces_s.ep.rosidl_typesupport_c.c.o: in function `alicia_d_control_interfaces__action__execute_pick__feedback__create_ros_message':
[18.510s] _alicia_d_control_interfaces_s.ep.rosidl_typesupport_c.c:(.text+0xa31): undefined reference to `alicia_d_control_interfaces__action__ExecutePick_Feedback__create'
[18.510s] /usr/bin/ld: CMakeFiles/alicia_d_control_interfaces__rosidl_typesupport_c__pyext.dir/rosidl_generator_py/alicia_d_control_interfaces/_alicia_d_control_interfaces_s.ep.rosidl_typesupport_c.c.o: in function `alicia_d_control_interfaces__action__execute_pick__feedback__destroy_ros_message':
[18.510s] _alicia_d_control_interfaces_s.ep.rosidl_typesupport_c.c:(.text+0xa57): undefined reference to `alicia_d_control_interfaces__action__ExecutePick_Feedback__destroy'
[18.510s] /usr/bin/ld: CMakeFiles/alicia_d_control_interfaces__rosidl_typesupport_c__pyext.dir/rosidl_generator_py/alicia_d_control_interfaces/_alicia_d_control_interfaces_s.ep.rosidl_typesupport_c.c.o: in function `_register_msg_type__action__execute_pick__feedback':
[18.510s] _alicia_d_control_interfaces_s.ep.rosidl_typesupport_c.c:(.text+0xb5f): undefined reference to `alicia_d_control_interfaces__action__execute_pick__feedback__convert_from_py'
[18.511s] /usr/bin/ld: _alicia_d_control_interfaces_s.ep.rosidl_typesupport_c.c:(.text+0xbcd): undefined reference to `alicia_d_control_interfaces__action__execute_pick__feedback__convert_to_py'
[18.511s] /usr/bin/ld: _alicia_d_control_interfaces_s.ep.rosidl_typesupport_c.c:(.text+0xc31): undefined reference to `rosidl_typesupport_c__get_message_type_support_handle__alicia_d_control_interfaces__action__ExecutePick_Feedback'
[18.511s] /usr/bin/ld: CMakeFiles/alicia_d_control_interfaces__rosidl_typesupport_c__pyext.dir/rosidl_generator_py/alicia_d_control_interfaces/_alicia_d_control_interfaces_s.ep.rosidl_typesupport_c.c.o: in function `alicia_d_control_interfaces__action__execute_pick__send_goal__request__create_ros_message':
[18.511s] _alicia_d_control_interfaces_s.ep.rosidl_typesupport_c.c:(.text+0xca3): undefined reference to `alicia_d_control_interfaces__action__ExecutePick_SendGoal_Request__create'
[18.511s] /usr/bin/ld: CMakeFiles/alicia_d_control_interfaces__rosidl_typesupport_c__pyext.dir/rosidl_generator_py/alicia_d_control_interfaces/_alicia_d_control_interfaces_s.ep.rosidl_typesupport_c.c.o: in function `alicia_d_control_interfaces__action__execute_pick__send_goal__request__destroy_ros_message':
[18.511s] _alicia_d_control_interfaces_s.ep.rosidl_typesupport_c.c:(.text+0xcc9): undefined reference to `alicia_d_control_interfaces__action__ExecutePick_SendGoal_Request__destroy'
[18.511s] /usr/bin/ld: CMakeFiles/alicia_d_control_interfaces__rosidl_typesupport_c__pyext.dir/rosidl_generator_py/alicia_d_control_interfaces/_alicia_d_control_interfaces_s.ep.rosidl_typesupport_c.c.o: in function `_register_msg_type__action__execute_pick__send_goal__request':
[18.511s] _alicia_d_control_interfaces_s.ep.rosidl_typesupport_c.c:(.text+0xdd1): undefined reference to `alicia_d_control_interfaces__action__execute_pick__send_goal__request__convert_from_py'
[18.511s] /usr/bin/ld: _alicia_d_control_interfaces_s.ep.rosidl_typesupport_c.c:(.text+0xe3f): undefined reference to `alicia_d_control_interfaces__action__execute_pick__send_goal__request__convert_to_py'
[18.511s] /usr/bin/ld: _alicia_d_control_interfaces_s.ep.rosidl_typesupport_c.c:(.text+0xea3): undefined reference to `rosidl_typesupport_c__get_message_type_support_handle__alicia_d_control_interfaces__action__ExecutePick_SendGoal_Request'
[18.511s] /usr/bin/ld: CMakeFiles/alicia_d_control_interfaces__rosidl_typesupport_c__pyext.dir/rosidl_generator_py/alicia_d_control_interfaces/_alicia_d_control_interfaces_s.ep.rosidl_typesupport_c.c.o: in function `alicia_d_control_interfaces__action__execute_pick__send_goal__response__create_ros_message':
[18.511s] _alicia_d_control_interfaces_s.ep.rosidl_typesupport_c.c:(.text+0xf15): undefined reference to `alicia_d_control_interfaces__action__ExecutePick_SendGoal_Response__create'
[18.512s] /usr/bin/ld: CMakeFiles/alicia_d_control_interfaces__rosidl_typesupport_c__pyext.dir/rosidl_generator_py/alicia_d_control_interfaces/_alicia_d_control_interfaces_s.ep.rosidl_typesupport_c.c.o: in function `alicia_d_control_interfaces__action__execute_pick__send_goal__response__destroy_ros_message':
[18.512s] _alicia_d_control_interfaces_s.ep.rosidl_typesupport_c.c:(.text+0xf3b): undefined reference to `alicia_d_control_interfaces__action__ExecutePick_SendGoal_Response__destroy'
[18.512s] /usr/bin/ld: CMakeFiles/alicia_d_control_interfaces__rosidl_typesupport_c__pyext.dir/rosidl_generator_py/alicia_d_control_interfaces/_alicia_d_control_interfaces_s.ep.rosidl_typesupport_c.c.o: in function `_register_msg_type__action__execute_pick__send_goal__response':
[18.512s] _alicia_d_control_interfaces_s.ep.rosidl_typesupport_c.c:(.text+0x1043): undefined reference to `alicia_d_control_interfaces__action__execute_pick__send_goal__response__convert_from_py'
[18.512s] /usr/bin/ld: _alicia_d_control_interfaces_s.ep.rosidl_typesupport_c.c:(.text+0x10b1): undefined reference to `alicia_d_control_interfaces__action__execute_pick__send_goal__response__convert_to_py'
[18.512s] /usr/bin/ld: _alicia_d_control_interfaces_s.ep.rosidl_typesupport_c.c:(.text+0x1115): undefined reference to `rosidl_typesupport_c__get_message_type_support_handle__alicia_d_control_interfaces__action__ExecutePick_SendGoal_Response'
[18.512s] /usr/bin/ld: CMakeFiles/alicia_d_control_interfaces__rosidl_typesupport_c__pyext.dir/rosidl_generator_py/alicia_d_control_interfaces/_alicia_d_control_interfaces_s.ep.rosidl_typesupport_c.c.o: in function `_register_srv_type__action__execute_pick__send_goal':
[18.513s] _alicia_d_control_interfaces_s.ep.rosidl_typesupport_c.c:(.text+0x1197): undefined reference to `rosidl_typesupport_c__get_service_type_support_handle__alicia_d_control_interfaces__action__ExecutePick_SendGoal'
[18.515s] /usr/bin/ld: CMakeFiles/alicia_d_control_interfaces__rosidl_typesupport_c__pyext.dir/rosidl_generator_py/alicia_d_control_interfaces/_alicia_d_control_interfaces_s.ep.rosidl_typesupport_c.c.o: in function `alicia_d_control_interfaces__action__execute_pick__get_result__request__create_ros_message':
[18.515s] _alicia_d_control_interfaces_s.ep.rosidl_typesupport_c.c:(.text+0x1209): undefined reference to `alicia_d_control_interfaces__action__ExecutePick_GetResult_Request__create'
[18.516s] /usr/bin/ld: CMakeFiles/alicia_d_control_interfaces__rosidl_typesupport_c__pyext.dir/rosidl_generator_py/alicia_d_control_interfaces/_alicia_d_control_interfaces_s.ep.rosidl_typesupport_c.c.o: in function `alicia_d_control_interfaces__action__execute_pick__get_result__request__destroy_ros_message':
[18.516s] _alicia_d_control_interfaces_s.ep.rosidl_typesupport_c.c:(.text+0x122f): undefined reference to `alicia_d_control_interfaces__action__ExecutePick_GetResult_Request__destroy'
[18.516s] /usr/bin/ld: CMakeFiles/alicia_d_control_interfaces__rosidl_typesupport_c__pyext.dir/rosidl_generator_py/alicia_d_control_interfaces/_alicia_d_control_interfaces_s.ep.rosidl_typesupport_c.c.o: in function `_register_msg_type__action__execute_pick__get_result__request':
[18.516s] _alicia_d_control_interfaces_s.ep.rosidl_typesupport_c.c:(.text+0x1337): undefined reference to `alicia_d_control_interfaces__action__execute_pick__get_result__request__convert_from_py'
[18.516s] /usr/bin/ld: _alicia_d_control_interfaces_s.ep.rosidl_typesupport_c.c:(.text+0x13a5): undefined reference to `alicia_d_control_interfaces__action__execute_pick__get_result__request__convert_to_py'
[18.517s] /usr/bin/ld: _alicia_d_control_interfaces_s.ep.rosidl_typesupport_c.c:(.text+0x1409): undefined reference to `rosidl_typesupport_c__get_message_type_support_handle__alicia_d_control_interfaces__action__ExecutePick_GetResult_Request'
[18.519s] /usr/bin/ld: CMakeFiles/alicia_d_control_interfaces__rosidl_typesupport_c__pyext.dir/rosidl_generator_py/alicia_d_control_interfaces/_alicia_d_control_interfaces_s.ep.rosidl_typesupport_c.c.o: in function `alicia_d_control_interfaces__action__execute_pick__get_result__response__create_ros_message':
[18.520s] _alicia_d_control_interfaces_s.ep.rosidl_typesupport_c.c:(.text+0x147b): undefined reference to `alicia_d_control_interfaces__action__ExecutePick_GetResult_Response__create'
[18.521s] /usr/bin/ld: CMakeFiles/alicia_d_control_interfaces__rosidl_typesupport_c__pyext.dir/rosidl_generator_py/alicia_d_control_interfaces/_alicia_d_control_interfaces_s.ep.rosidl_typesupport_c.c.o: in function `alicia_d_control_interfaces__action__execute_pick__get_result__response__destroy_ros_message':
[18.524s] _alicia_d_control_interfaces_s.ep.rosidl_typesupport_c.c:(.text+0x14a1): undefined reference to `alicia_d_control_interfaces__action__ExecutePick_GetResult_Response__destroy'
[18.525s] /usr/bin/ld: CMakeFiles/alicia_d_control_interfaces__rosidl_typesupport_c__pyext.dir/rosidl_generator_py/alicia_d_control_interfaces/_alicia_d_control_interfaces_s.ep.rosidl_typesupport_c.c.o: in function `_register_msg_type__action__execute_pick__get_result__response':
[18.526s] _alicia_d_control_interfaces_s.ep.rosidl_typesupport_c.c:(.text+0x15a9): undefined reference to `alicia_d_control_interfaces__action__execute_pick__get_result__response__convert_from_py'
[18.527s] /usr/bin/ld: _alicia_d_control_interfaces_s.ep.rosidl_typesupport_c.c:(.text+0x1617): undefined reference to `alicia_d_control_interfaces__action__execute_pick__get_result__response__convert_to_py'
[18.527s] /usr/bin/ld: _alicia_d_control_interfaces_s.ep.rosidl_typesupport_c.c:(.text+0x167b): undefined reference to `rosidl_typesupport_c__get_message_type_support_handle__alicia_d_control_interfaces__action__ExecutePick_GetResult_Response'
[18.528s] /usr/bin/ld: CMakeFiles/alicia_d_control_interfaces__rosidl_typesupport_c__pyext.dir/rosidl_generator_py/alicia_d_control_interfaces/_alicia_d_control_interfaces_s.ep.rosidl_typesupport_c.c.o: in function `_register_srv_type__action__execute_pick__get_result':
[18.529s] _alicia_d_control_interfaces_s.ep.rosidl_typesupport_c.c:(.text+0x16fd): undefined reference to `rosidl_typesupport_c__get_service_type_support_handle__alicia_d_control_interfaces__action__ExecutePick_GetResult'
[18.529s] /usr/bin/ld: CMakeFiles/alicia_d_control_interfaces__rosidl_typesupport_c__pyext.dir/rosidl_generator_py/alicia_d_control_interfaces/_alicia_d_control_interfaces_s.ep.rosidl_typesupport_c.c.o: in function `alicia_d_control_interfaces__action__execute_pick__feedback_message__create_ros_message':
[18.529s] _alicia_d_control_interfaces_s.ep.rosidl_typesupport_c.c:(.text+0x176f): undefined reference to `alicia_d_control_interfaces__action__ExecutePick_FeedbackMessage__create'
[18.529s] /usr/bin/ld: CMakeFiles/alicia_d_control_interfaces__rosidl_typesupport_c__pyext.dir/rosidl_generator_py/alicia_d_control_interfaces/_alicia_d_control_interfaces_s.ep.rosidl_typesupport_c.c.o: in function `alicia_d_control_interfaces__action__execute_pick__feedback_message__destroy_ros_message':
[18.530s] _alicia_d_control_interfaces_s.ep.rosidl_typesupport_c.c:(.text+0x1795): undefined reference to `alicia_d_control_interfaces__action__ExecutePick_FeedbackMessage__destroy'
[18.531s] /usr/bin/ld: CMakeFiles/alicia_d_control_interfaces__rosidl_typesupport_c__pyext.dir/rosidl_generator_py/alicia_d_control_interfaces/_alicia_d_control_interfaces_s.ep.rosidl_typesupport_c.c.o: in function `_register_msg_type__action__execute_pick__feedback_message':
[18.532s] _alicia_d_control_interfaces_s.ep.rosidl_typesupport_c.c:(.text+0x189d): undefined reference to `alicia_d_control_interfaces__action__execute_pick__feedback_message__convert_from_py'
[18.532s] /usr/bin/ld: _alicia_d_control_interfaces_s.ep.rosidl_typesupport_c.c:(.text+0x190b): undefined reference to `alicia_d_control_interfaces__action__execute_pick__feedback_message__convert_to_py'
[18.533s] /usr/bin/ld: _alicia_d_control_interfaces_s.ep.rosidl_typesupport_c.c:(.text+0x196f): undefined reference to `rosidl_typesupport_c__get_message_type_support_handle__alicia_d_control_interfaces__action__ExecutePick_FeedbackMessage'
[18.535s] /usr/bin/ld: CMakeFiles/alicia_d_control_interfaces__rosidl_typesupport_c__pyext.dir/rosidl_generator_py/alicia_d_control_interfaces/_alicia_d_control_interfaces_s.ep.rosidl_typesupport_c.c.o: in function `_register_action_type__action__execute_pick':
[18.536s] _alicia_d_control_interfaces_s.ep.rosidl_typesupport_c.c:(.text+0x19f1): undefined reference to `rosidl_typesupport_c__get_action_type_support_handle__alicia_d_control_interfaces__action__ExecutePick'
[18.536s] collect2: error: ld returned 1 exit status
[18.536s] gmake[2]: *** [CMakeFiles/alicia_d_control_interfaces__rosidl_typesupport_c__pyext.dir/build.make:152: rosidl_generator_py/alicia_d_control_interfaces/alicia_d_control_interfaces_s__rosidl_typesupport_c.cpython-310-x86_64-linux-gnu.so] Error 1
[18.537s] gmake[1]: *** [CMakeFiles/Makefile2:583: CMakeFiles/alicia_d_control_interfaces__rosidl_typesupport_c__pyext.dir/all] Error 2
[18.537s] gmake: *** [Makefile:146: all] Error 2
[18.538s] Invoked command in '/home/Projects/HET/alicia_ws/build/alicia_d_control_interfaces' returned '2': CMAKE_PREFIX_PATH=/opt/ros/humble /usr/bin/cmake --build /home/Projects/HET/alicia_ws/build/alicia_d_control_interfaces -- -j20 -l20
