[0.012s] Invoking command in '/home/zyx/桌面/Robot_Arm/alicia_ws/build/alicia_d_driver': CMAKE_PREFIX_PATH=/opt/ros/humble /usr/bin/cmake /home/zyx/桌面/Robot_Arm/alicia_ws/src/alicia_d_driver -DCMAKE_INSTALL_PREFIX=/home/zyx/桌面/Robot_Arm/alicia_ws/install/alicia_d_driver
[0.071s] -- The CXX compiler identification is GNU 12.3.0
[0.077s] -- Detecting CXX compiler ABI info
[0.152s] -- Detecting CXX compiler ABI info - done
[0.159s] -- Check for working CXX compiler: /usr/bin/c++ - skipped
[0.159s] -- Detecting CXX compile features
[0.160s] -- Detecting CXX compile features - done
[0.163s] -- Found ament_cmake: 1.3.10 (/opt/ros/humble/share/ament_cmake/cmake)
[0.281s] -- Found Python3: /usr/bin/python3 (found version "3.10.12") found components: Interpreter 
[0.345s] -- Found PkgConfig: /usr/bin/pkg-config (found version "0.29.2") 
[0.347s] -- Found pluginlib: 5.1.0 (/opt/ros/humble/share/pluginlib/cmake)
[0.381s] -- Found hardware_interface: 2.54.0 (/opt/ros/humble/share/hardware_interface/cmake)
[0.396s] -- Found rosidl_generator_c: 3.1.5 (/opt/ros/humble/share/rosidl_generator_c/cmake)
[0.399s] -- Found rosidl_adapter: 3.1.5 (/opt/ros/humble/share/rosidl_adapter/cmake)
[0.404s] -- Found rosidl_generator_cpp: 3.1.5 (/opt/ros/humble/share/rosidl_generator_cpp/cmake)
[0.411s] -- Using all available rosidl_typesupport_c: rosidl_typesupport_fastrtps_c;rosidl_typesupport_introspection_c
[0.419s] -- Using all available rosidl_typesupport_cpp: rosidl_typesupport_fastrtps_cpp;rosidl_typesupport_introspection_cpp
[0.516s] -- Found rmw_implementation_cmake: 6.1.2 (/opt/ros/humble/share/rmw_implementation_cmake/cmake)
[0.518s] -- Found rmw_fastrtps_cpp: 6.2.7 (/opt/ros/humble/share/rmw_fastrtps_cpp/cmake)
[0.534s] -- Found TinyXML2 via Config file: TinyXML2_DIR-NOTFOUND
[0.576s] -- Found OpenSSL: /usr/lib/x86_64-linux-gnu/libcrypto.so (found version "3.0.2")  
[0.579s] -- Found TinyXML2 via Config file: TinyXML2_DIR-NOTFOUND
[0.589s] -- Found FastRTPS: /opt/ros/humble/include  
[0.591s] -- Found TinyXML2 via Config file: TinyXML2_DIR-NOTFOUND
[0.598s] -- Found TinyXML2 via Config file: TinyXML2_DIR-NOTFOUND
[0.607s] -- Using RMW implementation 'rmw_fastrtps_cpp' as default
[0.610s] -- Looking for C++ include pthread.h
[0.673s] -- Looking for C++ include pthread.h - found
[0.673s] -- Performing Test CMAKE_HAVE_LIBC_PTHREAD
[0.742s] -- Performing Test CMAKE_HAVE_LIBC_PTHREAD - Success
[0.743s] -- Found Threads: TRUE  
[0.771s] -- Checking for module 'libserial'
[0.782s] --   Found libserial, version 1.0.0
[0.815s] -- Found ZLIB: /usr/lib/x86_64-linux-gnu/libz.so (found version "1.2.11") 
[0.865s] -- Configuring done
[0.877s] -- Generating done
[0.878s] -- Build files have been written to: /home/zyx/桌面/Robot_Arm/alicia_ws/build/alicia_d_driver
[0.884s] Invoked command in '/home/zyx/桌面/Robot_Arm/alicia_ws/build/alicia_d_driver' returned '0': CMAKE_PREFIX_PATH=/opt/ros/humble /usr/bin/cmake /home/zyx/桌面/Robot_Arm/alicia_ws/src/alicia_d_driver -DCMAKE_INSTALL_PREFIX=/home/zyx/桌面/Robot_Arm/alicia_ws/install/alicia_d_driver
[0.885s] Invoking command in '/home/zyx/桌面/Robot_Arm/alicia_ws/build/alicia_d_driver': CMAKE_PREFIX_PATH=/opt/ros/humble /usr/bin/cmake --build /home/zyx/桌面/Robot_Arm/alicia_ws/build/alicia_d_driver -- -j32 -l32
[0.924s] [ 12%] [32mBuilding CXX object CMakeFiles/serial_communicator_lib.dir/src/serial_communicator.cpp.o[0m
[2.430s] [ 25%] [32m[1mLinking CXX shared library libserial_communicator_lib.so[0m
[2.485s] [ 25%] Built target serial_communicator_lib
[2.500s] [ 37%] [32mBuilding CXX object CMakeFiles/alicia_d_data_parser_control_lib.dir/src/alicia_d_data_parser_control.cpp.o[0m
[4.254s] [ 50%] [32m[1mLinking CXX shared library libalicia_d_data_parser_control_lib.so[0m
[4.317s] [ 50%] Built target alicia_d_data_parser_control_lib
[4.332s] [ 62%] [32mBuilding CXX object CMakeFiles/alicia_d_driver_node.dir/src/alicia_d_driver_node.cpp.o[0m
[4.332s] [ 75%] [32mBuilding CXX object CMakeFiles/alicia_d_hardware_interface.dir/src/alicia_d_hardware_interface.cpp.o[0m
[6.251s] [ 87%] [32m[1mLinking CXX shared library libalicia_d_hardware_interface.so[0m
[6.353s] [ 87%] Built target alicia_d_hardware_interface
[10.613s] [100%] [32m[1mLinking CXX executable alicia_d_driver_node[0m
[10.895s] [100%] Built target alicia_d_driver_node
[10.904s] Invoked command in '/home/zyx/桌面/Robot_Arm/alicia_ws/build/alicia_d_driver' returned '0': CMAKE_PREFIX_PATH=/opt/ros/humble /usr/bin/cmake --build /home/zyx/桌面/Robot_Arm/alicia_ws/build/alicia_d_driver -- -j32 -l32
[10.932s] Invoking command in '/home/zyx/桌面/Robot_Arm/alicia_ws/build/alicia_d_driver': CMAKE_PREFIX_PATH=/opt/ros/humble /usr/bin/cmake --install /home/zyx/桌面/Robot_Arm/alicia_ws/build/alicia_d_driver
[10.936s] -- Install configuration: ""
[10.936s] -- Installing: /home/zyx/桌面/Robot_Arm/alicia_ws/install/alicia_d_driver/share/alicia_d_driver/alicia_d_driver.xml
[10.936s] -- Installing: /home/zyx/桌面/Robot_Arm/alicia_ws/install/alicia_d_driver/include/alicia_d_driver
[10.936s] -- Installing: /home/zyx/桌面/Robot_Arm/alicia_ws/install/alicia_d_driver/include/alicia_d_driver/alicia_d_driver
[10.936s] -- Installing: /home/zyx/桌面/Robot_Arm/alicia_ws/install/alicia_d_driver/include/alicia_d_driver/alicia_d_driver/serial_communicator.hpp
[10.936s] -- Installing: /home/zyx/桌面/Robot_Arm/alicia_ws/install/alicia_d_driver/include/alicia_d_driver/alicia_d_driver/alicia_d_hardware_interface.hpp
[10.936s] -- Installing: /home/zyx/桌面/Robot_Arm/alicia_ws/install/alicia_d_driver/include/alicia_d_driver/alicia_d_driver/alicia_d_data_parser_control.hpp
[10.936s] -- Installing: /home/zyx/桌面/Robot_Arm/alicia_ws/install/alicia_d_driver/include/alicia_d_driver/alicia_d_driver/alicia_d_driver_node.hpp
[10.936s] -- Up-to-date: /home/zyx/桌面/Robot_Arm/alicia_ws/install/alicia_d_driver/share/alicia_d_driver
[10.936s] -- Installing: /home/zyx/桌面/Robot_Arm/alicia_ws/install/alicia_d_driver/share/alicia_d_driver/alicia_d_driver.launch.py
[10.936s] -- Up-to-date: /home/zyx/桌面/Robot_Arm/alicia_ws/install/alicia_d_driver/share/alicia_d_driver/alicia_d_driver.xml
[10.936s] -- Installing: /home/zyx/桌面/Robot_Arm/alicia_ws/install/alicia_d_driver/lib/alicia_d_driver/alicia_d_driver_node
[10.939s] -- Set runtime path of "/home/zyx/桌面/Robot_Arm/alicia_ws/install/alicia_d_driver/lib/alicia_d_driver/alicia_d_driver_node" to ""
[10.939s] -- Installing: /home/zyx/桌面/Robot_Arm/alicia_ws/install/alicia_d_driver/lib/libalicia_d_hardware_interface.so
[10.939s] -- Set runtime path of "/home/zyx/桌面/Robot_Arm/alicia_ws/install/alicia_d_driver/lib/libalicia_d_hardware_interface.so" to ""
[10.939s] -- Installing: /home/zyx/桌面/Robot_Arm/alicia_ws/install/alicia_d_driver/lib/libserial_communicator_lib.so
[10.940s] -- Set runtime path of "/home/zyx/桌面/Robot_Arm/alicia_ws/install/alicia_d_driver/lib/libserial_communicator_lib.so" to ""
[10.940s] -- Installing: /home/zyx/桌面/Robot_Arm/alicia_ws/install/alicia_d_driver/lib/libalicia_d_data_parser_control_lib.so
[10.940s] -- Set runtime path of "/home/zyx/桌面/Robot_Arm/alicia_ws/install/alicia_d_driver/lib/libalicia_d_data_parser_control_lib.so" to ""
[10.940s] -- Installing: /home/zyx/桌面/Robot_Arm/alicia_ws/install/alicia_d_driver/share/alicia_d_driver/environment/library_path.sh
[10.940s] -- Installing: /home/zyx/桌面/Robot_Arm/alicia_ws/install/alicia_d_driver/share/alicia_d_driver/environment/library_path.dsv
[10.940s] -- Installing: /home/zyx/桌面/Robot_Arm/alicia_ws/install/alicia_d_driver/share/ament_index/resource_index/package_run_dependencies/alicia_d_driver
[10.940s] -- Installing: /home/zyx/桌面/Robot_Arm/alicia_ws/install/alicia_d_driver/share/ament_index/resource_index/parent_prefix_path/alicia_d_driver
[10.940s] -- Installing: /home/zyx/桌面/Robot_Arm/alicia_ws/install/alicia_d_driver/share/alicia_d_driver/environment/ament_prefix_path.sh
[10.940s] -- Installing: /home/zyx/桌面/Robot_Arm/alicia_ws/install/alicia_d_driver/share/alicia_d_driver/environment/ament_prefix_path.dsv
[10.940s] -- Installing: /home/zyx/桌面/Robot_Arm/alicia_ws/install/alicia_d_driver/share/alicia_d_driver/environment/path.sh
[10.941s] -- Installing: /home/zyx/桌面/Robot_Arm/alicia_ws/install/alicia_d_driver/share/alicia_d_driver/environment/path.dsv
[10.941s] -- Installing: /home/zyx/桌面/Robot_Arm/alicia_ws/install/alicia_d_driver/share/alicia_d_driver/local_setup.bash
[10.941s] -- Installing: /home/zyx/桌面/Robot_Arm/alicia_ws/install/alicia_d_driver/share/alicia_d_driver/local_setup.sh
[10.941s] -- Installing: /home/zyx/桌面/Robot_Arm/alicia_ws/install/alicia_d_driver/share/alicia_d_driver/local_setup.zsh
[10.941s] -- Installing: /home/zyx/桌面/Robot_Arm/alicia_ws/install/alicia_d_driver/share/alicia_d_driver/local_setup.dsv
[10.941s] -- Installing: /home/zyx/桌面/Robot_Arm/alicia_ws/install/alicia_d_driver/share/alicia_d_driver/package.dsv
[10.941s] -- Installing: /home/zyx/桌面/Robot_Arm/alicia_ws/install/alicia_d_driver/share/ament_index/resource_index/packages/alicia_d_driver
[10.941s] -- Installing: /home/zyx/桌面/Robot_Arm/alicia_ws/install/alicia_d_driver/share/ament_index/resource_index/hardware_interface__pluginlib__plugin/alicia_d_driver
[10.941s] -- Installing: /home/zyx/桌面/Robot_Arm/alicia_ws/install/alicia_d_driver/share/alicia_d_driver/cmake/export_alicia_d_driverExport.cmake
[10.941s] -- Installing: /home/zyx/桌面/Robot_Arm/alicia_ws/install/alicia_d_driver/share/alicia_d_driver/cmake/export_alicia_d_driverExport-noconfig.cmake
[10.941s] -- Installing: /home/zyx/桌面/Robot_Arm/alicia_ws/install/alicia_d_driver/share/alicia_d_driver/cmake/ament_cmake_export_targets-extras.cmake
[10.941s] -- Installing: /home/zyx/桌面/Robot_Arm/alicia_ws/install/alicia_d_driver/share/alicia_d_driver/cmake/ament_cmake_export_dependencies-extras.cmake
[10.941s] -- Installing: /home/zyx/桌面/Robot_Arm/alicia_ws/install/alicia_d_driver/share/alicia_d_driver/cmake/alicia_d_driverConfig.cmake
[10.941s] -- Installing: /home/zyx/桌面/Robot_Arm/alicia_ws/install/alicia_d_driver/share/alicia_d_driver/cmake/alicia_d_driverConfig-version.cmake
[10.941s] -- Installing: /home/zyx/桌面/Robot_Arm/alicia_ws/install/alicia_d_driver/share/alicia_d_driver/package.xml
[10.942s] Invoked command in '/home/zyx/桌面/Robot_Arm/alicia_ws/build/alicia_d_driver' returned '0': CMAKE_PREFIX_PATH=/opt/ros/humble /usr/bin/cmake --install /home/zyx/桌面/Robot_Arm/alicia_ws/build/alicia_d_driver
