[0.011s] Invoking command in '/home/zyx/桌面/Robot_Arm/alicia_ws/build/alicia_d_calibration': CMAKE_PREFIX_PATH=/opt/ros/humble /usr/bin/cmake /home/zyx/桌面/Robot_Arm/alicia_ws/src/alicia_d_calibration -DCMAKE_INSTALL_PREFIX=/home/zyx/桌面/Robot_Arm/alicia_ws/install/alicia_d_calibration
[0.061s] -- The C compiler identification is GNU 12.3.0
[0.112s] -- The CXX compiler identification is GNU 12.3.0
[0.117s] -- Detecting C compiler ABI info
[0.173s] -- Detecting C compiler ABI info - done
[0.180s] -- Check for working C compiler: /usr/bin/cc - skipped
[0.180s] -- Detecting C compile features
[0.180s] -- Detecting C compile features - done
[0.182s] -- Detecting CXX compiler ABI info
[0.242s] -- Detecting CXX compiler ABI info - done
[0.249s] -- Check for working CXX compiler: /usr/bin/c++ - skipped
[0.249s] -- Detecting CXX compile features
[0.249s] -- Detecting CXX compile features - done
[0.250s] -- Found ament_cmake: 1.3.10 (/opt/ros/humble/share/ament_cmake/cmake)
[0.369s] -- Found Python3: /usr/bin/python3 (found version "3.10.12") found components: Interpreter 
[0.423s] -- Found rclpy: 3.3.14 (/opt/ros/humble/share/rclpy/cmake)
[0.483s] -- Found ament_lint_auto: 0.12.11 (/opt/ros/humble/share/ament_lint_auto/cmake)
[0.534s] -- Configuring done
[0.540s] -- Generating done
[0.540s] -- Build files have been written to: /home/zyx/桌面/Robot_Arm/alicia_ws/build/alicia_d_calibration
[0.546s] Invoked command in '/home/zyx/桌面/Robot_Arm/alicia_ws/build/alicia_d_calibration' returned '0': CMAKE_PREFIX_PATH=/opt/ros/humble /usr/bin/cmake /home/zyx/桌面/Robot_Arm/alicia_ws/src/alicia_d_calibration -DCMAKE_INSTALL_PREFIX=/home/zyx/桌面/Robot_Arm/alicia_ws/install/alicia_d_calibration
[0.547s] Invoking command in '/home/zyx/桌面/Robot_Arm/alicia_ws/build/alicia_d_calibration': CMAKE_PREFIX_PATH=/opt/ros/humble /usr/bin/cmake --build /home/zyx/桌面/Robot_Arm/alicia_ws/build/alicia_d_calibration -- -j32 -l32
[0.590s] Built target ament_cmake_python_copy_alicia_d_calibration
[0.737s] running egg_info
[0.738s] creating alicia_d_calibration.egg-info
[0.738s] writing alicia_d_calibration.egg-info/PKG-INFO
[0.738s] writing dependency_links to alicia_d_calibration.egg-info/dependency_links.txt
[0.738s] writing top-level names to alicia_d_calibration.egg-info/top_level.txt
[0.738s] writing manifest file 'alicia_d_calibration.egg-info/SOURCES.txt'
[0.739s] reading manifest file 'alicia_d_calibration.egg-info/SOURCES.txt'
[0.739s] writing manifest file 'alicia_d_calibration.egg-info/SOURCES.txt'
[0.757s] Built target ament_cmake_python_build_alicia_d_calibration_egg
[0.768s] Invoked command in '/home/zyx/桌面/Robot_Arm/alicia_ws/build/alicia_d_calibration' returned '0': CMAKE_PREFIX_PATH=/opt/ros/humble /usr/bin/cmake --build /home/zyx/桌面/Robot_Arm/alicia_ws/build/alicia_d_calibration -- -j32 -l32
[0.788s] Invoking command in '/home/zyx/桌面/Robot_Arm/alicia_ws/build/alicia_d_calibration': CMAKE_PREFIX_PATH=/opt/ros/humble /usr/bin/cmake --install /home/zyx/桌面/Robot_Arm/alicia_ws/build/alicia_d_calibration
[0.794s] -- Install configuration: ""
[0.794s] -- Installing: /home/zyx/桌面/Robot_Arm/alicia_ws/install/alicia_d_calibration/share/alicia_d_calibration/environment/pythonpath.sh
[0.794s] -- Installing: /home/zyx/桌面/Robot_Arm/alicia_ws/install/alicia_d_calibration/share/alicia_d_calibration/environment/pythonpath.dsv
[0.794s] -- Installing: /home/zyx/桌面/Robot_Arm/alicia_ws/install/alicia_d_calibration/local/lib/python3.10/dist-packages/alicia_d_calibration-1.0.0-py3.10.egg-info
[0.796s] -- Installing: /home/zyx/桌面/Robot_Arm/alicia_ws/install/alicia_d_calibration/local/lib/python3.10/dist-packages/alicia_d_calibration-1.0.0-py3.10.egg-info/top_level.txt
[0.796s] -- Installing: /home/zyx/桌面/Robot_Arm/alicia_ws/install/alicia_d_calibration/local/lib/python3.10/dist-packages/alicia_d_calibration-1.0.0-py3.10.egg-info/PKG-INFO
[0.797s] -- Installing: /home/zyx/桌面/Robot_Arm/alicia_ws/install/alicia_d_calibration/local/lib/python3.10/dist-packages/alicia_d_calibration-1.0.0-py3.10.egg-info/SOURCES.txt
[0.797s] -- Installing: /home/zyx/桌面/Robot_Arm/alicia_ws/install/alicia_d_calibration/local/lib/python3.10/dist-packages/alicia_d_calibration-1.0.0-py3.10.egg-info/dependency_links.txt
[0.797s] -- Installing: /home/zyx/桌面/Robot_Arm/alicia_ws/install/alicia_d_calibration/local/lib/python3.10/dist-packages/alicia_d_calibration
[0.797s] -- Installing: /home/zyx/桌面/Robot_Arm/alicia_ws/install/alicia_d_calibration/local/lib/python3.10/dist-packages/alicia_d_calibration/__init__.py
[0.816s] Listing '/home/zyx/桌面/Robot_Arm/alicia_ws/install/alicia_d_calibration/local/lib/python3.10/dist-packages/alicia_d_calibration'...
[0.816s] Compiling '/home/zyx/桌面/Robot_Arm/alicia_ws/install/alicia_d_calibration/local/lib/python3.10/dist-packages/alicia_d_calibration/__init__.py'...
[0.819s] -- Installing: /home/zyx/桌面/Robot_Arm/alicia_ws/install/alicia_d_calibration/lib/alicia_d_calibration/hand_eye_calibration.py
[0.819s] -- Installing: /home/zyx/桌面/Robot_Arm/alicia_ws/install/alicia_d_calibration/lib/alicia_d_calibration/generate_calibration_poses.py
[0.819s] -- Installing: /home/zyx/桌面/Robot_Arm/alicia_ws/install/alicia_d_calibration/lib/alicia_d_calibration/aruco_detector.py
[0.820s] -- Installing: /home/zyx/桌面/Robot_Arm/alicia_ws/install/alicia_d_calibration/share/alicia_d_calibration/launch
[0.820s] -- Installing: /home/zyx/桌面/Robot_Arm/alicia_ws/install/alicia_d_calibration/share/alicia_d_calibration/launch/verify_calibration.launch.py
[0.820s] -- Installing: /home/zyx/桌面/Robot_Arm/alicia_ws/install/alicia_d_calibration/share/alicia_d_calibration/launch/hand_eye_calibration.launch.py
[0.820s] -- Installing: /home/zyx/桌面/Robot_Arm/alicia_ws/install/alicia_d_calibration/share/alicia_d_calibration/config
[0.820s] -- Installing: /home/zyx/桌面/Robot_Arm/alicia_ws/install/alicia_d_calibration/share/alicia_d_calibration/config/hand_eye_calibration_result.yaml
[0.820s] -- Installing: /home/zyx/桌面/Robot_Arm/alicia_ws/install/alicia_d_calibration/share/ament_index/resource_index/package_run_dependencies/alicia_d_calibration
[0.820s] -- Installing: /home/zyx/桌面/Robot_Arm/alicia_ws/install/alicia_d_calibration/share/ament_index/resource_index/parent_prefix_path/alicia_d_calibration
[0.820s] -- Installing: /home/zyx/桌面/Robot_Arm/alicia_ws/install/alicia_d_calibration/share/alicia_d_calibration/environment/ament_prefix_path.sh
[0.820s] -- Installing: /home/zyx/桌面/Robot_Arm/alicia_ws/install/alicia_d_calibration/share/alicia_d_calibration/environment/ament_prefix_path.dsv
[0.820s] -- Installing: /home/zyx/桌面/Robot_Arm/alicia_ws/install/alicia_d_calibration/share/alicia_d_calibration/environment/path.sh
[0.820s] -- Installing: /home/zyx/桌面/Robot_Arm/alicia_ws/install/alicia_d_calibration/share/alicia_d_calibration/environment/path.dsv
[0.820s] -- Installing: /home/zyx/桌面/Robot_Arm/alicia_ws/install/alicia_d_calibration/share/alicia_d_calibration/local_setup.bash
[0.820s] -- Installing: /home/zyx/桌面/Robot_Arm/alicia_ws/install/alicia_d_calibration/share/alicia_d_calibration/local_setup.sh
[0.820s] -- Installing: /home/zyx/桌面/Robot_Arm/alicia_ws/install/alicia_d_calibration/share/alicia_d_calibration/local_setup.zsh
[0.821s] -- Installing: /home/zyx/桌面/Robot_Arm/alicia_ws/install/alicia_d_calibration/share/alicia_d_calibration/local_setup.dsv
[0.821s] -- Installing: /home/zyx/桌面/Robot_Arm/alicia_ws/install/alicia_d_calibration/share/alicia_d_calibration/package.dsv
[0.821s] -- Installing: /home/zyx/桌面/Robot_Arm/alicia_ws/install/alicia_d_calibration/share/ament_index/resource_index/packages/alicia_d_calibration
[0.821s] -- Installing: /home/zyx/桌面/Robot_Arm/alicia_ws/install/alicia_d_calibration/share/alicia_d_calibration/cmake/alicia_d_calibrationConfig.cmake
[0.821s] -- Installing: /home/zyx/桌面/Robot_Arm/alicia_ws/install/alicia_d_calibration/share/alicia_d_calibration/cmake/alicia_d_calibrationConfig-version.cmake
[0.821s] -- Installing: /home/zyx/桌面/Robot_Arm/alicia_ws/install/alicia_d_calibration/share/alicia_d_calibration/package.xml
[0.824s] Invoked command in '/home/zyx/桌面/Robot_Arm/alicia_ws/build/alicia_d_calibration' returned '0': CMAKE_PREFIX_PATH=/opt/ros/humble /usr/bin/cmake --install /home/zyx/桌面/Robot_Arm/alicia_ws/build/alicia_d_calibration
