[0.069s] Invoking command in '/home/Projects/HET/alicia_ws/build/alicia_d_descriptions': CMAKE_PREFIX_PATH=/opt/ros/humble /usr/bin/cmake /home/Projects/HET/alicia_ws/src/alicia_d_descriptions -DCMAKE_INSTALL_PREFIX=/home/Projects/HET/alicia_ws/install/alicia_d_descriptions
[1.674s] -- The C compiler identification is GNU 11.4.0
[9.817s] -- The CXX compiler identification is GNU 11.4.0
[15.828s] -- Detecting C compiler ABI info
[17.514s] -- Detecting C compiler ABI info - done
[17.532s] -- Check for working C compiler: /usr/bin/cc - skipped
[17.534s] -- Detecting C compile features
[17.534s] -- Detecting C compile features - done
[17.543s] -- Detecting CXX compiler ABI info
[19.087s] -- Detecting CXX compiler ABI info - done
[19.102s] -- Check for working CXX compiler: /usr/bin/c++ - skipped
[19.103s] -- Detecting CXX compile features
[19.103s] -- Detecting CXX compile features - done
[19.107s] -- Found ament_cmake: 1.3.14 (/opt/ros/humble/share/ament_cmake/cmake)
[19.478s] -- Found Python3: /usr/bin/python3 (found version "3.10.12") found components: Interpreter 
[19.856s] -- Configuring done
[19.868s] -- Generating done
[19.876s] -- Build files have been written to: /home/Projects/HET/alicia_ws/build/alicia_d_descriptions
[19.887s] Invoked command in '/home/Projects/HET/alicia_ws/build/alicia_d_descriptions' returned '0': CMAKE_PREFIX_PATH=/opt/ros/humble /usr/bin/cmake /home/Projects/HET/alicia_ws/src/alicia_d_descriptions -DCMAKE_INSTALL_PREFIX=/home/Projects/HET/alicia_ws/install/alicia_d_descriptions
[19.892s] Invoking command in '/home/Projects/HET/alicia_ws/build/alicia_d_descriptions': CMAKE_PREFIX_PATH=/opt/ros/humble /usr/bin/cmake --build /home/Projects/HET/alicia_ws/build/alicia_d_descriptions -- -j20 -l20
[19.984s] Invoked command in '/home/Projects/HET/alicia_ws/build/alicia_d_descriptions' returned '0': CMAKE_PREFIX_PATH=/opt/ros/humble /usr/bin/cmake --build /home/Projects/HET/alicia_ws/build/alicia_d_descriptions -- -j20 -l20
[19.989s] Invoking command in '/home/Projects/HET/alicia_ws/build/alicia_d_descriptions': CMAKE_PREFIX_PATH=/opt/ros/humble /usr/bin/cmake --install /home/Projects/HET/alicia_ws/build/alicia_d_descriptions
[20.005s] -- Install configuration: ""
[20.006s] -- Installing: /home/Projects/HET/alicia_ws/install/alicia_d_descriptions/share/alicia_d_descriptions/launch
[20.007s] -- Installing: /home/Projects/HET/alicia_ws/install/alicia_d_descriptions/share/alicia_d_descriptions/launch/alicia.rviz
[20.008s] -- Installing: /home/Projects/HET/alicia_ws/install/alicia_d_descriptions/share/alicia_d_descriptions/launch/display.launch.py
[20.008s] -- Installing: /home/Projects/HET/alicia_ws/install/alicia_d_descriptions/share/alicia_d_descriptions/urdf
[20.009s] -- Installing: /home/Projects/HET/alicia_ws/install/alicia_d_descriptions/share/alicia_d_descriptions/urdf/Alicia_D_v5_6
[20.010s] -- Installing: /home/Projects/HET/alicia_ws/install/alicia_d_descriptions/share/alicia_d_descriptions/urdf/Alicia_D_v5_6/Alicia_D_v5_6_gripper_100mm.urdf
[20.011s] -- Installing: /home/Projects/HET/alicia_ws/install/alicia_d_descriptions/share/alicia_d_descriptions/urdf/Alicia_D_v5_6/Alicia_D_v5_6_gripper_50mm.urdf
[20.012s] -- Installing: /home/Projects/HET/alicia_ws/install/alicia_d_descriptions/share/alicia_d_descriptions/meshes
[20.013s] -- Installing: /home/Projects/HET/alicia_ws/install/alicia_d_descriptions/share/alicia_d_descriptions/meshes/Alicia_D_v5_6
[20.014s] -- Installing: /home/Projects/HET/alicia_ws/install/alicia_d_descriptions/share/alicia_d_descriptions/meshes/Alicia_D_v5_6/gripper_100mm
[20.014s] -- Installing: /home/Projects/HET/alicia_ws/install/alicia_d_descriptions/share/alicia_d_descriptions/meshes/Alicia_D_v5_6/gripper_100mm/Link6.STL
[20.055s] -- Installing: /home/Projects/HET/alicia_ws/install/alicia_d_descriptions/share/alicia_d_descriptions/meshes/Alicia_D_v5_6/gripper_100mm/Link5.STL
[20.098s] -- Installing: /home/Projects/HET/alicia_ws/install/alicia_d_descriptions/share/alicia_d_descriptions/meshes/Alicia_D_v5_6/gripper_100mm/Link2.STL
[20.170s] -- Installing: /home/Projects/HET/alicia_ws/install/alicia_d_descriptions/share/alicia_d_descriptions/meshes/Alicia_D_v5_6/gripper_100mm/Link4.STL
[20.199s] -- Installing: /home/Projects/HET/alicia_ws/install/alicia_d_descriptions/share/alicia_d_descriptions/meshes/Alicia_D_v5_6/gripper_100mm/right_gripper.STL
[20.201s] -- Installing: /home/Projects/HET/alicia_ws/install/alicia_d_descriptions/share/alicia_d_descriptions/meshes/Alicia_D_v5_6/gripper_100mm/Link1.STL
[20.260s] -- Installing: /home/Projects/HET/alicia_ws/install/alicia_d_descriptions/share/alicia_d_descriptions/meshes/Alicia_D_v5_6/gripper_100mm/left_gripper.STL
[20.263s] -- Installing: /home/Projects/HET/alicia_ws/install/alicia_d_descriptions/share/alicia_d_descriptions/meshes/Alicia_D_v5_6/gripper_100mm/Link3.STL
[20.296s] -- Installing: /home/Projects/HET/alicia_ws/install/alicia_d_descriptions/share/alicia_d_descriptions/meshes/Alicia_D_v5_6/gripper_100mm/base_link.STL
[20.366s] -- Installing: /home/Projects/HET/alicia_ws/install/alicia_d_descriptions/share/alicia_d_descriptions/meshes/Alicia_D_v5_6/gripper_100mm/girpper_center.STL
[20.367s] -- Installing: /home/Projects/HET/alicia_ws/install/alicia_d_descriptions/share/alicia_d_descriptions/meshes/Alicia_D_v5_6/gripper_50mm
[20.368s] -- Installing: /home/Projects/HET/alicia_ws/install/alicia_d_descriptions/share/alicia_d_descriptions/meshes/Alicia_D_v5_6/gripper_50mm/Link6.STL
[20.434s] -- Installing: /home/Projects/HET/alicia_ws/install/alicia_d_descriptions/share/alicia_d_descriptions/meshes/Alicia_D_v5_6/gripper_50mm/Link5.STL
[20.460s] -- Installing: /home/Projects/HET/alicia_ws/install/alicia_d_descriptions/share/alicia_d_descriptions/meshes/Alicia_D_v5_6/gripper_50mm/Link2.STL
[20.524s] -- Installing: /home/Projects/HET/alicia_ws/install/alicia_d_descriptions/share/alicia_d_descriptions/meshes/Alicia_D_v5_6/gripper_50mm/Link4.STL
[20.556s] -- Installing: /home/Projects/HET/alicia_ws/install/alicia_d_descriptions/share/alicia_d_descriptions/meshes/Alicia_D_v5_6/gripper_50mm/right_gripper.STL
[20.559s] -- Installing: /home/Projects/HET/alicia_ws/install/alicia_d_descriptions/share/alicia_d_descriptions/meshes/Alicia_D_v5_6/gripper_50mm/Link1.STL
[20.615s] -- Installing: /home/Projects/HET/alicia_ws/install/alicia_d_descriptions/share/alicia_d_descriptions/meshes/Alicia_D_v5_6/gripper_50mm/left_gripper.STL
[20.617s] -- Installing: /home/Projects/HET/alicia_ws/install/alicia_d_descriptions/share/alicia_d_descriptions/meshes/Alicia_D_v5_6/gripper_50mm/Link3.STL
[20.651s] -- Installing: /home/Projects/HET/alicia_ws/install/alicia_d_descriptions/share/alicia_d_descriptions/meshes/Alicia_D_v5_6/gripper_50mm/base_link.STL
[20.718s] -- Installing: /home/Projects/HET/alicia_ws/install/alicia_d_descriptions/share/alicia_d_descriptions/meshes/Alicia_D_v5_6/gripper_50mm/girpper_center.STL
[20.720s] -- Installing: /home/Projects/HET/alicia_ws/install/alicia_d_descriptions/lib/alicia_d_descriptions/display.launch.py
[20.722s] -- Installing: /home/Projects/HET/alicia_ws/install/alicia_d_descriptions/share/ament_index/resource_index/package_run_dependencies/alicia_d_descriptions
[20.723s] -- Installing: /home/Projects/HET/alicia_ws/install/alicia_d_descriptions/share/ament_index/resource_index/parent_prefix_path/alicia_d_descriptions
[20.724s] -- Installing: /home/Projects/HET/alicia_ws/install/alicia_d_descriptions/share/alicia_d_descriptions/environment/ament_prefix_path.sh
[20.724s] -- Installing: /home/Projects/HET/alicia_ws/install/alicia_d_descriptions/share/alicia_d_descriptions/environment/ament_prefix_path.dsv
[20.725s] -- Installing: /home/Projects/HET/alicia_ws/install/alicia_d_descriptions/share/alicia_d_descriptions/environment/path.sh
[20.726s] -- Installing: /home/Projects/HET/alicia_ws/install/alicia_d_descriptions/share/alicia_d_descriptions/environment/path.dsv
[20.726s] -- Installing: /home/Projects/HET/alicia_ws/install/alicia_d_descriptions/share/alicia_d_descriptions/local_setup.bash
[20.726s] -- Installing: /home/Projects/HET/alicia_ws/install/alicia_d_descriptions/share/alicia_d_descriptions/local_setup.sh
[20.726s] -- Installing: /home/Projects/HET/alicia_ws/install/alicia_d_descriptions/share/alicia_d_descriptions/local_setup.zsh
[20.727s] -- Installing: /home/Projects/HET/alicia_ws/install/alicia_d_descriptions/share/alicia_d_descriptions/local_setup.dsv
[20.728s] -- Installing: /home/Projects/HET/alicia_ws/install/alicia_d_descriptions/share/alicia_d_descriptions/package.dsv
[20.728s] -- Installing: /home/Projects/HET/alicia_ws/install/alicia_d_descriptions/share/ament_index/resource_index/packages/alicia_d_descriptions
[20.728s] -- Installing: /home/Projects/HET/alicia_ws/install/alicia_d_descriptions/share/alicia_d_descriptions/cmake/alicia_d_descriptionsConfig.cmake
[20.728s] -- Installing: /home/Projects/HET/alicia_ws/install/alicia_d_descriptions/share/alicia_d_descriptions/cmake/alicia_d_descriptionsConfig-version.cmake
[20.729s] -- Installing: /home/Projects/HET/alicia_ws/install/alicia_d_descriptions/share/alicia_d_descriptions/package.xml
[20.734s] Invoked command in '/home/Projects/HET/alicia_ws/build/alicia_d_descriptions' returned '0': CMAKE_PREFIX_PATH=/opt/ros/humble /usr/bin/cmake --install /home/Projects/HET/alicia_ws/build/alicia_d_descriptions
