-- The CXX compiler identification is GNU 11.4.0
-- Detecting CXX compiler ABI info
-- Detecting CXX compiler ABI info - done
-- Check for working CXX compiler: /usr/bin/c++ - skipped
-- Detecting CXX compile features
-- Detecting CXX compile features - done
-- Found ament_cmake: 1.3.14 (/opt/ros/humble/share/ament_cmake/cmake)
-- Found Python3: /usr/bin/python3 (found version "3.10.12") found components: Interpreter 
-- Found PkgConfig: /usr/bin/pkg-config (found version "0.29.2") 
-- Found pluginlib: 5.1.3 (/opt/ros/humble/share/pluginlib/cmake)
-- Found hardware_interface: 2.54.0 (/opt/ros/humble/share/hardware_interface/cmake)
-- Found rosidl_generator_c: 3.1.8 (/opt/ros/humble/share/rosidl_generator_c/cmake)
-- Found rosidl_adapter: 3.1.8 (/opt/ros/humble/share/rosidl_adapter/cmake)
-- Found rosidl_generator_cpp: 3.1.8 (/opt/ros/humble/share/rosidl_generator_cpp/cmake)
-- Using all available rosidl_typesupport_c: rosidl_typesupport_fastrtps_c;rosidl_typesupport_introspection_c
-- Using all available rosidl_typesupport_cpp: rosidl_typesupport_fastrtps_cpp;rosidl_typesupport_introspection_cpp
-- Found rmw_implementation_cmake: 6.1.2 (/opt/ros/humble/share/rmw_implementation_cmake/cmake)
-- Found rmw_fastrtps_cpp: 6.2.10 (/opt/ros/humble/share/rmw_fastrtps_cpp/cmake)
-- Found TinyXML2 via Config file: TinyXML2_DIR-NOTFOUND
-- Found OpenSSL: /usr/lib/x86_64-linux-gnu/libcrypto.so (found version "3.0.2")  
-- Found TinyXML2 via Config file: TinyXML2_DIR-NOTFOUND
-- Found FastRTPS: /opt/ros/humble/include  
-- Found TinyXML2 via Config file: TinyXML2_DIR-NOTFOUND
-- Found TinyXML2 via Config file: TinyXML2_DIR-NOTFOUND
-- Using RMW implementation 'rmw_fastrtps_cpp' as default
-- Looking for C++ include pthread.h
-- Looking for C++ include pthread.h - found
-- Performing Test CMAKE_HAVE_LIBC_PTHREAD
-- Performing Test CMAKE_HAVE_LIBC_PTHREAD - Success
-- Found Threads: TRUE  
-- Checking for module 'libserial'
--   Found libserial, version 1.0.0
-- Found ZLIB: /usr/lib/x86_64-linux-gnu/libz.so (found version "1.2.11") 
-- Configuring done
-- Generating done
-- Build files have been written to: /home/Projects/HET/alicia_ws/build/alicia_d_driver
[ 12%] [32mBuilding CXX object CMakeFiles/serial_communicator_lib.dir/src/serial_communicator.cpp.o[0m
[ 25%] [32m[1mLinking CXX shared library libserial_communicator_lib.so[0m
[ 25%] Built target serial_communicator_lib
[ 37%] [32mBuilding CXX object CMakeFiles/alicia_d_data_parser_control_lib.dir/src/alicia_d_data_parser_control.cpp.o[0m
[ 50%] [32m[1mLinking CXX shared library libalicia_d_data_parser_control_lib.so[0m
[ 50%] Built target alicia_d_data_parser_control_lib
[ 62%] [32mBuilding CXX object CMakeFiles/alicia_d_hardware_interface.dir/src/alicia_d_hardware_interface.cpp.o[0m
[ 75%] [32mBuilding CXX object CMakeFiles/alicia_d_driver_node.dir/src/alicia_d_driver_node.cpp.o[0m
[ 87%] [32m[1mLinking CXX shared library libalicia_d_hardware_interface.so[0m
[ 87%] Built target alicia_d_hardware_interface
[100%] [32m[1mLinking CXX executable alicia_d_driver_node[0m
[100%] Built target alicia_d_driver_node
-- Install configuration: ""
-- Installing: /home/Projects/HET/alicia_ws/install/alicia_d_driver/share/alicia_d_driver/alicia_d_driver.xml
-- Installing: /home/Projects/HET/alicia_ws/install/alicia_d_driver/include/alicia_d_driver
-- Installing: /home/Projects/HET/alicia_ws/install/alicia_d_driver/include/alicia_d_driver/alicia_d_driver
-- Installing: /home/Projects/HET/alicia_ws/install/alicia_d_driver/include/alicia_d_driver/alicia_d_driver/alicia_d_hardware_interface.hpp
-- Installing: /home/Projects/HET/alicia_ws/install/alicia_d_driver/include/alicia_d_driver/alicia_d_driver/alicia_d_data_parser_control.hpp
-- Installing: /home/Projects/HET/alicia_ws/install/alicia_d_driver/include/alicia_d_driver/alicia_d_driver/serial_communicator.hpp
-- Installing: /home/Projects/HET/alicia_ws/install/alicia_d_driver/include/alicia_d_driver/alicia_d_driver/alicia_d_driver_node.hpp
-- Up-to-date: /home/Projects/HET/alicia_ws/install/alicia_d_driver/share/alicia_d_driver
-- Installing: /home/Projects/HET/alicia_ws/install/alicia_d_driver/share/alicia_d_driver/alicia_d_driver.launch.py
-- Up-to-date: /home/Projects/HET/alicia_ws/install/alicia_d_driver/share/alicia_d_driver/alicia_d_driver.xml
-- Installing: /home/Projects/HET/alicia_ws/install/alicia_d_driver/lib/alicia_d_driver/alicia_d_driver_node
-- Set runtime path of "/home/Projects/HET/alicia_ws/install/alicia_d_driver/lib/alicia_d_driver/alicia_d_driver_node" to ""
-- Installing: /home/Projects/HET/alicia_ws/install/alicia_d_driver/lib/libalicia_d_hardware_interface.so
-- Set runtime path of "/home/Projects/HET/alicia_ws/install/alicia_d_driver/lib/libalicia_d_hardware_interface.so" to ""
-- Installing: /home/Projects/HET/alicia_ws/install/alicia_d_driver/lib/libserial_communicator_lib.so
-- Set runtime path of "/home/Projects/HET/alicia_ws/install/alicia_d_driver/lib/libserial_communicator_lib.so" to ""
-- Installing: /home/Projects/HET/alicia_ws/install/alicia_d_driver/lib/libalicia_d_data_parser_control_lib.so
-- Set runtime path of "/home/Projects/HET/alicia_ws/install/alicia_d_driver/lib/libalicia_d_data_parser_control_lib.so" to ""
-- Installing: /home/Projects/HET/alicia_ws/install/alicia_d_driver/share/alicia_d_driver/environment/library_path.sh
-- Installing: /home/Projects/HET/alicia_ws/install/alicia_d_driver/share/alicia_d_driver/environment/library_path.dsv
-- Installing: /home/Projects/HET/alicia_ws/install/alicia_d_driver/share/ament_index/resource_index/package_run_dependencies/alicia_d_driver
-- Installing: /home/Projects/HET/alicia_ws/install/alicia_d_driver/share/ament_index/resource_index/parent_prefix_path/alicia_d_driver
-- Installing: /home/Projects/HET/alicia_ws/install/alicia_d_driver/share/alicia_d_driver/environment/ament_prefix_path.sh
-- Installing: /home/Projects/HET/alicia_ws/install/alicia_d_driver/share/alicia_d_driver/environment/ament_prefix_path.dsv
-- Installing: /home/Projects/HET/alicia_ws/install/alicia_d_driver/share/alicia_d_driver/environment/path.sh
-- Installing: /home/Projects/HET/alicia_ws/install/alicia_d_driver/share/alicia_d_driver/environment/path.dsv
-- Installing: /home/Projects/HET/alicia_ws/install/alicia_d_driver/share/alicia_d_driver/local_setup.bash
-- Installing: /home/Projects/HET/alicia_ws/install/alicia_d_driver/share/alicia_d_driver/local_setup.sh
-- Installing: /home/Projects/HET/alicia_ws/install/alicia_d_driver/share/alicia_d_driver/local_setup.zsh
-- Installing: /home/Projects/HET/alicia_ws/install/alicia_d_driver/share/alicia_d_driver/local_setup.dsv
-- Installing: /home/Projects/HET/alicia_ws/install/alicia_d_driver/share/alicia_d_driver/package.dsv
-- Installing: /home/Projects/HET/alicia_ws/install/alicia_d_driver/share/ament_index/resource_index/packages/alicia_d_driver
-- Installing: /home/Projects/HET/alicia_ws/install/alicia_d_driver/share/ament_index/resource_index/hardware_interface__pluginlib__plugin/alicia_d_driver
-- Installing: /home/Projects/HET/alicia_ws/install/alicia_d_driver/share/alicia_d_driver/cmake/export_alicia_d_driverExport.cmake
-- Installing: /home/Projects/HET/alicia_ws/install/alicia_d_driver/share/alicia_d_driver/cmake/export_alicia_d_driverExport-noconfig.cmake
-- Installing: /home/Projects/HET/alicia_ws/install/alicia_d_driver/share/alicia_d_driver/cmake/ament_cmake_export_targets-extras.cmake
-- Installing: /home/Projects/HET/alicia_ws/install/alicia_d_driver/share/alicia_d_driver/cmake/ament_cmake_export_dependencies-extras.cmake
-- Installing: /home/Projects/HET/alicia_ws/install/alicia_d_driver/share/alicia_d_driver/cmake/alicia_d_driverConfig.cmake
-- Installing: /home/Projects/HET/alicia_ws/install/alicia_d_driver/share/alicia_d_driver/cmake/alicia_d_driverConfig-version.cmake
-- Installing: /home/Projects/HET/alicia_ws/install/alicia_d_driver/share/alicia_d_driver/package.xml
