[0.076s] Invoking command in '/home/Projects/HET/alicia_ws/build/alicia_d_driver': CMAKE_PREFIX_PATH=/opt/ros/humble /usr/bin/cmake --build /home/Projects/HET/alicia_ws/build/alicia_d_driver -- -j20 -l20
[0.275s] [ 25%] Built target serial_communicator_lib
[0.311s] [ 50%] Built target alicia_d_data_parser_control_lib
[0.384s] [ 75%] Built target alicia_d_hardware_interface
[0.385s] [100%] Built target alicia_d_driver_node
[0.417s] Invoked command in '/home/Projects/HET/alicia_ws/build/alicia_d_driver' returned '0': CMAKE_PREFIX_PATH=/opt/ros/humble /usr/bin/cmake --build /home/Projects/HET/alicia_ws/build/alicia_d_driver -- -j20 -l20
[0.423s] Invoking command in '/home/Projects/HET/alicia_ws/build/alicia_d_driver': CMAKE_PREFIX_PATH=/opt/ros/humble /usr/bin/cmake --install /home/Projects/HET/alicia_ws/build/alicia_d_driver
[0.439s] -- Install configuration: ""
[0.439s] -- Up-to-date: /home/Projects/HET/alicia_ws/install/alicia_d_driver/share/alicia_d_driver/alicia_d_driver.xml
[0.440s] -- Up-to-date: /home/Projects/HET/alicia_ws/install/alicia_d_driver/include/alicia_d_driver
[0.441s] -- Up-to-date: /home/Projects/HET/alicia_ws/install/alicia_d_driver/include/alicia_d_driver/alicia_d_driver
[0.442s] -- Up-to-date: /home/Projects/HET/alicia_ws/install/alicia_d_driver/include/alicia_d_driver/alicia_d_driver/alicia_d_hardware_interface.hpp
[0.442s] -- Up-to-date: /home/Projects/HET/alicia_ws/install/alicia_d_driver/include/alicia_d_driver/alicia_d_driver/alicia_d_data_parser_control.hpp
[0.443s] -- Up-to-date: /home/Projects/HET/alicia_ws/install/alicia_d_driver/include/alicia_d_driver/alicia_d_driver/serial_communicator.hpp
[0.443s] -- Up-to-date: /home/Projects/HET/alicia_ws/install/alicia_d_driver/include/alicia_d_driver/alicia_d_driver/alicia_d_driver_node.hpp
[0.444s] -- Up-to-date: /home/Projects/HET/alicia_ws/install/alicia_d_driver/share/alicia_d_driver
[0.444s] -- Up-to-date: /home/Projects/HET/alicia_ws/install/alicia_d_driver/share/alicia_d_driver/alicia_d_driver.launch.py
[0.445s] -- Up-to-date: /home/Projects/HET/alicia_ws/install/alicia_d_driver/share/alicia_d_driver/alicia_d_driver.xml
[0.445s] -- Up-to-date: /home/Projects/HET/alicia_ws/install/alicia_d_driver/lib/alicia_d_driver/alicia_d_driver_node
[0.446s] -- Up-to-date: /home/Projects/HET/alicia_ws/install/alicia_d_driver/lib/libalicia_d_hardware_interface.so
[0.446s] -- Up-to-date: /home/Projects/HET/alicia_ws/install/alicia_d_driver/lib/libserial_communicator_lib.so
[0.447s] -- Up-to-date: /home/Projects/HET/alicia_ws/install/alicia_d_driver/lib/libalicia_d_data_parser_control_lib.so
[0.447s] -- Up-to-date: /home/Projects/HET/alicia_ws/install/alicia_d_driver/share/alicia_d_driver/environment/library_path.sh
[0.447s] -- Up-to-date: /home/Projects/HET/alicia_ws/install/alicia_d_driver/share/alicia_d_driver/environment/library_path.dsv
[0.447s] -- Up-to-date: /home/Projects/HET/alicia_ws/install/alicia_d_driver/share/ament_index/resource_index/package_run_dependencies/alicia_d_driver
[0.448s] -- Up-to-date: /home/Projects/HET/alicia_ws/install/alicia_d_driver/share/ament_index/resource_index/parent_prefix_path/alicia_d_driver
[0.448s] -- Up-to-date: /home/Projects/HET/alicia_ws/install/alicia_d_driver/share/alicia_d_driver/environment/ament_prefix_path.sh
[0.449s] -- Up-to-date: /home/Projects/HET/alicia_ws/install/alicia_d_driver/share/alicia_d_driver/environment/ament_prefix_path.dsv
[0.449s] -- Up-to-date: /home/Projects/HET/alicia_ws/install/alicia_d_driver/share/alicia_d_driver/environment/path.sh
[0.450s] -- Up-to-date: /home/Projects/HET/alicia_ws/install/alicia_d_driver/share/alicia_d_driver/environment/path.dsv
[0.450s] -- Up-to-date: /home/Projects/HET/alicia_ws/install/alicia_d_driver/share/alicia_d_driver/local_setup.bash
[0.451s] -- Up-to-date: /home/Projects/HET/alicia_ws/install/alicia_d_driver/share/alicia_d_driver/local_setup.sh
[0.451s] -- Up-to-date: /home/Projects/HET/alicia_ws/install/alicia_d_driver/share/alicia_d_driver/local_setup.zsh
[0.451s] -- Up-to-date: /home/Projects/HET/alicia_ws/install/alicia_d_driver/share/alicia_d_driver/local_setup.dsv
[0.452s] -- Installing: /home/Projects/HET/alicia_ws/install/alicia_d_driver/share/alicia_d_driver/package.dsv
[0.452s] -- Up-to-date: /home/Projects/HET/alicia_ws/install/alicia_d_driver/share/ament_index/resource_index/packages/alicia_d_driver
[0.452s] -- Up-to-date: /home/Projects/HET/alicia_ws/install/alicia_d_driver/share/ament_index/resource_index/hardware_interface__pluginlib__plugin/alicia_d_driver
[0.452s] -- Up-to-date: /home/Projects/HET/alicia_ws/install/alicia_d_driver/share/alicia_d_driver/cmake/export_alicia_d_driverExport.cmake
[0.452s] -- Up-to-date: /home/Projects/HET/alicia_ws/install/alicia_d_driver/share/alicia_d_driver/cmake/export_alicia_d_driverExport-noconfig.cmake
[0.452s] -- Up-to-date: /home/Projects/HET/alicia_ws/install/alicia_d_driver/share/alicia_d_driver/cmake/ament_cmake_export_targets-extras.cmake
[0.453s] -- Up-to-date: /home/Projects/HET/alicia_ws/install/alicia_d_driver/share/alicia_d_driver/cmake/ament_cmake_export_dependencies-extras.cmake
[0.453s] -- Up-to-date: /home/Projects/HET/alicia_ws/install/alicia_d_driver/share/alicia_d_driver/cmake/alicia_d_driverConfig.cmake
[0.453s] -- Up-to-date: /home/Projects/HET/alicia_ws/install/alicia_d_driver/share/alicia_d_driver/cmake/alicia_d_driverConfig-version.cmake
[0.453s] -- Up-to-date: /home/Projects/HET/alicia_ws/install/alicia_d_driver/share/alicia_d_driver/package.xml
[0.458s] Invoked command in '/home/Projects/HET/alicia_ws/build/alicia_d_driver' returned '0': CMAKE_PREFIX_PATH=/opt/ros/humble /usr/bin/cmake --install /home/Projects/HET/alicia_ws/build/alicia_d_driver
