[3.449s] Invoking command in '/home/Projects/HET/alicia_ws/build/alicia_d_sts_gripper': CMAKE_PREFIX_PATH=/home/Projects/HET/alicia_ws/install/alicia_d_control_interfaces:/home/Projects/HET/alicia_ws/install/alicia_d_thinkgrasp_bridge:/home/Projects/HET/alicia_ws/install/alicia_d_sts_gripper:/home/Projects/HET/alicia_ws/install/alicia_d_pick_coordinator:/home/Projects/HET/alicia_ws/install/alicia_d_moveit:/home/Projects/HET/alicia_ws/install/alicia_d_driver:/home/Projects/HET/alicia_ws/install/alicia_d_descriptions:/home/Projects/HET/alicia_ws/install/alicia_d_cube_sort:/home/Projects/HET/alicia_ws/install/alicia_d_arm_motion:/home/Projects/HET/alicia_ws/install/alicia_d_calibration:/opt/ros/humble LD_LIBRARY_PATH=/home/Projects/HET/alicia_ws/install/alicia_d_control_interfaces/lib:/home/Projects/HET/alicia_ws/install/alicia_d_driver/lib:/usr/lib/x86_64-linux-gnu/gazebo-11/plugins:/opt/ros/humble/opt/rviz_ogre_vendor/lib:/opt/ros/humble/lib/x86_64-linux-gnu:/opt/ros/humble/lib /usr/bin/cmake --build /home/Projects/HET/alicia_ws/build/alicia_d_sts_gripper -- -j20 -l20
[3.568s] Built target ament_cmake_python_copy_alicia_d_sts_gripper
[4.064s] running egg_info
[4.067s] writing alicia_d_sts_gripper.egg-info/PKG-INFO
[4.067s] writing dependency_links to alicia_d_sts_gripper.egg-info/dependency_links.txt
[4.068s] writing top-level names to alicia_d_sts_gripper.egg-info/top_level.txt
[4.071s] reading manifest file 'alicia_d_sts_gripper.egg-info/SOURCES.txt'
[4.073s] writing manifest file 'alicia_d_sts_gripper.egg-info/SOURCES.txt'
[4.127s] Built target ament_cmake_python_build_alicia_d_sts_gripper_egg
[4.153s] Invoked command in '/home/Projects/HET/alicia_ws/build/alicia_d_sts_gripper' returned '0': CMAKE_PREFIX_PATH=/home/Projects/HET/alicia_ws/install/alicia_d_control_interfaces:/home/Projects/HET/alicia_ws/install/alicia_d_thinkgrasp_bridge:/home/Projects/HET/alicia_ws/install/alicia_d_sts_gripper:/home/Projects/HET/alicia_ws/install/alicia_d_pick_coordinator:/home/Projects/HET/alicia_ws/install/alicia_d_moveit:/home/Projects/HET/alicia_ws/install/alicia_d_driver:/home/Projects/HET/alicia_ws/install/alicia_d_descriptions:/home/Projects/HET/alicia_ws/install/alicia_d_cube_sort:/home/Projects/HET/alicia_ws/install/alicia_d_arm_motion:/home/Projects/HET/alicia_ws/install/alicia_d_calibration:/opt/ros/humble LD_LIBRARY_PATH=/home/Projects/HET/alicia_ws/install/alicia_d_control_interfaces/lib:/home/Projects/HET/alicia_ws/install/alicia_d_driver/lib:/usr/lib/x86_64-linux-gnu/gazebo-11/plugins:/opt/ros/humble/opt/rviz_ogre_vendor/lib:/opt/ros/humble/lib/x86_64-linux-gnu:/opt/ros/humble/lib /usr/bin/cmake --build /home/Projects/HET/alicia_ws/build/alicia_d_sts_gripper -- -j20 -l20
[4.175s] Invoking command in '/home/Projects/HET/alicia_ws/build/alicia_d_sts_gripper': CMAKE_PREFIX_PATH=/home/Projects/HET/alicia_ws/install/alicia_d_control_interfaces:/home/Projects/HET/alicia_ws/install/alicia_d_thinkgrasp_bridge:/home/Projects/HET/alicia_ws/install/alicia_d_sts_gripper:/home/Projects/HET/alicia_ws/install/alicia_d_pick_coordinator:/home/Projects/HET/alicia_ws/install/alicia_d_moveit:/home/Projects/HET/alicia_ws/install/alicia_d_driver:/home/Projects/HET/alicia_ws/install/alicia_d_descriptions:/home/Projects/HET/alicia_ws/install/alicia_d_cube_sort:/home/Projects/HET/alicia_ws/install/alicia_d_arm_motion:/home/Projects/HET/alicia_ws/install/alicia_d_calibration:/opt/ros/humble LD_LIBRARY_PATH=/home/Projects/HET/alicia_ws/install/alicia_d_control_interfaces/lib:/home/Projects/HET/alicia_ws/install/alicia_d_driver/lib:/usr/lib/x86_64-linux-gnu/gazebo-11/plugins:/opt/ros/humble/opt/rviz_ogre_vendor/lib:/opt/ros/humble/lib/x86_64-linux-gnu:/opt/ros/humble/lib /usr/bin/cmake --install /home/Projects/HET/alicia_ws/build/alicia_d_sts_gripper
[4.188s] -- Install configuration: ""
[4.188s] -- Up-to-date: /home/Projects/HET/alicia_ws/install/alicia_d_sts_gripper/share/alicia_d_sts_gripper/environment/pythonpath.sh
[4.189s] -- Up-to-date: /home/Projects/HET/alicia_ws/install/alicia_d_sts_gripper/share/alicia_d_sts_gripper/environment/pythonpath.dsv
[4.189s] -- Up-to-date: /home/Projects/HET/alicia_ws/install/alicia_d_sts_gripper/local/lib/python3.10/dist-packages/alicia_d_sts_gripper-0.1.0-py3.10.egg-info
[4.190s] -- Installing: /home/Projects/HET/alicia_ws/install/alicia_d_sts_gripper/local/lib/python3.10/dist-packages/alicia_d_sts_gripper-0.1.0-py3.10.egg-info/PKG-INFO
[4.190s] -- Installing: /home/Projects/HET/alicia_ws/install/alicia_d_sts_gripper/local/lib/python3.10/dist-packages/alicia_d_sts_gripper-0.1.0-py3.10.egg-info/SOURCES.txt
[4.190s] -- Installing: /home/Projects/HET/alicia_ws/install/alicia_d_sts_gripper/local/lib/python3.10/dist-packages/alicia_d_sts_gripper-0.1.0-py3.10.egg-info/dependency_links.txt
[4.191s] -- Installing: /home/Projects/HET/alicia_ws/install/alicia_d_sts_gripper/local/lib/python3.10/dist-packages/alicia_d_sts_gripper-0.1.0-py3.10.egg-info/top_level.txt
[4.191s] -- Up-to-date: /home/Projects/HET/alicia_ws/install/alicia_d_sts_gripper/local/lib/python3.10/dist-packages/alicia_d_sts_gripper
[4.191s] -- Up-to-date: /home/Projects/HET/alicia_ws/install/alicia_d_sts_gripper/local/lib/python3.10/dist-packages/alicia_d_sts_gripper/__init__.py
[4.192s] -- Up-to-date: /home/Projects/HET/alicia_ws/install/alicia_d_sts_gripper/local/lib/python3.10/dist-packages/alicia_d_sts_gripper/sts3215_bus.py
[4.273s] Listing '/home/Projects/HET/alicia_ws/install/alicia_d_sts_gripper/local/lib/python3.10/dist-packages/alicia_d_sts_gripper'...
[4.285s] -- Up-to-date: /home/Projects/HET/alicia_ws/install/alicia_d_sts_gripper/lib/alicia_d_sts_gripper/gripper_action_node.py
[4.285s] -- Up-to-date: /home/Projects/HET/alicia_ws/install/alicia_d_sts_gripper/lib/alicia_d_sts_gripper/sts3215_raw_tool.py
[4.285s] -- Up-to-date: /home/Projects/HET/alicia_ws/install/alicia_d_sts_gripper/share/alicia_d_sts_gripper/config
[4.286s] -- Up-to-date: /home/Projects/HET/alicia_ws/install/alicia_d_sts_gripper/share/alicia_d_sts_gripper/config/sts3215_gripper.yaml
[4.287s] -- Up-to-date: /home/Projects/HET/alicia_ws/install/alicia_d_sts_gripper/share/alicia_d_sts_gripper/launch
[4.287s] -- Up-to-date: /home/Projects/HET/alicia_ws/install/alicia_d_sts_gripper/share/alicia_d_sts_gripper/launch/sts3215_gripper.launch.py
[4.287s] -- Up-to-date: /home/Projects/HET/alicia_ws/install/alicia_d_sts_gripper/share/ament_index/resource_index/package_run_dependencies/alicia_d_sts_gripper
[4.288s] -- Up-to-date: /home/Projects/HET/alicia_ws/install/alicia_d_sts_gripper/share/ament_index/resource_index/parent_prefix_path/alicia_d_sts_gripper
[4.288s] -- Up-to-date: /home/Projects/HET/alicia_ws/install/alicia_d_sts_gripper/share/alicia_d_sts_gripper/environment/ament_prefix_path.sh
[4.288s] -- Up-to-date: /home/Projects/HET/alicia_ws/install/alicia_d_sts_gripper/share/alicia_d_sts_gripper/environment/ament_prefix_path.dsv
[4.289s] -- Up-to-date: /home/Projects/HET/alicia_ws/install/alicia_d_sts_gripper/share/alicia_d_sts_gripper/environment/path.sh
[4.290s] -- Up-to-date: /home/Projects/HET/alicia_ws/install/alicia_d_sts_gripper/share/alicia_d_sts_gripper/environment/path.dsv
[4.291s] -- Up-to-date: /home/Projects/HET/alicia_ws/install/alicia_d_sts_gripper/share/alicia_d_sts_gripper/local_setup.bash
[4.293s] -- Up-to-date: /home/Projects/HET/alicia_ws/install/alicia_d_sts_gripper/share/alicia_d_sts_gripper/local_setup.sh
[4.294s] -- Up-to-date: /home/Projects/HET/alicia_ws/install/alicia_d_sts_gripper/share/alicia_d_sts_gripper/local_setup.zsh
[4.296s] -- Up-to-date: /home/Projects/HET/alicia_ws/install/alicia_d_sts_gripper/share/alicia_d_sts_gripper/local_setup.dsv
[4.299s] -- Installing: /home/Projects/HET/alicia_ws/install/alicia_d_sts_gripper/share/alicia_d_sts_gripper/package.dsv
[4.301s] -- Up-to-date: /home/Projects/HET/alicia_ws/install/alicia_d_sts_gripper/share/ament_index/resource_index/packages/alicia_d_sts_gripper
[4.302s] -- Up-to-date: /home/Projects/HET/alicia_ws/install/alicia_d_sts_gripper/share/alicia_d_sts_gripper/cmake/alicia_d_sts_gripperConfig.cmake
[4.304s] -- Up-to-date: /home/Projects/HET/alicia_ws/install/alicia_d_sts_gripper/share/alicia_d_sts_gripper/cmake/alicia_d_sts_gripperConfig-version.cmake
[4.305s] -- Up-to-date: /home/Projects/HET/alicia_ws/install/alicia_d_sts_gripper/share/alicia_d_sts_gripper/package.xml
[4.308s] Invoked command in '/home/Projects/HET/alicia_ws/build/alicia_d_sts_gripper' returned '0': CMAKE_PREFIX_PATH=/home/Projects/HET/alicia_ws/install/alicia_d_control_interfaces:/home/Projects/HET/alicia_ws/install/alicia_d_thinkgrasp_bridge:/home/Projects/HET/alicia_ws/install/alicia_d_sts_gripper:/home/Projects/HET/alicia_ws/install/alicia_d_pick_coordinator:/home/Projects/HET/alicia_ws/install/alicia_d_moveit:/home/Projects/HET/alicia_ws/install/alicia_d_driver:/home/Projects/HET/alicia_ws/install/alicia_d_descriptions:/home/Projects/HET/alicia_ws/install/alicia_d_cube_sort:/home/Projects/HET/alicia_ws/install/alicia_d_arm_motion:/home/Projects/HET/alicia_ws/install/alicia_d_calibration:/opt/ros/humble LD_LIBRARY_PATH=/home/Projects/HET/alicia_ws/install/alicia_d_control_interfaces/lib:/home/Projects/HET/alicia_ws/install/alicia_d_driver/lib:/usr/lib/x86_64-linux-gnu/gazebo-11/plugins:/opt/ros/humble/opt/rviz_ogre_vendor/lib:/opt/ros/humble/lib/x86_64-linux-gnu:/opt/ros/humble/lib /usr/bin/cmake --install /home/Projects/HET/alicia_ws/build/alicia_d_sts_gripper
