[30.031s] Invoking command in '/home/Projects/HET/alicia_ws/build/alicia_d_control_interfaces': CMAKE_PREFIX_PATH=/opt/ros/humble /usr/bin/cmake --build /home/Projects/HET/alicia_ws/build/alicia_d_control_interfaces -- -j20 -l20
[30.209s] Consolidate compiler generated dependencies of target alicia_d_control_interfaces__rosidl_generator_c
[30.210s] [  1%] Built target alicia_d_control_interfaces__rs
[30.220s] [  2%] Built target alicia_d_control_interfaces__cpp
[30.255s] [ 13%] Built target alicia_d_control_interfaces__rosidl_generator_c
[30.290s] Consolidate compiler generated dependencies of target alicia_d_control_interfaces__rosidl_typesupport_cpp
[30.291s] Consolidate compiler generated dependencies of target alicia_d_control_interfaces__rosidl_typesupport_introspection_cpp
[30.296s] Consolidate compiler generated dependencies of target alicia_d_control_interfaces__rosidl_typesupport_fastrtps_cpp
[30.302s] Consolidate compiler generated dependencies of target alicia_d_control_interfaces__rosidl_typesupport_c
[30.304s] Consolidate compiler generated dependencies of target alicia_d_control_interfaces__rosidl_typesupport_introspection_c
[30.316s] [ 13%] Built target ament_cmake_python_copy_alicia_d_control_interfaces
[30.320s] Consolidate compiler generated dependencies of target alicia_d_control_interfaces__rosidl_typesupport_fastrtps_c
[30.346s] [ 52%] Built target alicia_d_control_interfaces__rosidl_typesupport_cpp
[30.347s] [ 52%] Built target alicia_d_control_interfaces__rosidl_typesupport_c
[30.347s] [ 65%] Built target alicia_d_control_interfaces__rosidl_typesupport_introspection_cpp
[30.347s] [ 65%] Built target alicia_d_control_interfaces__rosidl_typesupport_fastrtps_cpp
[30.348s] [ 70%] Built target alicia_d_control_interfaces__rosidl_typesupport_introspection_c
[30.358s] [ 81%] Built target alicia_d_control_interfaces__rosidl_typesupport_fastrtps_c
[30.404s] [ 81%] Built target alicia_d_control_interfaces
[30.459s] [ 82%] Built target alicia_d_control_interfaces__py
[30.512s] Consolidate compiler generated dependencies of target alicia_d_control_interfaces__rosidl_generator_py
[30.548s] [ 93%] Built target alicia_d_control_interfaces__rosidl_generator_py
[30.580s] Consolidate compiler generated dependencies of target alicia_d_control_interfaces__rosidl_typesupport_fastrtps_c__pyext
[30.583s] Consolidate compiler generated dependencies of target alicia_d_control_interfaces__rosidl_typesupport_c__pyext
[30.585s] Consolidate compiler generated dependencies of target alicia_d_control_interfaces__rosidl_typesupport_introspection_c__pyext
[30.609s] [ 95%] Built target alicia_d_control_interfaces__rosidl_typesupport_fastrtps_c__pyext
[30.609s] [ 97%] Built target alicia_d_control_interfaces__rosidl_typesupport_c__pyext
[30.610s] [100%] Built target alicia_d_control_interfaces__rosidl_typesupport_introspection_c__pyext
[30.838s] running egg_info
[30.840s] writing alicia_d_control_interfaces.egg-info/PKG-INFO
[30.841s] writing dependency_links to alicia_d_control_interfaces.egg-info/dependency_links.txt
[30.841s] writing top-level names to alicia_d_control_interfaces.egg-info/top_level.txt
[30.846s] reading manifest file 'alicia_d_control_interfaces.egg-info/SOURCES.txt'
[30.848s] writing manifest file 'alicia_d_control_interfaces.egg-info/SOURCES.txt'
[30.906s] [100%] Built target ament_cmake_python_build_alicia_d_control_interfaces_egg
[30.938s] Invoked command in '/home/Projects/HET/alicia_ws/build/alicia_d_control_interfaces' returned '0': CMAKE_PREFIX_PATH=/opt/ros/humble /usr/bin/cmake --build /home/Projects/HET/alicia_ws/build/alicia_d_control_interfaces -- -j20 -l20
[30.965s] Invoking command in '/home/Projects/HET/alicia_ws/build/alicia_d_control_interfaces': CMAKE_PREFIX_PATH=/opt/ros/humble /usr/bin/cmake --install /home/Projects/HET/alicia_ws/build/alicia_d_control_interfaces
[30.982s] -- Install configuration: ""
[30.985s] -- Up-to-date: /home/Projects/HET/alicia_ws/install/alicia_d_control_interfaces/share/ament_index/resource_index/rosidl_interfaces/alicia_d_control_interfaces
[30.988s] -- Up-to-date: /home/Projects/HET/alicia_ws/install/alicia_d_control_interfaces/include/alicia_d_control_interfaces/alicia_d_control_interfaces
[30.989s] -- Up-to-date: /home/Projects/HET/alicia_ws/install/alicia_d_control_interfaces/include/alicia_d_control_interfaces/alicia_d_control_interfaces/action
[30.989s] -- Up-to-date: /home/Projects/HET/alicia_ws/install/alicia_d_control_interfaces/include/alicia_d_control_interfaces/alicia_d_control_interfaces/action/detail
[30.989s] -- Up-to-date: /home/Projects/HET/alicia_ws/install/alicia_d_control_interfaces/include/alicia_d_control_interfaces/alicia_d_control_interfaces/action/detail/move_gripper_step__functions.c
[30.989s] -- Up-to-date: /home/Projects/HET/alicia_ws/install/alicia_d_control_interfaces/include/alicia_d_control_interfaces/alicia_d_control_interfaces/action/detail/home_gripper__functions.c
[30.989s] -- Up-to-date: /home/Projects/HET/alicia_ws/install/alicia_d_control_interfaces/include/alicia_d_control_interfaces/alicia_d_control_interfaces/action/detail/force_grasp__struct.h
[30.989s] -- Up-to-date: /home/Projects/HET/alicia_ws/install/alicia_d_control_interfaces/include/alicia_d_control_interfaces/alicia_d_control_interfaces/action/detail/move_gripper__type_support.h
[30.989s] -- Up-to-date: /home/Projects/HET/alicia_ws/install/alicia_d_control_interfaces/include/alicia_d_control_interfaces/alicia_d_control_interfaces/action/detail/move_arm_to_joints__type_support.h
[30.990s] -- Up-to-date: /home/Projects/HET/alicia_ws/install/alicia_d_control_interfaces/include/alicia_d_control_interfaces/alicia_d_control_interfaces/action/detail/move_gripper_step__type_support.h
[30.991s] -- Up-to-date: /home/Projects/HET/alicia_ws/install/alicia_d_control_interfaces/include/alicia_d_control_interfaces/alicia_d_control_interfaces/action/detail/move_gripper_step__functions.h
[30.992s] -- Up-to-date: /home/Projects/HET/alicia_ws/install/alicia_d_control_interfaces/include/alicia_d_control_interfaces/alicia_d_control_interfaces/action/detail/move_arm_to_pose__functions.c
[30.993s] -- Up-to-date: /home/Projects/HET/alicia_ws/install/alicia_d_control_interfaces/include/alicia_d_control_interfaces/alicia_d_control_interfaces/action/detail/home_gripper__type_support.h
[30.995s] -- Up-to-date: /home/Projects/HET/alicia_ws/install/alicia_d_control_interfaces/include/alicia_d_control_interfaces/alicia_d_control_interfaces/action/detail/force_grasp__functions.h
[30.998s] -- Up-to-date: /home/Projects/HET/alicia_ws/install/alicia_d_control_interfaces/include/alicia_d_control_interfaces/alicia_d_control_interfaces/action/detail/move_gripper__functions.c
[30.998s] -- Up-to-date: /home/Projects/HET/alicia_ws/install/alicia_d_control_interfaces/include/alicia_d_control_interfaces/alicia_d_control_interfaces/action/detail/move_arm_to_joints__struct.h
[31.000s] -- Up-to-date: /home/Projects/HET/alicia_ws/install/alicia_d_control_interfaces/include/alicia_d_control_interfaces/alicia_d_control_interfaces/action/detail/force_grasp__type_support.h
[31.001s] -- Up-to-date: /home/Projects/HET/alicia_ws/install/alicia_d_control_interfaces/include/alicia_d_control_interfaces/alicia_d_control_interfaces/action/detail/move_arm_to_pose__functions.h
[31.002s] -- Up-to-date: /home/Projects/HET/alicia_ws/install/alicia_d_control_interfaces/include/alicia_d_control_interfaces/alicia_d_control_interfaces/action/detail/move_arm_to_joints__functions.c
[31.002s] -- Up-to-date: /home/Projects/HET/alicia_ws/install/alicia_d_control_interfaces/include/alicia_d_control_interfaces/alicia_d_control_interfaces/action/detail/home_gripper__struct.h
[31.003s] -- Up-to-date: /home/Projects/HET/alicia_ws/install/alicia_d_control_interfaces/include/alicia_d_control_interfaces/alicia_d_control_interfaces/action/detail/home_gripper__functions.h
[31.004s] -- Up-to-date: /home/Projects/HET/alicia_ws/install/alicia_d_control_interfaces/include/alicia_d_control_interfaces/alicia_d_control_interfaces/action/detail/move_arm_to_pose__type_support.h
[31.004s] -- Up-to-date: /home/Projects/HET/alicia_ws/install/alicia_d_control_interfaces/include/alicia_d_control_interfaces/alicia_d_control_interfaces/action/detail/move_arm_to_joints__functions.h
[31.004s] -- Up-to-date: /home/Projects/HET/alicia_ws/install/alicia_d_control_interfaces/include/alicia_d_control_interfaces/alicia_d_control_interfaces/action/detail/move_arm_to_pose__struct.h
[31.005s] -- Up-to-date: /home/Projects/HET/alicia_ws/install/alicia_d_control_interfaces/include/alicia_d_control_interfaces/alicia_d_control_interfaces/action/detail/force_grasp__functions.c
[31.006s] -- Up-to-date: /home/Projects/HET/alicia_ws/install/alicia_d_control_interfaces/include/alicia_d_control_interfaces/alicia_d_control_interfaces/action/detail/move_gripper_step__struct.h
[31.006s] -- Up-to-date: /home/Projects/HET/alicia_ws/install/alicia_d_control_interfaces/include/alicia_d_control_interfaces/alicia_d_control_interfaces/action/detail/move_gripper__struct.h
[31.006s] -- Up-to-date: /home/Projects/HET/alicia_ws/install/alicia_d_control_interfaces/include/alicia_d_control_interfaces/alicia_d_control_interfaces/action/detail/move_gripper__functions.h
[31.007s] -- Up-to-date: /home/Projects/HET/alicia_ws/install/alicia_d_control_interfaces/include/alicia_d_control_interfaces/alicia_d_control_interfaces/action/home_gripper.h
[31.008s] -- Up-to-date: /home/Projects/HET/alicia_ws/install/alicia_d_control_interfaces/include/alicia_d_control_interfaces/alicia_d_control_interfaces/action/move_gripper_step.h
[31.008s] -- Up-to-date: /home/Projects/HET/alicia_ws/install/alicia_d_control_interfaces/include/alicia_d_control_interfaces/alicia_d_control_interfaces/action/move_arm_to_pose.h
[31.009s] -- Up-to-date: /home/Projects/HET/alicia_ws/install/alicia_d_control_interfaces/include/alicia_d_control_interfaces/alicia_d_control_interfaces/action/force_grasp.h
[31.009s] -- Up-to-date: /home/Projects/HET/alicia_ws/install/alicia_d_control_interfaces/include/alicia_d_control_interfaces/alicia_d_control_interfaces/action/move_arm_to_joints.h
[31.010s] -- Up-to-date: /home/Projects/HET/alicia_ws/install/alicia_d_control_interfaces/include/alicia_d_control_interfaces/alicia_d_control_interfaces/action/move_gripper.h
[31.010s] -- Up-to-date: /home/Projects/HET/alicia_ws/install/alicia_d_control_interfaces/include/alicia_d_control_interfaces/alicia_d_control_interfaces/msg
[31.013s] -- Up-to-date: /home/Projects/HET/alicia_ws/install/alicia_d_control_interfaces/include/alicia_d_control_interfaces/alicia_d_control_interfaces/msg/detail
[31.013s] -- Up-to-date: /home/Projects/HET/alicia_ws/install/alicia_d_control_interfaces/include/alicia_d_control_interfaces/alicia_d_control_interfaces/msg/detail/grasp_candidate__type_support.h
[31.014s] -- Up-to-date: /home/Projects/HET/alicia_ws/install/alicia_d_control_interfaces/include/alicia_d_control_interfaces/alicia_d_control_interfaces/msg/detail/gripper_state__struct.h
[31.014s] -- Up-to-date: /home/Projects/HET/alicia_ws/install/alicia_d_control_interfaces/include/alicia_d_control_interfaces/alicia_d_control_interfaces/msg/detail/gripper_state__functions.c
[31.015s] -- Up-to-date: /home/Projects/HET/alicia_ws/install/alicia_d_control_interfaces/include/alicia_d_control_interfaces/alicia_d_control_interfaces/msg/detail/gripper_state__functions.h
[31.015s] -- Up-to-date: /home/Projects/HET/alicia_ws/install/alicia_d_control_interfaces/include/alicia_d_control_interfaces/alicia_d_control_interfaces/msg/detail/gripper_state__type_support.h
[31.016s] -- Up-to-date: /home/Projects/HET/alicia_ws/install/alicia_d_control_interfaces/include/alicia_d_control_interfaces/alicia_d_control_interfaces/msg/detail/grasp_candidate__functions.c
[31.016s] -- Up-to-date: /home/Projects/HET/alicia_ws/install/alicia_d_control_interfaces/include/alicia_d_control_interfaces/alicia_d_control_interfaces/msg/detail/grasp_candidate__struct.h
[31.016s] -- Up-to-date: /home/Projects/HET/alicia_ws/install/alicia_d_control_interfaces/include/alicia_d_control_interfaces/alicia_d_control_interfaces/msg/detail/grasp_candidate__functions.h
[31.016s] -- Up-to-date: /home/Projects/HET/alicia_ws/install/alicia_d_control_interfaces/include/alicia_d_control_interfaces/alicia_d_control_interfaces/msg/grasp_candidate.h
[31.016s] -- Up-to-date: /home/Projects/HET/alicia_ws/install/alicia_d_control_interfaces/include/alicia_d_control_interfaces/alicia_d_control_interfaces/msg/rosidl_generator_c__visibility_control.h
[31.016s] -- Up-to-date: /home/Projects/HET/alicia_ws/install/alicia_d_control_interfaces/include/alicia_d_control_interfaces/alicia_d_control_interfaces/msg/gripper_state.h
[31.017s] -- Up-to-date: /home/Projects/HET/alicia_ws/install/alicia_d_control_interfaces/share/alicia_d_control_interfaces/environment/library_path.sh
[31.017s] -- Up-to-date: /home/Projects/HET/alicia_ws/install/alicia_d_control_interfaces/share/alicia_d_control_interfaces/environment/library_path.dsv
[31.017s] -- Up-to-date: /home/Projects/HET/alicia_ws/install/alicia_d_control_interfaces/lib/libalicia_d_control_interfaces__rosidl_generator_c.so
[31.017s] -- Up-to-date: /home/Projects/HET/alicia_ws/install/alicia_d_control_interfaces/include/alicia_d_control_interfaces/alicia_d_control_interfaces
[31.017s] -- Up-to-date: /home/Projects/HET/alicia_ws/install/alicia_d_control_interfaces/include/alicia_d_control_interfaces/alicia_d_control_interfaces/action
[31.017s] -- Up-to-date: /home/Projects/HET/alicia_ws/install/alicia_d_control_interfaces/include/alicia_d_control_interfaces/alicia_d_control_interfaces/action/detail
[31.018s] -- Up-to-date: /home/Projects/HET/alicia_ws/install/alicia_d_control_interfaces/include/alicia_d_control_interfaces/alicia_d_control_interfaces/action/detail/force_grasp__rosidl_typesupport_fastrtps_c.h
[31.018s] -- Up-to-date: /home/Projects/HET/alicia_ws/install/alicia_d_control_interfaces/include/alicia_d_control_interfaces/alicia_d_control_interfaces/action/detail/move_arm_to_joints__rosidl_typesupport_fastrtps_c.h
[31.018s] -- Up-to-date: /home/Projects/HET/alicia_ws/install/alicia_d_control_interfaces/include/alicia_d_control_interfaces/alicia_d_control_interfaces/action/detail/move_gripper__rosidl_typesupport_fastrtps_c.h
[31.018s] -- Up-to-date: /home/Projects/HET/alicia_ws/install/alicia_d_control_interfaces/include/alicia_d_control_interfaces/alicia_d_control_interfaces/action/detail/home_gripper__rosidl_typesupport_fastrtps_c.h
[31.018s] -- Up-to-date: /home/Projects/HET/alicia_ws/install/alicia_d_control_interfaces/include/alicia_d_control_interfaces/alicia_d_control_interfaces/action/detail/move_arm_to_pose__rosidl_typesupport_fastrtps_c.h
[31.018s] -- Up-to-date: /home/Projects/HET/alicia_ws/install/alicia_d_control_interfaces/include/alicia_d_control_interfaces/alicia_d_control_interfaces/action/detail/move_gripper_step__rosidl_typesupport_fastrtps_c.h
[31.018s] -- Up-to-date: /home/Projects/HET/alicia_ws/install/alicia_d_control_interfaces/include/alicia_d_control_interfaces/alicia_d_control_interfaces/msg
[31.018s] -- Up-to-date: /home/Projects/HET/alicia_ws/install/alicia_d_control_interfaces/include/alicia_d_control_interfaces/alicia_d_control_interfaces/msg/detail
[31.018s] -- Up-to-date: /home/Projects/HET/alicia_ws/install/alicia_d_control_interfaces/include/alicia_d_control_interfaces/alicia_d_control_interfaces/msg/detail/grasp_candidate__rosidl_typesupport_fastrtps_c.h
[31.018s] -- Up-to-date: /home/Projects/HET/alicia_ws/install/alicia_d_control_interfaces/include/alicia_d_control_interfaces/alicia_d_control_interfaces/msg/detail/gripper_state__rosidl_typesupport_fastrtps_c.h
[31.018s] -- Up-to-date: /home/Projects/HET/alicia_ws/install/alicia_d_control_interfaces/include/alicia_d_control_interfaces/alicia_d_control_interfaces/msg/rosidl_typesupport_fastrtps_c__visibility_control.h
[31.019s] -- Up-to-date: /home/Projects/HET/alicia_ws/install/alicia_d_control_interfaces/lib/libalicia_d_control_interfaces__rosidl_typesupport_fastrtps_c.so
[31.019s] -- Up-to-date: /home/Projects/HET/alicia_ws/install/alicia_d_control_interfaces/include/alicia_d_control_interfaces/alicia_d_control_interfaces
[31.019s] -- Up-to-date: /home/Projects/HET/alicia_ws/install/alicia_d_control_interfaces/include/alicia_d_control_interfaces/alicia_d_control_interfaces/action
[31.020s] -- Up-to-date: /home/Projects/HET/alicia_ws/install/alicia_d_control_interfaces/include/alicia_d_control_interfaces/alicia_d_control_interfaces/action/move_arm_to_joints.hpp
[31.020s] -- Up-to-date: /home/Projects/HET/alicia_ws/install/alicia_d_control_interfaces/include/alicia_d_control_interfaces/alicia_d_control_interfaces/action/move_gripper.hpp
[31.020s] -- Up-to-date: /home/Projects/HET/alicia_ws/install/alicia_d_control_interfaces/include/alicia_d_control_interfaces/alicia_d_control_interfaces/action/detail
[31.021s] -- Up-to-date: /home/Projects/HET/alicia_ws/install/alicia_d_control_interfaces/include/alicia_d_control_interfaces/alicia_d_control_interfaces/action/detail/move_gripper_step__type_support.hpp
[31.021s] -- Up-to-date: /home/Projects/HET/alicia_ws/install/alicia_d_control_interfaces/include/alicia_d_control_interfaces/alicia_d_control_interfaces/action/detail/move_gripper__struct.hpp
[31.021s] -- Up-to-date: /home/Projects/HET/alicia_ws/install/alicia_d_control_interfaces/include/alicia_d_control_interfaces/alicia_d_control_interfaces/action/detail/home_gripper__type_support.hpp
[31.021s] -- Up-to-date: /home/Projects/HET/alicia_ws/install/alicia_d_control_interfaces/include/alicia_d_control_interfaces/alicia_d_control_interfaces/action/detail/home_gripper__builder.hpp
[31.021s] -- Up-to-date: /home/Projects/HET/alicia_ws/install/alicia_d_control_interfaces/include/alicia_d_control_interfaces/alicia_d_control_interfaces/action/detail/move_gripper__traits.hpp
[31.021s] -- Up-to-date: /home/Projects/HET/alicia_ws/install/alicia_d_control_interfaces/include/alicia_d_control_interfaces/alicia_d_control_interfaces/action/detail/move_arm_to_joints__traits.hpp
[31.021s] -- Up-to-date: /home/Projects/HET/alicia_ws/install/alicia_d_control_interfaces/include/alicia_d_control_interfaces/alicia_d_control_interfaces/action/detail/move_gripper__type_support.hpp
[31.022s] -- Up-to-date: /home/Projects/HET/alicia_ws/install/alicia_d_control_interfaces/include/alicia_d_control_interfaces/alicia_d_control_interfaces/action/detail/move_gripper_step__traits.hpp
[31.022s] -- Up-to-date: /home/Projects/HET/alicia_ws/install/alicia_d_control_interfaces/include/alicia_d_control_interfaces/alicia_d_control_interfaces/action/detail/force_grasp__builder.hpp
[31.022s] -- Up-to-date: /home/Projects/HET/alicia_ws/install/alicia_d_control_interfaces/include/alicia_d_control_interfaces/alicia_d_control_interfaces/action/detail/move_arm_to_pose__traits.hpp
[31.022s] -- Up-to-date: /home/Projects/HET/alicia_ws/install/alicia_d_control_interfaces/include/alicia_d_control_interfaces/alicia_d_control_interfaces/action/detail/move_arm_to_joints__struct.hpp
[31.022s] -- Up-to-date: /home/Projects/HET/alicia_ws/install/alicia_d_control_interfaces/include/alicia_d_control_interfaces/alicia_d_control_interfaces/action/detail/force_grasp__type_support.hpp
[31.022s] -- Up-to-date: /home/Projects/HET/alicia_ws/install/alicia_d_control_interfaces/include/alicia_d_control_interfaces/alicia_d_control_interfaces/action/detail/move_gripper__builder.hpp
[31.022s] -- Up-to-date: /home/Projects/HET/alicia_ws/install/alicia_d_control_interfaces/include/alicia_d_control_interfaces/alicia_d_control_interfaces/action/detail/move_gripper_step__builder.hpp
[31.023s] -- Up-to-date: /home/Projects/HET/alicia_ws/install/alicia_d_control_interfaces/include/alicia_d_control_interfaces/alicia_d_control_interfaces/action/detail/move_arm_to_pose__builder.hpp
[31.023s] -- Up-to-date: /home/Projects/HET/alicia_ws/install/alicia_d_control_interfaces/include/alicia_d_control_interfaces/alicia_d_control_interfaces/action/detail/move_arm_to_pose__type_support.hpp
[31.023s] -- Up-to-date: /home/Projects/HET/alicia_ws/install/alicia_d_control_interfaces/include/alicia_d_control_interfaces/alicia_d_control_interfaces/action/detail/move_arm_to_joints__type_support.hpp
[31.023s] -- Up-to-date: /home/Projects/HET/alicia_ws/install/alicia_d_control_interfaces/include/alicia_d_control_interfaces/alicia_d_control_interfaces/action/detail/force_grasp__struct.hpp
[31.023s] -- Up-to-date: /home/Projects/HET/alicia_ws/install/alicia_d_control_interfaces/include/alicia_d_control_interfaces/alicia_d_control_interfaces/action/detail/move_arm_to_joints__builder.hpp
[31.023s] -- Up-to-date: /home/Projects/HET/alicia_ws/install/alicia_d_control_interfaces/include/alicia_d_control_interfaces/alicia_d_control_interfaces/action/detail/force_grasp__traits.hpp
[31.023s] -- Up-to-date: /home/Projects/HET/alicia_ws/install/alicia_d_control_interfaces/include/alicia_d_control_interfaces/alicia_d_control_interfaces/action/detail/move_arm_to_pose__struct.hpp
[31.023s] -- Up-to-date: /home/Projects/HET/alicia_ws/install/alicia_d_control_interfaces/include/alicia_d_control_interfaces/alicia_d_control_interfaces/action/detail/home_gripper__struct.hpp
[31.023s] -- Up-to-date: /home/Projects/HET/alicia_ws/install/alicia_d_control_interfaces/include/alicia_d_control_interfaces/alicia_d_control_interfaces/action/detail/move_gripper_step__struct.hpp
[31.024s] -- Up-to-date: /home/Projects/HET/alicia_ws/install/alicia_d_control_interfaces/include/alicia_d_control_interfaces/alicia_d_control_interfaces/action/detail/home_gripper__traits.hpp
[31.024s] -- Up-to-date: /home/Projects/HET/alicia_ws/install/alicia_d_control_interfaces/include/alicia_d_control_interfaces/alicia_d_control_interfaces/action/move_gripper_step.hpp
[31.024s] -- Up-to-date: /home/Projects/HET/alicia_ws/install/alicia_d_control_interfaces/include/alicia_d_control_interfaces/alicia_d_control_interfaces/action/force_grasp.hpp
[31.024s] -- Up-to-date: /home/Projects/HET/alicia_ws/install/alicia_d_control_interfaces/include/alicia_d_control_interfaces/alicia_d_control_interfaces/action/move_arm_to_pose.hpp
[31.025s] -- Up-to-date: /home/Projects/HET/alicia_ws/install/alicia_d_control_interfaces/include/alicia_d_control_interfaces/alicia_d_control_interfaces/action/home_gripper.hpp
[31.025s] -- Up-to-date: /home/Projects/HET/alicia_ws/install/alicia_d_control_interfaces/include/alicia_d_control_interfaces/alicia_d_control_interfaces/msg
[31.025s] -- Up-to-date: /home/Projects/HET/alicia_ws/install/alicia_d_control_interfaces/include/alicia_d_control_interfaces/alicia_d_control_interfaces/msg/detail
[31.025s] -- Up-to-date: /home/Projects/HET/alicia_ws/install/alicia_d_control_interfaces/include/alicia_d_control_interfaces/alicia_d_control_interfaces/msg/detail/grasp_candidate__struct.hpp
[31.025s] -- Up-to-date: /home/Projects/HET/alicia_ws/install/alicia_d_control_interfaces/include/alicia_d_control_interfaces/alicia_d_control_interfaces/msg/detail/gripper_state__type_support.hpp
[31.025s] -- Up-to-date: /home/Projects/HET/alicia_ws/install/alicia_d_control_interfaces/include/alicia_d_control_interfaces/alicia_d_control_interfaces/msg/detail/gripper_state__struct.hpp
[31.025s] -- Up-to-date: /home/Projects/HET/alicia_ws/install/alicia_d_control_interfaces/include/alicia_d_control_interfaces/alicia_d_control_interfaces/msg/detail/grasp_candidate__traits.hpp
[31.025s] -- Up-to-date: /home/Projects/HET/alicia_ws/install/alicia_d_control_interfaces/include/alicia_d_control_interfaces/alicia_d_control_interfaces/msg/detail/gripper_state__builder.hpp
[31.026s] -- Up-to-date: /home/Projects/HET/alicia_ws/install/alicia_d_control_interfaces/include/alicia_d_control_interfaces/alicia_d_control_interfaces/msg/detail/gripper_state__traits.hpp
[31.026s] -- Up-to-date: /home/Projects/HET/alicia_ws/install/alicia_d_control_interfaces/include/alicia_d_control_interfaces/alicia_d_control_interfaces/msg/detail/grasp_candidate__type_support.hpp
[31.026s] -- Up-to-date: /home/Projects/HET/alicia_ws/install/alicia_d_control_interfaces/include/alicia_d_control_interfaces/alicia_d_control_interfaces/msg/detail/grasp_candidate__builder.hpp
[31.027s] -- Up-to-date: /home/Projects/HET/alicia_ws/install/alicia_d_control_interfaces/include/alicia_d_control_interfaces/alicia_d_control_interfaces/msg/gripper_state.hpp
[31.027s] -- Up-to-date: /home/Projects/HET/alicia_ws/install/alicia_d_control_interfaces/include/alicia_d_control_interfaces/alicia_d_control_interfaces/msg/grasp_candidate.hpp
[31.027s] -- Up-to-date: /home/Projects/HET/alicia_ws/install/alicia_d_control_interfaces/include/alicia_d_control_interfaces/alicia_d_control_interfaces/msg/rosidl_generator_cpp__visibility_control.hpp
[31.028s] -- Up-to-date: /home/Projects/HET/alicia_ws/install/alicia_d_control_interfaces/include/alicia_d_control_interfaces/alicia_d_control_interfaces
[31.028s] -- Up-to-date: /home/Projects/HET/alicia_ws/install/alicia_d_control_interfaces/include/alicia_d_control_interfaces/alicia_d_control_interfaces/action
[31.028s] -- Up-to-date: /home/Projects/HET/alicia_ws/install/alicia_d_control_interfaces/include/alicia_d_control_interfaces/alicia_d_control_interfaces/action/detail
[31.028s] -- Up-to-date: /home/Projects/HET/alicia_ws/install/alicia_d_control_interfaces/include/alicia_d_control_interfaces/alicia_d_control_interfaces/action/detail/move_gripper_step__rosidl_typesupport_fastrtps_cpp.hpp
[31.029s] -- Up-to-date: /home/Projects/HET/alicia_ws/install/alicia_d_control_interfaces/include/alicia_d_control_interfaces/alicia_d_control_interfaces/action/detail/move_arm_to_pose__rosidl_typesupport_fastrtps_cpp.hpp
[31.029s] -- Up-to-date: /home/Projects/HET/alicia_ws/install/alicia_d_control_interfaces/include/alicia_d_control_interfaces/alicia_d_control_interfaces/action/detail/move_arm_to_joints__rosidl_typesupport_fastrtps_cpp.hpp
[31.029s] -- Up-to-date: /home/Projects/HET/alicia_ws/install/alicia_d_control_interfaces/include/alicia_d_control_interfaces/alicia_d_control_interfaces/action/detail/move_gripper__rosidl_typesupport_fastrtps_cpp.hpp
[31.029s] -- Up-to-date: /home/Projects/HET/alicia_ws/install/alicia_d_control_interfaces/include/alicia_d_control_interfaces/alicia_d_control_interfaces/action/detail/home_gripper__rosidl_typesupport_fastrtps_cpp.hpp
[31.029s] -- Up-to-date: /home/Projects/HET/alicia_ws/install/alicia_d_control_interfaces/include/alicia_d_control_interfaces/alicia_d_control_interfaces/action/detail/dds_fastrtps
[31.029s] -- Up-to-date: /home/Projects/HET/alicia_ws/install/alicia_d_control_interfaces/include/alicia_d_control_interfaces/alicia_d_control_interfaces/action/detail/force_grasp__rosidl_typesupport_fastrtps_cpp.hpp
[31.029s] -- Up-to-date: /home/Projects/HET/alicia_ws/install/alicia_d_control_interfaces/include/alicia_d_control_interfaces/alicia_d_control_interfaces/msg
[31.030s] -- Up-to-date: /home/Projects/HET/alicia_ws/install/alicia_d_control_interfaces/include/alicia_d_control_interfaces/alicia_d_control_interfaces/msg/detail
[31.030s] -- Up-to-date: /home/Projects/HET/alicia_ws/install/alicia_d_control_interfaces/include/alicia_d_control_interfaces/alicia_d_control_interfaces/msg/detail/gripper_state__rosidl_typesupport_fastrtps_cpp.hpp
[31.030s] -- Up-to-date: /home/Projects/HET/alicia_ws/install/alicia_d_control_interfaces/include/alicia_d_control_interfaces/alicia_d_control_interfaces/msg/detail/dds_fastrtps
[31.030s] -- Up-to-date: /home/Projects/HET/alicia_ws/install/alicia_d_control_interfaces/include/alicia_d_control_interfaces/alicia_d_control_interfaces/msg/detail/grasp_candidate__rosidl_typesupport_fastrtps_cpp.hpp
[31.030s] -- Up-to-date: /home/Projects/HET/alicia_ws/install/alicia_d_control_interfaces/include/alicia_d_control_interfaces/alicia_d_control_interfaces/msg/rosidl_typesupport_fastrtps_cpp__visibility_control.h
[31.030s] -- Up-to-date: /home/Projects/HET/alicia_ws/install/alicia_d_control_interfaces/lib/libalicia_d_control_interfaces__rosidl_typesupport_fastrtps_cpp.so
[31.030s] -- Up-to-date: /home/Projects/HET/alicia_ws/install/alicia_d_control_interfaces/include/alicia_d_control_interfaces/alicia_d_control_interfaces
[31.030s] -- Up-to-date: /home/Projects/HET/alicia_ws/install/alicia_d_control_interfaces/include/alicia_d_control_interfaces/alicia_d_control_interfaces/action
[31.030s] -- Up-to-date: /home/Projects/HET/alicia_ws/install/alicia_d_control_interfaces/include/alicia_d_control_interfaces/alicia_d_control_interfaces/action/detail
[31.031s] -- Up-to-date: /home/Projects/HET/alicia_ws/install/alicia_d_control_interfaces/include/alicia_d_control_interfaces/alicia_d_control_interfaces/action/detail/move_gripper__type_support.c
[31.031s] -- Up-to-date: /home/Projects/HET/alicia_ws/install/alicia_d_control_interfaces/include/alicia_d_control_interfaces/alicia_d_control_interfaces/action/detail/move_arm_to_pose__rosidl_typesupport_introspection_c.h
[31.031s] -- Up-to-date: /home/Projects/HET/alicia_ws/install/alicia_d_control_interfaces/include/alicia_d_control_interfaces/alicia_d_control_interfaces/action/detail/move_gripper__rosidl_typesupport_introspection_c.h
[31.031s] -- Up-to-date: /home/Projects/HET/alicia_ws/install/alicia_d_control_interfaces/include/alicia_d_control_interfaces/alicia_d_control_interfaces/action/detail/force_grasp__type_support.c
[31.031s] -- Up-to-date: /home/Projects/HET/alicia_ws/install/alicia_d_control_interfaces/include/alicia_d_control_interfaces/alicia_d_control_interfaces/action/detail/move_gripper_step__rosidl_typesupport_introspection_c.h
[31.031s] -- Up-to-date: /home/Projects/HET/alicia_ws/install/alicia_d_control_interfaces/include/alicia_d_control_interfaces/alicia_d_control_interfaces/action/detail/home_gripper__rosidl_typesupport_introspection_c.h
[31.031s] -- Up-to-date: /home/Projects/HET/alicia_ws/install/alicia_d_control_interfaces/include/alicia_d_control_interfaces/alicia_d_control_interfaces/action/detail/force_grasp__rosidl_typesupport_introspection_c.h
[31.032s] -- Up-to-date: /home/Projects/HET/alicia_ws/install/alicia_d_control_interfaces/include/alicia_d_control_interfaces/alicia_d_control_interfaces/action/detail/move_gripper_step__type_support.c
[31.032s] -- Up-to-date: /home/Projects/HET/alicia_ws/install/alicia_d_control_interfaces/include/alicia_d_control_interfaces/alicia_d_control_interfaces/action/detail/move_arm_to_joints__type_support.c
[31.032s] -- Up-to-date: /home/Projects/HET/alicia_ws/install/alicia_d_control_interfaces/include/alicia_d_control_interfaces/alicia_d_control_interfaces/action/detail/move_arm_to_joints__rosidl_typesupport_introspection_c.h
[31.032s] -- Up-to-date: /home/Projects/HET/alicia_ws/install/alicia_d_control_interfaces/include/alicia_d_control_interfaces/alicia_d_control_interfaces/action/detail/move_arm_to_pose__type_support.c
[31.033s] -- Up-to-date: /home/Projects/HET/alicia_ws/install/alicia_d_control_interfaces/include/alicia_d_control_interfaces/alicia_d_control_interfaces/action/detail/home_gripper__type_support.c
[31.033s] -- Up-to-date: /home/Projects/HET/alicia_ws/install/alicia_d_control_interfaces/include/alicia_d_control_interfaces/alicia_d_control_interfaces/msg
[31.033s] -- Up-to-date: /home/Projects/HET/alicia_ws/install/alicia_d_control_interfaces/include/alicia_d_control_interfaces/alicia_d_control_interfaces/msg/detail
[31.033s] -- Up-to-date: /home/Projects/HET/alicia_ws/install/alicia_d_control_interfaces/include/alicia_d_control_interfaces/alicia_d_control_interfaces/msg/detail/grasp_candidate__type_support.c
[31.034s] -- Up-to-date: /home/Projects/HET/alicia_ws/install/alicia_d_control_interfaces/include/alicia_d_control_interfaces/alicia_d_control_interfaces/msg/detail/gripper_state__type_support.c
[31.034s] -- Up-to-date: /home/Projects/HET/alicia_ws/install/alicia_d_control_interfaces/include/alicia_d_control_interfaces/alicia_d_control_interfaces/msg/detail/gripper_state__rosidl_typesupport_introspection_c.h
[31.034s] -- Up-to-date: /home/Projects/HET/alicia_ws/install/alicia_d_control_interfaces/include/alicia_d_control_interfaces/alicia_d_control_interfaces/msg/detail/grasp_candidate__rosidl_typesupport_introspection_c.h
[31.034s] -- Up-to-date: /home/Projects/HET/alicia_ws/install/alicia_d_control_interfaces/include/alicia_d_control_interfaces/alicia_d_control_interfaces/msg/rosidl_typesupport_introspection_c__visibility_control.h
[31.034s] -- Up-to-date: /home/Projects/HET/alicia_ws/install/alicia_d_control_interfaces/lib/libalicia_d_control_interfaces__rosidl_typesupport_introspection_c.so
[31.035s] -- Up-to-date: /home/Projects/HET/alicia_ws/install/alicia_d_control_interfaces/lib/libalicia_d_control_interfaces__rosidl_typesupport_c.so
[31.035s] -- Up-to-date: /home/Projects/HET/alicia_ws/install/alicia_d_control_interfaces/include/alicia_d_control_interfaces/alicia_d_control_interfaces
[31.035s] -- Up-to-date: /home/Projects/HET/alicia_ws/install/alicia_d_control_interfaces/include/alicia_d_control_interfaces/alicia_d_control_interfaces/action
[31.035s] -- Up-to-date: /home/Projects/HET/alicia_ws/install/alicia_d_control_interfaces/include/alicia_d_control_interfaces/alicia_d_control_interfaces/action/detail
[31.035s] -- Up-to-date: /home/Projects/HET/alicia_ws/install/alicia_d_control_interfaces/include/alicia_d_control_interfaces/alicia_d_control_interfaces/action/detail/move_gripper_step__rosidl_typesupport_introspection_cpp.hpp
[31.035s] -- Up-to-date: /home/Projects/HET/alicia_ws/install/alicia_d_control_interfaces/include/alicia_d_control_interfaces/alicia_d_control_interfaces/action/detail/home_gripper__rosidl_typesupport_introspection_cpp.hpp
[31.036s] -- Up-to-date: /home/Projects/HET/alicia_ws/install/alicia_d_control_interfaces/include/alicia_d_control_interfaces/alicia_d_control_interfaces/action/detail/force_grasp__rosidl_typesupport_introspection_cpp.hpp
[31.036s] -- Up-to-date: /home/Projects/HET/alicia_ws/install/alicia_d_control_interfaces/include/alicia_d_control_interfaces/alicia_d_control_interfaces/action/detail/move_arm_to_pose__rosidl_typesupport_introspection_cpp.hpp
[31.036s] -- Up-to-date: /home/Projects/HET/alicia_ws/install/alicia_d_control_interfaces/include/alicia_d_control_interfaces/alicia_d_control_interfaces/action/detail/move_gripper__rosidl_typesupport_introspection_cpp.hpp
[31.036s] -- Up-to-date: /home/Projects/HET/alicia_ws/install/alicia_d_control_interfaces/include/alicia_d_control_interfaces/alicia_d_control_interfaces/action/detail/force_grasp__type_support.cpp
[31.036s] -- Up-to-date: /home/Projects/HET/alicia_ws/install/alicia_d_control_interfaces/include/alicia_d_control_interfaces/alicia_d_control_interfaces/action/detail/move_arm_to_joints__type_support.cpp
[31.036s] -- Up-to-date: /home/Projects/HET/alicia_ws/install/alicia_d_control_interfaces/include/alicia_d_control_interfaces/alicia_d_control_interfaces/action/detail/move_arm_to_pose__type_support.cpp
[31.037s] -- Up-to-date: /home/Projects/HET/alicia_ws/install/alicia_d_control_interfaces/include/alicia_d_control_interfaces/alicia_d_control_interfaces/action/detail/home_gripper__type_support.cpp
[31.037s] -- Up-to-date: /home/Projects/HET/alicia_ws/install/alicia_d_control_interfaces/include/alicia_d_control_interfaces/alicia_d_control_interfaces/action/detail/move_gripper_step__type_support.cpp
[31.037s] -- Up-to-date: /home/Projects/HET/alicia_ws/install/alicia_d_control_interfaces/include/alicia_d_control_interfaces/alicia_d_control_interfaces/action/detail/move_arm_to_joints__rosidl_typesupport_introspection_cpp.hpp
[31.037s] -- Up-to-date: /home/Projects/HET/alicia_ws/install/alicia_d_control_interfaces/include/alicia_d_control_interfaces/alicia_d_control_interfaces/action/detail/move_gripper__type_support.cpp
[31.037s] -- Up-to-date: /home/Projects/HET/alicia_ws/install/alicia_d_control_interfaces/include/alicia_d_control_interfaces/alicia_d_control_interfaces/msg
[31.037s] -- Up-to-date: /home/Projects/HET/alicia_ws/install/alicia_d_control_interfaces/include/alicia_d_control_interfaces/alicia_d_control_interfaces/msg/detail
[31.037s] -- Up-to-date: /home/Projects/HET/alicia_ws/install/alicia_d_control_interfaces/include/alicia_d_control_interfaces/alicia_d_control_interfaces/msg/detail/gripper_state__type_support.cpp
[31.038s] -- Up-to-date: /home/Projects/HET/alicia_ws/install/alicia_d_control_interfaces/include/alicia_d_control_interfaces/alicia_d_control_interfaces/msg/detail/grasp_candidate__rosidl_typesupport_introspection_cpp.hpp
[31.038s] -- Up-to-date: /home/Projects/HET/alicia_ws/install/alicia_d_control_interfaces/include/alicia_d_control_interfaces/alicia_d_control_interfaces/msg/detail/grasp_candidate__type_support.cpp
[31.038s] -- Up-to-date: /home/Projects/HET/alicia_ws/install/alicia_d_control_interfaces/include/alicia_d_control_interfaces/alicia_d_control_interfaces/msg/detail/gripper_state__rosidl_typesupport_introspection_cpp.hpp
[31.038s] -- Up-to-date: /home/Projects/HET/alicia_ws/install/alicia_d_control_interfaces/lib/libalicia_d_control_interfaces__rosidl_typesupport_introspection_cpp.so
[31.038s] -- Up-to-date: /home/Projects/HET/alicia_ws/install/alicia_d_control_interfaces/lib/libalicia_d_control_interfaces__rosidl_typesupport_cpp.so
[31.038s] -- Up-to-date: /home/Projects/HET/alicia_ws/install/alicia_d_control_interfaces/share/alicia_d_control_interfaces/environment/pythonpath.sh
[31.038s] -- Up-to-date: /home/Projects/HET/alicia_ws/install/alicia_d_control_interfaces/share/alicia_d_control_interfaces/environment/pythonpath.dsv
[31.038s] -- Up-to-date: /home/Projects/HET/alicia_ws/install/alicia_d_control_interfaces/local/lib/python3.10/dist-packages/alicia_d_control_interfaces-0.1.0-py3.10.egg-info
[31.038s] -- Installing: /home/Projects/HET/alicia_ws/install/alicia_d_control_interfaces/local/lib/python3.10/dist-packages/alicia_d_control_interfaces-0.1.0-py3.10.egg-info/PKG-INFO
[31.039s] -- Installing: /home/Projects/HET/alicia_ws/install/alicia_d_control_interfaces/local/lib/python3.10/dist-packages/alicia_d_control_interfaces-0.1.0-py3.10.egg-info/SOURCES.txt
[31.039s] -- Installing: /home/Projects/HET/alicia_ws/install/alicia_d_control_interfaces/local/lib/python3.10/dist-packages/alicia_d_control_interfaces-0.1.0-py3.10.egg-info/dependency_links.txt
[31.039s] -- Installing: /home/Projects/HET/alicia_ws/install/alicia_d_control_interfaces/local/lib/python3.10/dist-packages/alicia_d_control_interfaces-0.1.0-py3.10.egg-info/top_level.txt
[31.039s] -- Up-to-date: /home/Projects/HET/alicia_ws/install/alicia_d_control_interfaces/local/lib/python3.10/dist-packages/alicia_d_control_interfaces
[31.039s] -- Up-to-date: /home/Projects/HET/alicia_ws/install/alicia_d_control_interfaces/local/lib/python3.10/dist-packages/alicia_d_control_interfaces/alicia_d_control_interfaces_s__rosidl_typesupport_c.cpython-310-x86_64-linux-gnu.so
[31.039s] -- Up-to-date: /home/Projects/HET/alicia_ws/install/alicia_d_control_interfaces/local/lib/python3.10/dist-packages/alicia_d_control_interfaces/_alicia_d_control_interfaces_s.ep.rosidl_typesupport_fastrtps_c.c
[31.039s] -- Up-to-date: /home/Projects/HET/alicia_ws/install/alicia_d_control_interfaces/local/lib/python3.10/dist-packages/alicia_d_control_interfaces/__init__.py
[31.039s] -- Up-to-date: /home/Projects/HET/alicia_ws/install/alicia_d_control_interfaces/local/lib/python3.10/dist-packages/alicia_d_control_interfaces/_alicia_d_control_interfaces_s.ep.rosidl_typesupport_c.c
[31.039s] -- Up-to-date: /home/Projects/HET/alicia_ws/install/alicia_d_control_interfaces/local/lib/python3.10/dist-packages/alicia_d_control_interfaces/alicia_d_control_interfaces_s__rosidl_typesupport_introspection_c.cpython-310-x86_64-linux-gnu.so
[31.040s] -- Up-to-date: /home/Projects/HET/alicia_ws/install/alicia_d_control_interfaces/local/lib/python3.10/dist-packages/alicia_d_control_interfaces/libalicia_d_control_interfaces__rosidl_generator_py.so
[31.040s] -- Up-to-date: /home/Projects/HET/alicia_ws/install/alicia_d_control_interfaces/local/lib/python3.10/dist-packages/alicia_d_control_interfaces/alicia_d_control_interfaces_s__rosidl_typesupport_fastrtps_c.cpython-310-x86_64-linux-gnu.so
[31.040s] -- Up-to-date: /home/Projects/HET/alicia_ws/install/alicia_d_control_interfaces/local/lib/python3.10/dist-packages/alicia_d_control_interfaces/action
[31.040s] -- Up-to-date: /home/Projects/HET/alicia_ws/install/alicia_d_control_interfaces/local/lib/python3.10/dist-packages/alicia_d_control_interfaces/action/_force_grasp_s.c
[31.040s] -- Up-to-date: /home/Projects/HET/alicia_ws/install/alicia_d_control_interfaces/local/lib/python3.10/dist-packages/alicia_d_control_interfaces/action/_force_grasp.py
[31.040s] -- Up-to-date: /home/Projects/HET/alicia_ws/install/alicia_d_control_interfaces/local/lib/python3.10/dist-packages/alicia_d_control_interfaces/action/_move_gripper_step_s.c
[31.040s] -- Up-to-date: /home/Projects/HET/alicia_ws/install/alicia_d_control_interfaces/local/lib/python3.10/dist-packages/alicia_d_control_interfaces/action/__init__.py
[31.040s] -- Up-to-date: /home/Projects/HET/alicia_ws/install/alicia_d_control_interfaces/local/lib/python3.10/dist-packages/alicia_d_control_interfaces/action/_move_gripper.py
[31.041s] -- Up-to-date: /home/Projects/HET/alicia_ws/install/alicia_d_control_interfaces/local/lib/python3.10/dist-packages/alicia_d_control_interfaces/action/_home_gripper.py
[31.041s] -- Up-to-date: /home/Projects/HET/alicia_ws/install/alicia_d_control_interfaces/local/lib/python3.10/dist-packages/alicia_d_control_interfaces/action/_move_arm_to_joints.py
[31.042s] -- Up-to-date: /home/Projects/HET/alicia_ws/install/alicia_d_control_interfaces/local/lib/python3.10/dist-packages/alicia_d_control_interfaces/action/_move_gripper_step.py
[31.042s] -- Up-to-date: /home/Projects/HET/alicia_ws/install/alicia_d_control_interfaces/local/lib/python3.10/dist-packages/alicia_d_control_interfaces/action/_move_arm_to_pose.py
[31.042s] -- Up-to-date: /home/Projects/HET/alicia_ws/install/alicia_d_control_interfaces/local/lib/python3.10/dist-packages/alicia_d_control_interfaces/action/_move_arm_to_joints_s.c
[31.043s] -- Up-to-date: /home/Projects/HET/alicia_ws/install/alicia_d_control_interfaces/local/lib/python3.10/dist-packages/alicia_d_control_interfaces/action/_move_gripper_s.c
[31.043s] -- Up-to-date: /home/Projects/HET/alicia_ws/install/alicia_d_control_interfaces/local/lib/python3.10/dist-packages/alicia_d_control_interfaces/action/_move_arm_to_pose_s.c
[31.043s] -- Up-to-date: /home/Projects/HET/alicia_ws/install/alicia_d_control_interfaces/local/lib/python3.10/dist-packages/alicia_d_control_interfaces/action/_home_gripper_s.c
[31.044s] -- Up-to-date: /home/Projects/HET/alicia_ws/install/alicia_d_control_interfaces/local/lib/python3.10/dist-packages/alicia_d_control_interfaces/msg
[31.044s] -- Up-to-date: /home/Projects/HET/alicia_ws/install/alicia_d_control_interfaces/local/lib/python3.10/dist-packages/alicia_d_control_interfaces/msg/_grasp_candidate.py
[31.044s] -- Up-to-date: /home/Projects/HET/alicia_ws/install/alicia_d_control_interfaces/local/lib/python3.10/dist-packages/alicia_d_control_interfaces/msg/__init__.py
[31.044s] -- Up-to-date: /home/Projects/HET/alicia_ws/install/alicia_d_control_interfaces/local/lib/python3.10/dist-packages/alicia_d_control_interfaces/msg/_gripper_state.py
[31.044s] -- Up-to-date: /home/Projects/HET/alicia_ws/install/alicia_d_control_interfaces/local/lib/python3.10/dist-packages/alicia_d_control_interfaces/msg/_grasp_candidate_s.c
[31.045s] -- Up-to-date: /home/Projects/HET/alicia_ws/install/alicia_d_control_interfaces/local/lib/python3.10/dist-packages/alicia_d_control_interfaces/msg/_gripper_state_s.c
[31.045s] -- Up-to-date: /home/Projects/HET/alicia_ws/install/alicia_d_control_interfaces/local/lib/python3.10/dist-packages/alicia_d_control_interfaces/_alicia_d_control_interfaces_s.ep.rosidl_typesupport_introspection_c.c
[31.097s] Listing '/home/Projects/HET/alicia_ws/install/alicia_d_control_interfaces/local/lib/python3.10/dist-packages/alicia_d_control_interfaces'...
[31.097s] Listing '/home/Projects/HET/alicia_ws/install/alicia_d_control_interfaces/local/lib/python3.10/dist-packages/alicia_d_control_interfaces/action'...
[31.097s] Listing '/home/Projects/HET/alicia_ws/install/alicia_d_control_interfaces/local/lib/python3.10/dist-packages/alicia_d_control_interfaces/msg'...
[31.108s] -- Up-to-date: /home/Projects/HET/alicia_ws/install/alicia_d_control_interfaces/local/lib/python3.10/dist-packages/alicia_d_control_interfaces/alicia_d_control_interfaces_s__rosidl_typesupport_fastrtps_c.cpython-310-x86_64-linux-gnu.so
[31.109s] -- Up-to-date: /home/Projects/HET/alicia_ws/install/alicia_d_control_interfaces/local/lib/python3.10/dist-packages/alicia_d_control_interfaces/alicia_d_control_interfaces_s__rosidl_typesupport_introspection_c.cpython-310-x86_64-linux-gnu.so
[31.109s] -- Up-to-date: /home/Projects/HET/alicia_ws/install/alicia_d_control_interfaces/local/lib/python3.10/dist-packages/alicia_d_control_interfaces/alicia_d_control_interfaces_s__rosidl_typesupport_c.cpython-310-x86_64-linux-gnu.so
[31.110s] -- Up-to-date: /home/Projects/HET/alicia_ws/install/alicia_d_control_interfaces/lib/libalicia_d_control_interfaces__rosidl_generator_py.so
[31.112s] -- Up-to-date: /home/Projects/HET/alicia_ws/install/alicia_d_control_interfaces/share/ament_index/resource_index/rust_packages/alicia_d_control_interfaces
[31.113s] -- Up-to-date: /home/Projects/HET/alicia_ws/install/alicia_d_control_interfaces/share/alicia_d_control_interfaces/rust
[31.114s] -- Up-to-date: /home/Projects/HET/alicia_ws/install/alicia_d_control_interfaces/share/alicia_d_control_interfaces/rust/Cargo.toml
[31.115s] -- Up-to-date: /home/Projects/HET/alicia_ws/install/alicia_d_control_interfaces/share/alicia_d_control_interfaces/rust/build.rs
[31.115s] -- Up-to-date: /home/Projects/HET/alicia_ws/install/alicia_d_control_interfaces/share/alicia_d_control_interfaces/rust/src
[31.115s] -- Up-to-date: /home/Projects/HET/alicia_ws/install/alicia_d_control_interfaces/share/alicia_d_control_interfaces/rust/src/msg.rs
[31.115s] -- Up-to-date: /home/Projects/HET/alicia_ws/install/alicia_d_control_interfaces/share/alicia_d_control_interfaces/rust/src/lib.rs
[31.116s] -- Up-to-date: /home/Projects/HET/alicia_ws/install/alicia_d_control_interfaces/share/alicia_d_control_interfaces/rust/src/action.rs
[31.116s] -- Up-to-date: /home/Projects/HET/alicia_ws/install/alicia_d_control_interfaces/share/alicia_d_control_interfaces/rust/src/action
[31.116s] -- Up-to-date: /home/Projects/HET/alicia_ws/install/alicia_d_control_interfaces/share/alicia_d_control_interfaces/rust/src/action/rmw.rs
[31.117s] -- Up-to-date: /home/Projects/HET/alicia_ws/install/alicia_d_control_interfaces/share/alicia_d_control_interfaces/rust/src/msg
[31.117s] -- Up-to-date: /home/Projects/HET/alicia_ws/install/alicia_d_control_interfaces/share/alicia_d_control_interfaces/rust/src/msg/rmw.rs
[31.118s] -- Up-to-date: /home/Projects/HET/alicia_ws/install/alicia_d_control_interfaces/share/alicia_d_control_interfaces/msg/GraspCandidate.idl
[31.119s] -- Up-to-date: /home/Projects/HET/alicia_ws/install/alicia_d_control_interfaces/share/alicia_d_control_interfaces/msg/GripperState.idl
[31.119s] -- Up-to-date: /home/Projects/HET/alicia_ws/install/alicia_d_control_interfaces/share/alicia_d_control_interfaces/action/ForceGrasp.idl
[31.120s] -- Up-to-date: /home/Projects/HET/alicia_ws/install/alicia_d_control_interfaces/share/alicia_d_control_interfaces/action/HomeGripper.idl
[31.120s] -- Up-to-date: /home/Projects/HET/alicia_ws/install/alicia_d_control_interfaces/share/alicia_d_control_interfaces/action/MoveArmToJoints.idl
[31.121s] -- Up-to-date: /home/Projects/HET/alicia_ws/install/alicia_d_control_interfaces/share/alicia_d_control_interfaces/action/MoveArmToPose.idl
[31.122s] -- Up-to-date: /home/Projects/HET/alicia_ws/install/alicia_d_control_interfaces/share/alicia_d_control_interfaces/action/MoveGripper.idl
[31.123s] -- Up-to-date: /home/Projects/HET/alicia_ws/install/alicia_d_control_interfaces/share/alicia_d_control_interfaces/action/MoveGripperStep.idl
[31.124s] -- Up-to-date: /home/Projects/HET/alicia_ws/install/alicia_d_control_interfaces/share/alicia_d_control_interfaces/msg/GraspCandidate.msg
[31.125s] -- Up-to-date: /home/Projects/HET/alicia_ws/install/alicia_d_control_interfaces/share/alicia_d_control_interfaces/msg/GripperState.msg
[31.125s] -- Up-to-date: /home/Projects/HET/alicia_ws/install/alicia_d_control_interfaces/share/alicia_d_control_interfaces/action/ForceGrasp.action
[31.126s] -- Up-to-date: /home/Projects/HET/alicia_ws/install/alicia_d_control_interfaces/share/alicia_d_control_interfaces/action/HomeGripper.action
[31.126s] -- Up-to-date: /home/Projects/HET/alicia_ws/install/alicia_d_control_interfaces/share/alicia_d_control_interfaces/action/MoveArmToJoints.action
[31.126s] -- Up-to-date: /home/Projects/HET/alicia_ws/install/alicia_d_control_interfaces/share/alicia_d_control_interfaces/action/MoveArmToPose.action
[31.126s] -- Up-to-date: /home/Projects/HET/alicia_ws/install/alicia_d_control_interfaces/share/alicia_d_control_interfaces/action/MoveGripper.action
[31.126s] -- Up-to-date: /home/Projects/HET/alicia_ws/install/alicia_d_control_interfaces/share/alicia_d_control_interfaces/action/MoveGripperStep.action
[31.126s] -- Up-to-date: /home/Projects/HET/alicia_ws/install/alicia_d_control_interfaces/share/ament_index/resource_index/package_run_dependencies/alicia_d_control_interfaces
[31.126s] -- Up-to-date: /home/Projects/HET/alicia_ws/install/alicia_d_control_interfaces/share/ament_index/resource_index/parent_prefix_path/alicia_d_control_interfaces
[31.126s] -- Up-to-date: /home/Projects/HET/alicia_ws/install/alicia_d_control_interfaces/share/alicia_d_control_interfaces/environment/ament_prefix_path.sh
[31.126s] -- Up-to-date: /home/Projects/HET/alicia_ws/install/alicia_d_control_interfaces/share/alicia_d_control_interfaces/environment/ament_prefix_path.dsv
[31.126s] -- Up-to-date: /home/Projects/HET/alicia_ws/install/alicia_d_control_interfaces/share/alicia_d_control_interfaces/environment/path.sh
[31.126s] -- Up-to-date: /home/Projects/HET/alicia_ws/install/alicia_d_control_interfaces/share/alicia_d_control_interfaces/environment/path.dsv
[31.127s] -- Up-to-date: /home/Projects/HET/alicia_ws/install/alicia_d_control_interfaces/share/alicia_d_control_interfaces/local_setup.bash
[31.127s] -- Up-to-date: /home/Projects/HET/alicia_ws/install/alicia_d_control_interfaces/share/alicia_d_control_interfaces/local_setup.sh
[31.127s] -- Up-to-date: /home/Projects/HET/alicia_ws/install/alicia_d_control_interfaces/share/alicia_d_control_interfaces/local_setup.zsh
[31.128s] -- Up-to-date: /home/Projects/HET/alicia_ws/install/alicia_d_control_interfaces/share/alicia_d_control_interfaces/local_setup.dsv
[31.128s] -- Installing: /home/Projects/HET/alicia_ws/install/alicia_d_control_interfaces/share/alicia_d_control_interfaces/package.dsv
[31.128s] -- Up-to-date: /home/Projects/HET/alicia_ws/install/alicia_d_control_interfaces/share/ament_index/resource_index/packages/alicia_d_control_interfaces
[31.128s] -- Up-to-date: /home/Projects/HET/alicia_ws/install/alicia_d_control_interfaces/share/alicia_d_control_interfaces/cmake/export_alicia_d_control_interfaces__rosidl_generator_cExport.cmake
[31.128s] -- Up-to-date: /home/Projects/HET/alicia_ws/install/alicia_d_control_interfaces/share/alicia_d_control_interfaces/cmake/export_alicia_d_control_interfaces__rosidl_generator_cExport-noconfig.cmake
[31.128s] -- Up-to-date: /home/Projects/HET/alicia_ws/install/alicia_d_control_interfaces/share/alicia_d_control_interfaces/cmake/export_alicia_d_control_interfaces__rosidl_typesupport_fastrtps_cExport.cmake
[31.128s] -- Up-to-date: /home/Projects/HET/alicia_ws/install/alicia_d_control_interfaces/share/alicia_d_control_interfaces/cmake/export_alicia_d_control_interfaces__rosidl_typesupport_fastrtps_cExport-noconfig.cmake
[31.129s] -- Up-to-date: /home/Projects/HET/alicia_ws/install/alicia_d_control_interfaces/share/alicia_d_control_interfaces/cmake/export_alicia_d_control_interfaces__rosidl_generator_cppExport.cmake
[31.129s] -- Up-to-date: /home/Projects/HET/alicia_ws/install/alicia_d_control_interfaces/share/alicia_d_control_interfaces/cmake/export_alicia_d_control_interfaces__rosidl_typesupport_fastrtps_cppExport.cmake
[31.129s] -- Up-to-date: /home/Projects/HET/alicia_ws/install/alicia_d_control_interfaces/share/alicia_d_control_interfaces/cmake/export_alicia_d_control_interfaces__rosidl_typesupport_fastrtps_cppExport-noconfig.cmake
[31.129s] -- Up-to-date: /home/Projects/HET/alicia_ws/install/alicia_d_control_interfaces/share/alicia_d_control_interfaces/cmake/alicia_d_control_interfaces__rosidl_typesupport_introspection_cExport.cmake
[31.130s] -- Up-to-date: /home/Projects/HET/alicia_ws/install/alicia_d_control_interfaces/share/alicia_d_control_interfaces/cmake/alicia_d_control_interfaces__rosidl_typesupport_introspection_cExport-noconfig.cmake
[31.131s] -- Up-to-date: /home/Projects/HET/alicia_ws/install/alicia_d_control_interfaces/share/alicia_d_control_interfaces/cmake/alicia_d_control_interfaces__rosidl_typesupport_cExport.cmake
[31.131s] -- Up-to-date: /home/Projects/HET/alicia_ws/install/alicia_d_control_interfaces/share/alicia_d_control_interfaces/cmake/alicia_d_control_interfaces__rosidl_typesupport_cExport-noconfig.cmake
[31.132s] -- Up-to-date: /home/Projects/HET/alicia_ws/install/alicia_d_control_interfaces/share/alicia_d_control_interfaces/cmake/alicia_d_control_interfaces__rosidl_typesupport_introspection_cppExport.cmake
[31.134s] -- Up-to-date: /home/Projects/HET/alicia_ws/install/alicia_d_control_interfaces/share/alicia_d_control_interfaces/cmake/alicia_d_control_interfaces__rosidl_typesupport_introspection_cppExport-noconfig.cmake
[31.135s] -- Up-to-date: /home/Projects/HET/alicia_ws/install/alicia_d_control_interfaces/share/alicia_d_control_interfaces/cmake/alicia_d_control_interfaces__rosidl_typesupport_cppExport.cmake
[31.137s] -- Up-to-date: /home/Projects/HET/alicia_ws/install/alicia_d_control_interfaces/share/alicia_d_control_interfaces/cmake/alicia_d_control_interfaces__rosidl_typesupport_cppExport-noconfig.cmake
[31.138s] -- Up-to-date: /home/Projects/HET/alicia_ws/install/alicia_d_control_interfaces/share/alicia_d_control_interfaces/cmake/export_alicia_d_control_interfaces__rosidl_generator_pyExport.cmake
[31.138s] -- Up-to-date: /home/Projects/HET/alicia_ws/install/alicia_d_control_interfaces/share/alicia_d_control_interfaces/cmake/export_alicia_d_control_interfaces__rosidl_generator_pyExport-noconfig.cmake
[31.138s] -- Up-to-date: /home/Projects/HET/alicia_ws/install/alicia_d_control_interfaces/share/alicia_d_control_interfaces/cmake/rosidl_cmake-extras.cmake
[31.139s] -- Up-to-date: /home/Projects/HET/alicia_ws/install/alicia_d_control_interfaces/share/alicia_d_control_interfaces/cmake/ament_cmake_export_dependencies-extras.cmake
[31.140s] -- Up-to-date: /home/Projects/HET/alicia_ws/install/alicia_d_control_interfaces/share/alicia_d_control_interfaces/cmake/ament_cmake_export_include_directories-extras.cmake
[31.141s] -- Up-to-date: /home/Projects/HET/alicia_ws/install/alicia_d_control_interfaces/share/alicia_d_control_interfaces/cmake/ament_cmake_export_libraries-extras.cmake
[31.141s] -- Up-to-date: /home/Projects/HET/alicia_ws/install/alicia_d_control_interfaces/share/alicia_d_control_interfaces/cmake/ament_cmake_export_targets-extras.cmake
[31.142s] -- Up-to-date: /home/Projects/HET/alicia_ws/install/alicia_d_control_interfaces/share/alicia_d_control_interfaces/cmake/rosidl_cmake_export_typesupport_targets-extras.cmake
[31.142s] -- Up-to-date: /home/Projects/HET/alicia_ws/install/alicia_d_control_interfaces/share/alicia_d_control_interfaces/cmake/rosidl_cmake_export_typesupport_libraries-extras.cmake
[31.143s] -- Up-to-date: /home/Projects/HET/alicia_ws/install/alicia_d_control_interfaces/share/alicia_d_control_interfaces/cmake/alicia_d_control_interfacesConfig.cmake
[31.143s] -- Up-to-date: /home/Projects/HET/alicia_ws/install/alicia_d_control_interfaces/share/alicia_d_control_interfaces/cmake/alicia_d_control_interfacesConfig-version.cmake
[31.143s] -- Up-to-date: /home/Projects/HET/alicia_ws/install/alicia_d_control_interfaces/share/alicia_d_control_interfaces/package.xml
[31.144s] Invoked command in '/home/Projects/HET/alicia_ws/build/alicia_d_control_interfaces' returned '0': CMAKE_PREFIX_PATH=/opt/ros/humble /usr/bin/cmake --install /home/Projects/HET/alicia_ws/build/alicia_d_control_interfaces
