-- The C compiler identification is GNU 12.3.0
-- The CXX compiler identification is GNU 12.3.0
-- Detecting C compiler ABI info
-- Detecting C compiler ABI info - done
-- Check for working C compiler: /usr/bin/cc - skipped
-- Detecting C compile features
-- Detecting C compile features - done
-- Detecting CXX compiler ABI info
-- Detecting CXX compiler ABI info - done
-- Check for working CXX compiler: /usr/bin/c++ - skipped
-- Detecting CXX compile features
-- Detecting CXX compile features - done
-- Found ament_cmake: 1.3.10 (/opt/ros/humble/share/ament_cmake/cmake)
-- Found Python3: /usr/bin/python3 (found version "3.10.12") found components: Interpreter 
-- Found geometry_msgs: 4.2.4 (/opt/ros/humble/share/geometry_msgs/cmake)
-- Found rosidl_generator_c: 3.1.5 (/opt/ros/humble/share/rosidl_generator_c/cmake)
-- Found rosidl_adapter: 3.1.5 (/opt/ros/humble/share/rosidl_adapter/cmake)
-- Found rosidl_generator_cpp: 3.1.5 (/opt/ros/humble/share/rosidl_generator_cpp/cmake)
-- Using all available rosidl_typesupport_c: rosidl_typesupport_fastrtps_c;rosidl_typesupport_introspection_c
-- Using all available rosidl_typesupport_cpp: rosidl_typesupport_fastrtps_cpp;rosidl_typesupport_introspection_cpp
-- Found rosidl_default_generators: 1.2.0 (/opt/ros/humble/share/rosidl_default_generators/cmake)
CMake Error at /opt/ros/humble/share/rosidl_cmake/cmake/rosidl_generate_interfaces.cmake:240 (list):
  list index: 1 out of range (-1, 0)
Call Stack (most recent call first):
  CMakeLists.txt:9 (rosidl_generate_interfaces)


CMake Error at /opt/ros/humble/share/rosidl_cmake/cmake/rosidl_generate_interfaces.cmake:240 (list):
  list index: 1 out of range (-1, 0)
Call Stack (most recent call first):
  CMakeLists.txt:9 (rosidl_generate_interfaces)


CMake Error at /opt/ros/humble/share/rosidl_cmake/cmake/rosidl_generate_interfaces.cmake:240 (list):
  list index: 1 out of range (-1, 0)
Call Stack (most recent call first):
  CMakeLists.txt:9 (rosidl_generate_interfaces)


CMake Error at /opt/ros/humble/share/rosidl_cmake/cmake/rosidl_generate_interfaces.cmake:240 (list):
  list index: 1 out of range (-1, 0)
Call Stack (most recent call first):
  CMakeLists.txt:9 (rosidl_generate_interfaces)


CMake Error at /opt/ros/humble/share/rosidl_cmake/cmake/rosidl_generate_interfaces.cmake:240 (list):
  list index: 1 out of range (-1, 0)
Call Stack (most recent call first):
  CMakeLists.txt:9 (rosidl_generate_interfaces)


CMake Error at /opt/ros/humble/share/rosidl_cmake/cmake/rosidl_generate_interfaces.cmake:240 (list):
  list index: 1 out of range (-1, 0)
Call Stack (most recent call first):
  CMakeLists.txt:9 (rosidl_generate_interfaces)


CMake Error at /opt/ros/humble/share/rosidl_cmake/cmake/rosidl_generate_interfaces.cmake:240 (list):
  list index: 1 out of range (-1, 0)
Call Stack (most recent call first):
  CMakeLists.txt:9 (rosidl_generate_interfaces)


CMake Error at /opt/ros/humble/share/rosidl_cmake/cmake/rosidl_generate_interfaces.cmake:240 (list):
  list index: 1 out of range (-1, 0)
Call Stack (most recent call first):
  CMakeLists.txt:9 (rosidl_generate_interfaces)


CMake Error at /opt/ros/humble/share/rosidl_generator_c/cmake/rosidl_generator_c_generate_interfaces.cmake:69 (message):
  Target dependency
  '/Robot_Arm/alicia_ws/build/alicia_d_control_interfaces/rosidl_adapter/alicia_d_control_interfaces/msg/GraspCandidate.idl'
  does not exist
Call Stack (most recent call first):
  /opt/ros/humble/share/ament_cmake_core/cmake/core/ament_execute_extensions.cmake:48 (include)
  /opt/ros/humble/share/rosidl_cmake/cmake/rosidl_generate_interfaces.cmake:286 (ament_execute_extensions)
  CMakeLists.txt:9 (rosidl_generate_interfaces)


-- Configuring incomplete, errors occurred!
See also "/home/zyx/桌面/Robot_Arm/alicia_ws/build/alicia_d_control_interfaces/CMakeFiles/CMakeOutput.log".
