[0.020s] Invoking command in '/home/zyx/桌面/Robot_Arm/alicia_ws/build/alicia_d_control_interfaces': CMAKE_PREFIX_PATH=/opt/ros/humble /usr/bin/cmake /home/zyx/桌面/Robot_Arm/alicia_ws/src/alicia_d_control_interfaces -DCMAKE_INSTALL_PREFIX=/home/zyx/桌面/Robot_Arm/alicia_ws/install/alicia_d_control_interfaces
[0.153s] -- The C compiler identification is GNU 12.3.0
[0.244s] -- The CXX compiler identification is GNU 12.3.0
[0.257s] -- Detecting C compiler ABI info
[0.363s] -- Detecting C compiler ABI info - done
[0.370s] -- Check for working C compiler: /usr/bin/cc - skipped
[0.372s] -- Detecting C compile features
[0.373s] -- Detecting C compile features - done
[0.380s] -- Detecting CXX compiler ABI info
[0.512s] -- Detecting CXX compiler ABI info - done
[0.520s] -- Check for working CXX compiler: /usr/bin/c++ - skipped
[0.520s] -- Detecting CXX compile features
[0.521s] -- Detecting CXX compile features - done
[0.527s] -- Found ament_cmake: 1.3.10 (/opt/ros/humble/share/ament_cmake/cmake)
[0.713s] -- Found Python3: /usr/bin/python3 (found version "3.10.12") found components: Interpreter 
[0.817s] -- Found geometry_msgs: 4.2.4 (/opt/ros/humble/share/geometry_msgs/cmake)
[0.862s] -- Found rosidl_generator_c: 3.1.5 (/opt/ros/humble/share/rosidl_generator_c/cmake)
[0.868s] -- Found rosidl_adapter: 3.1.5 (/opt/ros/humble/share/rosidl_adapter/cmake)
[0.879s] -- Found rosidl_generator_cpp: 3.1.5 (/opt/ros/humble/share/rosidl_generator_cpp/cmake)
[0.897s] -- Using all available rosidl_typesupport_c: rosidl_typesupport_fastrtps_c;rosidl_typesupport_introspection_c
[0.914s] -- Using all available rosidl_typesupport_cpp: rosidl_typesupport_fastrtps_cpp;rosidl_typesupport_introspection_cpp
[0.961s] -- Found rosidl_default_generators: 1.2.0 (/opt/ros/humble/share/rosidl_default_generators/cmake)
[1.279s] CMake Error at /opt/ros/humble/share/rosidl_cmake/cmake/rosidl_generate_interfaces.cmake:240 (list):
[1.279s]   list index: 1 out of range (-1, 0)
[1.279s] Call Stack (most recent call first):
[1.279s]   CMakeLists.txt:9 (rosidl_generate_interfaces)
[1.280s] 
[1.280s] 
[1.280s] CMake Error at /opt/ros/humble/share/rosidl_cmake/cmake/rosidl_generate_interfaces.cmake:240 (list):
[1.280s]   list index: 1 out of range (-1, 0)
[1.280s] Call Stack (most recent call first):
[1.280s]   CMakeLists.txt:9 (rosidl_generate_interfaces)
[1.280s] 
[1.280s] 
[1.280s] CMake Error at /opt/ros/humble/share/rosidl_cmake/cmake/rosidl_generate_interfaces.cmake:240 (list):
[1.280s]   list index: 1 out of range (-1, 0)
[1.280s] Call Stack (most recent call first):
[1.280s]   CMakeLists.txt:9 (rosidl_generate_interfaces)
[1.280s] 
[1.280s] 
[1.280s] CMake Error at /opt/ros/humble/share/rosidl_cmake/cmake/rosidl_generate_interfaces.cmake:240 (list):
[1.280s]   list index: 1 out of range (-1, 0)
[1.280s] Call Stack (most recent call first):
[1.280s]   CMakeLists.txt:9 (rosidl_generate_interfaces)
[1.280s] 
[1.280s] 
[1.280s] CMake Error at /opt/ros/humble/share/rosidl_cmake/cmake/rosidl_generate_interfaces.cmake:240 (list):
[1.280s]   list index: 1 out of range (-1, 0)
[1.280s] Call Stack (most recent call first):
[1.280s]   CMakeLists.txt:9 (rosidl_generate_interfaces)
[1.280s] 
[1.281s] 
[1.281s] CMake Error at /opt/ros/humble/share/rosidl_cmake/cmake/rosidl_generate_interfaces.cmake:240 (list):
[1.281s]   list index: 1 out of range (-1, 0)
[1.281s] Call Stack (most recent call first):
[1.281s]   CMakeLists.txt:9 (rosidl_generate_interfaces)
[1.281s] 
[1.281s] 
[1.281s] CMake Error at /opt/ros/humble/share/rosidl_cmake/cmake/rosidl_generate_interfaces.cmake:240 (list):
[1.281s]   list index: 1 out of range (-1, 0)
[1.281s] Call Stack (most recent call first):
[1.281s]   CMakeLists.txt:9 (rosidl_generate_interfaces)
[1.281s] 
[1.281s] 
[1.281s] CMake Error at /opt/ros/humble/share/rosidl_cmake/cmake/rosidl_generate_interfaces.cmake:240 (list):
[1.281s]   list index: 1 out of range (-1, 0)
[1.281s] Call Stack (most recent call first):
[1.281s]   CMakeLists.txt:9 (rosidl_generate_interfaces)
[1.281s] 
[1.281s] 
[1.305s] CMake Error at /opt/ros/humble/share/rosidl_generator_c/cmake/rosidl_generator_c_generate_interfaces.cmake:69 (message):
[1.305s]   Target dependency
[1.306s]   '/Robot_Arm/alicia_ws/build/alicia_d_control_interfaces/rosidl_adapter/alicia_d_control_interfaces/msg/GraspCandidate.idl'
[1.306s]   does not exist
[1.306s] Call Stack (most recent call first):
[1.306s]   /opt/ros/humble/share/ament_cmake_core/cmake/core/ament_execute_extensions.cmake:48 (include)
[1.306s]   /opt/ros/humble/share/rosidl_cmake/cmake/rosidl_generate_interfaces.cmake:286 (ament_execute_extensions)
[1.306s]   CMakeLists.txt:9 (rosidl_generate_interfaces)
[1.306s] 
[1.306s] 
[1.306s] -- Configuring incomplete, errors occurred!
[1.306s] See also "/home/zyx/桌面/Robot_Arm/alicia_ws/build/alicia_d_control_interfaces/CMakeFiles/CMakeOutput.log".
[1.314s] Invoked command in '/home/zyx/桌面/Robot_Arm/alicia_ws/build/alicia_d_control_interfaces' returned '1': CMAKE_PREFIX_PATH=/opt/ros/humble /usr/bin/cmake /home/zyx/桌面/Robot_Arm/alicia_ws/src/alicia_d_control_interfaces -DCMAKE_INSTALL_PREFIX=/home/zyx/桌面/Robot_Arm/alicia_ws/install/alicia_d_control_interfaces
