-- Found ament_cmake: 1.3.14 (/opt/ros/humble/share/ament_cmake/cmake)
-- Found rclpy: 3.3.21 (/opt/ros/humble/share/rclpy/cmake)
-- Configuring done
-- Generating done
-- Build files have been written to: /home/Projects/HET/alicia_ws/build/alicia_d_thinkgrasp_bridge
Built target ament_cmake_python_copy_alicia_d_thinkgrasp_bridge
running egg_info
writing alicia_d_thinkgrasp_bridge.egg-info/PKG-INFO
writing dependency_links to alicia_d_thinkgrasp_bridge.egg-info/dependency_links.txt
writing top-level names to alicia_d_thinkgrasp_bridge.egg-info/top_level.txt
reading manifest file 'alicia_d_thinkgrasp_bridge.egg-info/SOURCES.txt'
writing manifest file 'alicia_d_thinkgrasp_bridge.egg-info/SOURCES.txt'
Built target ament_cmake_python_build_alicia_d_thinkgrasp_bridge_egg
-- Install configuration: ""
-- Up-to-date: /home/Projects/HET/alicia_ws/install/alicia_d_thinkgrasp_bridge/share/alicia_d_thinkgrasp_bridge/environment/pythonpath.sh
-- Installing: /home/Projects/HET/alicia_ws/install/alicia_d_thinkgrasp_bridge/share/alicia_d_thinkgrasp_bridge/environment/pythonpath.dsv
-- Up-to-date: /home/Projects/HET/alicia_ws/install/alicia_d_thinkgrasp_bridge/local/lib/python3.10/dist-packages/alicia_d_thinkgrasp_bridge-0.1.0-py3.10.egg-info
-- Installing: /home/Projects/HET/alicia_ws/install/alicia_d_thinkgrasp_bridge/local/lib/python3.10/dist-packages/alicia_d_thinkgrasp_bridge-0.1.0-py3.10.egg-info/PKG-INFO
-- Installing: /home/Projects/HET/alicia_ws/install/alicia_d_thinkgrasp_bridge/local/lib/python3.10/dist-packages/alicia_d_thinkgrasp_bridge-0.1.0-py3.10.egg-info/SOURCES.txt
-- Installing: /home/Projects/HET/alicia_ws/install/alicia_d_thinkgrasp_bridge/local/lib/python3.10/dist-packages/alicia_d_thinkgrasp_bridge-0.1.0-py3.10.egg-info/dependency_links.txt
-- Installing: /home/Projects/HET/alicia_ws/install/alicia_d_thinkgrasp_bridge/local/lib/python3.10/dist-packages/alicia_d_thinkgrasp_bridge-0.1.0-py3.10.egg-info/top_level.txt
-- Up-to-date: /home/Projects/HET/alicia_ws/install/alicia_d_thinkgrasp_bridge/local/lib/python3.10/dist-packages/alicia_d_thinkgrasp_bridge
-- Installing: /home/Projects/HET/alicia_ws/install/alicia_d_thinkgrasp_bridge/local/lib/python3.10/dist-packages/alicia_d_thinkgrasp_bridge/__init__.py
Listing '/home/Projects/HET/alicia_ws/install/alicia_d_thinkgrasp_bridge/local/lib/python3.10/dist-packages/alicia_d_thinkgrasp_bridge'...
-- Installing: /home/Projects/HET/alicia_ws/install/alicia_d_thinkgrasp_bridge/lib/alicia_d_thinkgrasp_bridge/ik_workspace_probe.py
-- Installing: /home/Projects/HET/alicia_ws/install/alicia_d_thinkgrasp_bridge/lib/alicia_d_thinkgrasp_bridge/mock_decision_server.py
-- Installing: /home/Projects/HET/alicia_ws/install/alicia_d_thinkgrasp_bridge/lib/alicia_d_thinkgrasp_bridge/safe_joint_raise.py
-- Installing: /home/Projects/HET/alicia_ws/install/alicia_d_thinkgrasp_bridge/lib/alicia_d_thinkgrasp_bridge/safe_tcp_lift.py
-- Installing: /home/Projects/HET/alicia_ws/install/alicia_d_thinkgrasp_bridge/lib/alicia_d_thinkgrasp_bridge/thinkgrasp_bridge_node.py
-- Up-to-date: /home/Projects/HET/alicia_ws/install/alicia_d_thinkgrasp_bridge/share/alicia_d_thinkgrasp_bridge/config
-- Up-to-date: /home/Projects/HET/alicia_ws/install/alicia_d_thinkgrasp_bridge/share/alicia_d_thinkgrasp_bridge/config/mock_grasp.yaml
-- Up-to-date: /home/Projects/HET/alicia_ws/install/alicia_d_thinkgrasp_bridge/share/alicia_d_thinkgrasp_bridge/launch
-- Installing: /home/Projects/HET/alicia_ws/install/alicia_d_thinkgrasp_bridge/share/alicia_d_thinkgrasp_bridge/launch/mock_thinkgrasp_bridge.launch.py
-- Installing: /home/Projects/HET/alicia_ws/install/alicia_d_thinkgrasp_bridge/share/ament_index/resource_index/package_run_dependencies/alicia_d_thinkgrasp_bridge
-- Installing: /home/Projects/HET/alicia_ws/install/alicia_d_thinkgrasp_bridge/share/ament_index/resource_index/parent_prefix_path/alicia_d_thinkgrasp_bridge
-- Installing: /home/Projects/HET/alicia_ws/install/alicia_d_thinkgrasp_bridge/share/alicia_d_thinkgrasp_bridge/environment/ament_prefix_path.sh
-- Installing: /home/Projects/HET/alicia_ws/install/alicia_d_thinkgrasp_bridge/share/alicia_d_thinkgrasp_bridge/environment/ament_prefix_path.dsv
-- Installing: /home/Projects/HET/alicia_ws/install/alicia_d_thinkgrasp_bridge/share/alicia_d_thinkgrasp_bridge/environment/path.sh
-- Installing: /home/Projects/HET/alicia_ws/install/alicia_d_thinkgrasp_bridge/share/alicia_d_thinkgrasp_bridge/environment/path.dsv
-- Up-to-date: /home/Projects/HET/alicia_ws/install/alicia_d_thinkgrasp_bridge/share/alicia_d_thinkgrasp_bridge/local_setup.bash
-- Up-to-date: /home/Projects/HET/alicia_ws/install/alicia_d_thinkgrasp_bridge/share/alicia_d_thinkgrasp_bridge/local_setup.sh
-- Up-to-date: /home/Projects/HET/alicia_ws/install/alicia_d_thinkgrasp_bridge/share/alicia_d_thinkgrasp_bridge/local_setup.zsh
-- Installing: /home/Projects/HET/alicia_ws/install/alicia_d_thinkgrasp_bridge/share/alicia_d_thinkgrasp_bridge/local_setup.dsv
-- Installing: /home/Projects/HET/alicia_ws/install/alicia_d_thinkgrasp_bridge/share/alicia_d_thinkgrasp_bridge/package.dsv
-- Up-to-date: /home/Projects/HET/alicia_ws/install/alicia_d_thinkgrasp_bridge/share/ament_index/resource_index/packages/alicia_d_thinkgrasp_bridge
-- Up-to-date: /home/Projects/HET/alicia_ws/install/alicia_d_thinkgrasp_bridge/share/alicia_d_thinkgrasp_bridge/cmake/alicia_d_thinkgrasp_bridgeConfig.cmake
-- Up-to-date: /home/Projects/HET/alicia_ws/install/alicia_d_thinkgrasp_bridge/share/alicia_d_thinkgrasp_bridge/cmake/alicia_d_thinkgrasp_bridgeConfig-version.cmake
-- Up-to-date: /home/Projects/HET/alicia_ws/install/alicia_d_thinkgrasp_bridge/share/alicia_d_thinkgrasp_bridge/package.xml
