[0.012s] Invoking command in '/home/zyx/桌面/Robot_Arm/alicia_ws/build/alicia_d_cube_sort': CMAKE_PREFIX_PATH=/opt/ros/humble /usr/bin/cmake /home/zyx/桌面/Robot_Arm/alicia_ws/src/alicia_d_cube_sort -DCMAKE_INSTALL_PREFIX=/home/zyx/桌面/Robot_Arm/alicia_ws/install/alicia_d_cube_sort
[0.060s] -- The C compiler identification is GNU 12.3.0
[0.104s] -- The CXX compiler identification is GNU 12.3.0
[0.110s] -- Detecting C compiler ABI info
[0.170s] -- Detecting C compiler ABI info - done
[0.177s] -- Check for working C compiler: /usr/bin/cc - skipped
[0.177s] -- Detecting C compile features
[0.177s] -- Detecting C compile features - done
[0.180s] -- Detecting CXX compiler ABI info
[0.244s] -- Detecting CXX compiler ABI info - done
[0.251s] -- Check for working CXX compiler: /usr/bin/c++ - skipped
[0.251s] -- Detecting CXX compile features
[0.252s] -- Detecting CXX compile features - done
[0.253s] -- Found ament_cmake: 1.3.10 (/opt/ros/humble/share/ament_cmake/cmake)
[0.359s] -- Found Python3: /usr/bin/python3 (found version "3.10.12") found components: Interpreter 
[0.414s] -- Found rclpy: 3.3.14 (/opt/ros/humble/share/rclpy/cmake)
[0.532s] -- Configuring done
[0.535s] -- Generating done
[0.536s] -- Build files have been written to: /home/zyx/桌面/Robot_Arm/alicia_ws/build/alicia_d_cube_sort
[0.540s] Invoked command in '/home/zyx/桌面/Robot_Arm/alicia_ws/build/alicia_d_cube_sort' returned '0': CMAKE_PREFIX_PATH=/opt/ros/humble /usr/bin/cmake /home/zyx/桌面/Robot_Arm/alicia_ws/src/alicia_d_cube_sort -DCMAKE_INSTALL_PREFIX=/home/zyx/桌面/Robot_Arm/alicia_ws/install/alicia_d_cube_sort
[0.541s] Invoking command in '/home/zyx/桌面/Robot_Arm/alicia_ws/build/alicia_d_cube_sort': CMAKE_PREFIX_PATH=/opt/ros/humble /usr/bin/cmake --build /home/zyx/桌面/Robot_Arm/alicia_ws/build/alicia_d_cube_sort -- -j32 -l32
[0.584s] Built target ament_cmake_python_copy_alicia_d_cube_sort
[0.734s] running egg_info
[0.734s] creating alicia_d_cube_sort.egg-info
[0.734s] writing alicia_d_cube_sort.egg-info/PKG-INFO
[0.735s] writing dependency_links to alicia_d_cube_sort.egg-info/dependency_links.txt
[0.735s] writing top-level names to alicia_d_cube_sort.egg-info/top_level.txt
[0.735s] writing manifest file 'alicia_d_cube_sort.egg-info/SOURCES.txt'
[0.736s] reading manifest file 'alicia_d_cube_sort.egg-info/SOURCES.txt'
[0.736s] writing manifest file 'alicia_d_cube_sort.egg-info/SOURCES.txt'
[0.756s] Built target ament_cmake_python_build_alicia_d_cube_sort_egg
[0.766s] Invoked command in '/home/zyx/桌面/Robot_Arm/alicia_ws/build/alicia_d_cube_sort' returned '0': CMAKE_PREFIX_PATH=/opt/ros/humble /usr/bin/cmake --build /home/zyx/桌面/Robot_Arm/alicia_ws/build/alicia_d_cube_sort -- -j32 -l32
[0.789s] Invoking command in '/home/zyx/桌面/Robot_Arm/alicia_ws/build/alicia_d_cube_sort': CMAKE_PREFIX_PATH=/opt/ros/humble /usr/bin/cmake --install /home/zyx/桌面/Robot_Arm/alicia_ws/build/alicia_d_cube_sort
[0.794s] -- Install configuration: ""
[0.795s] -- Installing: /home/zyx/桌面/Robot_Arm/alicia_ws/install/alicia_d_cube_sort/share/alicia_d_cube_sort/environment/pythonpath.sh
[0.795s] -- Installing: /home/zyx/桌面/Robot_Arm/alicia_ws/install/alicia_d_cube_sort/share/alicia_d_cube_sort/environment/pythonpath.dsv
[0.796s] -- Installing: /home/zyx/桌面/Robot_Arm/alicia_ws/install/alicia_d_cube_sort/local/lib/python3.10/dist-packages/alicia_d_cube_sort-1.0.0-py3.10.egg-info
[0.796s] -- Installing: /home/zyx/桌面/Robot_Arm/alicia_ws/install/alicia_d_cube_sort/local/lib/python3.10/dist-packages/alicia_d_cube_sort-1.0.0-py3.10.egg-info/top_level.txt
[0.796s] -- Installing: /home/zyx/桌面/Robot_Arm/alicia_ws/install/alicia_d_cube_sort/local/lib/python3.10/dist-packages/alicia_d_cube_sort-1.0.0-py3.10.egg-info/PKG-INFO
[0.796s] -- Installing: /home/zyx/桌面/Robot_Arm/alicia_ws/install/alicia_d_cube_sort/local/lib/python3.10/dist-packages/alicia_d_cube_sort-1.0.0-py3.10.egg-info/SOURCES.txt
[0.796s] -- Installing: /home/zyx/桌面/Robot_Arm/alicia_ws/install/alicia_d_cube_sort/local/lib/python3.10/dist-packages/alicia_d_cube_sort-1.0.0-py3.10.egg-info/dependency_links.txt
[0.796s] -- Installing: /home/zyx/桌面/Robot_Arm/alicia_ws/install/alicia_d_cube_sort/local/lib/python3.10/dist-packages/alicia_d_cube_sort
[0.796s] -- Installing: /home/zyx/桌面/Robot_Arm/alicia_ws/install/alicia_d_cube_sort/local/lib/python3.10/dist-packages/alicia_d_cube_sort/__init__.py
[0.796s] -- Installing: /home/zyx/桌面/Robot_Arm/alicia_ws/install/alicia_d_cube_sort/local/lib/python3.10/dist-packages/alicia_d_cube_sort/utils
[0.796s] -- Installing: /home/zyx/桌面/Robot_Arm/alicia_ws/install/alicia_d_cube_sort/local/lib/python3.10/dist-packages/alicia_d_cube_sort/utils/__init__.py
[0.796s] -- Installing: /home/zyx/桌面/Robot_Arm/alicia_ws/install/alicia_d_cube_sort/local/lib/python3.10/dist-packages/alicia_d_cube_sort/utils/plane_estimation.py
[0.796s] -- Installing: /home/zyx/桌面/Robot_Arm/alicia_ws/install/alicia_d_cube_sort/local/lib/python3.10/dist-packages/alicia_d_cube_sort/utils/color_detection.py
[0.821s] Listing '/home/zyx/桌面/Robot_Arm/alicia_ws/install/alicia_d_cube_sort/local/lib/python3.10/dist-packages/alicia_d_cube_sort'...
[0.821s] Compiling '/home/zyx/桌面/Robot_Arm/alicia_ws/install/alicia_d_cube_sort/local/lib/python3.10/dist-packages/alicia_d_cube_sort/__init__.py'...
[0.821s] Listing '/home/zyx/桌面/Robot_Arm/alicia_ws/install/alicia_d_cube_sort/local/lib/python3.10/dist-packages/alicia_d_cube_sort/utils'...
[0.822s] Compiling '/home/zyx/桌面/Robot_Arm/alicia_ws/install/alicia_d_cube_sort/local/lib/python3.10/dist-packages/alicia_d_cube_sort/utils/__init__.py'...
[0.822s] Compiling '/home/zyx/桌面/Robot_Arm/alicia_ws/install/alicia_d_cube_sort/local/lib/python3.10/dist-packages/alicia_d_cube_sort/utils/color_detection.py'...
[0.822s] Compiling '/home/zyx/桌面/Robot_Arm/alicia_ws/install/alicia_d_cube_sort/local/lib/python3.10/dist-packages/alicia_d_cube_sort/utils/plane_estimation.py'...
[0.823s] -- Installing: /home/zyx/桌面/Robot_Arm/alicia_ws/install/alicia_d_cube_sort/lib/alicia_d_cube_sort/cube_detection.py
[0.823s] -- Installing: /home/zyx/桌面/Robot_Arm/alicia_ws/install/alicia_d_cube_sort/lib/alicia_d_cube_sort/cube_sorting.py
[0.823s] -- Installing: /home/zyx/桌面/Robot_Arm/alicia_ws/install/alicia_d_cube_sort/share/alicia_d_cube_sort/config
[0.823s] -- Installing: /home/zyx/桌面/Robot_Arm/alicia_ws/install/alicia_d_cube_sort/share/alicia_d_cube_sort/config/cube_sorting.yaml
[0.823s] -- Installing: /home/zyx/桌面/Robot_Arm/alicia_ws/install/alicia_d_cube_sort/share/alicia_d_cube_sort/launch
[0.824s] -- Installing: /home/zyx/桌面/Robot_Arm/alicia_ws/install/alicia_d_cube_sort/share/alicia_d_cube_sort/launch/cube_sorting.launch.py
[0.824s] -- Installing: /home/zyx/桌面/Robot_Arm/alicia_ws/install/alicia_d_cube_sort/share/alicia_d_cube_sort/launch/cube_detection.launch.py
[0.824s] -- Installing: /home/zyx/桌面/Robot_Arm/alicia_ws/install/alicia_d_cube_sort/share/ament_index/resource_index/package_run_dependencies/alicia_d_cube_sort
[0.824s] -- Installing: /home/zyx/桌面/Robot_Arm/alicia_ws/install/alicia_d_cube_sort/share/ament_index/resource_index/parent_prefix_path/alicia_d_cube_sort
[0.824s] -- Installing: /home/zyx/桌面/Robot_Arm/alicia_ws/install/alicia_d_cube_sort/share/alicia_d_cube_sort/environment/ament_prefix_path.sh
[0.824s] -- Installing: /home/zyx/桌面/Robot_Arm/alicia_ws/install/alicia_d_cube_sort/share/alicia_d_cube_sort/environment/ament_prefix_path.dsv
[0.824s] -- Installing: /home/zyx/桌面/Robot_Arm/alicia_ws/install/alicia_d_cube_sort/share/alicia_d_cube_sort/environment/path.sh
[0.824s] -- Installing: /home/zyx/桌面/Robot_Arm/alicia_ws/install/alicia_d_cube_sort/share/alicia_d_cube_sort/environment/path.dsv
[0.824s] -- Installing: /home/zyx/桌面/Robot_Arm/alicia_ws/install/alicia_d_cube_sort/share/alicia_d_cube_sort/local_setup.bash
[0.824s] -- Installing: /home/zyx/桌面/Robot_Arm/alicia_ws/install/alicia_d_cube_sort/share/alicia_d_cube_sort/local_setup.sh
[0.824s] -- Installing: /home/zyx/桌面/Robot_Arm/alicia_ws/install/alicia_d_cube_sort/share/alicia_d_cube_sort/local_setup.zsh
[0.824s] -- Installing: /home/zyx/桌面/Robot_Arm/alicia_ws/install/alicia_d_cube_sort/share/alicia_d_cube_sort/local_setup.dsv
[0.824s] -- Installing: /home/zyx/桌面/Robot_Arm/alicia_ws/install/alicia_d_cube_sort/share/alicia_d_cube_sort/package.dsv
[0.824s] -- Installing: /home/zyx/桌面/Robot_Arm/alicia_ws/install/alicia_d_cube_sort/share/ament_index/resource_index/packages/alicia_d_cube_sort
[0.824s] -- Installing: /home/zyx/桌面/Robot_Arm/alicia_ws/install/alicia_d_cube_sort/share/alicia_d_cube_sort/cmake/alicia_d_cube_sortConfig.cmake
[0.824s] -- Installing: /home/zyx/桌面/Robot_Arm/alicia_ws/install/alicia_d_cube_sort/share/alicia_d_cube_sort/cmake/alicia_d_cube_sortConfig-version.cmake
[0.825s] -- Installing: /home/zyx/桌面/Robot_Arm/alicia_ws/install/alicia_d_cube_sort/share/alicia_d_cube_sort/package.xml
[0.830s] Invoked command in '/home/zyx/桌面/Robot_Arm/alicia_ws/build/alicia_d_cube_sort' returned '0': CMAKE_PREFIX_PATH=/opt/ros/humble /usr/bin/cmake --install /home/zyx/桌面/Robot_Arm/alicia_ws/build/alicia_d_cube_sort
