[2.283s] Invoking command in '/home/Projects/HET/alicia_ws/build/alicia_d_sts_gripper': AMENT_PREFIX_PATH=/home/Projects/HET/alicia_ws/install/alicia_d_control_interfaces:${AMENT_PREFIX_PATH} CMAKE_PREFIX_PATH=/home/Projects/HET/alicia_ws/install/alicia_d_control_interfaces:/opt/ros/humble LD_LIBRARY_PATH=/home/Projects/HET/alicia_ws/install/alicia_d_control_interfaces/lib:${LD_LIBRARY_PATH} PYTHONPATH=/home/Projects/HET/alicia_ws/install/alicia_d_control_interfaces/local/lib/python3.10/dist-packages:${PYTHONPATH} /usr/bin/cmake --build /home/Projects/HET/alicia_ws/build/alicia_d_sts_gripper -- -j20 -l20
[2.463s] Built target ament_cmake_python_copy_alicia_d_sts_gripper
[3.073s] running egg_info
[3.076s] writing alicia_d_sts_gripper.egg-info/PKG-INFO
[3.078s] writing dependency_links to alicia_d_sts_gripper.egg-info/dependency_links.txt
[3.078s] writing top-level names to alicia_d_sts_gripper.egg-info/top_level.txt
[3.082s] reading manifest file 'alicia_d_sts_gripper.egg-info/SOURCES.txt'
[3.084s] writing manifest file 'alicia_d_sts_gripper.egg-info/SOURCES.txt'
[3.142s] Built target ament_cmake_python_build_alicia_d_sts_gripper_egg
[3.164s] Invoked command in '/home/Projects/HET/alicia_ws/build/alicia_d_sts_gripper' returned '0': AMENT_PREFIX_PATH=/home/Projects/HET/alicia_ws/install/alicia_d_control_interfaces:${AMENT_PREFIX_PATH} CMAKE_PREFIX_PATH=/home/Projects/HET/alicia_ws/install/alicia_d_control_interfaces:/opt/ros/humble LD_LIBRARY_PATH=/home/Projects/HET/alicia_ws/install/alicia_d_control_interfaces/lib:${LD_LIBRARY_PATH} PYTHONPATH=/home/Projects/HET/alicia_ws/install/alicia_d_control_interfaces/local/lib/python3.10/dist-packages:${PYTHONPATH} /usr/bin/cmake --build /home/Projects/HET/alicia_ws/build/alicia_d_sts_gripper -- -j20 -l20
[3.186s] Invoking command in '/home/Projects/HET/alicia_ws/build/alicia_d_sts_gripper': AMENT_PREFIX_PATH=/home/Projects/HET/alicia_ws/install/alicia_d_control_interfaces:${AMENT_PREFIX_PATH} CMAKE_PREFIX_PATH=/home/Projects/HET/alicia_ws/install/alicia_d_control_interfaces:/opt/ros/humble LD_LIBRARY_PATH=/home/Projects/HET/alicia_ws/install/alicia_d_control_interfaces/lib:${LD_LIBRARY_PATH} PYTHONPATH=/home/Projects/HET/alicia_ws/install/alicia_d_control_interfaces/local/lib/python3.10/dist-packages:${PYTHONPATH} /usr/bin/cmake --install /home/Projects/HET/alicia_ws/build/alicia_d_sts_gripper
[3.204s] -- Install configuration: ""
[3.206s] -- Up-to-date: /home/Projects/HET/alicia_ws/install/alicia_d_sts_gripper/share/alicia_d_sts_gripper/environment/pythonpath.sh
[3.206s] -- Up-to-date: /home/Projects/HET/alicia_ws/install/alicia_d_sts_gripper/share/alicia_d_sts_gripper/environment/pythonpath.dsv
[3.206s] -- Up-to-date: /home/Projects/HET/alicia_ws/install/alicia_d_sts_gripper/local/lib/python3.10/dist-packages/alicia_d_sts_gripper-0.1.0-py3.10.egg-info
[3.208s] -- Installing: /home/Projects/HET/alicia_ws/install/alicia_d_sts_gripper/local/lib/python3.10/dist-packages/alicia_d_sts_gripper-0.1.0-py3.10.egg-info/PKG-INFO
[3.209s] -- Installing: /home/Projects/HET/alicia_ws/install/alicia_d_sts_gripper/local/lib/python3.10/dist-packages/alicia_d_sts_gripper-0.1.0-py3.10.egg-info/SOURCES.txt
[3.209s] -- Installing: /home/Projects/HET/alicia_ws/install/alicia_d_sts_gripper/local/lib/python3.10/dist-packages/alicia_d_sts_gripper-0.1.0-py3.10.egg-info/dependency_links.txt
[3.210s] -- Installing: /home/Projects/HET/alicia_ws/install/alicia_d_sts_gripper/local/lib/python3.10/dist-packages/alicia_d_sts_gripper-0.1.0-py3.10.egg-info/top_level.txt
[3.210s] -- Up-to-date: /home/Projects/HET/alicia_ws/install/alicia_d_sts_gripper/local/lib/python3.10/dist-packages/alicia_d_sts_gripper
[3.211s] -- Up-to-date: /home/Projects/HET/alicia_ws/install/alicia_d_sts_gripper/local/lib/python3.10/dist-packages/alicia_d_sts_gripper/__init__.py
[3.211s] -- Up-to-date: /home/Projects/HET/alicia_ws/install/alicia_d_sts_gripper/local/lib/python3.10/dist-packages/alicia_d_sts_gripper/sts3215_bus.py
[3.287s] Listing '/home/Projects/HET/alicia_ws/install/alicia_d_sts_gripper/local/lib/python3.10/dist-packages/alicia_d_sts_gripper'...
[3.296s] -- Installing: /home/Projects/HET/alicia_ws/install/alicia_d_sts_gripper/lib/alicia_d_sts_gripper/gripper_action_node.py
[3.298s] -- Up-to-date: /home/Projects/HET/alicia_ws/install/alicia_d_sts_gripper/lib/alicia_d_sts_gripper/sts3215_raw_tool.py
[3.300s] -- Up-to-date: /home/Projects/HET/alicia_ws/install/alicia_d_sts_gripper/share/alicia_d_sts_gripper/config
[3.300s] -- Installing: /home/Projects/HET/alicia_ws/install/alicia_d_sts_gripper/share/alicia_d_sts_gripper/config/sts3215_gripper.yaml
[3.301s] -- Up-to-date: /home/Projects/HET/alicia_ws/install/alicia_d_sts_gripper/share/alicia_d_sts_gripper/launch
[3.301s] -- Up-to-date: /home/Projects/HET/alicia_ws/install/alicia_d_sts_gripper/share/alicia_d_sts_gripper/launch/sts3215_gripper.launch.py
[3.302s] -- Up-to-date: /home/Projects/HET/alicia_ws/install/alicia_d_sts_gripper/share/ament_index/resource_index/package_run_dependencies/alicia_d_sts_gripper
[3.302s] -- Up-to-date: /home/Projects/HET/alicia_ws/install/alicia_d_sts_gripper/share/ament_index/resource_index/parent_prefix_path/alicia_d_sts_gripper
[3.302s] -- Up-to-date: /home/Projects/HET/alicia_ws/install/alicia_d_sts_gripper/share/alicia_d_sts_gripper/environment/ament_prefix_path.sh
[3.302s] -- Up-to-date: /home/Projects/HET/alicia_ws/install/alicia_d_sts_gripper/share/alicia_d_sts_gripper/environment/ament_prefix_path.dsv
[3.302s] -- Up-to-date: /home/Projects/HET/alicia_ws/install/alicia_d_sts_gripper/share/alicia_d_sts_gripper/environment/path.sh
[3.302s] -- Up-to-date: /home/Projects/HET/alicia_ws/install/alicia_d_sts_gripper/share/alicia_d_sts_gripper/environment/path.dsv
[3.302s] -- Up-to-date: /home/Projects/HET/alicia_ws/install/alicia_d_sts_gripper/share/alicia_d_sts_gripper/local_setup.bash
[3.303s] -- Up-to-date: /home/Projects/HET/alicia_ws/install/alicia_d_sts_gripper/share/alicia_d_sts_gripper/local_setup.sh
[3.303s] -- Up-to-date: /home/Projects/HET/alicia_ws/install/alicia_d_sts_gripper/share/alicia_d_sts_gripper/local_setup.zsh
[3.303s] -- Up-to-date: /home/Projects/HET/alicia_ws/install/alicia_d_sts_gripper/share/alicia_d_sts_gripper/local_setup.dsv
[3.307s] -- Installing: /home/Projects/HET/alicia_ws/install/alicia_d_sts_gripper/share/alicia_d_sts_gripper/package.dsv
[3.310s] -- Up-to-date: /home/Projects/HET/alicia_ws/install/alicia_d_sts_gripper/share/ament_index/resource_index/packages/alicia_d_sts_gripper
[3.311s] -- Up-to-date: /home/Projects/HET/alicia_ws/install/alicia_d_sts_gripper/share/alicia_d_sts_gripper/cmake/alicia_d_sts_gripperConfig.cmake
[3.312s] -- Up-to-date: /home/Projects/HET/alicia_ws/install/alicia_d_sts_gripper/share/alicia_d_sts_gripper/cmake/alicia_d_sts_gripperConfig-version.cmake
[3.313s] -- Up-to-date: /home/Projects/HET/alicia_ws/install/alicia_d_sts_gripper/share/alicia_d_sts_gripper/package.xml
[3.315s] Invoked command in '/home/Projects/HET/alicia_ws/build/alicia_d_sts_gripper' returned '0': AMENT_PREFIX_PATH=/home/Projects/HET/alicia_ws/install/alicia_d_control_interfaces:${AMENT_PREFIX_PATH} CMAKE_PREFIX_PATH=/home/Projects/HET/alicia_ws/install/alicia_d_control_interfaces:/opt/ros/humble LD_LIBRARY_PATH=/home/Projects/HET/alicia_ws/install/alicia_d_control_interfaces/lib:${LD_LIBRARY_PATH} PYTHONPATH=/home/Projects/HET/alicia_ws/install/alicia_d_control_interfaces/local/lib/python3.10/dist-packages:${PYTHONPATH} /usr/bin/cmake --install /home/Projects/HET/alicia_ws/build/alicia_d_sts_gripper
