[1.543s] Invoking command in '/home/Projects/HET/alicia_ws/build/alicia_d_arm_motion': AMENT_PREFIX_PATH=/home/Projects/HET/alicia_ws/install/alicia_d_control_interfaces:${AMENT_PREFIX_PATH} CMAKE_PREFIX_PATH=/home/Projects/HET/alicia_ws/install/alicia_d_control_interfaces:/opt/ros/humble LD_LIBRARY_PATH=/home/Projects/HET/alicia_ws/install/alicia_d_control_interfaces/lib:${LD_LIBRARY_PATH} PYTHONPATH=/home/Projects/HET/alicia_ws/install/alicia_d_control_interfaces/local/lib/python3.10/dist-packages:${PYTHONPATH} /usr/bin/cmake --build /home/Projects/HET/alicia_ws/build/alicia_d_arm_motion -- -j20 -l20
[1.717s] Built target ament_cmake_python_copy_alicia_d_arm_motion
[2.616s] running egg_info
[2.621s] writing alicia_d_arm_motion.egg-info/PKG-INFO
[2.623s] writing dependency_links to alicia_d_arm_motion.egg-info/dependency_links.txt
[2.624s] writing top-level names to alicia_d_arm_motion.egg-info/top_level.txt
[2.630s] reading manifest file 'alicia_d_arm_motion.egg-info/SOURCES.txt'
[2.633s] writing manifest file 'alicia_d_arm_motion.egg-info/SOURCES.txt'
[2.717s] Built target ament_cmake_python_build_alicia_d_arm_motion_egg
[2.779s] Invoked command in '/home/Projects/HET/alicia_ws/build/alicia_d_arm_motion' returned '0': AMENT_PREFIX_PATH=/home/Projects/HET/alicia_ws/install/alicia_d_control_interfaces:${AMENT_PREFIX_PATH} CMAKE_PREFIX_PATH=/home/Projects/HET/alicia_ws/install/alicia_d_control_interfaces:/opt/ros/humble LD_LIBRARY_PATH=/home/Projects/HET/alicia_ws/install/alicia_d_control_interfaces/lib:${LD_LIBRARY_PATH} PYTHONPATH=/home/Projects/HET/alicia_ws/install/alicia_d_control_interfaces/local/lib/python3.10/dist-packages:${PYTHONPATH} /usr/bin/cmake --build /home/Projects/HET/alicia_ws/build/alicia_d_arm_motion -- -j20 -l20
[2.780s] Invoking command in '/home/Projects/HET/alicia_ws/build/alicia_d_arm_motion': AMENT_PREFIX_PATH=/home/Projects/HET/alicia_ws/install/alicia_d_control_interfaces:${AMENT_PREFIX_PATH} CMAKE_PREFIX_PATH=/home/Projects/HET/alicia_ws/install/alicia_d_control_interfaces:/opt/ros/humble LD_LIBRARY_PATH=/home/Projects/HET/alicia_ws/install/alicia_d_control_interfaces/lib:${LD_LIBRARY_PATH} PYTHONPATH=/home/Projects/HET/alicia_ws/install/alicia_d_control_interfaces/local/lib/python3.10/dist-packages:${PYTHONPATH} /usr/bin/cmake --install /home/Projects/HET/alicia_ws/build/alicia_d_arm_motion
[2.795s] -- Install configuration: ""
[2.795s] -- Up-to-date: /home/Projects/HET/alicia_ws/install/alicia_d_arm_motion/share/alicia_d_arm_motion/environment/pythonpath.sh
[2.796s] -- Up-to-date: /home/Projects/HET/alicia_ws/install/alicia_d_arm_motion/share/alicia_d_arm_motion/environment/pythonpath.dsv
[2.797s] -- Up-to-date: /home/Projects/HET/alicia_ws/install/alicia_d_arm_motion/local/lib/python3.10/dist-packages/alicia_d_arm_motion-0.1.0-py3.10.egg-info
[2.797s] -- Installing: /home/Projects/HET/alicia_ws/install/alicia_d_arm_motion/local/lib/python3.10/dist-packages/alicia_d_arm_motion-0.1.0-py3.10.egg-info/PKG-INFO
[2.798s] -- Installing: /home/Projects/HET/alicia_ws/install/alicia_d_arm_motion/local/lib/python3.10/dist-packages/alicia_d_arm_motion-0.1.0-py3.10.egg-info/SOURCES.txt
[2.798s] -- Installing: /home/Projects/HET/alicia_ws/install/alicia_d_arm_motion/local/lib/python3.10/dist-packages/alicia_d_arm_motion-0.1.0-py3.10.egg-info/dependency_links.txt
[2.799s] -- Installing: /home/Projects/HET/alicia_ws/install/alicia_d_arm_motion/local/lib/python3.10/dist-packages/alicia_d_arm_motion-0.1.0-py3.10.egg-info/top_level.txt
[2.800s] -- Up-to-date: /home/Projects/HET/alicia_ws/install/alicia_d_arm_motion/local/lib/python3.10/dist-packages/alicia_d_arm_motion
[2.800s] -- Up-to-date: /home/Projects/HET/alicia_ws/install/alicia_d_arm_motion/local/lib/python3.10/dist-packages/alicia_d_arm_motion/__init__.py
[2.915s] Listing '/home/Projects/HET/alicia_ws/install/alicia_d_arm_motion/local/lib/python3.10/dist-packages/alicia_d_arm_motion'...
[2.963s] -- Up-to-date: /home/Projects/HET/alicia_ws/install/alicia_d_arm_motion/lib/alicia_d_arm_motion/arm_motion_server.py
[2.963s] -- Up-to-date: /home/Projects/HET/alicia_ws/install/alicia_d_arm_motion/share/alicia_d_arm_motion/config
[2.968s] -- Up-to-date: /home/Projects/HET/alicia_ws/install/alicia_d_arm_motion/share/alicia_d_arm_motion/config/arm_motion.yaml
[2.970s] -- Up-to-date: /home/Projects/HET/alicia_ws/install/alicia_d_arm_motion/share/alicia_d_arm_motion/launch
[2.974s] -- Up-to-date: /home/Projects/HET/alicia_ws/install/alicia_d_arm_motion/share/alicia_d_arm_motion/launch/arm_motion.launch.py
[2.976s] -- Up-to-date: /home/Projects/HET/alicia_ws/install/alicia_d_arm_motion/share/ament_index/resource_index/package_run_dependencies/alicia_d_arm_motion
[2.976s] -- Up-to-date: /home/Projects/HET/alicia_ws/install/alicia_d_arm_motion/share/ament_index/resource_index/parent_prefix_path/alicia_d_arm_motion
[2.977s] -- Up-to-date: /home/Projects/HET/alicia_ws/install/alicia_d_arm_motion/share/alicia_d_arm_motion/environment/ament_prefix_path.sh
[2.978s] -- Up-to-date: /home/Projects/HET/alicia_ws/install/alicia_d_arm_motion/share/alicia_d_arm_motion/environment/ament_prefix_path.dsv
[2.979s] -- Up-to-date: /home/Projects/HET/alicia_ws/install/alicia_d_arm_motion/share/alicia_d_arm_motion/environment/path.sh
[2.980s] -- Up-to-date: /home/Projects/HET/alicia_ws/install/alicia_d_arm_motion/share/alicia_d_arm_motion/environment/path.dsv
[2.980s] -- Up-to-date: /home/Projects/HET/alicia_ws/install/alicia_d_arm_motion/share/alicia_d_arm_motion/local_setup.bash
[2.982s] -- Up-to-date: /home/Projects/HET/alicia_ws/install/alicia_d_arm_motion/share/alicia_d_arm_motion/local_setup.sh
[2.984s] -- Up-to-date: /home/Projects/HET/alicia_ws/install/alicia_d_arm_motion/share/alicia_d_arm_motion/local_setup.zsh
[2.985s] -- Up-to-date: /home/Projects/HET/alicia_ws/install/alicia_d_arm_motion/share/alicia_d_arm_motion/local_setup.dsv
[2.987s] -- Installing: /home/Projects/HET/alicia_ws/install/alicia_d_arm_motion/share/alicia_d_arm_motion/package.dsv
[2.988s] -- Up-to-date: /home/Projects/HET/alicia_ws/install/alicia_d_arm_motion/share/ament_index/resource_index/packages/alicia_d_arm_motion
[2.990s] -- Up-to-date: /home/Projects/HET/alicia_ws/install/alicia_d_arm_motion/share/alicia_d_arm_motion/cmake/alicia_d_arm_motionConfig.cmake
[2.991s] -- Up-to-date: /home/Projects/HET/alicia_ws/install/alicia_d_arm_motion/share/alicia_d_arm_motion/cmake/alicia_d_arm_motionConfig-version.cmake
[2.991s] -- Up-to-date: /home/Projects/HET/alicia_ws/install/alicia_d_arm_motion/share/alicia_d_arm_motion/package.xml
[3.043s] Invoked command in '/home/Projects/HET/alicia_ws/build/alicia_d_arm_motion' returned '0': AMENT_PREFIX_PATH=/home/Projects/HET/alicia_ws/install/alicia_d_control_interfaces:${AMENT_PREFIX_PATH} CMAKE_PREFIX_PATH=/home/Projects/HET/alicia_ws/install/alicia_d_control_interfaces:/opt/ros/humble LD_LIBRARY_PATH=/home/Projects/HET/alicia_ws/install/alicia_d_control_interfaces/lib:${LD_LIBRARY_PATH} PYTHONPATH=/home/Projects/HET/alicia_ws/install/alicia_d_control_interfaces/local/lib/python3.10/dist-packages:${PYTHONPATH} /usr/bin/cmake --install /home/Projects/HET/alicia_ws/build/alicia_d_arm_motion
