[0.041s] Invoking command in '/home/Projects/HET/alicia_ws/build/alicia_d_thinkgrasp_bridge': CMAKE_PREFIX_PATH=/opt/ros/humble /usr/bin/cmake --build /home/Projects/HET/alicia_ws/build/alicia_d_thinkgrasp_bridge -- -j20 -l20
[0.195s] Built target ament_cmake_python_copy_alicia_d_thinkgrasp_bridge
[0.829s] running egg_info
[0.833s] writing alicia_d_thinkgrasp_bridge.egg-info/PKG-INFO
[0.834s] writing dependency_links to alicia_d_thinkgrasp_bridge.egg-info/dependency_links.txt
[0.834s] writing top-level names to alicia_d_thinkgrasp_bridge.egg-info/top_level.txt
[0.839s] reading manifest file 'alicia_d_thinkgrasp_bridge.egg-info/SOURCES.txt'
[0.841s] writing manifest file 'alicia_d_thinkgrasp_bridge.egg-info/SOURCES.txt'
[0.911s] Built target ament_cmake_python_build_alicia_d_thinkgrasp_bridge_egg
[0.959s] Invoked command in '/home/Projects/HET/alicia_ws/build/alicia_d_thinkgrasp_bridge' returned '0': CMAKE_PREFIX_PATH=/opt/ros/humble /usr/bin/cmake --build /home/Projects/HET/alicia_ws/build/alicia_d_thinkgrasp_bridge -- -j20 -l20
[0.965s] Invoking command in '/home/Projects/HET/alicia_ws/build/alicia_d_thinkgrasp_bridge': CMAKE_PREFIX_PATH=/opt/ros/humble /usr/bin/cmake --install /home/Projects/HET/alicia_ws/build/alicia_d_thinkgrasp_bridge
[0.981s] -- Install configuration: ""
[0.983s] -- Up-to-date: /home/Projects/HET/alicia_ws/install/alicia_d_thinkgrasp_bridge/share/alicia_d_thinkgrasp_bridge/environment/pythonpath.sh
[0.983s] -- Up-to-date: /home/Projects/HET/alicia_ws/install/alicia_d_thinkgrasp_bridge/share/alicia_d_thinkgrasp_bridge/environment/pythonpath.dsv
[0.984s] -- Up-to-date: /home/Projects/HET/alicia_ws/install/alicia_d_thinkgrasp_bridge/local/lib/python3.10/dist-packages/alicia_d_thinkgrasp_bridge-0.1.0-py3.10.egg-info
[0.984s] -- Installing: /home/Projects/HET/alicia_ws/install/alicia_d_thinkgrasp_bridge/local/lib/python3.10/dist-packages/alicia_d_thinkgrasp_bridge-0.1.0-py3.10.egg-info/PKG-INFO
[0.984s] -- Installing: /home/Projects/HET/alicia_ws/install/alicia_d_thinkgrasp_bridge/local/lib/python3.10/dist-packages/alicia_d_thinkgrasp_bridge-0.1.0-py3.10.egg-info/SOURCES.txt
[0.984s] -- Installing: /home/Projects/HET/alicia_ws/install/alicia_d_thinkgrasp_bridge/local/lib/python3.10/dist-packages/alicia_d_thinkgrasp_bridge-0.1.0-py3.10.egg-info/dependency_links.txt
[0.984s] -- Installing: /home/Projects/HET/alicia_ws/install/alicia_d_thinkgrasp_bridge/local/lib/python3.10/dist-packages/alicia_d_thinkgrasp_bridge-0.1.0-py3.10.egg-info/top_level.txt
[0.985s] -- Up-to-date: /home/Projects/HET/alicia_ws/install/alicia_d_thinkgrasp_bridge/local/lib/python3.10/dist-packages/alicia_d_thinkgrasp_bridge
[0.985s] -- Up-to-date: /home/Projects/HET/alicia_ws/install/alicia_d_thinkgrasp_bridge/local/lib/python3.10/dist-packages/alicia_d_thinkgrasp_bridge/__init__.py
[1.063s] Listing '/home/Projects/HET/alicia_ws/install/alicia_d_thinkgrasp_bridge/local/lib/python3.10/dist-packages/alicia_d_thinkgrasp_bridge'...
[1.071s] -- Up-to-date: /home/Projects/HET/alicia_ws/install/alicia_d_thinkgrasp_bridge/lib/alicia_d_thinkgrasp_bridge/ik_workspace_probe.py
[1.073s] -- Up-to-date: /home/Projects/HET/alicia_ws/install/alicia_d_thinkgrasp_bridge/lib/alicia_d_thinkgrasp_bridge/mock_decision_server.py
[1.073s] -- Up-to-date: /home/Projects/HET/alicia_ws/install/alicia_d_thinkgrasp_bridge/lib/alicia_d_thinkgrasp_bridge/safe_joint_raise.py
[1.074s] -- Up-to-date: /home/Projects/HET/alicia_ws/install/alicia_d_thinkgrasp_bridge/lib/alicia_d_thinkgrasp_bridge/safe_tcp_lift.py
[1.128s] -- Installing: /home/Projects/HET/alicia_ws/install/alicia_d_thinkgrasp_bridge/lib/alicia_d_thinkgrasp_bridge/thinkgrasp_mock_pick.py
[1.128s] -- Up-to-date: /home/Projects/HET/alicia_ws/install/alicia_d_thinkgrasp_bridge/share/alicia_d_thinkgrasp_bridge/config
[1.129s] -- Installing: /home/Projects/HET/alicia_ws/install/alicia_d_thinkgrasp_bridge/share/alicia_d_thinkgrasp_bridge/config/mock_grasp.yaml
[1.130s] -- Up-to-date: /home/Projects/HET/alicia_ws/install/alicia_d_thinkgrasp_bridge/share/alicia_d_thinkgrasp_bridge/launch
[1.130s] -- Up-to-date: /home/Projects/HET/alicia_ws/install/alicia_d_thinkgrasp_bridge/share/alicia_d_thinkgrasp_bridge/launch/mock_thinkgrasp_pick.launch.py
[1.131s] -- Up-to-date: /home/Projects/HET/alicia_ws/install/alicia_d_thinkgrasp_bridge/share/ament_index/resource_index/package_run_dependencies/alicia_d_thinkgrasp_bridge
[1.131s] -- Up-to-date: /home/Projects/HET/alicia_ws/install/alicia_d_thinkgrasp_bridge/share/ament_index/resource_index/parent_prefix_path/alicia_d_thinkgrasp_bridge
[1.132s] -- Up-to-date: /home/Projects/HET/alicia_ws/install/alicia_d_thinkgrasp_bridge/share/alicia_d_thinkgrasp_bridge/environment/ament_prefix_path.sh
[1.133s] -- Up-to-date: /home/Projects/HET/alicia_ws/install/alicia_d_thinkgrasp_bridge/share/alicia_d_thinkgrasp_bridge/environment/ament_prefix_path.dsv
[1.133s] -- Up-to-date: /home/Projects/HET/alicia_ws/install/alicia_d_thinkgrasp_bridge/share/alicia_d_thinkgrasp_bridge/environment/path.sh
[1.134s] -- Up-to-date: /home/Projects/HET/alicia_ws/install/alicia_d_thinkgrasp_bridge/share/alicia_d_thinkgrasp_bridge/environment/path.dsv
[1.134s] -- Up-to-date: /home/Projects/HET/alicia_ws/install/alicia_d_thinkgrasp_bridge/share/alicia_d_thinkgrasp_bridge/local_setup.bash
[1.134s] -- Up-to-date: /home/Projects/HET/alicia_ws/install/alicia_d_thinkgrasp_bridge/share/alicia_d_thinkgrasp_bridge/local_setup.sh
[1.135s] -- Up-to-date: /home/Projects/HET/alicia_ws/install/alicia_d_thinkgrasp_bridge/share/alicia_d_thinkgrasp_bridge/local_setup.zsh
[1.135s] -- Up-to-date: /home/Projects/HET/alicia_ws/install/alicia_d_thinkgrasp_bridge/share/alicia_d_thinkgrasp_bridge/local_setup.dsv
[1.136s] -- Installing: /home/Projects/HET/alicia_ws/install/alicia_d_thinkgrasp_bridge/share/alicia_d_thinkgrasp_bridge/package.dsv
[1.136s] -- Up-to-date: /home/Projects/HET/alicia_ws/install/alicia_d_thinkgrasp_bridge/share/ament_index/resource_index/packages/alicia_d_thinkgrasp_bridge
[1.136s] -- Up-to-date: /home/Projects/HET/alicia_ws/install/alicia_d_thinkgrasp_bridge/share/alicia_d_thinkgrasp_bridge/cmake/alicia_d_thinkgrasp_bridgeConfig.cmake
[1.137s] -- Up-to-date: /home/Projects/HET/alicia_ws/install/alicia_d_thinkgrasp_bridge/share/alicia_d_thinkgrasp_bridge/cmake/alicia_d_thinkgrasp_bridgeConfig-version.cmake
[1.137s] -- Up-to-date: /home/Projects/HET/alicia_ws/install/alicia_d_thinkgrasp_bridge/share/alicia_d_thinkgrasp_bridge/package.xml
[1.137s] Invoked command in '/home/Projects/HET/alicia_ws/build/alicia_d_thinkgrasp_bridge' returned '0': CMAKE_PREFIX_PATH=/opt/ros/humble /usr/bin/cmake --install /home/Projects/HET/alicia_ws/build/alicia_d_thinkgrasp_bridge
