[4.459s] Invoking command in '/home/Projects/HET/alicia_ws/build/alicia_d_moveit': AMENT_PREFIX_PATH=/home/Projects/HET/alicia_ws/install/alicia_d_driver:/home/Projects/HET/alicia_ws/install/alicia_d_descriptions:${AMENT_PREFIX_PATH} CMAKE_PREFIX_PATH=/home/Projects/HET/alicia_ws/install/alicia_d_driver:/home/Projects/HET/alicia_ws/install/alicia_d_descriptions:/opt/ros/humble LD_LIBRARY_PATH=/home/Projects/HET/alicia_ws/install/alicia_d_driver/lib:${LD_LIBRARY_PATH} /usr/bin/cmake --build /home/Projects/HET/alicia_ws/build/alicia_d_moveit -- -j20 -l20
[4.547s] Invoked command in '/home/Projects/HET/alicia_ws/build/alicia_d_moveit' returned '0': AMENT_PREFIX_PATH=/home/Projects/HET/alicia_ws/install/alicia_d_driver:/home/Projects/HET/alicia_ws/install/alicia_d_descriptions:${AMENT_PREFIX_PATH} CMAKE_PREFIX_PATH=/home/Projects/HET/alicia_ws/install/alicia_d_driver:/home/Projects/HET/alicia_ws/install/alicia_d_descriptions:/opt/ros/humble LD_LIBRARY_PATH=/home/Projects/HET/alicia_ws/install/alicia_d_driver/lib:${LD_LIBRARY_PATH} /usr/bin/cmake --build /home/Projects/HET/alicia_ws/build/alicia_d_moveit -- -j20 -l20
[4.555s] Invoking command in '/home/Projects/HET/alicia_ws/build/alicia_d_moveit': AMENT_PREFIX_PATH=/home/Projects/HET/alicia_ws/install/alicia_d_driver:/home/Projects/HET/alicia_ws/install/alicia_d_descriptions:${AMENT_PREFIX_PATH} CMAKE_PREFIX_PATH=/home/Projects/HET/alicia_ws/install/alicia_d_driver:/home/Projects/HET/alicia_ws/install/alicia_d_descriptions:/opt/ros/humble LD_LIBRARY_PATH=/home/Projects/HET/alicia_ws/install/alicia_d_driver/lib:${LD_LIBRARY_PATH} /usr/bin/cmake --install /home/Projects/HET/alicia_ws/build/alicia_d_moveit
[4.578s] -- Install configuration: ""
[4.582s] -- Up-to-date: /home/Projects/HET/alicia_ws/install/alicia_d_moveit/share/ament_index/resource_index/package_run_dependencies/alicia_d_moveit
[4.582s] -- Up-to-date: /home/Projects/HET/alicia_ws/install/alicia_d_moveit/share/ament_index/resource_index/parent_prefix_path/alicia_d_moveit
[4.582s] -- Up-to-date: /home/Projects/HET/alicia_ws/install/alicia_d_moveit/share/alicia_d_moveit/environment/ament_prefix_path.sh
[4.582s] -- Up-to-date: /home/Projects/HET/alicia_ws/install/alicia_d_moveit/share/alicia_d_moveit/environment/ament_prefix_path.dsv
[4.582s] -- Up-to-date: /home/Projects/HET/alicia_ws/install/alicia_d_moveit/share/alicia_d_moveit/environment/path.sh
[4.582s] -- Up-to-date: /home/Projects/HET/alicia_ws/install/alicia_d_moveit/share/alicia_d_moveit/environment/path.dsv
[4.582s] -- Up-to-date: /home/Projects/HET/alicia_ws/install/alicia_d_moveit/share/alicia_d_moveit/local_setup.bash
[4.582s] -- Up-to-date: /home/Projects/HET/alicia_ws/install/alicia_d_moveit/share/alicia_d_moveit/local_setup.sh
[4.582s] -- Up-to-date: /home/Projects/HET/alicia_ws/install/alicia_d_moveit/share/alicia_d_moveit/local_setup.zsh
[4.582s] -- Up-to-date: /home/Projects/HET/alicia_ws/install/alicia_d_moveit/share/alicia_d_moveit/local_setup.dsv
[4.583s] -- Up-to-date: /home/Projects/HET/alicia_ws/install/alicia_d_moveit/share/alicia_d_moveit/package.dsv
[4.583s] -- Up-to-date: /home/Projects/HET/alicia_ws/install/alicia_d_moveit/share/ament_index/resource_index/packages/alicia_d_moveit
[4.583s] -- Up-to-date: /home/Projects/HET/alicia_ws/install/alicia_d_moveit/share/alicia_d_moveit/cmake/alicia_d_moveitConfig.cmake
[4.583s] -- Up-to-date: /home/Projects/HET/alicia_ws/install/alicia_d_moveit/share/alicia_d_moveit/cmake/alicia_d_moveitConfig-version.cmake
[4.583s] -- Up-to-date: /home/Projects/HET/alicia_ws/install/alicia_d_moveit/share/alicia_d_moveit/package.xml
[4.583s] -- Up-to-date: /home/Projects/HET/alicia_ws/install/alicia_d_moveit/share/alicia_d_moveit/launch
[4.583s] -- Up-to-date: /home/Projects/HET/alicia_ws/install/alicia_d_moveit/share/alicia_d_moveit/launch/static_virtual_joint_tfs.launch.py
[4.584s] -- Up-to-date: /home/Projects/HET/alicia_ws/install/alicia_d_moveit/share/alicia_d_moveit/launch/spawn_controllers.launch.py
[4.584s] -- Up-to-date: /home/Projects/HET/alicia_ws/install/alicia_d_moveit/share/alicia_d_moveit/launch/moveit_config_builder.py
[4.584s] -- Up-to-date: /home/Projects/HET/alicia_ws/install/alicia_d_moveit/share/alicia_d_moveit/launch/moveit_rviz.launch.py
[4.584s] -- Up-to-date: /home/Projects/HET/alicia_ws/install/alicia_d_moveit/share/alicia_d_moveit/launch/demo.launch.py
[4.584s] -- Up-to-date: /home/Projects/HET/alicia_ws/install/alicia_d_moveit/share/alicia_d_moveit/launch/move_group.launch.py
[4.586s] -- Up-to-date: /home/Projects/HET/alicia_ws/install/alicia_d_moveit/share/alicia_d_moveit/launch/setup_assistant.launch.py
[4.587s] -- Up-to-date: /home/Projects/HET/alicia_ws/install/alicia_d_moveit/share/alicia_d_moveit/launch/__pycache__
[4.588s] -- Up-to-date: /home/Projects/HET/alicia_ws/install/alicia_d_moveit/share/alicia_d_moveit/launch/__pycache__/moveit_config_builder.cpython-310.pyc
[4.588s] -- Up-to-date: /home/Projects/HET/alicia_ws/install/alicia_d_moveit/share/alicia_d_moveit/launch/__pycache__/real_robot.launch.cpython-310.pyc
[4.588s] -- Up-to-date: /home/Projects/HET/alicia_ws/install/alicia_d_moveit/share/alicia_d_moveit/launch/real_robot.launch.py
[4.589s] -- Up-to-date: /home/Projects/HET/alicia_ws/install/alicia_d_moveit/share/alicia_d_moveit/launch/rsp.launch.py
[4.590s] -- Up-to-date: /home/Projects/HET/alicia_ws/install/alicia_d_moveit/share/alicia_d_moveit/launch/warehouse_db.launch.py
[4.590s] -- Up-to-date: /home/Projects/HET/alicia_ws/install/alicia_d_moveit/share/alicia_d_moveit/config
[4.592s] -- Up-to-date: /home/Projects/HET/alicia_ws/install/alicia_d_moveit/share/alicia_d_moveit/config/Alicia_D_v5_6_gripper_100mm_demo.urdf.xacro
[4.593s] -- Up-to-date: /home/Projects/HET/alicia_ws/install/alicia_d_moveit/share/alicia_d_moveit/config/kinematics.yaml
[4.593s] -- Up-to-date: /home/Projects/HET/alicia_ws/install/alicia_d_moveit/share/alicia_d_moveit/config/Alicia_D_v5_6_gripper_50mm_demo.urdf.xacro
[4.593s] -- Up-to-date: /home/Projects/HET/alicia_ws/install/alicia_d_moveit/share/alicia_d_moveit/config/Alicia_D_v5_6_gripper_100mm.urdf.xacro
[4.594s] -- Up-to-date: /home/Projects/HET/alicia_ws/install/alicia_d_moveit/share/alicia_d_moveit/config/hardware_defaults.yaml
[4.595s] -- Up-to-date: /home/Projects/HET/alicia_ws/install/alicia_d_moveit/share/alicia_d_moveit/config/moveit.rviz
[4.595s] -- Up-to-date: /home/Projects/HET/alicia_ws/install/alicia_d_moveit/share/alicia_d_moveit/config/pilz_cartesian_limits.yaml
[4.596s] -- Up-to-date: /home/Projects/HET/alicia_ws/install/alicia_d_moveit/share/alicia_d_moveit/config/moveit_controllers.yaml
[4.596s] -- Up-to-date: /home/Projects/HET/alicia_ws/install/alicia_d_moveit/share/alicia_d_moveit/config/alicia_d_descriptions.ros2_control.xacro
[4.597s] -- Up-to-date: /home/Projects/HET/alicia_ws/install/alicia_d_moveit/share/alicia_d_moveit/config/Alicia_D_v5_6_gripper_100mm.srdf
[4.597s] -- Up-to-date: /home/Projects/HET/alicia_ws/install/alicia_d_moveit/share/alicia_d_moveit/config/alicia_d_descriptions.urdf.xacro
[4.598s] -- Up-to-date: /home/Projects/HET/alicia_ws/install/alicia_d_moveit/share/alicia_d_moveit/config/demo.rviz
[4.599s] -- Up-to-date: /home/Projects/HET/alicia_ws/install/alicia_d_moveit/share/alicia_d_moveit/config/alicia_d_descriptions.ros2_control.fake.xacro
[4.600s] -- Up-to-date: /home/Projects/HET/alicia_ws/install/alicia_d_moveit/share/alicia_d_moveit/config/joint_limits.yaml
[4.600s] -- Up-to-date: /home/Projects/HET/alicia_ws/install/alicia_d_moveit/share/alicia_d_moveit/config/alicia_d_descriptions.srdf
[4.601s] -- Up-to-date: /home/Projects/HET/alicia_ws/install/alicia_d_moveit/share/alicia_d_moveit/config/initial_positions.yaml
[4.601s] -- Up-to-date: /home/Projects/HET/alicia_ws/install/alicia_d_moveit/share/alicia_d_moveit/config/Alicia_D_v5_6_gripper_50mm.urdf.xacro
[4.602s] -- Up-to-date: /home/Projects/HET/alicia_ws/install/alicia_d_moveit/share/alicia_d_moveit/config/Alicia_D_v5_6_gripper_50mm.srdf
[4.602s] -- Up-to-date: /home/Projects/HET/alicia_ws/install/alicia_d_moveit/share/alicia_d_moveit/config/ros2_controllers.yaml
[4.603s] -- Up-to-date: /home/Projects/HET/alicia_ws/install/alicia_d_moveit/share/alicia_d_moveit/config/sensors_3d.yaml
[4.604s] -- Up-to-date: /home/Projects/HET/alicia_ws/install/alicia_d_moveit/share/alicia_d_moveit/.setup_assistant
[4.605s] Invoked command in '/home/Projects/HET/alicia_ws/build/alicia_d_moveit' returned '0': AMENT_PREFIX_PATH=/home/Projects/HET/alicia_ws/install/alicia_d_driver:/home/Projects/HET/alicia_ws/install/alicia_d_descriptions:${AMENT_PREFIX_PATH} CMAKE_PREFIX_PATH=/home/Projects/HET/alicia_ws/install/alicia_d_driver:/home/Projects/HET/alicia_ws/install/alicia_d_descriptions:/opt/ros/humble LD_LIBRARY_PATH=/home/Projects/HET/alicia_ws/install/alicia_d_driver/lib:${LD_LIBRARY_PATH} /usr/bin/cmake --install /home/Projects/HET/alicia_ws/build/alicia_d_moveit
