[1.310s] Invoking command in '/home/Projects/HET/alicia_ws/build/alicia_d_arm_motion': AMENT_PREFIX_PATH=/home/Projects/HET/alicia_ws/install/alicia_d_control_interfaces:${AMENT_PREFIX_PATH} CMAKE_PREFIX_PATH=/home/Projects/HET/alicia_ws/install/alicia_d_control_interfaces:/opt/ros/humble LD_LIBRARY_PATH=/home/Projects/HET/alicia_ws/install/alicia_d_control_interfaces/lib:${LD_LIBRARY_PATH} PYTHONPATH=/home/Projects/HET/alicia_ws/install/alicia_d_control_interfaces/local/lib/python3.10/dist-packages:${PYTHONPATH} /usr/bin/cmake --build /home/Projects/HET/alicia_ws/build/alicia_d_arm_motion -- -j20 -l20
[1.433s] Built target ament_cmake_python_copy_alicia_d_arm_motion
[2.033s] running egg_info
[2.037s] writing alicia_d_arm_motion.egg-info/PKG-INFO
[2.038s] writing dependency_links to alicia_d_arm_motion.egg-info/dependency_links.txt
[2.039s] writing top-level names to alicia_d_arm_motion.egg-info/top_level.txt
[2.043s] reading manifest file 'alicia_d_arm_motion.egg-info/SOURCES.txt'
[2.046s] writing manifest file 'alicia_d_arm_motion.egg-info/SOURCES.txt'
[2.134s] Built target ament_cmake_python_build_alicia_d_arm_motion_egg
[2.203s] Invoked command in '/home/Projects/HET/alicia_ws/build/alicia_d_arm_motion' returned '0': AMENT_PREFIX_PATH=/home/Projects/HET/alicia_ws/install/alicia_d_control_interfaces:${AMENT_PREFIX_PATH} CMAKE_PREFIX_PATH=/home/Projects/HET/alicia_ws/install/alicia_d_control_interfaces:/opt/ros/humble LD_LIBRARY_PATH=/home/Projects/HET/alicia_ws/install/alicia_d_control_interfaces/lib:${LD_LIBRARY_PATH} PYTHONPATH=/home/Projects/HET/alicia_ws/install/alicia_d_control_interfaces/local/lib/python3.10/dist-packages:${PYTHONPATH} /usr/bin/cmake --build /home/Projects/HET/alicia_ws/build/alicia_d_arm_motion -- -j20 -l20
[2.205s] Invoking command in '/home/Projects/HET/alicia_ws/build/alicia_d_arm_motion': AMENT_PREFIX_PATH=/home/Projects/HET/alicia_ws/install/alicia_d_control_interfaces:${AMENT_PREFIX_PATH} CMAKE_PREFIX_PATH=/home/Projects/HET/alicia_ws/install/alicia_d_control_interfaces:/opt/ros/humble LD_LIBRARY_PATH=/home/Projects/HET/alicia_ws/install/alicia_d_control_interfaces/lib:${LD_LIBRARY_PATH} PYTHONPATH=/home/Projects/HET/alicia_ws/install/alicia_d_control_interfaces/local/lib/python3.10/dist-packages:${PYTHONPATH} /usr/bin/cmake --install /home/Projects/HET/alicia_ws/build/alicia_d_arm_motion
[2.216s] -- Install configuration: ""
[2.217s] -- Up-to-date: /home/Projects/HET/alicia_ws/install/alicia_d_arm_motion/share/alicia_d_arm_motion/environment/pythonpath.sh
[2.218s] -- Up-to-date: /home/Projects/HET/alicia_ws/install/alicia_d_arm_motion/share/alicia_d_arm_motion/environment/pythonpath.dsv
[2.219s] -- Up-to-date: /home/Projects/HET/alicia_ws/install/alicia_d_arm_motion/local/lib/python3.10/dist-packages/alicia_d_arm_motion-0.1.0-py3.10.egg-info
[2.219s] -- Installing: /home/Projects/HET/alicia_ws/install/alicia_d_arm_motion/local/lib/python3.10/dist-packages/alicia_d_arm_motion-0.1.0-py3.10.egg-info/PKG-INFO
[2.219s] -- Installing: /home/Projects/HET/alicia_ws/install/alicia_d_arm_motion/local/lib/python3.10/dist-packages/alicia_d_arm_motion-0.1.0-py3.10.egg-info/SOURCES.txt
[2.221s] -- Installing: /home/Projects/HET/alicia_ws/install/alicia_d_arm_motion/local/lib/python3.10/dist-packages/alicia_d_arm_motion-0.1.0-py3.10.egg-info/dependency_links.txt
[2.222s] -- Installing: /home/Projects/HET/alicia_ws/install/alicia_d_arm_motion/local/lib/python3.10/dist-packages/alicia_d_arm_motion-0.1.0-py3.10.egg-info/top_level.txt
[2.222s] -- Up-to-date: /home/Projects/HET/alicia_ws/install/alicia_d_arm_motion/local/lib/python3.10/dist-packages/alicia_d_arm_motion
[2.223s] -- Up-to-date: /home/Projects/HET/alicia_ws/install/alicia_d_arm_motion/local/lib/python3.10/dist-packages/alicia_d_arm_motion/__init__.py
[2.362s] Listing '/home/Projects/HET/alicia_ws/install/alicia_d_arm_motion/local/lib/python3.10/dist-packages/alicia_d_arm_motion'...
[2.363s] -- Up-to-date: /home/Projects/HET/alicia_ws/install/alicia_d_arm_motion/lib/alicia_d_arm_motion/arm_motion_server.py
[2.364s] -- Up-to-date: /home/Projects/HET/alicia_ws/install/alicia_d_arm_motion/share/alicia_d_arm_motion/config
[2.365s] -- Up-to-date: /home/Projects/HET/alicia_ws/install/alicia_d_arm_motion/share/alicia_d_arm_motion/config/arm_motion.yaml
[2.366s] -- Up-to-date: /home/Projects/HET/alicia_ws/install/alicia_d_arm_motion/share/alicia_d_arm_motion/launch
[2.366s] -- Up-to-date: /home/Projects/HET/alicia_ws/install/alicia_d_arm_motion/share/alicia_d_arm_motion/launch/arm_motion.launch.py
[2.367s] -- Up-to-date: /home/Projects/HET/alicia_ws/install/alicia_d_arm_motion/share/ament_index/resource_index/package_run_dependencies/alicia_d_arm_motion
[2.369s] -- Up-to-date: /home/Projects/HET/alicia_ws/install/alicia_d_arm_motion/share/ament_index/resource_index/parent_prefix_path/alicia_d_arm_motion
[2.370s] -- Up-to-date: /home/Projects/HET/alicia_ws/install/alicia_d_arm_motion/share/alicia_d_arm_motion/environment/ament_prefix_path.sh
[2.371s] -- Up-to-date: /home/Projects/HET/alicia_ws/install/alicia_d_arm_motion/share/alicia_d_arm_motion/environment/ament_prefix_path.dsv
[2.372s] -- Up-to-date: /home/Projects/HET/alicia_ws/install/alicia_d_arm_motion/share/alicia_d_arm_motion/environment/path.sh
[2.374s] -- Up-to-date: /home/Projects/HET/alicia_ws/install/alicia_d_arm_motion/share/alicia_d_arm_motion/environment/path.dsv
[2.376s] -- Up-to-date: /home/Projects/HET/alicia_ws/install/alicia_d_arm_motion/share/alicia_d_arm_motion/local_setup.bash
[2.377s] -- Up-to-date: /home/Projects/HET/alicia_ws/install/alicia_d_arm_motion/share/alicia_d_arm_motion/local_setup.sh
[2.379s] -- Up-to-date: /home/Projects/HET/alicia_ws/install/alicia_d_arm_motion/share/alicia_d_arm_motion/local_setup.zsh
[2.381s] -- Up-to-date: /home/Projects/HET/alicia_ws/install/alicia_d_arm_motion/share/alicia_d_arm_motion/local_setup.dsv
[2.382s] -- Installing: /home/Projects/HET/alicia_ws/install/alicia_d_arm_motion/share/alicia_d_arm_motion/package.dsv
[2.383s] -- Up-to-date: /home/Projects/HET/alicia_ws/install/alicia_d_arm_motion/share/ament_index/resource_index/packages/alicia_d_arm_motion
[2.386s] -- Up-to-date: /home/Projects/HET/alicia_ws/install/alicia_d_arm_motion/share/alicia_d_arm_motion/cmake/alicia_d_arm_motionConfig.cmake
[2.387s] -- Up-to-date: /home/Projects/HET/alicia_ws/install/alicia_d_arm_motion/share/alicia_d_arm_motion/cmake/alicia_d_arm_motionConfig-version.cmake
[2.388s] -- Up-to-date: /home/Projects/HET/alicia_ws/install/alicia_d_arm_motion/share/alicia_d_arm_motion/package.xml
[2.465s] Invoked command in '/home/Projects/HET/alicia_ws/build/alicia_d_arm_motion' returned '0': AMENT_PREFIX_PATH=/home/Projects/HET/alicia_ws/install/alicia_d_control_interfaces:${AMENT_PREFIX_PATH} CMAKE_PREFIX_PATH=/home/Projects/HET/alicia_ws/install/alicia_d_control_interfaces:/opt/ros/humble LD_LIBRARY_PATH=/home/Projects/HET/alicia_ws/install/alicia_d_control_interfaces/lib:${LD_LIBRARY_PATH} PYTHONPATH=/home/Projects/HET/alicia_ws/install/alicia_d_control_interfaces/local/lib/python3.10/dist-packages:${PYTHONPATH} /usr/bin/cmake --install /home/Projects/HET/alicia_ws/build/alicia_d_arm_motion
