[INFO] [1780151428.505608482] [moveit_rdf_loader.rdf_loader]: Loaded robot model in 0.0716142 seconds
[INFO] [1780151428.505831793] [moveit_robot_model.robot_model]: Loading robot model 'Alicia_D_v5_6_gripper_50mm'...
[INFO] [1780151428.505853587] [moveit_robot_model.robot_model]: No root/virtual joint specified in SRDF. Assuming fixed joint
[WARN] [1780151430.294502560] [moveit_robot_model.robot_model]: Link gripper_center has visual geometry but no collision geometry. Collision geometry will be left empty. Fix your URDF file by explicitly specifying collision geometry.
[WARN] [1780151430.329348780] [kdl_parser]: The root link base_link has an inertia specified in the URDF, but KDL does not support a root link with an inertia.  As a workaround, you can add an extra dummy link to your URDF.
[WARN] [1780151430.330269251] [kdl_parser]: The root link base_link has an inertia specified in the URDF, but KDL does not support a root link with an inertia.  As a workaround, you can add an extra dummy link to your URDF.
[INFO] [1780151435.389410901] [moveit_ros.planning_scene_monitor.planning_scene_monitor]: Publishing maintained planning scene on 'monitored_planning_scene'
[INFO] [1780151435.389851778] [moveit.ros_planning_interface.moveit_cpp]: Listening to 'joint_states' for joint states
[INFO] [1780151435.392383202] [moveit_ros.current_state_monitor]: Listening to joint states on topic 'joint_states'
[INFO] [1780151435.394499414] [moveit_ros.planning_scene_monitor.planning_scene_monitor]: Listening to '/attached_collision_object' for attached collision objects
[INFO] [1780151435.394640472] [moveit_ros.planning_scene_monitor.planning_scene_monitor]: Starting planning scene monitor
[INFO] [1780151435.395996071] [moveit_ros.planning_scene_monitor.planning_scene_monitor]: Listening to '/planning_scene'
[INFO] [1780151435.396095996] [moveit_ros.planning_scene_monitor.planning_scene_monitor]: Starting world geometry update monitor for collision objects, attached objects, octomap updates.
[INFO] [1780151435.397630333] [moveit_ros.planning_scene_monitor.planning_scene_monitor]: Listening to 'collision_object'
[INFO] [1780151435.399707127] [moveit_ros.planning_scene_monitor.planning_scene_monitor]: Listening to 'planning_scene_world' for planning scene world geometry
[WARN] [1780151435.400379438] [moveit.ros.occupancy_map_monitor.middleware_handle]: Resolution not specified for Octomap. Assuming resolution = 0.1 instead
[ERROR] [1780151435.400501438] [moveit.ros.occupancy_map_monitor.middleware_handle]: No 3D sensor plugin(s) defined for octomap updates
[INFO] [1780151447.950869298] [moveit.ros_planning_interface.moveit_cpp]: Loading planning pipeline 'ompl'
[INFO] [1780151448.007395501] [moveit.ros_planning.planning_pipeline]: Using planning interface 'OMPL'
[INFO] [1780151448.013738696] [moveit_ros.add_time_optimal_parameterization]: Param 'ompl.path_tolerance' was not set. Using default value: 0.100000
[INFO] [1780151448.013845778] [moveit_ros.add_time_optimal_parameterization]: Param 'ompl.resample_dt' was not set. Using default value: 0.100000
[INFO] [1780151448.013856884] [moveit_ros.add_time_optimal_parameterization]: Param 'ompl.min_angle_change' was not set. Using default value: 0.001000
[INFO] [1780151448.013896796] [moveit_ros.fix_workspace_bounds]: Param 'ompl.default_workspace_bounds' was not set. Using default value: 10.000000
[INFO] [1780151448.013923176] [moveit_ros.fix_start_state_bounds]: Param 'ompl.start_state_max_bounds_error' was set to 0.100000
[INFO] [1780151448.013931152] [moveit_ros.fix_start_state_bounds]: Param 'ompl.start_state_max_dt' was not set. Using default value: 0.500000
[INFO] [1780151448.013949679] [moveit_ros.fix_start_state_collision]: Param 'ompl.start_state_max_dt' was not set. Using default value: 0.500000
[INFO] [1780151448.013958345] [moveit_ros.fix_start_state_collision]: Param 'ompl.jiggle_fraction' was set to 0.050000
[INFO] [1780151448.013966681] [moveit_ros.fix_start_state_collision]: Param 'ompl.max_sampling_attempts' was not set. Using default value: 100
[INFO] [1780151448.013984923] [moveit.ros_planning.planning_pipeline]: Using planning request adapter 'Add Time Optimal Parameterization'
[INFO] [1780151448.013992313] [moveit.ros_planning.planning_pipeline]: Using planning request adapter 'Resolve constraint frames to robot links'
[INFO] [1780151448.013997821] [moveit.ros_planning.planning_pipeline]: Using planning request adapter 'Fix Workspace Bounds'
[INFO] [1780151448.014003051] [moveit.ros_planning.planning_pipeline]: Using planning request adapter 'Fix Start State Bounds'
[INFO] [1780151448.014007986] [moveit.ros_planning.planning_pipeline]: Using planning request adapter 'Fix Start State In Collision'
[INFO] [1780151448.014012938] [moveit.ros_planning.planning_pipeline]: Using planning request adapter 'Fix Start State Path Constraints'
[INFO] [1780151448.210073652] [moveit.plugins.moveit_simple_controller_manager]: Added FollowJointTrajectory controller for Alicia_controller
[INFO] [1780151448.220112033] [moveit.plugins.moveit_simple_controller_manager]: Added FollowJointTrajectory controller for Gripper_controller
[INFO] [1780151448.220628776] [moveit.plugins.moveit_simple_controller_manager]: Returned 2 controllers in list
[INFO] [1780151448.220695218] [moveit.plugins.moveit_simple_controller_manager]: Returned 2 controllers in list
[INFO] [1780151448.222725794] [moveit_ros.trajectory_execution_manager]: Trajectory execution is managing controllers
[INFO] [1780151448.222827812] [move_group.move_group]: MoveGroup debug mode is ON
[INFO] [1780151448.314569220] [move_group.move_group]: 

********************************************************
* MoveGroup using: 
*     - ApplyPlanningSceneService
*     - ClearOctomapService
*     - CartesianPathService
*     - ExecuteTrajectoryAction
*     - GetPlanningSceneService
*     - KinematicsService
*     - MoveAction
*     - MotionPlanService
*     - QueryPlannersService
*     - StateValidationService
********************************************************

[INFO] [1780151448.315161590] [moveit_move_group_capabilities_base.move_group_context]: MoveGroup context using planning plugin ompl_interface/OMPLPlanner
[INFO] [1780151448.315193263] [moveit_move_group_capabilities_base.move_group_context]: MoveGroup context initialization complete
[INFO] [1780151460.970322555] [moveit_move_group_default_capabilities.plan_service_capability]: Received new planning service request...
[INFO] [1780151460.986147136] [moveit.ompl_planning.model_based_planning_context]: Planner configuration 'Alicia' will use planner 'geometric::RRTConnect'. Additional configuration parameters will be set when the planner is constructed.
[WARN] [1780151461.014490931] [moveit_trajectory_processing.time_optimal_trajectory_generation]: Joint acceleration limits are not defined. Using the default 1 rad/s^2. You can define acceleration limits in the URDF or joint_limits.yaml.
[INFO] [1780151461.035479210] [moveit_move_group_default_capabilities.execute_trajectory_action_capability]: Received goal request
[INFO] [1780151461.036297831] [moveit_move_group_default_capabilities.execute_trajectory_action_capability]: Execution request received
[INFO] [1780151461.036466042] [moveit.plugins.moveit_simple_controller_manager]: Returned 2 controllers in list
[INFO] [1780151461.036520213] [moveit.plugins.moveit_simple_controller_manager]: Returned 2 controllers in list
[INFO] [1780151461.037025246] [moveit_ros.trajectory_execution_manager]: Validating trajectory with allowed_start_tolerance 0.01
[INFO] [1780151461.039536548] [moveit_ros.trajectory_execution_manager]: Starting trajectory execution ...
[INFO] [1780151461.039799985] [moveit.plugins.moveit_simple_controller_manager]: Returned 2 controllers in list
[INFO] [1780151461.039856276] [moveit.plugins.moveit_simple_controller_manager]: Returned 2 controllers in list
[INFO] [1780151461.040670849] [moveit.simple_controller_manager.follow_joint_trajectory_controller_handle]: sending trajectory to Alicia_controller
[INFO] [1780151461.044274455] [moveit.simple_controller_manager.follow_joint_trajectory_controller_handle]: Alicia_controller started execution
[INFO] [1780151461.044458443] [moveit.simple_controller_manager.follow_joint_trajectory_controller_handle]: Goal request accepted!
[INFO] [1780151465.295091543] [moveit.simple_controller_manager.follow_joint_trajectory_controller_handle]: Controller 'Alicia_controller' successfully finished
[INFO] [1780151465.308998303] [moveit_ros.trajectory_execution_manager]: Completed trajectory execution with status SUCCEEDED ...
[INFO] [1780151465.309341332] [moveit_move_group_default_capabilities.execute_trajectory_action_capability]: Execution completed: SUCCEEDED
[INFO] [1780151466.876232665] [moveit_move_group_default_capabilities.plan_service_capability]: Received new planning service request...
[INFO] [1780151466.880017402] [moveit.ompl_planning.model_based_planning_context]: Planner configuration 'Alicia' will use planner 'geometric::RRTConnect'. Additional configuration parameters will be set when the planner is constructed.
[INFO] [1780151466.901081248] [moveit_move_group_default_capabilities.execute_trajectory_action_capability]: Received goal request
[INFO] [1780151466.901505475] [moveit_move_group_default_capabilities.execute_trajectory_action_capability]: Execution request received
[INFO] [1780151466.901588634] [moveit.plugins.moveit_simple_controller_manager]: Returned 2 controllers in list
[INFO] [1780151466.901623959] [moveit.plugins.moveit_simple_controller_manager]: Returned 2 controllers in list
[INFO] [1780151466.901985203] [moveit_ros.trajectory_execution_manager]: Validating trajectory with allowed_start_tolerance 0.01
[INFO] [1780151466.904064306] [moveit_ros.trajectory_execution_manager]: Starting trajectory execution ...
[INFO] [1780151466.904241671] [moveit.plugins.moveit_simple_controller_manager]: Returned 2 controllers in list
[INFO] [1780151466.904276098] [moveit.plugins.moveit_simple_controller_manager]: Returned 2 controllers in list
[INFO] [1780151466.904442727] [moveit.simple_controller_manager.follow_joint_trajectory_controller_handle]: sending trajectory to Alicia_controller
[INFO] [1780151466.905614831] [moveit.simple_controller_manager.follow_joint_trajectory_controller_handle]: Alicia_controller started execution
[INFO] [1780151466.905662043] [moveit.simple_controller_manager.follow_joint_trajectory_controller_handle]: Goal request accepted!
[INFO] [1780151467.956500733] [moveit.simple_controller_manager.follow_joint_trajectory_controller_handle]: Controller 'Alicia_controller' successfully finished
[INFO] [1780151467.968981744] [moveit_ros.trajectory_execution_manager]: Completed trajectory execution with status SUCCEEDED ...
[INFO] [1780151467.969337805] [moveit_move_group_default_capabilities.execute_trajectory_action_capability]: Execution completed: SUCCEEDED
[INFO] [1780151469.533343698] [moveit_move_group_default_capabilities.plan_service_capability]: Received new planning service request...
[INFO] [1780151469.539577538] [moveit.ompl_planning.model_based_planning_context]: Planner configuration 'Alicia' will use planner 'geometric::RRTConnect'. Additional configuration parameters will be set when the planner is constructed.
[INFO] [1780151469.562826773] [moveit_move_group_default_capabilities.execute_trajectory_action_capability]: Received goal request
[INFO] [1780151469.563147444] [moveit_move_group_default_capabilities.execute_trajectory_action_capability]: Execution request received
[INFO] [1780151469.563195022] [moveit.plugins.moveit_simple_controller_manager]: Returned 2 controllers in list
[INFO] [1780151469.563216733] [moveit.plugins.moveit_simple_controller_manager]: Returned 2 controllers in list
[INFO] [1780151469.563369885] [moveit_ros.trajectory_execution_manager]: Validating trajectory with allowed_start_tolerance 0.01
[INFO] [1780151469.569166881] [moveit_ros.trajectory_execution_manager]: Starting trajectory execution ...
[INFO] [1780151469.569293494] [moveit.plugins.moveit_simple_controller_manager]: Returned 2 controllers in list
[INFO] [1780151469.569325613] [moveit.plugins.moveit_simple_controller_manager]: Returned 2 controllers in list
[INFO] [1780151469.569488451] [moveit.simple_controller_manager.follow_joint_trajectory_controller_handle]: sending trajectory to Alicia_controller
[INFO] [1780151469.571269635] [moveit.simple_controller_manager.follow_joint_trajectory_controller_handle]: Alicia_controller started execution
[INFO] [1780151469.571317338] [moveit.simple_controller_manager.follow_joint_trajectory_controller_handle]: Goal request accepted!
[INFO] [1780151470.571422262] [moveit.simple_controller_manager.follow_joint_trajectory_controller_handle]: Controller 'Alicia_controller' successfully finished
[INFO] [1780151470.583759288] [moveit_ros.trajectory_execution_manager]: Completed trajectory execution with status SUCCEEDED ...
[INFO] [1780151470.583950265] [moveit_move_group_default_capabilities.execute_trajectory_action_capability]: Execution completed: SUCCEEDED
