[0.010s] Invoking command in '/home/zyx/桌面/Robot_Arm/alicia_ws/build/alicia_d_driver': CMAKE_PREFIX_PATH=/opt/ros/humble /usr/bin/cmake --build /home/zyx/桌面/Robot_Arm/alicia_ws/build/alicia_d_driver -- -j32 -l32
[0.055s] [ 25%] Built target serial_communicator_lib
[0.074s] [ 50%] Built target alicia_d_data_parser_control_lib
[0.089s] Consolidate compiler generated dependencies of target alicia_d_driver_node
[0.099s] [ 62%] Building CXX object CMakeFiles/alicia_d_hardware_interface.dir/src/alicia_d_hardware_interface.cpp.o
[0.101s] [ 87%] Built target alicia_d_driver_node
[2.089s] [100%] Linking CXX shared library libalicia_d_hardware_interface.so
[2.193s] [100%] Built target alicia_d_hardware_interface
[2.202s] Invoked command in '/home/zyx/桌面/Robot_Arm/alicia_ws/build/alicia_d_driver' returned '0': CMAKE_PREFIX_PATH=/opt/ros/humble /usr/bin/cmake --build /home/zyx/桌面/Robot_Arm/alicia_ws/build/alicia_d_driver -- -j32 -l32
[2.236s] Invoking command in '/home/zyx/桌面/Robot_Arm/alicia_ws/build/alicia_d_driver': CMAKE_PREFIX_PATH=/opt/ros/humble /usr/bin/cmake --install /home/zyx/桌面/Robot_Arm/alicia_ws/build/alicia_d_driver
[2.243s] -- Install configuration: ""
[2.243s] -- Up-to-date: /home/zyx/桌面/Robot_Arm/alicia_ws/install/alicia_d_driver/share/alicia_d_driver/alicia_d_driver.xml
[2.243s] -- Up-to-date: /home/zyx/桌面/Robot_Arm/alicia_ws/install/alicia_d_driver/include/alicia_d_driver
[2.243s] -- Up-to-date: /home/zyx/桌面/Robot_Arm/alicia_ws/install/alicia_d_driver/include/alicia_d_driver/alicia_d_driver
[2.243s] -- Up-to-date: /home/zyx/桌面/Robot_Arm/alicia_ws/install/alicia_d_driver/include/alicia_d_driver/alicia_d_driver/serial_communicator.hpp
[2.243s] -- Installing: /home/zyx/桌面/Robot_Arm/alicia_ws/install/alicia_d_driver/include/alicia_d_driver/alicia_d_driver/alicia_d_hardware_interface.hpp
[2.243s] -- Up-to-date: /home/zyx/桌面/Robot_Arm/alicia_ws/install/alicia_d_driver/include/alicia_d_driver/alicia_d_driver/alicia_d_data_parser_control.hpp
[2.243s] -- Up-to-date: /home/zyx/桌面/Robot_Arm/alicia_ws/install/alicia_d_driver/include/alicia_d_driver/alicia_d_driver/alicia_d_driver_node.hpp
[2.244s] -- Up-to-date: /home/zyx/桌面/Robot_Arm/alicia_ws/install/alicia_d_driver/share/alicia_d_driver
[2.244s] -- Up-to-date: /home/zyx/桌面/Robot_Arm/alicia_ws/install/alicia_d_driver/share/alicia_d_driver/alicia_d_driver.launch.py
[2.244s] -- Up-to-date: /home/zyx/桌面/Robot_Arm/alicia_ws/install/alicia_d_driver/share/alicia_d_driver/alicia_d_driver.xml
[2.244s] -- Up-to-date: /home/zyx/桌面/Robot_Arm/alicia_ws/install/alicia_d_driver/lib/alicia_d_driver/alicia_d_driver_node
[2.244s] -- Installing: /home/zyx/桌面/Robot_Arm/alicia_ws/install/alicia_d_driver/lib/libalicia_d_hardware_interface.so
[2.244s] -- Set runtime path of "/home/zyx/桌面/Robot_Arm/alicia_ws/install/alicia_d_driver/lib/libalicia_d_hardware_interface.so" to ""
[2.244s] -- Up-to-date: /home/zyx/桌面/Robot_Arm/alicia_ws/install/alicia_d_driver/lib/libserial_communicator_lib.so
[2.244s] -- Up-to-date: /home/zyx/桌面/Robot_Arm/alicia_ws/install/alicia_d_driver/lib/libalicia_d_data_parser_control_lib.so
[2.245s] -- Up-to-date: /home/zyx/桌面/Robot_Arm/alicia_ws/install/alicia_d_driver/share/alicia_d_driver/environment/library_path.sh
[2.245s] -- Up-to-date: /home/zyx/桌面/Robot_Arm/alicia_ws/install/alicia_d_driver/share/alicia_d_driver/environment/library_path.dsv
[2.245s] -- Up-to-date: /home/zyx/桌面/Robot_Arm/alicia_ws/install/alicia_d_driver/share/ament_index/resource_index/package_run_dependencies/alicia_d_driver
[2.245s] -- Up-to-date: /home/zyx/桌面/Robot_Arm/alicia_ws/install/alicia_d_driver/share/ament_index/resource_index/parent_prefix_path/alicia_d_driver
[2.245s] -- Up-to-date: /home/zyx/桌面/Robot_Arm/alicia_ws/install/alicia_d_driver/share/alicia_d_driver/environment/ament_prefix_path.sh
[2.245s] -- Up-to-date: /home/zyx/桌面/Robot_Arm/alicia_ws/install/alicia_d_driver/share/alicia_d_driver/environment/ament_prefix_path.dsv
[2.245s] -- Up-to-date: /home/zyx/桌面/Robot_Arm/alicia_ws/install/alicia_d_driver/share/alicia_d_driver/environment/path.sh
[2.245s] -- Up-to-date: /home/zyx/桌面/Robot_Arm/alicia_ws/install/alicia_d_driver/share/alicia_d_driver/environment/path.dsv
[2.245s] -- Up-to-date: /home/zyx/桌面/Robot_Arm/alicia_ws/install/alicia_d_driver/share/alicia_d_driver/local_setup.bash
[2.245s] -- Up-to-date: /home/zyx/桌面/Robot_Arm/alicia_ws/install/alicia_d_driver/share/alicia_d_driver/local_setup.sh
[2.245s] -- Up-to-date: /home/zyx/桌面/Robot_Arm/alicia_ws/install/alicia_d_driver/share/alicia_d_driver/local_setup.zsh
[2.245s] -- Up-to-date: /home/zyx/桌面/Robot_Arm/alicia_ws/install/alicia_d_driver/share/alicia_d_driver/local_setup.dsv
[2.245s] -- Installing: /home/zyx/桌面/Robot_Arm/alicia_ws/install/alicia_d_driver/share/alicia_d_driver/package.dsv
[2.245s] -- Up-to-date: /home/zyx/桌面/Robot_Arm/alicia_ws/install/alicia_d_driver/share/ament_index/resource_index/packages/alicia_d_driver
[2.245s] -- Up-to-date: /home/zyx/桌面/Robot_Arm/alicia_ws/install/alicia_d_driver/share/ament_index/resource_index/hardware_interface__pluginlib__plugin/alicia_d_driver
[2.245s] -- Up-to-date: /home/zyx/桌面/Robot_Arm/alicia_ws/install/alicia_d_driver/share/alicia_d_driver/cmake/export_alicia_d_driverExport.cmake
[2.245s] -- Up-to-date: /home/zyx/桌面/Robot_Arm/alicia_ws/install/alicia_d_driver/share/alicia_d_driver/cmake/export_alicia_d_driverExport-noconfig.cmake
[2.245s] -- Up-to-date: /home/zyx/桌面/Robot_Arm/alicia_ws/install/alicia_d_driver/share/alicia_d_driver/cmake/ament_cmake_export_targets-extras.cmake
[2.245s] -- Up-to-date: /home/zyx/桌面/Robot_Arm/alicia_ws/install/alicia_d_driver/share/alicia_d_driver/cmake/ament_cmake_export_dependencies-extras.cmake
[2.245s] -- Up-to-date: /home/zyx/桌面/Robot_Arm/alicia_ws/install/alicia_d_driver/share/alicia_d_driver/cmake/alicia_d_driverConfig.cmake
[2.245s] -- Up-to-date: /home/zyx/桌面/Robot_Arm/alicia_ws/install/alicia_d_driver/share/alicia_d_driver/cmake/alicia_d_driverConfig-version.cmake
[2.246s] -- Up-to-date: /home/zyx/桌面/Robot_Arm/alicia_ws/install/alicia_d_driver/share/alicia_d_driver/package.xml
[2.247s] Invoked command in '/home/zyx/桌面/Robot_Arm/alicia_ws/build/alicia_d_driver' returned '0': CMAKE_PREFIX_PATH=/opt/ros/humble /usr/bin/cmake --install /home/zyx/桌面/Robot_Arm/alicia_ws/build/alicia_d_driver
