[0.010s] Invoking command in '/home/zyx/桌面/Robot_Arm/alicia_ws/build/alicia_d_thinkgrasp_bridge': CMAKE_PREFIX_PATH=/opt/ros/humble /usr/bin/cmake /home/zyx/桌面/Robot_Arm/alicia_ws/src/alicia_d_thinkgrasp_bridge -DCMAKE_INSTALL_PREFIX=/home/zyx/桌面/Robot_Arm/alicia_ws/install/alicia_d_thinkgrasp_bridge
[0.081s] -- The C compiler identification is GNU 12.3.0
[0.138s] -- The CXX compiler identification is GNU 12.3.0
[0.148s] -- Detecting C compiler ABI info
[0.209s] -- Detecting C compiler ABI info - done
[0.215s] -- Check for working C compiler: /usr/bin/cc - skipped
[0.215s] -- Detecting C compile features
[0.216s] -- Detecting C compile features - done
[0.219s] -- Detecting CXX compiler ABI info
[0.279s] -- Detecting CXX compiler ABI info - done
[0.284s] -- Check for working CXX compiler: /usr/bin/c++ - skipped
[0.284s] -- Detecting CXX compile features
[0.284s] -- Detecting CXX compile features - done
[0.287s] -- Found ament_cmake: 1.3.10 (/opt/ros/humble/share/ament_cmake/cmake)
[0.394s] -- Found Python3: /usr/bin/python3 (found version "3.10.12") found components: Interpreter 
[0.464s] -- Found rclpy: 3.3.14 (/opt/ros/humble/share/rclpy/cmake)
[0.556s] -- Configuring done
[0.559s] -- Generating done
[0.559s] -- Build files have been written to: /home/zyx/桌面/Robot_Arm/alicia_ws/build/alicia_d_thinkgrasp_bridge
[0.564s] Invoked command in '/home/zyx/桌面/Robot_Arm/alicia_ws/build/alicia_d_thinkgrasp_bridge' returned '0': CMAKE_PREFIX_PATH=/opt/ros/humble /usr/bin/cmake /home/zyx/桌面/Robot_Arm/alicia_ws/src/alicia_d_thinkgrasp_bridge -DCMAKE_INSTALL_PREFIX=/home/zyx/桌面/Robot_Arm/alicia_ws/install/alicia_d_thinkgrasp_bridge
[0.565s] Invoking command in '/home/zyx/桌面/Robot_Arm/alicia_ws/build/alicia_d_thinkgrasp_bridge': CMAKE_PREFIX_PATH=/opt/ros/humble /usr/bin/cmake --build /home/zyx/桌面/Robot_Arm/alicia_ws/build/alicia_d_thinkgrasp_bridge -- -j32 -l32
[0.604s] Built target ament_cmake_python_copy_alicia_d_thinkgrasp_bridge
[0.738s] running egg_info
[0.739s] creating alicia_d_thinkgrasp_bridge.egg-info
[0.739s] writing alicia_d_thinkgrasp_bridge.egg-info/PKG-INFO
[0.739s] writing dependency_links to alicia_d_thinkgrasp_bridge.egg-info/dependency_links.txt
[0.739s] writing top-level names to alicia_d_thinkgrasp_bridge.egg-info/top_level.txt
[0.739s] writing manifest file 'alicia_d_thinkgrasp_bridge.egg-info/SOURCES.txt'
[0.743s] reading manifest file 'alicia_d_thinkgrasp_bridge.egg-info/SOURCES.txt'
[0.743s] writing manifest file 'alicia_d_thinkgrasp_bridge.egg-info/SOURCES.txt'
[0.765s] Built target ament_cmake_python_build_alicia_d_thinkgrasp_bridge_egg
[30.006s] Invoked command in '/home/zyx/桌面/Robot_Arm/alicia_ws/build/alicia_d_thinkgrasp_bridge' returned '0': CMAKE_PREFIX_PATH=/opt/ros/humble /usr/bin/cmake --build /home/zyx/桌面/Robot_Arm/alicia_ws/build/alicia_d_thinkgrasp_bridge -- -j32 -l32
[30.034s] Invoking command in '/home/zyx/桌面/Robot_Arm/alicia_ws/build/alicia_d_thinkgrasp_bridge': CMAKE_PREFIX_PATH=/opt/ros/humble /usr/bin/cmake --install /home/zyx/桌面/Robot_Arm/alicia_ws/build/alicia_d_thinkgrasp_bridge
[30.040s] -- Install configuration: ""
[30.040s] -- Installing: /home/zyx/桌面/Robot_Arm/alicia_ws/install/alicia_d_thinkgrasp_bridge/share/alicia_d_thinkgrasp_bridge/environment/pythonpath.sh
[30.040s] -- Installing: /home/zyx/桌面/Robot_Arm/alicia_ws/install/alicia_d_thinkgrasp_bridge/share/alicia_d_thinkgrasp_bridge/environment/pythonpath.dsv
[30.040s] -- Installing: /home/zyx/桌面/Robot_Arm/alicia_ws/install/alicia_d_thinkgrasp_bridge/local/lib/python3.10/dist-packages/alicia_d_thinkgrasp_bridge-0.1.0-py3.10.egg-info
[30.040s] -- Installing: /home/zyx/桌面/Robot_Arm/alicia_ws/install/alicia_d_thinkgrasp_bridge/local/lib/python3.10/dist-packages/alicia_d_thinkgrasp_bridge-0.1.0-py3.10.egg-info/top_level.txt
[30.040s] -- Installing: /home/zyx/桌面/Robot_Arm/alicia_ws/install/alicia_d_thinkgrasp_bridge/local/lib/python3.10/dist-packages/alicia_d_thinkgrasp_bridge-0.1.0-py3.10.egg-info/PKG-INFO
[30.040s] -- Installing: /home/zyx/桌面/Robot_Arm/alicia_ws/install/alicia_d_thinkgrasp_bridge/local/lib/python3.10/dist-packages/alicia_d_thinkgrasp_bridge-0.1.0-py3.10.egg-info/SOURCES.txt
[30.040s] -- Installing: /home/zyx/桌面/Robot_Arm/alicia_ws/install/alicia_d_thinkgrasp_bridge/local/lib/python3.10/dist-packages/alicia_d_thinkgrasp_bridge-0.1.0-py3.10.egg-info/dependency_links.txt
[30.040s] -- Installing: /home/zyx/桌面/Robot_Arm/alicia_ws/install/alicia_d_thinkgrasp_bridge/local/lib/python3.10/dist-packages/alicia_d_thinkgrasp_bridge
[30.040s] -- Installing: /home/zyx/桌面/Robot_Arm/alicia_ws/install/alicia_d_thinkgrasp_bridge/local/lib/python3.10/dist-packages/alicia_d_thinkgrasp_bridge/__init__.py
[30.066s] Listing '/home/zyx/桌面/Robot_Arm/alicia_ws/install/alicia_d_thinkgrasp_bridge/local/lib/python3.10/dist-packages/alicia_d_thinkgrasp_bridge'...
[30.066s] Compiling '/home/zyx/桌面/Robot_Arm/alicia_ws/install/alicia_d_thinkgrasp_bridge/local/lib/python3.10/dist-packages/alicia_d_thinkgrasp_bridge/__init__.py'...
[30.068s] -- Installing: /home/zyx/桌面/Robot_Arm/alicia_ws/install/alicia_d_thinkgrasp_bridge/lib/alicia_d_thinkgrasp_bridge/mock_decision_server.py
[30.068s] -- Installing: /home/zyx/桌面/Robot_Arm/alicia_ws/install/alicia_d_thinkgrasp_bridge/lib/alicia_d_thinkgrasp_bridge/thinkgrasp_mock_pick.py
[30.069s] -- Installing: /home/zyx/桌面/Robot_Arm/alicia_ws/install/alicia_d_thinkgrasp_bridge/share/alicia_d_thinkgrasp_bridge/config
[30.069s] -- Installing: /home/zyx/桌面/Robot_Arm/alicia_ws/install/alicia_d_thinkgrasp_bridge/share/alicia_d_thinkgrasp_bridge/config/mock_grasp.yaml
[30.069s] -- Installing: /home/zyx/桌面/Robot_Arm/alicia_ws/install/alicia_d_thinkgrasp_bridge/share/alicia_d_thinkgrasp_bridge/launch
[30.069s] -- Installing: /home/zyx/桌面/Robot_Arm/alicia_ws/install/alicia_d_thinkgrasp_bridge/share/alicia_d_thinkgrasp_bridge/launch/mock_thinkgrasp_pick.launch.py
[30.069s] -- Installing: /home/zyx/桌面/Robot_Arm/alicia_ws/install/alicia_d_thinkgrasp_bridge/share/ament_index/resource_index/package_run_dependencies/alicia_d_thinkgrasp_bridge
[30.069s] -- Installing: /home/zyx/桌面/Robot_Arm/alicia_ws/install/alicia_d_thinkgrasp_bridge/share/ament_index/resource_index/parent_prefix_path/alicia_d_thinkgrasp_bridge
[30.069s] -- Installing: /home/zyx/桌面/Robot_Arm/alicia_ws/install/alicia_d_thinkgrasp_bridge/share/alicia_d_thinkgrasp_bridge/environment/ament_prefix_path.sh
[30.069s] -- Installing: /home/zyx/桌面/Robot_Arm/alicia_ws/install/alicia_d_thinkgrasp_bridge/share/alicia_d_thinkgrasp_bridge/environment/ament_prefix_path.dsv
[30.069s] -- Installing: /home/zyx/桌面/Robot_Arm/alicia_ws/install/alicia_d_thinkgrasp_bridge/share/alicia_d_thinkgrasp_bridge/environment/path.sh
[30.069s] -- Installing: /home/zyx/桌面/Robot_Arm/alicia_ws/install/alicia_d_thinkgrasp_bridge/share/alicia_d_thinkgrasp_bridge/environment/path.dsv
[30.069s] -- Installing: /home/zyx/桌面/Robot_Arm/alicia_ws/install/alicia_d_thinkgrasp_bridge/share/alicia_d_thinkgrasp_bridge/local_setup.bash
[30.069s] -- Installing: /home/zyx/桌面/Robot_Arm/alicia_ws/install/alicia_d_thinkgrasp_bridge/share/alicia_d_thinkgrasp_bridge/local_setup.sh
[30.069s] -- Installing: /home/zyx/桌面/Robot_Arm/alicia_ws/install/alicia_d_thinkgrasp_bridge/share/alicia_d_thinkgrasp_bridge/local_setup.zsh
[30.069s] -- Installing: /home/zyx/桌面/Robot_Arm/alicia_ws/install/alicia_d_thinkgrasp_bridge/share/alicia_d_thinkgrasp_bridge/local_setup.dsv
[30.069s] -- Installing: /home/zyx/桌面/Robot_Arm/alicia_ws/install/alicia_d_thinkgrasp_bridge/share/alicia_d_thinkgrasp_bridge/package.dsv
[30.069s] -- Installing: /home/zyx/桌面/Robot_Arm/alicia_ws/install/alicia_d_thinkgrasp_bridge/share/ament_index/resource_index/packages/alicia_d_thinkgrasp_bridge
[30.069s] -- Installing: /home/zyx/桌面/Robot_Arm/alicia_ws/install/alicia_d_thinkgrasp_bridge/share/alicia_d_thinkgrasp_bridge/cmake/alicia_d_thinkgrasp_bridgeConfig.cmake
[30.069s] -- Installing: /home/zyx/桌面/Robot_Arm/alicia_ws/install/alicia_d_thinkgrasp_bridge/share/alicia_d_thinkgrasp_bridge/cmake/alicia_d_thinkgrasp_bridgeConfig-version.cmake
[30.069s] -- Installing: /home/zyx/桌面/Robot_Arm/alicia_ws/install/alicia_d_thinkgrasp_bridge/share/alicia_d_thinkgrasp_bridge/package.xml
[60.013s] Invoked command in '/home/zyx/桌面/Robot_Arm/alicia_ws/build/alicia_d_thinkgrasp_bridge' returned '0': CMAKE_PREFIX_PATH=/opt/ros/humble /usr/bin/cmake --install /home/zyx/桌面/Robot_Arm/alicia_ws/build/alicia_d_thinkgrasp_bridge
