[0.052s] DEBUG:colcon:Command line arguments: ['/usr/bin/colcon', 'build']
[0.052s] DEBUG:colcon:Parsed command line arguments: Namespace(log_base=None, log_level=None, verb_name='build', build_base='build', install_base='install', merge_install=False, symlink_install=False, test_result_base=None, continue_on_error=False, executor='parallel', parallel_workers=32, event_handlers=None, ignore_user_meta=False, metas=['./colcon.meta'], base_paths=['.'], packages_ignore=None, packages_ignore_regex=None, paths=None, packages_up_to=None, packages_up_to_regex=None, packages_above=None, packages_above_and_dependencies=None, packages_above_depth=None, packages_select_by_dep=None, packages_skip_by_dep=None, packages_skip_up_to=None, packages_select_build_failed=False, packages_skip_build_finished=False, packages_select_test_failures=False, packages_skip_test_passed=False, packages_select=None, packages_skip=None, packages_select_regex=None, packages_skip_regex=None, packages_start=None, packages_end=None, allow_overriding=[], cmake_args=None, cmake_target=None, cmake_target_skip_unavailable=False, cmake_clean_cache=False, cmake_clean_first=False, cmake_force_configure=False, ament_cmake_args=None, catkin_cmake_args=None, catkin_skip_building_tests=False, verb_parser=<colcon_defaults.argument_parser.defaults.DefaultArgumentsDecorator object at 0x7aba5d52f6d0>, verb_extension=<colcon_core.verb.build.BuildVerb object at 0x7aba5d52f100>, main=<bound method BuildVerb.main of <colcon_core.verb.build.BuildVerb object at 0x7aba5d52f100>>)
[0.120s] Level 1:colcon.colcon_core.package_discovery:discover_packages(colcon_meta) check parameters
[0.120s] Level 1:colcon.colcon_core.package_discovery:discover_packages(recursive) check parameters
[0.120s] Level 1:colcon.colcon_core.package_discovery:discover_packages(ignore) check parameters
[0.120s] Level 1:colcon.colcon_core.package_discovery:discover_packages(path) check parameters
[0.120s] Level 1:colcon.colcon_core.package_discovery:discover_packages(colcon_meta) discover
[0.120s] Level 1:colcon.colcon_core.package_discovery:discover_packages(recursive) discover
[0.120s] INFO:colcon.colcon_core.package_discovery:Crawling recursively for packages in '/home/zyx/桌面/Robot_Arm/alicia_ws'
[0.120s] Level 1:colcon.colcon_core.package_identification:_identify(.) by extensions ['ignore', 'ignore_ament_install']
[0.120s] Level 1:colcon.colcon_core.package_identification:_identify(.) by extension 'ignore'
[0.120s] Level 1:colcon.colcon_core.package_identification:_identify(.) by extension 'ignore_ament_install'
[0.120s] Level 1:colcon.colcon_core.package_identification:_identify(.) by extensions ['colcon_pkg']
[0.120s] Level 1:colcon.colcon_core.package_identification:_identify(.) by extension 'colcon_pkg'
[0.120s] Level 1:colcon.colcon_core.package_identification:_identify(.) by extensions ['colcon_meta']
[0.120s] Level 1:colcon.colcon_core.package_identification:_identify(.) by extension 'colcon_meta'
[0.120s] Level 1:colcon.colcon_core.package_identification:_identify(.) by extensions ['ros']
[0.120s] Level 1:colcon.colcon_core.package_identification:_identify(.) by extension 'ros'
[0.125s] Level 1:colcon.colcon_core.package_identification:_identify(.) by extensions ['cmake', 'python']
[0.125s] Level 1:colcon.colcon_core.package_identification:_identify(.) by extension 'cmake'
[0.125s] Level 1:colcon.colcon_core.package_identification:_identify(.) by extension 'python'
[0.125s] Level 1:colcon.colcon_core.package_identification:_identify(.) by extensions ['python_setup_py']
[0.125s] Level 1:colcon.colcon_core.package_identification:_identify(.) by extension 'python_setup_py'
[0.125s] Level 1:colcon.colcon_core.package_identification:_identify(build) by extensions ['ignore', 'ignore_ament_install']
[0.125s] Level 1:colcon.colcon_core.package_identification:_identify(build) by extension 'ignore'
[0.125s] Level 1:colcon.colcon_core.package_identification:_identify(build) ignored
[0.125s] Level 1:colcon.colcon_core.package_identification:_identify(install) by extensions ['ignore', 'ignore_ament_install']
[0.125s] Level 1:colcon.colcon_core.package_identification:_identify(install) by extension 'ignore'
[0.125s] Level 1:colcon.colcon_core.package_identification:_identify(install) ignored
[0.125s] Level 1:colcon.colcon_core.package_identification:_identify(log) by extensions ['ignore', 'ignore_ament_install']
[0.125s] Level 1:colcon.colcon_core.package_identification:_identify(log) by extension 'ignore'
[0.125s] Level 1:colcon.colcon_core.package_identification:_identify(log) ignored
[0.125s] Level 1:colcon.colcon_core.package_identification:_identify(src) by extensions ['ignore', 'ignore_ament_install']
[0.125s] Level 1:colcon.colcon_core.package_identification:_identify(src) by extension 'ignore'
[0.125s] Level 1:colcon.colcon_core.package_identification:_identify(src) by extension 'ignore_ament_install'
[0.126s] Level 1:colcon.colcon_core.package_identification:_identify(src) by extensions ['colcon_pkg']
[0.126s] Level 1:colcon.colcon_core.package_identification:_identify(src) by extension 'colcon_pkg'
[0.126s] Level 1:colcon.colcon_core.package_identification:_identify(src) by extensions ['colcon_meta']
[0.126s] Level 1:colcon.colcon_core.package_identification:_identify(src) by extension 'colcon_meta'
[0.126s] Level 1:colcon.colcon_core.package_identification:_identify(src) by extensions ['ros']
[0.126s] Level 1:colcon.colcon_core.package_identification:_identify(src) by extension 'ros'
[0.126s] Level 1:colcon.colcon_core.package_identification:_identify(src) by extensions ['cmake', 'python']
[0.126s] Level 1:colcon.colcon_core.package_identification:_identify(src) by extension 'cmake'
[0.126s] Level 1:colcon.colcon_core.package_identification:_identify(src) by extension 'python'
[0.126s] Level 1:colcon.colcon_core.package_identification:_identify(src) by extensions ['python_setup_py']
[0.126s] Level 1:colcon.colcon_core.package_identification:_identify(src) by extension 'python_setup_py'
[0.126s] Level 1:colcon.colcon_core.package_identification:_identify(src/alicia_d_calibration) by extensions ['ignore', 'ignore_ament_install']
[0.126s] Level 1:colcon.colcon_core.package_identification:_identify(src/alicia_d_calibration) by extension 'ignore'
[0.126s] Level 1:colcon.colcon_core.package_identification:_identify(src/alicia_d_calibration) by extension 'ignore_ament_install'
[0.126s] Level 1:colcon.colcon_core.package_identification:_identify(src/alicia_d_calibration) by extensions ['colcon_pkg']
[0.126s] Level 1:colcon.colcon_core.package_identification:_identify(src/alicia_d_calibration) by extension 'colcon_pkg'
[0.126s] Level 1:colcon.colcon_core.package_identification:_identify(src/alicia_d_calibration) by extensions ['colcon_meta']
[0.126s] Level 1:colcon.colcon_core.package_identification:_identify(src/alicia_d_calibration) by extension 'colcon_meta'
[0.126s] Level 1:colcon.colcon_core.package_identification:_identify(src/alicia_d_calibration) by extensions ['ros']
[0.126s] Level 1:colcon.colcon_core.package_identification:_identify(src/alicia_d_calibration) by extension 'ros'
[0.127s] DEBUG:colcon.colcon_core.package_identification:Package 'src/alicia_d_calibration' with type 'ros.ament_cmake' and name 'alicia_d_calibration'
[0.127s] Level 1:colcon.colcon_core.package_identification:_identify(src/alicia_d_cube_sort) by extensions ['ignore', 'ignore_ament_install']
[0.127s] Level 1:colcon.colcon_core.package_identification:_identify(src/alicia_d_cube_sort) by extension 'ignore'
[0.127s] Level 1:colcon.colcon_core.package_identification:_identify(src/alicia_d_cube_sort) by extension 'ignore_ament_install'
[0.127s] Level 1:colcon.colcon_core.package_identification:_identify(src/alicia_d_cube_sort) by extensions ['colcon_pkg']
[0.128s] Level 1:colcon.colcon_core.package_identification:_identify(src/alicia_d_cube_sort) by extension 'colcon_pkg'
[0.128s] Level 1:colcon.colcon_core.package_identification:_identify(src/alicia_d_cube_sort) by extensions ['colcon_meta']
[0.128s] Level 1:colcon.colcon_core.package_identification:_identify(src/alicia_d_cube_sort) by extension 'colcon_meta'
[0.128s] Level 1:colcon.colcon_core.package_identification:_identify(src/alicia_d_cube_sort) by extensions ['ros']
[0.128s] Level 1:colcon.colcon_core.package_identification:_identify(src/alicia_d_cube_sort) by extension 'ros'
[0.128s] DEBUG:colcon.colcon_core.package_identification:Package 'src/alicia_d_cube_sort' with type 'ros.ament_cmake' and name 'alicia_d_cube_sort'
[0.128s] Level 1:colcon.colcon_core.package_identification:_identify(src/alicia_d_descriptions) by extensions ['ignore', 'ignore_ament_install']
[0.128s] Level 1:colcon.colcon_core.package_identification:_identify(src/alicia_d_descriptions) by extension 'ignore'
[0.128s] Level 1:colcon.colcon_core.package_identification:_identify(src/alicia_d_descriptions) by extension 'ignore_ament_install'
[0.128s] Level 1:colcon.colcon_core.package_identification:_identify(src/alicia_d_descriptions) by extensions ['colcon_pkg']
[0.128s] Level 1:colcon.colcon_core.package_identification:_identify(src/alicia_d_descriptions) by extension 'colcon_pkg'
[0.128s] Level 1:colcon.colcon_core.package_identification:_identify(src/alicia_d_descriptions) by extensions ['colcon_meta']
[0.128s] Level 1:colcon.colcon_core.package_identification:_identify(src/alicia_d_descriptions) by extension 'colcon_meta'
[0.128s] Level 1:colcon.colcon_core.package_identification:_identify(src/alicia_d_descriptions) by extensions ['ros']
[0.128s] Level 1:colcon.colcon_core.package_identification:_identify(src/alicia_d_descriptions) by extension 'ros'
[0.129s] DEBUG:colcon.colcon_core.package_identification:Package 'src/alicia_d_descriptions' with type 'ros.ament_cmake' and name 'alicia_d_descriptions'
[0.129s] Level 1:colcon.colcon_core.package_identification:_identify(src/alicia_d_driver) by extensions ['ignore', 'ignore_ament_install']
[0.129s] Level 1:colcon.colcon_core.package_identification:_identify(src/alicia_d_driver) by extension 'ignore'
[0.129s] Level 1:colcon.colcon_core.package_identification:_identify(src/alicia_d_driver) by extension 'ignore_ament_install'
[0.129s] Level 1:colcon.colcon_core.package_identification:_identify(src/alicia_d_driver) by extensions ['colcon_pkg']
[0.129s] Level 1:colcon.colcon_core.package_identification:_identify(src/alicia_d_driver) by extension 'colcon_pkg'
[0.129s] Level 1:colcon.colcon_core.package_identification:_identify(src/alicia_d_driver) by extensions ['colcon_meta']
[0.129s] Level 1:colcon.colcon_core.package_identification:_identify(src/alicia_d_driver) by extension 'colcon_meta'
[0.129s] Level 1:colcon.colcon_core.package_identification:_identify(src/alicia_d_driver) by extensions ['ros']
[0.129s] Level 1:colcon.colcon_core.package_identification:_identify(src/alicia_d_driver) by extension 'ros'
[0.129s] DEBUG:colcon.colcon_core.package_identification:Package 'src/alicia_d_driver' with type 'ros.ament_cmake' and name 'alicia_d_driver'
[0.129s] Level 1:colcon.colcon_core.package_identification:_identify(src/alicia_d_grasp_6d) by extensions ['ignore', 'ignore_ament_install']
[0.129s] Level 1:colcon.colcon_core.package_identification:_identify(src/alicia_d_grasp_6d) by extension 'ignore'
[0.129s] Level 1:colcon.colcon_core.package_identification:_identify(src/alicia_d_grasp_6d) by extension 'ignore_ament_install'
[0.129s] Level 1:colcon.colcon_core.package_identification:_identify(src/alicia_d_grasp_6d) by extensions ['colcon_pkg']
[0.129s] Level 1:colcon.colcon_core.package_identification:_identify(src/alicia_d_grasp_6d) by extension 'colcon_pkg'
[0.129s] Level 1:colcon.colcon_core.package_identification:_identify(src/alicia_d_grasp_6d) by extensions ['colcon_meta']
[0.129s] Level 1:colcon.colcon_core.package_identification:_identify(src/alicia_d_grasp_6d) by extension 'colcon_meta'
[0.129s] Level 1:colcon.colcon_core.package_identification:_identify(src/alicia_d_grasp_6d) by extensions ['ros']
[0.129s] Level 1:colcon.colcon_core.package_identification:_identify(src/alicia_d_grasp_6d) by extension 'ros'
[0.130s] Level 1:colcon.colcon_core.package_identification:_identify(src/alicia_d_grasp_6d) by extensions ['cmake', 'python']
[0.130s] Level 1:colcon.colcon_core.package_identification:_identify(src/alicia_d_grasp_6d) by extension 'cmake'
[0.130s] Level 1:colcon.colcon_core.package_identification:_identify(src/alicia_d_grasp_6d) by extension 'python'
[0.130s] Level 1:colcon.colcon_core.package_identification:_identify(src/alicia_d_grasp_6d) by extensions ['python_setup_py']
[0.130s] Level 1:colcon.colcon_core.package_identification:_identify(src/alicia_d_grasp_6d) by extension 'python_setup_py'
[0.130s] Level 1:colcon.colcon_core.package_identification:_identify(src/alicia_d_grasp_6d/Models) by extensions ['ignore', 'ignore_ament_install']
[0.130s] Level 1:colcon.colcon_core.package_identification:_identify(src/alicia_d_grasp_6d/Models) by extension 'ignore'
[0.130s] Level 1:colcon.colcon_core.package_identification:_identify(src/alicia_d_grasp_6d/Models) ignored
[0.130s] Level 1:colcon.colcon_core.package_identification:_identify(src/alicia_d_grasp_6d/scripts) by extensions ['ignore', 'ignore_ament_install']
[0.130s] Level 1:colcon.colcon_core.package_identification:_identify(src/alicia_d_grasp_6d/scripts) by extension 'ignore'
[0.130s] Level 1:colcon.colcon_core.package_identification:_identify(src/alicia_d_grasp_6d/scripts) by extension 'ignore_ament_install'
[0.130s] Level 1:colcon.colcon_core.package_identification:_identify(src/alicia_d_grasp_6d/scripts) by extensions ['colcon_pkg']
[0.130s] Level 1:colcon.colcon_core.package_identification:_identify(src/alicia_d_grasp_6d/scripts) by extension 'colcon_pkg'
[0.130s] Level 1:colcon.colcon_core.package_identification:_identify(src/alicia_d_grasp_6d/scripts) by extensions ['colcon_meta']
[0.130s] Level 1:colcon.colcon_core.package_identification:_identify(src/alicia_d_grasp_6d/scripts) by extension 'colcon_meta'
[0.130s] Level 1:colcon.colcon_core.package_identification:_identify(src/alicia_d_grasp_6d/scripts) by extensions ['ros']
[0.130s] Level 1:colcon.colcon_core.package_identification:_identify(src/alicia_d_grasp_6d/scripts) by extension 'ros'
[0.130s] Level 1:colcon.colcon_core.package_identification:_identify(src/alicia_d_grasp_6d/scripts) by extensions ['cmake', 'python']
[0.130s] Level 1:colcon.colcon_core.package_identification:_identify(src/alicia_d_grasp_6d/scripts) by extension 'cmake'
[0.130s] Level 1:colcon.colcon_core.package_identification:_identify(src/alicia_d_grasp_6d/scripts) by extension 'python'
[0.130s] Level 1:colcon.colcon_core.package_identification:_identify(src/alicia_d_grasp_6d/scripts) by extensions ['python_setup_py']
[0.130s] Level 1:colcon.colcon_core.package_identification:_identify(src/alicia_d_grasp_6d/scripts) by extension 'python_setup_py'
[0.130s] Level 1:colcon.colcon_core.package_identification:_identify(src/alicia_d_grasp_6d/scripts/intel_rs_d405) by extensions ['ignore', 'ignore_ament_install']
[0.130s] Level 1:colcon.colcon_core.package_identification:_identify(src/alicia_d_grasp_6d/scripts/intel_rs_d405) by extension 'ignore'
[0.130s] Level 1:colcon.colcon_core.package_identification:_identify(src/alicia_d_grasp_6d/scripts/intel_rs_d405) by extension 'ignore_ament_install'
[0.130s] Level 1:colcon.colcon_core.package_identification:_identify(src/alicia_d_grasp_6d/scripts/intel_rs_d405) by extensions ['colcon_pkg']
[0.130s] Level 1:colcon.colcon_core.package_identification:_identify(src/alicia_d_grasp_6d/scripts/intel_rs_d405) by extension 'colcon_pkg'
[0.130s] Level 1:colcon.colcon_core.package_identification:_identify(src/alicia_d_grasp_6d/scripts/intel_rs_d405) by extensions ['colcon_meta']
[0.130s] Level 1:colcon.colcon_core.package_identification:_identify(src/alicia_d_grasp_6d/scripts/intel_rs_d405) by extension 'colcon_meta'
[0.130s] Level 1:colcon.colcon_core.package_identification:_identify(src/alicia_d_grasp_6d/scripts/intel_rs_d405) by extensions ['ros']
[0.130s] Level 1:colcon.colcon_core.package_identification:_identify(src/alicia_d_grasp_6d/scripts/intel_rs_d405) by extension 'ros'
[0.130s] Level 1:colcon.colcon_core.package_identification:_identify(src/alicia_d_grasp_6d/scripts/intel_rs_d405) by extensions ['cmake', 'python']
[0.130s] Level 1:colcon.colcon_core.package_identification:_identify(src/alicia_d_grasp_6d/scripts/intel_rs_d405) by extension 'cmake'
[0.130s] Level 1:colcon.colcon_core.package_identification:_identify(src/alicia_d_grasp_6d/scripts/intel_rs_d405) by extension 'python'
[0.130s] Level 1:colcon.colcon_core.package_identification:_identify(src/alicia_d_grasp_6d/scripts/intel_rs_d405) by extensions ['python_setup_py']
[0.130s] Level 1:colcon.colcon_core.package_identification:_identify(src/alicia_d_grasp_6d/scripts/intel_rs_d405) by extension 'python_setup_py'
[0.130s] Level 1:colcon.colcon_core.package_identification:_identify(src/alicia_d_grasp_6d/scripts/intel_rs_d405/utils) by extensions ['ignore', 'ignore_ament_install']
[0.130s] Level 1:colcon.colcon_core.package_identification:_identify(src/alicia_d_grasp_6d/scripts/intel_rs_d405/utils) by extension 'ignore'
[0.130s] Level 1:colcon.colcon_core.package_identification:_identify(src/alicia_d_grasp_6d/scripts/intel_rs_d405/utils) by extension 'ignore_ament_install'
[0.130s] Level 1:colcon.colcon_core.package_identification:_identify(src/alicia_d_grasp_6d/scripts/intel_rs_d405/utils) by extensions ['colcon_pkg']
[0.130s] Level 1:colcon.colcon_core.package_identification:_identify(src/alicia_d_grasp_6d/scripts/intel_rs_d405/utils) by extension 'colcon_pkg'
[0.130s] Level 1:colcon.colcon_core.package_identification:_identify(src/alicia_d_grasp_6d/scripts/intel_rs_d405/utils) by extensions ['colcon_meta']
[0.130s] Level 1:colcon.colcon_core.package_identification:_identify(src/alicia_d_grasp_6d/scripts/intel_rs_d405/utils) by extension 'colcon_meta'
[0.130s] Level 1:colcon.colcon_core.package_identification:_identify(src/alicia_d_grasp_6d/scripts/intel_rs_d405/utils) by extensions ['ros']
[0.130s] Level 1:colcon.colcon_core.package_identification:_identify(src/alicia_d_grasp_6d/scripts/intel_rs_d405/utils) by extension 'ros'
[0.130s] Level 1:colcon.colcon_core.package_identification:_identify(src/alicia_d_grasp_6d/scripts/intel_rs_d405/utils) by extensions ['cmake', 'python']
[0.130s] Level 1:colcon.colcon_core.package_identification:_identify(src/alicia_d_grasp_6d/scripts/intel_rs_d405/utils) by extension 'cmake'
[0.130s] Level 1:colcon.colcon_core.package_identification:_identify(src/alicia_d_grasp_6d/scripts/intel_rs_d405/utils) by extension 'python'
[0.130s] Level 1:colcon.colcon_core.package_identification:_identify(src/alicia_d_grasp_6d/scripts/intel_rs_d405/utils) by extensions ['python_setup_py']
[0.130s] Level 1:colcon.colcon_core.package_identification:_identify(src/alicia_d_grasp_6d/scripts/intel_rs_d405/utils) by extension 'python_setup_py'
[0.130s] Level 1:colcon.colcon_core.package_identification:_identify(src/alicia_d_grasp_6d/scripts/orbbec_gemini_335) by extensions ['ignore', 'ignore_ament_install']
[0.130s] Level 1:colcon.colcon_core.package_identification:_identify(src/alicia_d_grasp_6d/scripts/orbbec_gemini_335) by extension 'ignore'
[0.130s] Level 1:colcon.colcon_core.package_identification:_identify(src/alicia_d_grasp_6d/scripts/orbbec_gemini_335) by extension 'ignore_ament_install'
[0.130s] Level 1:colcon.colcon_core.package_identification:_identify(src/alicia_d_grasp_6d/scripts/orbbec_gemini_335) by extensions ['colcon_pkg']
[0.130s] Level 1:colcon.colcon_core.package_identification:_identify(src/alicia_d_grasp_6d/scripts/orbbec_gemini_335) by extension 'colcon_pkg'
[0.130s] Level 1:colcon.colcon_core.package_identification:_identify(src/alicia_d_grasp_6d/scripts/orbbec_gemini_335) by extensions ['colcon_meta']
[0.131s] Level 1:colcon.colcon_core.package_identification:_identify(src/alicia_d_grasp_6d/scripts/orbbec_gemini_335) by extension 'colcon_meta'
[0.131s] Level 1:colcon.colcon_core.package_identification:_identify(src/alicia_d_grasp_6d/scripts/orbbec_gemini_335) by extensions ['ros']
[0.131s] Level 1:colcon.colcon_core.package_identification:_identify(src/alicia_d_grasp_6d/scripts/orbbec_gemini_335) by extension 'ros'
[0.131s] Level 1:colcon.colcon_core.package_identification:_identify(src/alicia_d_grasp_6d/scripts/orbbec_gemini_335) by extensions ['cmake', 'python']
[0.131s] Level 1:colcon.colcon_core.package_identification:_identify(src/alicia_d_grasp_6d/scripts/orbbec_gemini_335) by extension 'cmake'
[0.131s] Level 1:colcon.colcon_core.package_identification:_identify(src/alicia_d_grasp_6d/scripts/orbbec_gemini_335) by extension 'python'
[0.131s] Level 1:colcon.colcon_core.package_identification:_identify(src/alicia_d_grasp_6d/scripts/orbbec_gemini_335) by extensions ['python_setup_py']
[0.131s] Level 1:colcon.colcon_core.package_identification:_identify(src/alicia_d_grasp_6d/scripts/orbbec_gemini_335) by extension 'python_setup_py'
[0.131s] Level 1:colcon.colcon_core.package_identification:_identify(src/alicia_d_grasp_6d/scripts/orbbec_gemini_335/utils) by extensions ['ignore', 'ignore_ament_install']
[0.131s] Level 1:colcon.colcon_core.package_identification:_identify(src/alicia_d_grasp_6d/scripts/orbbec_gemini_335/utils) by extension 'ignore'
[0.131s] Level 1:colcon.colcon_core.package_identification:_identify(src/alicia_d_grasp_6d/scripts/orbbec_gemini_335/utils) by extension 'ignore_ament_install'
[0.131s] Level 1:colcon.colcon_core.package_identification:_identify(src/alicia_d_grasp_6d/scripts/orbbec_gemini_335/utils) by extensions ['colcon_pkg']
[0.131s] Level 1:colcon.colcon_core.package_identification:_identify(src/alicia_d_grasp_6d/scripts/orbbec_gemini_335/utils) by extension 'colcon_pkg'
[0.131s] Level 1:colcon.colcon_core.package_identification:_identify(src/alicia_d_grasp_6d/scripts/orbbec_gemini_335/utils) by extensions ['colcon_meta']
[0.131s] Level 1:colcon.colcon_core.package_identification:_identify(src/alicia_d_grasp_6d/scripts/orbbec_gemini_335/utils) by extension 'colcon_meta'
[0.131s] Level 1:colcon.colcon_core.package_identification:_identify(src/alicia_d_grasp_6d/scripts/orbbec_gemini_335/utils) by extensions ['ros']
[0.131s] Level 1:colcon.colcon_core.package_identification:_identify(src/alicia_d_grasp_6d/scripts/orbbec_gemini_335/utils) by extension 'ros'
[0.131s] Level 1:colcon.colcon_core.package_identification:_identify(src/alicia_d_grasp_6d/scripts/orbbec_gemini_335/utils) by extensions ['cmake', 'python']
[0.131s] Level 1:colcon.colcon_core.package_identification:_identify(src/alicia_d_grasp_6d/scripts/orbbec_gemini_335/utils) by extension 'cmake'
[0.131s] Level 1:colcon.colcon_core.package_identification:_identify(src/alicia_d_grasp_6d/scripts/orbbec_gemini_335/utils) by extension 'python'
[0.131s] Level 1:colcon.colcon_core.package_identification:_identify(src/alicia_d_grasp_6d/scripts/orbbec_gemini_335/utils) by extensions ['python_setup_py']
[0.131s] Level 1:colcon.colcon_core.package_identification:_identify(src/alicia_d_grasp_6d/scripts/orbbec_gemini_335/utils) by extension 'python_setup_py'
[0.131s] Level 1:colcon.colcon_core.package_identification:_identify(src/alicia_d_moveit) by extensions ['ignore', 'ignore_ament_install']
[0.131s] Level 1:colcon.colcon_core.package_identification:_identify(src/alicia_d_moveit) by extension 'ignore'
[0.131s] Level 1:colcon.colcon_core.package_identification:_identify(src/alicia_d_moveit) by extension 'ignore_ament_install'
[0.131s] Level 1:colcon.colcon_core.package_identification:_identify(src/alicia_d_moveit) by extensions ['colcon_pkg']
[0.131s] Level 1:colcon.colcon_core.package_identification:_identify(src/alicia_d_moveit) by extension 'colcon_pkg'
[0.131s] Level 1:colcon.colcon_core.package_identification:_identify(src/alicia_d_moveit) by extensions ['colcon_meta']
[0.131s] Level 1:colcon.colcon_core.package_identification:_identify(src/alicia_d_moveit) by extension 'colcon_meta'
[0.131s] Level 1:colcon.colcon_core.package_identification:_identify(src/alicia_d_moveit) by extensions ['ros']
[0.131s] Level 1:colcon.colcon_core.package_identification:_identify(src/alicia_d_moveit) by extension 'ros'
[0.131s] DEBUG:colcon.colcon_core.package_identification:Package 'src/alicia_d_moveit' with type 'ros.ament_cmake' and name 'alicia_d_moveit'
[0.131s] Level 1:colcon.colcon_core.package_identification:_identify(src/docs) by extensions ['ignore', 'ignore_ament_install']
[0.132s] Level 1:colcon.colcon_core.package_identification:_identify(src/docs) by extension 'ignore'
[0.132s] Level 1:colcon.colcon_core.package_identification:_identify(src/docs) by extension 'ignore_ament_install'
[0.132s] Level 1:colcon.colcon_core.package_identification:_identify(src/docs) by extensions ['colcon_pkg']
[0.132s] Level 1:colcon.colcon_core.package_identification:_identify(src/docs) by extension 'colcon_pkg'
[0.132s] Level 1:colcon.colcon_core.package_identification:_identify(src/docs) by extensions ['colcon_meta']
[0.132s] Level 1:colcon.colcon_core.package_identification:_identify(src/docs) by extension 'colcon_meta'
[0.132s] Level 1:colcon.colcon_core.package_identification:_identify(src/docs) by extensions ['ros']
[0.132s] Level 1:colcon.colcon_core.package_identification:_identify(src/docs) by extension 'ros'
[0.132s] Level 1:colcon.colcon_core.package_identification:_identify(src/docs) by extensions ['cmake', 'python']
[0.132s] Level 1:colcon.colcon_core.package_identification:_identify(src/docs) by extension 'cmake'
[0.132s] Level 1:colcon.colcon_core.package_identification:_identify(src/docs) by extension 'python'
[0.132s] Level 1:colcon.colcon_core.package_identification:_identify(src/docs) by extensions ['python_setup_py']
[0.132s] Level 1:colcon.colcon_core.package_identification:_identify(src/docs) by extension 'python_setup_py'
[0.132s] Level 1:colcon.colcon_core.package_identification:_identify(src/examples) by extensions ['ignore', 'ignore_ament_install']
[0.132s] Level 1:colcon.colcon_core.package_identification:_identify(src/examples) by extension 'ignore'
[0.132s] Level 1:colcon.colcon_core.package_identification:_identify(src/examples) by extension 'ignore_ament_install'
[0.132s] Level 1:colcon.colcon_core.package_identification:_identify(src/examples) by extensions ['colcon_pkg']
[0.132s] Level 1:colcon.colcon_core.package_identification:_identify(src/examples) by extension 'colcon_pkg'
[0.132s] Level 1:colcon.colcon_core.package_identification:_identify(src/examples) by extensions ['colcon_meta']
[0.132s] Level 1:colcon.colcon_core.package_identification:_identify(src/examples) by extension 'colcon_meta'
[0.132s] Level 1:colcon.colcon_core.package_identification:_identify(src/examples) by extensions ['ros']
[0.132s] Level 1:colcon.colcon_core.package_identification:_identify(src/examples) by extension 'ros'
[0.132s] Level 1:colcon.colcon_core.package_identification:_identify(src/examples) by extensions ['cmake', 'python']
[0.132s] Level 1:colcon.colcon_core.package_identification:_identify(src/examples) by extension 'cmake'
[0.132s] Level 1:colcon.colcon_core.package_identification:_identify(src/examples) by extension 'python'
[0.132s] Level 1:colcon.colcon_core.package_identification:_identify(src/examples) by extensions ['python_setup_py']
[0.132s] Level 1:colcon.colcon_core.package_identification:_identify(src/examples) by extension 'python_setup_py'
[0.132s] Level 1:colcon.colcon_core.package_identification:_identify(src/imgs) by extensions ['ignore', 'ignore_ament_install']
[0.132s] Level 1:colcon.colcon_core.package_identification:_identify(src/imgs) by extension 'ignore'
[0.132s] Level 1:colcon.colcon_core.package_identification:_identify(src/imgs) by extension 'ignore_ament_install'
[0.132s] Level 1:colcon.colcon_core.package_identification:_identify(src/imgs) by extensions ['colcon_pkg']
[0.132s] Level 1:colcon.colcon_core.package_identification:_identify(src/imgs) by extension 'colcon_pkg'
[0.132s] Level 1:colcon.colcon_core.package_identification:_identify(src/imgs) by extensions ['colcon_meta']
[0.132s] Level 1:colcon.colcon_core.package_identification:_identify(src/imgs) by extension 'colcon_meta'
[0.132s] Level 1:colcon.colcon_core.package_identification:_identify(src/imgs) by extensions ['ros']
[0.132s] Level 1:colcon.colcon_core.package_identification:_identify(src/imgs) by extension 'ros'
[0.132s] Level 1:colcon.colcon_core.package_identification:_identify(src/imgs) by extensions ['cmake', 'python']
[0.132s] Level 1:colcon.colcon_core.package_identification:_identify(src/imgs) by extension 'cmake'
[0.132s] Level 1:colcon.colcon_core.package_identification:_identify(src/imgs) by extension 'python'
[0.132s] Level 1:colcon.colcon_core.package_identification:_identify(src/imgs) by extensions ['python_setup_py']
[0.132s] Level 1:colcon.colcon_core.package_identification:_identify(src/imgs) by extension 'python_setup_py'
[0.132s] Level 1:colcon.colcon_core.package_discovery:discover_packages(recursive) using defaults
[0.132s] Level 1:colcon.colcon_core.package_discovery:discover_packages(ignore) discover
[0.132s] Level 1:colcon.colcon_core.package_discovery:discover_packages(ignore) using defaults
[0.132s] Level 1:colcon.colcon_core.package_discovery:discover_packages(path) discover
[0.132s] Level 1:colcon.colcon_core.package_discovery:discover_packages(path) using defaults
[0.142s] Level 1:colcon.colcon_core.package_discovery:discover_packages(prefix_path) check parameters
[0.142s] Level 1:colcon.colcon_core.package_discovery:discover_packages(prefix_path) discover
[0.143s] DEBUG:colcon.colcon_installed_package_information.package_discovery:Found 354 installed packages in /opt/ros/humble
[0.148s] Level 1:colcon.colcon_core.package_discovery:discover_packages(prefix_path) using defaults
[0.167s] Level 5:colcon.colcon_core.verb:set package 'alicia_d_calibration' build argument 'cmake_args' from command line to 'None'
[0.167s] Level 5:colcon.colcon_core.verb:set package 'alicia_d_calibration' build argument 'cmake_target' from command line to 'None'
[0.168s] Level 5:colcon.colcon_core.verb:set package 'alicia_d_calibration' build argument 'cmake_target_skip_unavailable' from command line to 'False'
[0.168s] Level 5:colcon.colcon_core.verb:set package 'alicia_d_calibration' build argument 'cmake_clean_cache' from command line to 'False'
[0.168s] Level 5:colcon.colcon_core.verb:set package 'alicia_d_calibration' build argument 'cmake_clean_first' from command line to 'False'
[0.168s] Level 5:colcon.colcon_core.verb:set package 'alicia_d_calibration' build argument 'cmake_force_configure' from command line to 'False'
[0.168s] Level 5:colcon.colcon_core.verb:set package 'alicia_d_calibration' build argument 'ament_cmake_args' from command line to 'None'
[0.168s] Level 5:colcon.colcon_core.verb:set package 'alicia_d_calibration' build argument 'catkin_cmake_args' from command line to 'None'
[0.168s] Level 5:colcon.colcon_core.verb:set package 'alicia_d_calibration' build argument 'catkin_skip_building_tests' from command line to 'False'
[0.168s] DEBUG:colcon.colcon_core.verb:Building package 'alicia_d_calibration' with the following arguments: {'ament_cmake_args': None, 'build_base': '/home/zyx/桌面/Robot_Arm/alicia_ws/build/alicia_d_calibration', 'catkin_cmake_args': None, 'catkin_skip_building_tests': False, 'cmake_args': None, 'cmake_clean_cache': False, 'cmake_clean_first': False, 'cmake_force_configure': False, 'cmake_target': None, 'cmake_target_skip_unavailable': False, 'install_base': '/home/zyx/桌面/Robot_Arm/alicia_ws/install/alicia_d_calibration', 'merge_install': False, 'path': '/home/zyx/桌面/Robot_Arm/alicia_ws/src/alicia_d_calibration', 'symlink_install': False, 'test_result_base': None}
[0.168s] Level 5:colcon.colcon_core.verb:set package 'alicia_d_cube_sort' build argument 'cmake_args' from command line to 'None'
[0.168s] Level 5:colcon.colcon_core.verb:set package 'alicia_d_cube_sort' build argument 'cmake_target' from command line to 'None'
[0.168s] Level 5:colcon.colcon_core.verb:set package 'alicia_d_cube_sort' build argument 'cmake_target_skip_unavailable' from command line to 'False'
[0.168s] Level 5:colcon.colcon_core.verb:set package 'alicia_d_cube_sort' build argument 'cmake_clean_cache' from command line to 'False'
[0.168s] Level 5:colcon.colcon_core.verb:set package 'alicia_d_cube_sort' build argument 'cmake_clean_first' from command line to 'False'
[0.168s] Level 5:colcon.colcon_core.verb:set package 'alicia_d_cube_sort' build argument 'cmake_force_configure' from command line to 'False'
[0.168s] Level 5:colcon.colcon_core.verb:set package 'alicia_d_cube_sort' build argument 'ament_cmake_args' from command line to 'None'
[0.168s] Level 5:colcon.colcon_core.verb:set package 'alicia_d_cube_sort' build argument 'catkin_cmake_args' from command line to 'None'
[0.168s] Level 5:colcon.colcon_core.verb:set package 'alicia_d_cube_sort' build argument 'catkin_skip_building_tests' from command line to 'False'
[0.168s] DEBUG:colcon.colcon_core.verb:Building package 'alicia_d_cube_sort' with the following arguments: {'ament_cmake_args': None, 'build_base': '/home/zyx/桌面/Robot_Arm/alicia_ws/build/alicia_d_cube_sort', 'catkin_cmake_args': None, 'catkin_skip_building_tests': False, 'cmake_args': None, 'cmake_clean_cache': False, 'cmake_clean_first': False, 'cmake_force_configure': False, 'cmake_target': None, 'cmake_target_skip_unavailable': False, 'install_base': '/home/zyx/桌面/Robot_Arm/alicia_ws/install/alicia_d_cube_sort', 'merge_install': False, 'path': '/home/zyx/桌面/Robot_Arm/alicia_ws/src/alicia_d_cube_sort', 'symlink_install': False, 'test_result_base': None}
[0.168s] Level 5:colcon.colcon_core.verb:set package 'alicia_d_descriptions' build argument 'cmake_args' from command line to 'None'
[0.168s] Level 5:colcon.colcon_core.verb:set package 'alicia_d_descriptions' build argument 'cmake_target' from command line to 'None'
[0.168s] Level 5:colcon.colcon_core.verb:set package 'alicia_d_descriptions' build argument 'cmake_target_skip_unavailable' from command line to 'False'
[0.168s] Level 5:colcon.colcon_core.verb:set package 'alicia_d_descriptions' build argument 'cmake_clean_cache' from command line to 'False'
[0.168s] Level 5:colcon.colcon_core.verb:set package 'alicia_d_descriptions' build argument 'cmake_clean_first' from command line to 'False'
[0.168s] Level 5:colcon.colcon_core.verb:set package 'alicia_d_descriptions' build argument 'cmake_force_configure' from command line to 'False'
[0.168s] Level 5:colcon.colcon_core.verb:set package 'alicia_d_descriptions' build argument 'ament_cmake_args' from command line to 'None'
[0.168s] Level 5:colcon.colcon_core.verb:set package 'alicia_d_descriptions' build argument 'catkin_cmake_args' from command line to 'None'
[0.168s] Level 5:colcon.colcon_core.verb:set package 'alicia_d_descriptions' build argument 'catkin_skip_building_tests' from command line to 'False'
[0.168s] DEBUG:colcon.colcon_core.verb:Building package 'alicia_d_descriptions' with the following arguments: {'ament_cmake_args': None, 'build_base': '/home/zyx/桌面/Robot_Arm/alicia_ws/build/alicia_d_descriptions', 'catkin_cmake_args': None, 'catkin_skip_building_tests': False, 'cmake_args': None, 'cmake_clean_cache': False, 'cmake_clean_first': False, 'cmake_force_configure': False, 'cmake_target': None, 'cmake_target_skip_unavailable': False, 'install_base': '/home/zyx/桌面/Robot_Arm/alicia_ws/install/alicia_d_descriptions', 'merge_install': False, 'path': '/home/zyx/桌面/Robot_Arm/alicia_ws/src/alicia_d_descriptions', 'symlink_install': False, 'test_result_base': None}
[0.168s] Level 5:colcon.colcon_core.verb:set package 'alicia_d_driver' build argument 'cmake_args' from command line to 'None'
[0.168s] Level 5:colcon.colcon_core.verb:set package 'alicia_d_driver' build argument 'cmake_target' from command line to 'None'
[0.168s] Level 5:colcon.colcon_core.verb:set package 'alicia_d_driver' build argument 'cmake_target_skip_unavailable' from command line to 'False'
[0.168s] Level 5:colcon.colcon_core.verb:set package 'alicia_d_driver' build argument 'cmake_clean_cache' from command line to 'False'
[0.168s] Level 5:colcon.colcon_core.verb:set package 'alicia_d_driver' build argument 'cmake_clean_first' from command line to 'False'
[0.168s] Level 5:colcon.colcon_core.verb:set package 'alicia_d_driver' build argument 'cmake_force_configure' from command line to 'False'
[0.168s] Level 5:colcon.colcon_core.verb:set package 'alicia_d_driver' build argument 'ament_cmake_args' from command line to 'None'
[0.168s] Level 5:colcon.colcon_core.verb:set package 'alicia_d_driver' build argument 'catkin_cmake_args' from command line to 'None'
[0.168s] Level 5:colcon.colcon_core.verb:set package 'alicia_d_driver' build argument 'catkin_skip_building_tests' from command line to 'False'
[0.168s] DEBUG:colcon.colcon_core.verb:Building package 'alicia_d_driver' with the following arguments: {'ament_cmake_args': None, 'build_base': '/home/zyx/桌面/Robot_Arm/alicia_ws/build/alicia_d_driver', 'catkin_cmake_args': None, 'catkin_skip_building_tests': False, 'cmake_args': None, 'cmake_clean_cache': False, 'cmake_clean_first': False, 'cmake_force_configure': False, 'cmake_target': None, 'cmake_target_skip_unavailable': False, 'install_base': '/home/zyx/桌面/Robot_Arm/alicia_ws/install/alicia_d_driver', 'merge_install': False, 'path': '/home/zyx/桌面/Robot_Arm/alicia_ws/src/alicia_d_driver', 'symlink_install': False, 'test_result_base': None}
[0.168s] Level 5:colcon.colcon_core.verb:set package 'alicia_d_moveit' build argument 'cmake_args' from command line to 'None'
[0.168s] Level 5:colcon.colcon_core.verb:set package 'alicia_d_moveit' build argument 'cmake_target' from command line to 'None'
[0.168s] Level 5:colcon.colcon_core.verb:set package 'alicia_d_moveit' build argument 'cmake_target_skip_unavailable' from command line to 'False'
[0.169s] Level 5:colcon.colcon_core.verb:set package 'alicia_d_moveit' build argument 'cmake_clean_cache' from command line to 'False'
[0.169s] Level 5:colcon.colcon_core.verb:set package 'alicia_d_moveit' build argument 'cmake_clean_first' from command line to 'False'
[0.169s] Level 5:colcon.colcon_core.verb:set package 'alicia_d_moveit' build argument 'cmake_force_configure' from command line to 'False'
[0.169s] Level 5:colcon.colcon_core.verb:set package 'alicia_d_moveit' build argument 'ament_cmake_args' from command line to 'None'
[0.169s] Level 5:colcon.colcon_core.verb:set package 'alicia_d_moveit' build argument 'catkin_cmake_args' from command line to 'None'
[0.169s] Level 5:colcon.colcon_core.verb:set package 'alicia_d_moveit' build argument 'catkin_skip_building_tests' from command line to 'False'
[0.169s] DEBUG:colcon.colcon_core.verb:Building package 'alicia_d_moveit' with the following arguments: {'ament_cmake_args': None, 'build_base': '/home/zyx/桌面/Robot_Arm/alicia_ws/build/alicia_d_moveit', 'catkin_cmake_args': None, 'catkin_skip_building_tests': False, 'cmake_args': None, 'cmake_clean_cache': False, 'cmake_clean_first': False, 'cmake_force_configure': False, 'cmake_target': None, 'cmake_target_skip_unavailable': False, 'install_base': '/home/zyx/桌面/Robot_Arm/alicia_ws/install/alicia_d_moveit', 'merge_install': False, 'path': '/home/zyx/桌面/Robot_Arm/alicia_ws/src/alicia_d_moveit', 'symlink_install': False, 'test_result_base': None}
[0.169s] INFO:colcon.colcon_core.executor:Executing jobs using 'parallel' executor
[0.169s] DEBUG:colcon.colcon_parallel_executor.executor.parallel:run_until_complete
[0.170s] INFO:colcon.colcon_ros.task.ament_cmake.build:Building ROS package in '/home/zyx/桌面/Robot_Arm/alicia_ws/src/alicia_d_descriptions' with build type 'ament_cmake'
[0.170s] INFO:colcon.colcon_cmake.task.cmake.build:Building CMake package in '/home/zyx/桌面/Robot_Arm/alicia_ws/src/alicia_d_descriptions'
[0.171s] INFO:colcon.colcon_core.plugin_system:Skipping extension 'colcon_core.shell.bat': Not used on non-Windows systems
[0.171s] INFO:colcon.colcon_core.shell:Skip shell extension 'powershell' for command environment: Not usable outside of PowerShell
[0.171s] DEBUG:colcon.colcon_core.shell:Skip shell extension 'dsv' for command environment
[0.173s] INFO:colcon.colcon_ros.task.ament_cmake.build:Building ROS package in '/home/zyx/桌面/Robot_Arm/alicia_ws/src/alicia_d_driver' with build type 'ament_cmake'
[0.173s] INFO:colcon.colcon_cmake.task.cmake.build:Building CMake package in '/home/zyx/桌面/Robot_Arm/alicia_ws/src/alicia_d_driver'
[0.173s] INFO:colcon.colcon_core.shell:Skip shell extension 'powershell' for command environment: Not usable outside of PowerShell
[0.173s] DEBUG:colcon.colcon_core.shell:Skip shell extension 'dsv' for command environment
[0.175s] INFO:colcon.colcon_ros.task.ament_cmake.build:Building ROS package in '/home/zyx/桌面/Robot_Arm/alicia_ws/src/alicia_d_calibration' with build type 'ament_cmake'
[0.175s] INFO:colcon.colcon_cmake.task.cmake.build:Building CMake package in '/home/zyx/桌面/Robot_Arm/alicia_ws/src/alicia_d_calibration'
[0.175s] INFO:colcon.colcon_core.shell:Skip shell extension 'powershell' for command environment: Not usable outside of PowerShell
[0.175s] DEBUG:colcon.colcon_core.shell:Skip shell extension 'dsv' for command environment
[0.176s] INFO:colcon.colcon_ros.task.ament_cmake.build:Building ROS package in '/home/zyx/桌面/Robot_Arm/alicia_ws/src/alicia_d_cube_sort' with build type 'ament_cmake'
[0.176s] INFO:colcon.colcon_cmake.task.cmake.build:Building CMake package in '/home/zyx/桌面/Robot_Arm/alicia_ws/src/alicia_d_cube_sort'
[0.177s] INFO:colcon.colcon_core.shell:Skip shell extension 'powershell' for command environment: Not usable outside of PowerShell
[0.177s] DEBUG:colcon.colcon_core.shell:Skip shell extension 'dsv' for command environment
[0.183s] DEBUG:colcon.colcon_core.event_handler.log_command:Invoking command in '/home/zyx/桌面/Robot_Arm/alicia_ws/build/alicia_d_descriptions': CMAKE_PREFIX_PATH=/opt/ros/humble /usr/bin/cmake /home/zyx/桌面/Robot_Arm/alicia_ws/src/alicia_d_descriptions -DCMAKE_INSTALL_PREFIX=/home/zyx/桌面/Robot_Arm/alicia_ws/install/alicia_d_descriptions
[0.185s] DEBUG:colcon.colcon_core.event_handler.log_command:Invoking command in '/home/zyx/桌面/Robot_Arm/alicia_ws/build/alicia_d_driver': CMAKE_PREFIX_PATH=/opt/ros/humble /usr/bin/cmake /home/zyx/桌面/Robot_Arm/alicia_ws/src/alicia_d_driver -DCMAKE_INSTALL_PREFIX=/home/zyx/桌面/Robot_Arm/alicia_ws/install/alicia_d_driver
[0.186s] DEBUG:colcon.colcon_core.event_handler.log_command:Invoking command in '/home/zyx/桌面/Robot_Arm/alicia_ws/build/alicia_d_calibration': CMAKE_PREFIX_PATH=/opt/ros/humble /usr/bin/cmake /home/zyx/桌面/Robot_Arm/alicia_ws/src/alicia_d_calibration -DCMAKE_INSTALL_PREFIX=/home/zyx/桌面/Robot_Arm/alicia_ws/install/alicia_d_calibration
[0.189s] DEBUG:colcon.colcon_core.event_handler.log_command:Invoking command in '/home/zyx/桌面/Robot_Arm/alicia_ws/build/alicia_d_cube_sort': CMAKE_PREFIX_PATH=/opt/ros/humble /usr/bin/cmake /home/zyx/桌面/Robot_Arm/alicia_ws/src/alicia_d_cube_sort -DCMAKE_INSTALL_PREFIX=/home/zyx/桌面/Robot_Arm/alicia_ws/install/alicia_d_cube_sort
[0.658s] DEBUG:colcon.colcon_core.event_handler.log_command:Invoked command in '/home/zyx/桌面/Robot_Arm/alicia_ws/build/alicia_d_descriptions' returned '0': CMAKE_PREFIX_PATH=/opt/ros/humble /usr/bin/cmake /home/zyx/桌面/Robot_Arm/alicia_ws/src/alicia_d_descriptions -DCMAKE_INSTALL_PREFIX=/home/zyx/桌面/Robot_Arm/alicia_ws/install/alicia_d_descriptions
[0.659s] DEBUG:colcon.colcon_core.event_handler.log_command:Invoking command in '/home/zyx/桌面/Robot_Arm/alicia_ws/build/alicia_d_descriptions': CMAKE_PREFIX_PATH=/opt/ros/humble /usr/bin/cmake --build /home/zyx/桌面/Robot_Arm/alicia_ws/build/alicia_d_descriptions -- -j32 -l32
[0.687s] DEBUG:colcon.colcon_core.event_handler.log_command:Invoked command in '/home/zyx/桌面/Robot_Arm/alicia_ws/build/alicia_d_descriptions' returned '0': CMAKE_PREFIX_PATH=/opt/ros/humble /usr/bin/cmake --build /home/zyx/桌面/Robot_Arm/alicia_ws/build/alicia_d_descriptions -- -j32 -l32
[0.715s] DEBUG:colcon.colcon_core.event_handler.log_command:Invoking command in '/home/zyx/桌面/Robot_Arm/alicia_ws/build/alicia_d_descriptions': CMAKE_PREFIX_PATH=/opt/ros/humble /usr/bin/cmake --install /home/zyx/桌面/Robot_Arm/alicia_ws/build/alicia_d_descriptions
[0.717s] DEBUG:colcon.colcon_core.event_handler.log_command:Invoked command in '/home/zyx/桌面/Robot_Arm/alicia_ws/build/alicia_d_cube_sort' returned '0': CMAKE_PREFIX_PATH=/opt/ros/humble /usr/bin/cmake /home/zyx/桌面/Robot_Arm/alicia_ws/src/alicia_d_cube_sort -DCMAKE_INSTALL_PREFIX=/home/zyx/桌面/Robot_Arm/alicia_ws/install/alicia_d_cube_sort
[0.719s] DEBUG:colcon.colcon_core.event_handler.log_command:Invoking command in '/home/zyx/桌面/Robot_Arm/alicia_ws/build/alicia_d_cube_sort': CMAKE_PREFIX_PATH=/opt/ros/humble /usr/bin/cmake --build /home/zyx/桌面/Robot_Arm/alicia_ws/build/alicia_d_cube_sort -- -j32 -l32
[0.721s] DEBUG:colcon.colcon_core.event_handler.log_command:Invoked command in '/home/zyx/桌面/Robot_Arm/alicia_ws/build/alicia_d_calibration' returned '0': CMAKE_PREFIX_PATH=/opt/ros/humble /usr/bin/cmake /home/zyx/桌面/Robot_Arm/alicia_ws/src/alicia_d_calibration -DCMAKE_INSTALL_PREFIX=/home/zyx/桌面/Robot_Arm/alicia_ws/install/alicia_d_calibration
[0.722s] DEBUG:colcon.colcon_core.event_handler.log_command:Invoking command in '/home/zyx/桌面/Robot_Arm/alicia_ws/build/alicia_d_calibration': CMAKE_PREFIX_PATH=/opt/ros/humble /usr/bin/cmake --build /home/zyx/桌面/Robot_Arm/alicia_ws/build/alicia_d_calibration -- -j32 -l32
[0.772s] Level 1:colcon.colcon_core.environment:create_environment_scripts_only(alicia_d_descriptions)
[0.773s] DEBUG:colcon.colcon_core.event_handler.log_command:Invoked command in '/home/zyx/桌面/Robot_Arm/alicia_ws/build/alicia_d_descriptions' returned '0': CMAKE_PREFIX_PATH=/opt/ros/humble /usr/bin/cmake --install /home/zyx/桌面/Robot_Arm/alicia_ws/build/alicia_d_descriptions
[0.775s] Level 1:colcon.colcon_core.environment:checking '/home/zyx/桌面/Robot_Arm/alicia_ws/install/alicia_d_descriptions' for CMake module files
[0.776s] Level 1:colcon.colcon_core.environment:checking '/home/zyx/桌面/Robot_Arm/alicia_ws/install/alicia_d_descriptions' for CMake config files
[0.776s] Level 1:colcon.colcon_core.shell:create_environment_hook('alicia_d_descriptions', 'cmake_prefix_path')
[0.776s] INFO:colcon.colcon_core.shell:Creating environment hook '/home/zyx/桌面/Robot_Arm/alicia_ws/install/alicia_d_descriptions/share/alicia_d_descriptions/hook/cmake_prefix_path.ps1'
[0.777s] INFO:colcon.colcon_core.shell:Creating environment descriptor '/home/zyx/桌面/Robot_Arm/alicia_ws/install/alicia_d_descriptions/share/alicia_d_descriptions/hook/cmake_prefix_path.dsv'
[0.777s] INFO:colcon.colcon_core.shell:Creating environment hook '/home/zyx/桌面/Robot_Arm/alicia_ws/install/alicia_d_descriptions/share/alicia_d_descriptions/hook/cmake_prefix_path.sh'
[0.778s] Level 1:colcon.colcon_core.environment:checking '/home/zyx/桌面/Robot_Arm/alicia_ws/install/alicia_d_descriptions/lib'
[0.778s] Level 1:colcon.colcon_core.environment:checking '/home/zyx/桌面/Robot_Arm/alicia_ws/install/alicia_d_descriptions/bin'
[0.778s] Level 1:colcon.colcon_core.environment:checking '/home/zyx/桌面/Robot_Arm/alicia_ws/install/alicia_d_descriptions/lib/pkgconfig/alicia_d_descriptions.pc'
[0.778s] Level 1:colcon.colcon_core.environment:checking '/home/zyx/桌面/Robot_Arm/alicia_ws/install/alicia_d_descriptions/lib/python3.10/site-packages'
[0.778s] Level 1:colcon.colcon_core.environment:checking '/home/zyx/桌面/Robot_Arm/alicia_ws/install/alicia_d_descriptions/bin'
[0.779s] INFO:colcon.colcon_core.shell:Creating package script '/home/zyx/桌面/Robot_Arm/alicia_ws/install/alicia_d_descriptions/share/alicia_d_descriptions/package.ps1'
[0.779s] INFO:colcon.colcon_core.shell:Creating package descriptor '/home/zyx/桌面/Robot_Arm/alicia_ws/install/alicia_d_descriptions/share/alicia_d_descriptions/package.dsv'
[0.780s] INFO:colcon.colcon_core.shell:Creating package script '/home/zyx/桌面/Robot_Arm/alicia_ws/install/alicia_d_descriptions/share/alicia_d_descriptions/package.sh'
[0.781s] INFO:colcon.colcon_core.shell:Creating package script '/home/zyx/桌面/Robot_Arm/alicia_ws/install/alicia_d_descriptions/share/alicia_d_descriptions/package.bash'
[0.781s] INFO:colcon.colcon_core.shell:Creating package script '/home/zyx/桌面/Robot_Arm/alicia_ws/install/alicia_d_descriptions/share/alicia_d_descriptions/package.zsh'
[0.782s] Level 1:colcon.colcon_core.environment:create_file_with_runtime_dependencies(/home/zyx/桌面/Robot_Arm/alicia_ws/install/alicia_d_descriptions/share/colcon-core/packages/alicia_d_descriptions)
[0.801s] Level 1:colcon.colcon_core.environment:create_environment_scripts_only(alicia_d_descriptions)
[0.801s] Level 1:colcon.colcon_core.environment:checking '/home/zyx/桌面/Robot_Arm/alicia_ws/install/alicia_d_descriptions' for CMake module files
[0.802s] Level 1:colcon.colcon_core.environment:checking '/home/zyx/桌面/Robot_Arm/alicia_ws/install/alicia_d_descriptions' for CMake config files
[0.802s] Level 1:colcon.colcon_core.shell:create_environment_hook('alicia_d_descriptions', 'cmake_prefix_path')
[0.802s] INFO:colcon.colcon_core.shell:Creating environment hook '/home/zyx/桌面/Robot_Arm/alicia_ws/install/alicia_d_descriptions/share/alicia_d_descriptions/hook/cmake_prefix_path.ps1'
[0.802s] INFO:colcon.colcon_core.shell:Creating environment descriptor '/home/zyx/桌面/Robot_Arm/alicia_ws/install/alicia_d_descriptions/share/alicia_d_descriptions/hook/cmake_prefix_path.dsv'
[0.803s] INFO:colcon.colcon_core.shell:Creating environment hook '/home/zyx/桌面/Robot_Arm/alicia_ws/install/alicia_d_descriptions/share/alicia_d_descriptions/hook/cmake_prefix_path.sh'
[0.803s] Level 1:colcon.colcon_core.environment:checking '/home/zyx/桌面/Robot_Arm/alicia_ws/install/alicia_d_descriptions/lib'
[0.803s] Level 1:colcon.colcon_core.environment:checking '/home/zyx/桌面/Robot_Arm/alicia_ws/install/alicia_d_descriptions/bin'
[0.803s] Level 1:colcon.colcon_core.environment:checking '/home/zyx/桌面/Robot_Arm/alicia_ws/install/alicia_d_descriptions/lib/pkgconfig/alicia_d_descriptions.pc'
[0.804s] Level 1:colcon.colcon_core.environment:checking '/home/zyx/桌面/Robot_Arm/alicia_ws/install/alicia_d_descriptions/lib/python3.10/site-packages'
[0.804s] Level 1:colcon.colcon_core.environment:checking '/home/zyx/桌面/Robot_Arm/alicia_ws/install/alicia_d_descriptions/bin'
[0.804s] INFO:colcon.colcon_core.shell:Creating package script '/home/zyx/桌面/Robot_Arm/alicia_ws/install/alicia_d_descriptions/share/alicia_d_descriptions/package.ps1'
[0.804s] INFO:colcon.colcon_core.shell:Creating package descriptor '/home/zyx/桌面/Robot_Arm/alicia_ws/install/alicia_d_descriptions/share/alicia_d_descriptions/package.dsv'
[0.805s] INFO:colcon.colcon_core.shell:Creating package script '/home/zyx/桌面/Robot_Arm/alicia_ws/install/alicia_d_descriptions/share/alicia_d_descriptions/package.sh'
[0.806s] INFO:colcon.colcon_core.shell:Creating package script '/home/zyx/桌面/Robot_Arm/alicia_ws/install/alicia_d_descriptions/share/alicia_d_descriptions/package.bash'
[0.806s] INFO:colcon.colcon_core.shell:Creating package script '/home/zyx/桌面/Robot_Arm/alicia_ws/install/alicia_d_descriptions/share/alicia_d_descriptions/package.zsh'
[0.806s] Level 1:colcon.colcon_core.environment:create_file_with_runtime_dependencies(/home/zyx/桌面/Robot_Arm/alicia_ws/install/alicia_d_descriptions/share/colcon-core/packages/alicia_d_descriptions)
[0.942s] DEBUG:colcon.colcon_core.event_handler.log_command:Invoked command in '/home/zyx/桌面/Robot_Arm/alicia_ws/build/alicia_d_cube_sort' returned '0': CMAKE_PREFIX_PATH=/opt/ros/humble /usr/bin/cmake --build /home/zyx/桌面/Robot_Arm/alicia_ws/build/alicia_d_cube_sort -- -j32 -l32
[0.944s] DEBUG:colcon.colcon_core.event_handler.log_command:Invoked command in '/home/zyx/桌面/Robot_Arm/alicia_ws/build/alicia_d_calibration' returned '0': CMAKE_PREFIX_PATH=/opt/ros/humble /usr/bin/cmake --build /home/zyx/桌面/Robot_Arm/alicia_ws/build/alicia_d_calibration -- -j32 -l32
[0.963s] DEBUG:colcon.colcon_core.event_handler.log_command:Invoking command in '/home/zyx/桌面/Robot_Arm/alicia_ws/build/alicia_d_calibration': CMAKE_PREFIX_PATH=/opt/ros/humble /usr/bin/cmake --install /home/zyx/桌面/Robot_Arm/alicia_ws/build/alicia_d_calibration
[0.965s] DEBUG:colcon.colcon_core.event_handler.log_command:Invoking command in '/home/zyx/桌面/Robot_Arm/alicia_ws/build/alicia_d_cube_sort': CMAKE_PREFIX_PATH=/opt/ros/humble /usr/bin/cmake --install /home/zyx/桌面/Robot_Arm/alicia_ws/build/alicia_d_cube_sort
[0.998s] Level 1:colcon.colcon_core.environment:create_environment_scripts_only(alicia_d_calibration)
[0.999s] Level 1:colcon.colcon_core.environment:checking '/home/zyx/桌面/Robot_Arm/alicia_ws/install/alicia_d_calibration' for CMake module files
[1.000s] DEBUG:colcon.colcon_core.event_handler.log_command:Invoked command in '/home/zyx/桌面/Robot_Arm/alicia_ws/build/alicia_d_calibration' returned '0': CMAKE_PREFIX_PATH=/opt/ros/humble /usr/bin/cmake --install /home/zyx/桌面/Robot_Arm/alicia_ws/build/alicia_d_calibration
[1.002s] Level 1:colcon.colcon_core.environment:checking '/home/zyx/桌面/Robot_Arm/alicia_ws/install/alicia_d_calibration' for CMake config files
[1.002s] Level 1:colcon.colcon_core.shell:create_environment_hook('alicia_d_calibration', 'cmake_prefix_path')
[1.002s] INFO:colcon.colcon_core.shell:Creating environment hook '/home/zyx/桌面/Robot_Arm/alicia_ws/install/alicia_d_calibration/share/alicia_d_calibration/hook/cmake_prefix_path.ps1'
[1.002s] INFO:colcon.colcon_core.shell:Creating environment descriptor '/home/zyx/桌面/Robot_Arm/alicia_ws/install/alicia_d_calibration/share/alicia_d_calibration/hook/cmake_prefix_path.dsv'
[1.003s] INFO:colcon.colcon_core.shell:Creating environment hook '/home/zyx/桌面/Robot_Arm/alicia_ws/install/alicia_d_calibration/share/alicia_d_calibration/hook/cmake_prefix_path.sh'
[1.003s] Level 1:colcon.colcon_core.environment:checking '/home/zyx/桌面/Robot_Arm/alicia_ws/install/alicia_d_calibration/lib'
[1.003s] Level 1:colcon.colcon_core.environment:checking '/home/zyx/桌面/Robot_Arm/alicia_ws/install/alicia_d_calibration/bin'
[1.003s] Level 1:colcon.colcon_core.environment:checking '/home/zyx/桌面/Robot_Arm/alicia_ws/install/alicia_d_calibration/lib/pkgconfig/alicia_d_calibration.pc'
[1.003s] Level 1:colcon.colcon_core.environment:checking '/home/zyx/桌面/Robot_Arm/alicia_ws/install/alicia_d_calibration/lib/python3.10/site-packages'
[1.004s] Level 1:colcon.colcon_core.environment:checking '/home/zyx/桌面/Robot_Arm/alicia_ws/install/alicia_d_calibration/bin'
[1.004s] INFO:colcon.colcon_core.shell:Creating package script '/home/zyx/桌面/Robot_Arm/alicia_ws/install/alicia_d_calibration/share/alicia_d_calibration/package.ps1'
[1.004s] INFO:colcon.colcon_core.shell:Creating package descriptor '/home/zyx/桌面/Robot_Arm/alicia_ws/install/alicia_d_calibration/share/alicia_d_calibration/package.dsv'
[1.004s] INFO:colcon.colcon_core.shell:Creating package script '/home/zyx/桌面/Robot_Arm/alicia_ws/install/alicia_d_calibration/share/alicia_d_calibration/package.sh'
[1.004s] INFO:colcon.colcon_core.shell:Creating package script '/home/zyx/桌面/Robot_Arm/alicia_ws/install/alicia_d_calibration/share/alicia_d_calibration/package.bash'
[1.005s] INFO:colcon.colcon_core.shell:Creating package script '/home/zyx/桌面/Robot_Arm/alicia_ws/install/alicia_d_calibration/share/alicia_d_calibration/package.zsh'
[1.005s] Level 1:colcon.colcon_core.environment:create_file_with_runtime_dependencies(/home/zyx/桌面/Robot_Arm/alicia_ws/install/alicia_d_calibration/share/colcon-core/packages/alicia_d_calibration)
[1.006s] Level 1:colcon.colcon_core.environment:create_environment_scripts_only(alicia_d_cube_sort)
[1.006s] Level 1:colcon.colcon_core.environment:checking '/home/zyx/桌面/Robot_Arm/alicia_ws/install/alicia_d_cube_sort' for CMake module files
[1.007s] DEBUG:colcon.colcon_core.event_handler.log_command:Invoked command in '/home/zyx/桌面/Robot_Arm/alicia_ws/build/alicia_d_cube_sort' returned '0': CMAKE_PREFIX_PATH=/opt/ros/humble /usr/bin/cmake --install /home/zyx/桌面/Robot_Arm/alicia_ws/build/alicia_d_cube_sort
[1.007s] Level 1:colcon.colcon_core.environment:checking '/home/zyx/桌面/Robot_Arm/alicia_ws/install/alicia_d_cube_sort' for CMake config files
[1.007s] Level 1:colcon.colcon_core.shell:create_environment_hook('alicia_d_cube_sort', 'cmake_prefix_path')
[1.007s] INFO:colcon.colcon_core.shell:Creating environment hook '/home/zyx/桌面/Robot_Arm/alicia_ws/install/alicia_d_cube_sort/share/alicia_d_cube_sort/hook/cmake_prefix_path.ps1'
[1.007s] INFO:colcon.colcon_core.shell:Creating environment descriptor '/home/zyx/桌面/Robot_Arm/alicia_ws/install/alicia_d_cube_sort/share/alicia_d_cube_sort/hook/cmake_prefix_path.dsv'
[1.008s] INFO:colcon.colcon_core.shell:Creating environment hook '/home/zyx/桌面/Robot_Arm/alicia_ws/install/alicia_d_cube_sort/share/alicia_d_cube_sort/hook/cmake_prefix_path.sh'
[1.008s] Level 1:colcon.colcon_core.environment:checking '/home/zyx/桌面/Robot_Arm/alicia_ws/install/alicia_d_cube_sort/lib'
[1.008s] Level 1:colcon.colcon_core.environment:checking '/home/zyx/桌面/Robot_Arm/alicia_ws/install/alicia_d_cube_sort/bin'
[1.008s] Level 1:colcon.colcon_core.environment:checking '/home/zyx/桌面/Robot_Arm/alicia_ws/install/alicia_d_cube_sort/lib/pkgconfig/alicia_d_cube_sort.pc'
[1.008s] Level 1:colcon.colcon_core.environment:checking '/home/zyx/桌面/Robot_Arm/alicia_ws/install/alicia_d_cube_sort/lib/python3.10/site-packages'
[1.008s] Level 1:colcon.colcon_core.environment:checking '/home/zyx/桌面/Robot_Arm/alicia_ws/install/alicia_d_cube_sort/bin'
[1.008s] INFO:colcon.colcon_core.shell:Creating package script '/home/zyx/桌面/Robot_Arm/alicia_ws/install/alicia_d_cube_sort/share/alicia_d_cube_sort/package.ps1'
[1.008s] INFO:colcon.colcon_core.shell:Creating package descriptor '/home/zyx/桌面/Robot_Arm/alicia_ws/install/alicia_d_cube_sort/share/alicia_d_cube_sort/package.dsv'
[1.008s] INFO:colcon.colcon_core.shell:Creating package script '/home/zyx/桌面/Robot_Arm/alicia_ws/install/alicia_d_cube_sort/share/alicia_d_cube_sort/package.sh'
[1.009s] INFO:colcon.colcon_core.shell:Creating package script '/home/zyx/桌面/Robot_Arm/alicia_ws/install/alicia_d_cube_sort/share/alicia_d_cube_sort/package.bash'
[1.009s] INFO:colcon.colcon_core.shell:Creating package script '/home/zyx/桌面/Robot_Arm/alicia_ws/install/alicia_d_cube_sort/share/alicia_d_cube_sort/package.zsh'
[1.009s] Level 1:colcon.colcon_core.environment:create_file_with_runtime_dependencies(/home/zyx/桌面/Robot_Arm/alicia_ws/install/alicia_d_cube_sort/share/colcon-core/packages/alicia_d_cube_sort)
[1.024s] Level 1:colcon.colcon_core.environment:create_environment_scripts_only(alicia_d_calibration)
[1.025s] Level 1:colcon.colcon_core.environment:checking '/home/zyx/桌面/Robot_Arm/alicia_ws/install/alicia_d_calibration' for CMake module files
[1.025s] Level 1:colcon.colcon_core.environment:checking '/home/zyx/桌面/Robot_Arm/alicia_ws/install/alicia_d_calibration' for CMake config files
[1.025s] Level 1:colcon.colcon_core.shell:create_environment_hook('alicia_d_calibration', 'cmake_prefix_path')
[1.025s] INFO:colcon.colcon_core.shell:Creating environment hook '/home/zyx/桌面/Robot_Arm/alicia_ws/install/alicia_d_calibration/share/alicia_d_calibration/hook/cmake_prefix_path.ps1'
[1.025s] INFO:colcon.colcon_core.shell:Creating environment descriptor '/home/zyx/桌面/Robot_Arm/alicia_ws/install/alicia_d_calibration/share/alicia_d_calibration/hook/cmake_prefix_path.dsv'
[1.026s] INFO:colcon.colcon_core.shell:Creating environment hook '/home/zyx/桌面/Robot_Arm/alicia_ws/install/alicia_d_calibration/share/alicia_d_calibration/hook/cmake_prefix_path.sh'
[1.026s] Level 1:colcon.colcon_core.environment:checking '/home/zyx/桌面/Robot_Arm/alicia_ws/install/alicia_d_calibration/lib'
[1.026s] Level 1:colcon.colcon_core.environment:checking '/home/zyx/桌面/Robot_Arm/alicia_ws/install/alicia_d_calibration/bin'
[1.026s] Level 1:colcon.colcon_core.environment:checking '/home/zyx/桌面/Robot_Arm/alicia_ws/install/alicia_d_calibration/lib/pkgconfig/alicia_d_calibration.pc'
[1.026s] Level 1:colcon.colcon_core.environment:checking '/home/zyx/桌面/Robot_Arm/alicia_ws/install/alicia_d_calibration/lib/python3.10/site-packages'
[1.026s] Level 1:colcon.colcon_core.environment:checking '/home/zyx/桌面/Robot_Arm/alicia_ws/install/alicia_d_calibration/bin'
[1.026s] INFO:colcon.colcon_core.shell:Creating package script '/home/zyx/桌面/Robot_Arm/alicia_ws/install/alicia_d_calibration/share/alicia_d_calibration/package.ps1'
[1.027s] INFO:colcon.colcon_core.shell:Creating package descriptor '/home/zyx/桌面/Robot_Arm/alicia_ws/install/alicia_d_calibration/share/alicia_d_calibration/package.dsv'
[1.027s] INFO:colcon.colcon_core.shell:Creating package script '/home/zyx/桌面/Robot_Arm/alicia_ws/install/alicia_d_calibration/share/alicia_d_calibration/package.sh'
[1.027s] INFO:colcon.colcon_core.shell:Creating package script '/home/zyx/桌面/Robot_Arm/alicia_ws/install/alicia_d_calibration/share/alicia_d_calibration/package.bash'
[1.027s] INFO:colcon.colcon_core.shell:Creating package script '/home/zyx/桌面/Robot_Arm/alicia_ws/install/alicia_d_calibration/share/alicia_d_calibration/package.zsh'
[1.028s] Level 1:colcon.colcon_core.environment:create_file_with_runtime_dependencies(/home/zyx/桌面/Robot_Arm/alicia_ws/install/alicia_d_calibration/share/colcon-core/packages/alicia_d_calibration)
[1.029s] Level 1:colcon.colcon_core.environment:create_environment_scripts_only(alicia_d_cube_sort)
[1.029s] Level 1:colcon.colcon_core.environment:checking '/home/zyx/桌面/Robot_Arm/alicia_ws/install/alicia_d_cube_sort' for CMake module files
[1.029s] Level 1:colcon.colcon_core.environment:checking '/home/zyx/桌面/Robot_Arm/alicia_ws/install/alicia_d_cube_sort' for CMake config files
[1.029s] Level 1:colcon.colcon_core.shell:create_environment_hook('alicia_d_cube_sort', 'cmake_prefix_path')
[1.029s] INFO:colcon.colcon_core.shell:Creating environment hook '/home/zyx/桌面/Robot_Arm/alicia_ws/install/alicia_d_cube_sort/share/alicia_d_cube_sort/hook/cmake_prefix_path.ps1'
[1.030s] INFO:colcon.colcon_core.shell:Creating environment descriptor '/home/zyx/桌面/Robot_Arm/alicia_ws/install/alicia_d_cube_sort/share/alicia_d_cube_sort/hook/cmake_prefix_path.dsv'
[1.030s] INFO:colcon.colcon_core.shell:Creating environment hook '/home/zyx/桌面/Robot_Arm/alicia_ws/install/alicia_d_cube_sort/share/alicia_d_cube_sort/hook/cmake_prefix_path.sh'
[1.030s] Level 1:colcon.colcon_core.environment:checking '/home/zyx/桌面/Robot_Arm/alicia_ws/install/alicia_d_cube_sort/lib'
[1.030s] Level 1:colcon.colcon_core.environment:checking '/home/zyx/桌面/Robot_Arm/alicia_ws/install/alicia_d_cube_sort/bin'
[1.030s] Level 1:colcon.colcon_core.environment:checking '/home/zyx/桌面/Robot_Arm/alicia_ws/install/alicia_d_cube_sort/lib/pkgconfig/alicia_d_cube_sort.pc'
[1.030s] Level 1:colcon.colcon_core.environment:checking '/home/zyx/桌面/Robot_Arm/alicia_ws/install/alicia_d_cube_sort/lib/python3.10/site-packages'
[1.030s] Level 1:colcon.colcon_core.environment:checking '/home/zyx/桌面/Robot_Arm/alicia_ws/install/alicia_d_cube_sort/bin'
[1.030s] INFO:colcon.colcon_core.shell:Creating package script '/home/zyx/桌面/Robot_Arm/alicia_ws/install/alicia_d_cube_sort/share/alicia_d_cube_sort/package.ps1'
[1.031s] INFO:colcon.colcon_core.shell:Creating package descriptor '/home/zyx/桌面/Robot_Arm/alicia_ws/install/alicia_d_cube_sort/share/alicia_d_cube_sort/package.dsv'
[1.031s] INFO:colcon.colcon_core.shell:Creating package script '/home/zyx/桌面/Robot_Arm/alicia_ws/install/alicia_d_cube_sort/share/alicia_d_cube_sort/package.sh'
[1.031s] INFO:colcon.colcon_core.shell:Creating package script '/home/zyx/桌面/Robot_Arm/alicia_ws/install/alicia_d_cube_sort/share/alicia_d_cube_sort/package.bash'
[1.031s] INFO:colcon.colcon_core.shell:Creating package script '/home/zyx/桌面/Robot_Arm/alicia_ws/install/alicia_d_cube_sort/share/alicia_d_cube_sort/package.zsh'
[1.031s] Level 1:colcon.colcon_core.environment:create_file_with_runtime_dependencies(/home/zyx/桌面/Robot_Arm/alicia_ws/install/alicia_d_cube_sort/share/colcon-core/packages/alicia_d_cube_sort)
[1.057s] DEBUG:colcon.colcon_core.event_handler.log_command:Invoked command in '/home/zyx/桌面/Robot_Arm/alicia_ws/build/alicia_d_driver' returned '0': CMAKE_PREFIX_PATH=/opt/ros/humble /usr/bin/cmake /home/zyx/桌面/Robot_Arm/alicia_ws/src/alicia_d_driver -DCMAKE_INSTALL_PREFIX=/home/zyx/桌面/Robot_Arm/alicia_ws/install/alicia_d_driver
[1.058s] DEBUG:colcon.colcon_core.event_handler.log_command:Invoking command in '/home/zyx/桌面/Robot_Arm/alicia_ws/build/alicia_d_driver': CMAKE_PREFIX_PATH=/opt/ros/humble /usr/bin/cmake --build /home/zyx/桌面/Robot_Arm/alicia_ws/build/alicia_d_driver -- -j32 -l32
[11.077s] DEBUG:colcon.colcon_core.event_handler.log_command:Invoked command in '/home/zyx/桌面/Robot_Arm/alicia_ws/build/alicia_d_driver' returned '0': CMAKE_PREFIX_PATH=/opt/ros/humble /usr/bin/cmake --build /home/zyx/桌面/Robot_Arm/alicia_ws/build/alicia_d_driver -- -j32 -l32
[11.105s] DEBUG:colcon.colcon_core.event_handler.log_command:Invoking command in '/home/zyx/桌面/Robot_Arm/alicia_ws/build/alicia_d_driver': CMAKE_PREFIX_PATH=/opt/ros/humble /usr/bin/cmake --install /home/zyx/桌面/Robot_Arm/alicia_ws/build/alicia_d_driver
[11.115s] Level 1:colcon.colcon_core.environment:create_environment_scripts_only(alicia_d_driver)
[11.115s] Level 1:colcon.colcon_core.environment:checking '/home/zyx/桌面/Robot_Arm/alicia_ws/install/alicia_d_driver' for CMake module files
[11.116s] DEBUG:colcon.colcon_core.event_handler.log_command:Invoked command in '/home/zyx/桌面/Robot_Arm/alicia_ws/build/alicia_d_driver' returned '0': CMAKE_PREFIX_PATH=/opt/ros/humble /usr/bin/cmake --install /home/zyx/桌面/Robot_Arm/alicia_ws/build/alicia_d_driver
[11.116s] Level 1:colcon.colcon_core.environment:checking '/home/zyx/桌面/Robot_Arm/alicia_ws/install/alicia_d_driver' for CMake config files
[11.116s] Level 1:colcon.colcon_core.shell:create_environment_hook('alicia_d_driver', 'cmake_prefix_path')
[11.116s] INFO:colcon.colcon_core.shell:Creating environment hook '/home/zyx/桌面/Robot_Arm/alicia_ws/install/alicia_d_driver/share/alicia_d_driver/hook/cmake_prefix_path.ps1'
[11.116s] INFO:colcon.colcon_core.shell:Creating environment descriptor '/home/zyx/桌面/Robot_Arm/alicia_ws/install/alicia_d_driver/share/alicia_d_driver/hook/cmake_prefix_path.dsv'
[11.117s] INFO:colcon.colcon_core.shell:Creating environment hook '/home/zyx/桌面/Robot_Arm/alicia_ws/install/alicia_d_driver/share/alicia_d_driver/hook/cmake_prefix_path.sh'
[11.117s] Level 1:colcon.colcon_core.environment:checking '/home/zyx/桌面/Robot_Arm/alicia_ws/install/alicia_d_driver/lib'
[11.117s] Level 1:colcon.colcon_core.shell:create_environment_hook('alicia_d_driver', 'ld_library_path_lib')
[11.117s] INFO:colcon.colcon_core.shell:Creating environment hook '/home/zyx/桌面/Robot_Arm/alicia_ws/install/alicia_d_driver/share/alicia_d_driver/hook/ld_library_path_lib.ps1'
[11.117s] INFO:colcon.colcon_core.shell:Creating environment descriptor '/home/zyx/桌面/Robot_Arm/alicia_ws/install/alicia_d_driver/share/alicia_d_driver/hook/ld_library_path_lib.dsv'
[11.118s] INFO:colcon.colcon_core.shell:Creating environment hook '/home/zyx/桌面/Robot_Arm/alicia_ws/install/alicia_d_driver/share/alicia_d_driver/hook/ld_library_path_lib.sh'
[11.118s] Level 1:colcon.colcon_core.environment:checking '/home/zyx/桌面/Robot_Arm/alicia_ws/install/alicia_d_driver/bin'
[11.118s] Level 1:colcon.colcon_core.environment:checking '/home/zyx/桌面/Robot_Arm/alicia_ws/install/alicia_d_driver/lib/pkgconfig/alicia_d_driver.pc'
[11.118s] Level 1:colcon.colcon_core.environment:checking '/home/zyx/桌面/Robot_Arm/alicia_ws/install/alicia_d_driver/lib/python3.10/site-packages'
[11.118s] Level 1:colcon.colcon_core.environment:checking '/home/zyx/桌面/Robot_Arm/alicia_ws/install/alicia_d_driver/bin'
[11.119s] INFO:colcon.colcon_core.shell:Creating package script '/home/zyx/桌面/Robot_Arm/alicia_ws/install/alicia_d_driver/share/alicia_d_driver/package.ps1'
[11.119s] INFO:colcon.colcon_core.shell:Creating package descriptor '/home/zyx/桌面/Robot_Arm/alicia_ws/install/alicia_d_driver/share/alicia_d_driver/package.dsv'
[11.119s] INFO:colcon.colcon_core.shell:Creating package script '/home/zyx/桌面/Robot_Arm/alicia_ws/install/alicia_d_driver/share/alicia_d_driver/package.sh'
[11.119s] INFO:colcon.colcon_core.shell:Creating package script '/home/zyx/桌面/Robot_Arm/alicia_ws/install/alicia_d_driver/share/alicia_d_driver/package.bash'
[11.120s] INFO:colcon.colcon_core.shell:Creating package script '/home/zyx/桌面/Robot_Arm/alicia_ws/install/alicia_d_driver/share/alicia_d_driver/package.zsh'
[11.120s] Level 1:colcon.colcon_core.environment:create_file_with_runtime_dependencies(/home/zyx/桌面/Robot_Arm/alicia_ws/install/alicia_d_driver/share/colcon-core/packages/alicia_d_driver)
[11.148s] Level 1:colcon.colcon_core.environment:create_environment_scripts_only(alicia_d_driver)
[11.148s] Level 1:colcon.colcon_core.environment:checking '/home/zyx/桌面/Robot_Arm/alicia_ws/install/alicia_d_driver' for CMake module files
[11.148s] Level 1:colcon.colcon_core.environment:checking '/home/zyx/桌面/Robot_Arm/alicia_ws/install/alicia_d_driver' for CMake config files
[11.148s] Level 1:colcon.colcon_core.shell:create_environment_hook('alicia_d_driver', 'cmake_prefix_path')
[11.148s] INFO:colcon.colcon_core.shell:Creating environment hook '/home/zyx/桌面/Robot_Arm/alicia_ws/install/alicia_d_driver/share/alicia_d_driver/hook/cmake_prefix_path.ps1'
[11.149s] INFO:colcon.colcon_core.shell:Creating environment descriptor '/home/zyx/桌面/Robot_Arm/alicia_ws/install/alicia_d_driver/share/alicia_d_driver/hook/cmake_prefix_path.dsv'
[11.149s] INFO:colcon.colcon_core.shell:Creating environment hook '/home/zyx/桌面/Robot_Arm/alicia_ws/install/alicia_d_driver/share/alicia_d_driver/hook/cmake_prefix_path.sh'
[11.149s] Level 1:colcon.colcon_core.environment:checking '/home/zyx/桌面/Robot_Arm/alicia_ws/install/alicia_d_driver/lib'
[11.149s] Level 1:colcon.colcon_core.shell:create_environment_hook('alicia_d_driver', 'ld_library_path_lib')
[11.149s] INFO:colcon.colcon_core.shell:Creating environment hook '/home/zyx/桌面/Robot_Arm/alicia_ws/install/alicia_d_driver/share/alicia_d_driver/hook/ld_library_path_lib.ps1'
[11.149s] INFO:colcon.colcon_core.shell:Creating environment descriptor '/home/zyx/桌面/Robot_Arm/alicia_ws/install/alicia_d_driver/share/alicia_d_driver/hook/ld_library_path_lib.dsv'
[11.149s] INFO:colcon.colcon_core.shell:Creating environment hook '/home/zyx/桌面/Robot_Arm/alicia_ws/install/alicia_d_driver/share/alicia_d_driver/hook/ld_library_path_lib.sh'
[11.149s] Level 1:colcon.colcon_core.environment:checking '/home/zyx/桌面/Robot_Arm/alicia_ws/install/alicia_d_driver/bin'
[11.149s] Level 1:colcon.colcon_core.environment:checking '/home/zyx/桌面/Robot_Arm/alicia_ws/install/alicia_d_driver/lib/pkgconfig/alicia_d_driver.pc'
[11.150s] Level 1:colcon.colcon_core.environment:checking '/home/zyx/桌面/Robot_Arm/alicia_ws/install/alicia_d_driver/lib/python3.10/site-packages'
[11.150s] Level 1:colcon.colcon_core.environment:checking '/home/zyx/桌面/Robot_Arm/alicia_ws/install/alicia_d_driver/bin'
[11.150s] INFO:colcon.colcon_core.shell:Creating package script '/home/zyx/桌面/Robot_Arm/alicia_ws/install/alicia_d_driver/share/alicia_d_driver/package.ps1'
[11.150s] INFO:colcon.colcon_core.shell:Creating package descriptor '/home/zyx/桌面/Robot_Arm/alicia_ws/install/alicia_d_driver/share/alicia_d_driver/package.dsv'
[11.150s] INFO:colcon.colcon_core.shell:Creating package script '/home/zyx/桌面/Robot_Arm/alicia_ws/install/alicia_d_driver/share/alicia_d_driver/package.sh'
[11.150s] INFO:colcon.colcon_core.shell:Creating package script '/home/zyx/桌面/Robot_Arm/alicia_ws/install/alicia_d_driver/share/alicia_d_driver/package.bash'
[11.151s] INFO:colcon.colcon_core.shell:Creating package script '/home/zyx/桌面/Robot_Arm/alicia_ws/install/alicia_d_driver/share/alicia_d_driver/package.zsh'
[11.151s] Level 1:colcon.colcon_core.environment:create_file_with_runtime_dependencies(/home/zyx/桌面/Robot_Arm/alicia_ws/install/alicia_d_driver/share/colcon-core/packages/alicia_d_driver)
[11.151s] INFO:colcon.colcon_ros.task.ament_cmake.build:Building ROS package in '/home/zyx/桌面/Robot_Arm/alicia_ws/src/alicia_d_moveit' with build type 'ament_cmake'
[11.151s] INFO:colcon.colcon_cmake.task.cmake.build:Building CMake package in '/home/zyx/桌面/Robot_Arm/alicia_ws/src/alicia_d_moveit'
[11.151s] INFO:colcon.colcon_core.shell:Skip shell extension 'powershell' for command environment: Not usable outside of PowerShell
[11.151s] DEBUG:colcon.colcon_core.shell:Skip shell extension 'dsv' for command environment
[11.158s] DEBUG:colcon.colcon_core.event_handler.log_command:Invoking command in '/home/zyx/桌面/Robot_Arm/alicia_ws/build/alicia_d_moveit': AMENT_PREFIX_PATH=/home/zyx/桌面/Robot_Arm/alicia_ws/install/alicia_d_driver:/home/zyx/桌面/Robot_Arm/alicia_ws/install/alicia_d_descriptions:${AMENT_PREFIX_PATH} CMAKE_PREFIX_PATH=/home/zyx/桌面/Robot_Arm/alicia_ws/install/alicia_d_driver:/home/zyx/桌面/Robot_Arm/alicia_ws/install/alicia_d_descriptions:/opt/ros/humble LD_LIBRARY_PATH=/home/zyx/桌面/Robot_Arm/alicia_ws/install/alicia_d_driver/lib:${LD_LIBRARY_PATH} /usr/bin/cmake /home/zyx/桌面/Robot_Arm/alicia_ws/src/alicia_d_moveit -DCMAKE_INSTALL_PREFIX=/home/zyx/桌面/Robot_Arm/alicia_ws/install/alicia_d_moveit
[11.551s] DEBUG:colcon.colcon_core.event_handler.log_command:Invoked command in '/home/zyx/桌面/Robot_Arm/alicia_ws/build/alicia_d_moveit' returned '0': AMENT_PREFIX_PATH=/home/zyx/桌面/Robot_Arm/alicia_ws/install/alicia_d_driver:/home/zyx/桌面/Robot_Arm/alicia_ws/install/alicia_d_descriptions:${AMENT_PREFIX_PATH} CMAKE_PREFIX_PATH=/home/zyx/桌面/Robot_Arm/alicia_ws/install/alicia_d_driver:/home/zyx/桌面/Robot_Arm/alicia_ws/install/alicia_d_descriptions:/opt/ros/humble LD_LIBRARY_PATH=/home/zyx/桌面/Robot_Arm/alicia_ws/install/alicia_d_driver/lib:${LD_LIBRARY_PATH} /usr/bin/cmake /home/zyx/桌面/Robot_Arm/alicia_ws/src/alicia_d_moveit -DCMAKE_INSTALL_PREFIX=/home/zyx/桌面/Robot_Arm/alicia_ws/install/alicia_d_moveit
[11.552s] DEBUG:colcon.colcon_core.event_handler.log_command:Invoking command in '/home/zyx/桌面/Robot_Arm/alicia_ws/build/alicia_d_moveit': AMENT_PREFIX_PATH=/home/zyx/桌面/Robot_Arm/alicia_ws/install/alicia_d_driver:/home/zyx/桌面/Robot_Arm/alicia_ws/install/alicia_d_descriptions:${AMENT_PREFIX_PATH} CMAKE_PREFIX_PATH=/home/zyx/桌面/Robot_Arm/alicia_ws/install/alicia_d_driver:/home/zyx/桌面/Robot_Arm/alicia_ws/install/alicia_d_descriptions:/opt/ros/humble LD_LIBRARY_PATH=/home/zyx/桌面/Robot_Arm/alicia_ws/install/alicia_d_driver/lib:${LD_LIBRARY_PATH} /usr/bin/cmake --build /home/zyx/桌面/Robot_Arm/alicia_ws/build/alicia_d_moveit -- -j32 -l32
[11.579s] DEBUG:colcon.colcon_core.event_handler.log_command:Invoked command in '/home/zyx/桌面/Robot_Arm/alicia_ws/build/alicia_d_moveit' returned '0': AMENT_PREFIX_PATH=/home/zyx/桌面/Robot_Arm/alicia_ws/install/alicia_d_driver:/home/zyx/桌面/Robot_Arm/alicia_ws/install/alicia_d_descriptions:${AMENT_PREFIX_PATH} CMAKE_PREFIX_PATH=/home/zyx/桌面/Robot_Arm/alicia_ws/install/alicia_d_driver:/home/zyx/桌面/Robot_Arm/alicia_ws/install/alicia_d_descriptions:/opt/ros/humble LD_LIBRARY_PATH=/home/zyx/桌面/Robot_Arm/alicia_ws/install/alicia_d_driver/lib:${LD_LIBRARY_PATH} /usr/bin/cmake --build /home/zyx/桌面/Robot_Arm/alicia_ws/build/alicia_d_moveit -- -j32 -l32
[11.597s] DEBUG:colcon.colcon_core.event_handler.log_command:Invoking command in '/home/zyx/桌面/Robot_Arm/alicia_ws/build/alicia_d_moveit': AMENT_PREFIX_PATH=/home/zyx/桌面/Robot_Arm/alicia_ws/install/alicia_d_driver:/home/zyx/桌面/Robot_Arm/alicia_ws/install/alicia_d_descriptions:${AMENT_PREFIX_PATH} CMAKE_PREFIX_PATH=/home/zyx/桌面/Robot_Arm/alicia_ws/install/alicia_d_driver:/home/zyx/桌面/Robot_Arm/alicia_ws/install/alicia_d_descriptions:/opt/ros/humble LD_LIBRARY_PATH=/home/zyx/桌面/Robot_Arm/alicia_ws/install/alicia_d_driver/lib:${LD_LIBRARY_PATH} /usr/bin/cmake --install /home/zyx/桌面/Robot_Arm/alicia_ws/build/alicia_d_moveit
[11.607s] Level 1:colcon.colcon_core.environment:create_environment_scripts_only(alicia_d_moveit)
[11.607s] Level 1:colcon.colcon_core.environment:checking '/home/zyx/桌面/Robot_Arm/alicia_ws/install/alicia_d_moveit' for CMake module files
[11.607s] DEBUG:colcon.colcon_core.event_handler.log_command:Invoked command in '/home/zyx/桌面/Robot_Arm/alicia_ws/build/alicia_d_moveit' returned '0': AMENT_PREFIX_PATH=/home/zyx/桌面/Robot_Arm/alicia_ws/install/alicia_d_driver:/home/zyx/桌面/Robot_Arm/alicia_ws/install/alicia_d_descriptions:${AMENT_PREFIX_PATH} CMAKE_PREFIX_PATH=/home/zyx/桌面/Robot_Arm/alicia_ws/install/alicia_d_driver:/home/zyx/桌面/Robot_Arm/alicia_ws/install/alicia_d_descriptions:/opt/ros/humble LD_LIBRARY_PATH=/home/zyx/桌面/Robot_Arm/alicia_ws/install/alicia_d_driver/lib:${LD_LIBRARY_PATH} /usr/bin/cmake --install /home/zyx/桌面/Robot_Arm/alicia_ws/build/alicia_d_moveit
[11.607s] Level 1:colcon.colcon_core.environment:checking '/home/zyx/桌面/Robot_Arm/alicia_ws/install/alicia_d_moveit' for CMake config files
[11.607s] Level 1:colcon.colcon_core.shell:create_environment_hook('alicia_d_moveit', 'cmake_prefix_path')
[11.608s] INFO:colcon.colcon_core.shell:Creating environment hook '/home/zyx/桌面/Robot_Arm/alicia_ws/install/alicia_d_moveit/share/alicia_d_moveit/hook/cmake_prefix_path.ps1'
[11.608s] INFO:colcon.colcon_core.shell:Creating environment descriptor '/home/zyx/桌面/Robot_Arm/alicia_ws/install/alicia_d_moveit/share/alicia_d_moveit/hook/cmake_prefix_path.dsv'
[11.608s] INFO:colcon.colcon_core.shell:Creating environment hook '/home/zyx/桌面/Robot_Arm/alicia_ws/install/alicia_d_moveit/share/alicia_d_moveit/hook/cmake_prefix_path.sh'
[11.608s] Level 1:colcon.colcon_core.environment:checking '/home/zyx/桌面/Robot_Arm/alicia_ws/install/alicia_d_moveit/bin'
[11.608s] Level 1:colcon.colcon_core.environment:checking '/home/zyx/桌面/Robot_Arm/alicia_ws/install/alicia_d_moveit/lib/pkgconfig/alicia_d_moveit.pc'
[11.608s] Level 1:colcon.colcon_core.environment:checking '/home/zyx/桌面/Robot_Arm/alicia_ws/install/alicia_d_moveit/lib/python3.10/site-packages'
[11.609s] Level 1:colcon.colcon_core.environment:checking '/home/zyx/桌面/Robot_Arm/alicia_ws/install/alicia_d_moveit/bin'
[11.609s] INFO:colcon.colcon_core.shell:Creating package script '/home/zyx/桌面/Robot_Arm/alicia_ws/install/alicia_d_moveit/share/alicia_d_moveit/package.ps1'
[11.609s] INFO:colcon.colcon_core.shell:Creating package descriptor '/home/zyx/桌面/Robot_Arm/alicia_ws/install/alicia_d_moveit/share/alicia_d_moveit/package.dsv'
[11.609s] INFO:colcon.colcon_core.shell:Creating package script '/home/zyx/桌面/Robot_Arm/alicia_ws/install/alicia_d_moveit/share/alicia_d_moveit/package.sh'
[11.609s] INFO:colcon.colcon_core.shell:Creating package script '/home/zyx/桌面/Robot_Arm/alicia_ws/install/alicia_d_moveit/share/alicia_d_moveit/package.bash'
[11.609s] INFO:colcon.colcon_core.shell:Creating package script '/home/zyx/桌面/Robot_Arm/alicia_ws/install/alicia_d_moveit/share/alicia_d_moveit/package.zsh'
[11.609s] Level 1:colcon.colcon_core.environment:create_file_with_runtime_dependencies(/home/zyx/桌面/Robot_Arm/alicia_ws/install/alicia_d_moveit/share/colcon-core/packages/alicia_d_moveit)
[11.628s] Level 1:colcon.colcon_core.environment:create_environment_scripts_only(alicia_d_moveit)
[11.628s] Level 1:colcon.colcon_core.environment:checking '/home/zyx/桌面/Robot_Arm/alicia_ws/install/alicia_d_moveit' for CMake module files
[11.628s] Level 1:colcon.colcon_core.environment:checking '/home/zyx/桌面/Robot_Arm/alicia_ws/install/alicia_d_moveit' for CMake config files
[11.629s] Level 1:colcon.colcon_core.shell:create_environment_hook('alicia_d_moveit', 'cmake_prefix_path')
[11.629s] INFO:colcon.colcon_core.shell:Creating environment hook '/home/zyx/桌面/Robot_Arm/alicia_ws/install/alicia_d_moveit/share/alicia_d_moveit/hook/cmake_prefix_path.ps1'
[11.629s] INFO:colcon.colcon_core.shell:Creating environment descriptor '/home/zyx/桌面/Robot_Arm/alicia_ws/install/alicia_d_moveit/share/alicia_d_moveit/hook/cmake_prefix_path.dsv'
[11.629s] INFO:colcon.colcon_core.shell:Creating environment hook '/home/zyx/桌面/Robot_Arm/alicia_ws/install/alicia_d_moveit/share/alicia_d_moveit/hook/cmake_prefix_path.sh'
[11.630s] Level 1:colcon.colcon_core.environment:checking '/home/zyx/桌面/Robot_Arm/alicia_ws/install/alicia_d_moveit/bin'
[11.630s] Level 1:colcon.colcon_core.environment:checking '/home/zyx/桌面/Robot_Arm/alicia_ws/install/alicia_d_moveit/lib/pkgconfig/alicia_d_moveit.pc'
[11.630s] Level 1:colcon.colcon_core.environment:checking '/home/zyx/桌面/Robot_Arm/alicia_ws/install/alicia_d_moveit/lib/python3.10/site-packages'
[11.630s] Level 1:colcon.colcon_core.environment:checking '/home/zyx/桌面/Robot_Arm/alicia_ws/install/alicia_d_moveit/bin'
[11.630s] INFO:colcon.colcon_core.shell:Creating package script '/home/zyx/桌面/Robot_Arm/alicia_ws/install/alicia_d_moveit/share/alicia_d_moveit/package.ps1'
[11.631s] INFO:colcon.colcon_core.shell:Creating package descriptor '/home/zyx/桌面/Robot_Arm/alicia_ws/install/alicia_d_moveit/share/alicia_d_moveit/package.dsv'
[11.631s] INFO:colcon.colcon_core.shell:Creating package script '/home/zyx/桌面/Robot_Arm/alicia_ws/install/alicia_d_moveit/share/alicia_d_moveit/package.sh'
[11.631s] INFO:colcon.colcon_core.shell:Creating package script '/home/zyx/桌面/Robot_Arm/alicia_ws/install/alicia_d_moveit/share/alicia_d_moveit/package.bash'
[11.632s] INFO:colcon.colcon_core.shell:Creating package script '/home/zyx/桌面/Robot_Arm/alicia_ws/install/alicia_d_moveit/share/alicia_d_moveit/package.zsh'
[11.632s] Level 1:colcon.colcon_core.environment:create_file_with_runtime_dependencies(/home/zyx/桌面/Robot_Arm/alicia_ws/install/alicia_d_moveit/share/colcon-core/packages/alicia_d_moveit)
[11.632s] DEBUG:colcon.colcon_parallel_executor.executor.parallel:closing loop
[11.633s] DEBUG:colcon.colcon_parallel_executor.executor.parallel:loop closed
[11.633s] DEBUG:colcon.colcon_parallel_executor.executor.parallel:run_until_complete finished with '0'
[11.633s] DEBUG:colcon.colcon_core.event_reactor:joining thread
[11.635s] INFO:colcon.colcon_core.plugin_system:Skipping extension 'colcon_notification.desktop_notification.terminal_notifier': Not used on non-Darwin systems
[11.636s] INFO:colcon.colcon_core.plugin_system:Skipping extension 'colcon_notification.desktop_notification.win32': Not used on non-Windows systems
[11.636s] INFO:colcon.colcon_notification.desktop_notification:Sending desktop notification using 'notify2'
[11.644s] DEBUG:colcon.colcon_core.event_reactor:joined thread
[11.644s] INFO:colcon.colcon_core.shell:Creating prefix script '/home/zyx/桌面/Robot_Arm/alicia_ws/install/local_setup.ps1'
[11.645s] INFO:colcon.colcon_core.shell:Creating prefix util module '/home/zyx/桌面/Robot_Arm/alicia_ws/install/_local_setup_util_ps1.py'
[11.646s] INFO:colcon.colcon_core.shell:Creating prefix chain script '/home/zyx/桌面/Robot_Arm/alicia_ws/install/setup.ps1'
[11.646s] INFO:colcon.colcon_core.shell:Creating prefix script '/home/zyx/桌面/Robot_Arm/alicia_ws/install/local_setup.sh'
[11.647s] INFO:colcon.colcon_core.shell:Creating prefix util module '/home/zyx/桌面/Robot_Arm/alicia_ws/install/_local_setup_util_sh.py'
[11.647s] INFO:colcon.colcon_core.shell:Creating prefix chain script '/home/zyx/桌面/Robot_Arm/alicia_ws/install/setup.sh'
[11.648s] INFO:colcon.colcon_core.shell:Creating prefix script '/home/zyx/桌面/Robot_Arm/alicia_ws/install/local_setup.bash'
[11.648s] INFO:colcon.colcon_core.shell:Creating prefix chain script '/home/zyx/桌面/Robot_Arm/alicia_ws/install/setup.bash'
[11.648s] INFO:colcon.colcon_core.shell:Creating prefix script '/home/zyx/桌面/Robot_Arm/alicia_ws/install/local_setup.zsh'
[11.649s] INFO:colcon.colcon_core.shell:Creating prefix chain script '/home/zyx/桌面/Robot_Arm/alicia_ws/install/setup.zsh'
