[0.013s] Invoking command in '/home/zyx/桌面/Robot_Arm/alicia_ws/build/alicia_d_descriptions': CMAKE_PREFIX_PATH=/opt/ros/humble /usr/bin/cmake /home/zyx/桌面/Robot_Arm/alicia_ws/src/alicia_d_descriptions -DCMAKE_INSTALL_PREFIX=/home/zyx/桌面/Robot_Arm/alicia_ws/install/alicia_d_descriptions
[0.068s] -- The C compiler identification is GNU 12.3.0
[0.116s] -- The CXX compiler identification is GNU 12.3.0
[0.121s] -- Detecting C compiler ABI info
[0.178s] -- Detecting C compiler ABI info - done
[0.182s] -- Check for working C compiler: /usr/bin/cc - skipped
[0.183s] -- Detecting C compile features
[0.183s] -- Detecting C compile features - done
[0.185s] -- Detecting CXX compiler ABI info
[0.248s] -- Detecting CXX compiler ABI info - done
[0.256s] -- Check for working CXX compiler: /usr/bin/c++ - skipped
[0.256s] -- Detecting CXX compile features
[0.257s] -- Detecting CXX compile features - done
[0.258s] -- Found ament_cmake: 1.3.10 (/opt/ros/humble/share/ament_cmake/cmake)
[0.365s] -- Found Python3: /usr/bin/python3 (found version "3.10.12") found components: Interpreter 
[0.482s] -- Configuring done
[0.483s] -- Generating done
[0.483s] -- Build files have been written to: /home/zyx/桌面/Robot_Arm/alicia_ws/build/alicia_d_descriptions
[0.488s] Invoked command in '/home/zyx/桌面/Robot_Arm/alicia_ws/build/alicia_d_descriptions' returned '0': CMAKE_PREFIX_PATH=/opt/ros/humble /usr/bin/cmake /home/zyx/桌面/Robot_Arm/alicia_ws/src/alicia_d_descriptions -DCMAKE_INSTALL_PREFIX=/home/zyx/桌面/Robot_Arm/alicia_ws/install/alicia_d_descriptions
[0.488s] Invoking command in '/home/zyx/桌面/Robot_Arm/alicia_ws/build/alicia_d_descriptions': CMAKE_PREFIX_PATH=/opt/ros/humble /usr/bin/cmake --build /home/zyx/桌面/Robot_Arm/alicia_ws/build/alicia_d_descriptions -- -j32 -l32
[0.517s] Invoked command in '/home/zyx/桌面/Robot_Arm/alicia_ws/build/alicia_d_descriptions' returned '0': CMAKE_PREFIX_PATH=/opt/ros/humble /usr/bin/cmake --build /home/zyx/桌面/Robot_Arm/alicia_ws/build/alicia_d_descriptions -- -j32 -l32
[0.545s] Invoking command in '/home/zyx/桌面/Robot_Arm/alicia_ws/build/alicia_d_descriptions': CMAKE_PREFIX_PATH=/opt/ros/humble /usr/bin/cmake --install /home/zyx/桌面/Robot_Arm/alicia_ws/build/alicia_d_descriptions
[0.553s] -- Install configuration: ""
[0.553s] -- Installing: /home/zyx/桌面/Robot_Arm/alicia_ws/install/alicia_d_descriptions/share/alicia_d_descriptions/launch
[0.553s] -- Installing: /home/zyx/桌面/Robot_Arm/alicia_ws/install/alicia_d_descriptions/share/alicia_d_descriptions/launch/display.launch.py
[0.553s] -- Installing: /home/zyx/桌面/Robot_Arm/alicia_ws/install/alicia_d_descriptions/share/alicia_d_descriptions/launch/alicia.rviz
[0.553s] -- Installing: /home/zyx/桌面/Robot_Arm/alicia_ws/install/alicia_d_descriptions/share/alicia_d_descriptions/urdf
[0.553s] -- Installing: /home/zyx/桌面/Robot_Arm/alicia_ws/install/alicia_d_descriptions/share/alicia_d_descriptions/urdf/Alicia_D_v5_6
[0.553s] -- Installing: /home/zyx/桌面/Robot_Arm/alicia_ws/install/alicia_d_descriptions/share/alicia_d_descriptions/urdf/Alicia_D_v5_6/Alicia_D_v5_6_gripper_100mm.urdf
[0.553s] -- Installing: /home/zyx/桌面/Robot_Arm/alicia_ws/install/alicia_d_descriptions/share/alicia_d_descriptions/urdf/Alicia_D_v5_6/Alicia_D_v5_6_gripper_50mm.urdf
[0.553s] -- Installing: /home/zyx/桌面/Robot_Arm/alicia_ws/install/alicia_d_descriptions/share/alicia_d_descriptions/meshes
[0.553s] -- Installing: /home/zyx/桌面/Robot_Arm/alicia_ws/install/alicia_d_descriptions/share/alicia_d_descriptions/meshes/Alicia_D_v5_6
[0.554s] -- Installing: /home/zyx/桌面/Robot_Arm/alicia_ws/install/alicia_d_descriptions/share/alicia_d_descriptions/meshes/Alicia_D_v5_6/gripper_50mm
[0.554s] -- Installing: /home/zyx/桌面/Robot_Arm/alicia_ws/install/alicia_d_descriptions/share/alicia_d_descriptions/meshes/Alicia_D_v5_6/gripper_50mm/Link5.STL
[0.555s] -- Installing: /home/zyx/桌面/Robot_Arm/alicia_ws/install/alicia_d_descriptions/share/alicia_d_descriptions/meshes/Alicia_D_v5_6/gripper_50mm/Link6.STL
[0.559s] -- Installing: /home/zyx/桌面/Robot_Arm/alicia_ws/install/alicia_d_descriptions/share/alicia_d_descriptions/meshes/Alicia_D_v5_6/gripper_50mm/Link3.STL
[0.561s] -- Installing: /home/zyx/桌面/Robot_Arm/alicia_ws/install/alicia_d_descriptions/share/alicia_d_descriptions/meshes/Alicia_D_v5_6/gripper_50mm/left_gripper.STL
[0.561s] -- Installing: /home/zyx/桌面/Robot_Arm/alicia_ws/install/alicia_d_descriptions/share/alicia_d_descriptions/meshes/Alicia_D_v5_6/gripper_50mm/base_link.STL
[0.566s] -- Installing: /home/zyx/桌面/Robot_Arm/alicia_ws/install/alicia_d_descriptions/share/alicia_d_descriptions/meshes/Alicia_D_v5_6/gripper_50mm/girpper_center.STL
[0.566s] -- Installing: /home/zyx/桌面/Robot_Arm/alicia_ws/install/alicia_d_descriptions/share/alicia_d_descriptions/meshes/Alicia_D_v5_6/gripper_50mm/right_gripper.STL
[0.567s] -- Installing: /home/zyx/桌面/Robot_Arm/alicia_ws/install/alicia_d_descriptions/share/alicia_d_descriptions/meshes/Alicia_D_v5_6/gripper_50mm/Link2.STL
[0.571s] -- Installing: /home/zyx/桌面/Robot_Arm/alicia_ws/install/alicia_d_descriptions/share/alicia_d_descriptions/meshes/Alicia_D_v5_6/gripper_50mm/Link4.STL
[0.573s] -- Installing: /home/zyx/桌面/Robot_Arm/alicia_ws/install/alicia_d_descriptions/share/alicia_d_descriptions/meshes/Alicia_D_v5_6/gripper_50mm/Link1.STL
[0.577s] -- Installing: /home/zyx/桌面/Robot_Arm/alicia_ws/install/alicia_d_descriptions/share/alicia_d_descriptions/meshes/Alicia_D_v5_6/gripper_100mm
[0.578s] -- Installing: /home/zyx/桌面/Robot_Arm/alicia_ws/install/alicia_d_descriptions/share/alicia_d_descriptions/meshes/Alicia_D_v5_6/gripper_100mm/Link5.STL
[0.579s] -- Installing: /home/zyx/桌面/Robot_Arm/alicia_ws/install/alicia_d_descriptions/share/alicia_d_descriptions/meshes/Alicia_D_v5_6/gripper_100mm/Link6.STL
[0.582s] -- Installing: /home/zyx/桌面/Robot_Arm/alicia_ws/install/alicia_d_descriptions/share/alicia_d_descriptions/meshes/Alicia_D_v5_6/gripper_100mm/Link3.STL
[0.583s] -- Installing: /home/zyx/桌面/Robot_Arm/alicia_ws/install/alicia_d_descriptions/share/alicia_d_descriptions/meshes/Alicia_D_v5_6/gripper_100mm/left_gripper.STL
[0.584s] -- Installing: /home/zyx/桌面/Robot_Arm/alicia_ws/install/alicia_d_descriptions/share/alicia_d_descriptions/meshes/Alicia_D_v5_6/gripper_100mm/base_link.STL
[0.588s] -- Installing: /home/zyx/桌面/Robot_Arm/alicia_ws/install/alicia_d_descriptions/share/alicia_d_descriptions/meshes/Alicia_D_v5_6/gripper_100mm/girpper_center.STL
[0.588s] -- Installing: /home/zyx/桌面/Robot_Arm/alicia_ws/install/alicia_d_descriptions/share/alicia_d_descriptions/meshes/Alicia_D_v5_6/gripper_100mm/right_gripper.STL
[0.589s] -- Installing: /home/zyx/桌面/Robot_Arm/alicia_ws/install/alicia_d_descriptions/share/alicia_d_descriptions/meshes/Alicia_D_v5_6/gripper_100mm/Link2.STL
[0.593s] -- Installing: /home/zyx/桌面/Robot_Arm/alicia_ws/install/alicia_d_descriptions/share/alicia_d_descriptions/meshes/Alicia_D_v5_6/gripper_100mm/Link4.STL
[0.595s] -- Installing: /home/zyx/桌面/Robot_Arm/alicia_ws/install/alicia_d_descriptions/share/alicia_d_descriptions/meshes/Alicia_D_v5_6/gripper_100mm/Link1.STL
[0.599s] -- Installing: /home/zyx/桌面/Robot_Arm/alicia_ws/install/alicia_d_descriptions/lib/alicia_d_descriptions/display.launch.py
[0.599s] -- Installing: /home/zyx/桌面/Robot_Arm/alicia_ws/install/alicia_d_descriptions/share/ament_index/resource_index/package_run_dependencies/alicia_d_descriptions
[0.600s] -- Installing: /home/zyx/桌面/Robot_Arm/alicia_ws/install/alicia_d_descriptions/share/ament_index/resource_index/parent_prefix_path/alicia_d_descriptions
[0.600s] -- Installing: /home/zyx/桌面/Robot_Arm/alicia_ws/install/alicia_d_descriptions/share/alicia_d_descriptions/environment/ament_prefix_path.sh
[0.600s] -- Installing: /home/zyx/桌面/Robot_Arm/alicia_ws/install/alicia_d_descriptions/share/alicia_d_descriptions/environment/ament_prefix_path.dsv
[0.600s] -- Installing: /home/zyx/桌面/Robot_Arm/alicia_ws/install/alicia_d_descriptions/share/alicia_d_descriptions/environment/path.sh
[0.600s] -- Installing: /home/zyx/桌面/Robot_Arm/alicia_ws/install/alicia_d_descriptions/share/alicia_d_descriptions/environment/path.dsv
[0.600s] -- Installing: /home/zyx/桌面/Robot_Arm/alicia_ws/install/alicia_d_descriptions/share/alicia_d_descriptions/local_setup.bash
[0.601s] -- Installing: /home/zyx/桌面/Robot_Arm/alicia_ws/install/alicia_d_descriptions/share/alicia_d_descriptions/local_setup.sh
[0.601s] -- Installing: /home/zyx/桌面/Robot_Arm/alicia_ws/install/alicia_d_descriptions/share/alicia_d_descriptions/local_setup.zsh
[0.601s] -- Installing: /home/zyx/桌面/Robot_Arm/alicia_ws/install/alicia_d_descriptions/share/alicia_d_descriptions/local_setup.dsv
[0.601s] -- Installing: /home/zyx/桌面/Robot_Arm/alicia_ws/install/alicia_d_descriptions/share/alicia_d_descriptions/package.dsv
[0.601s] -- Installing: /home/zyx/桌面/Robot_Arm/alicia_ws/install/alicia_d_descriptions/share/ament_index/resource_index/packages/alicia_d_descriptions
[0.601s] -- Installing: /home/zyx/桌面/Robot_Arm/alicia_ws/install/alicia_d_descriptions/share/alicia_d_descriptions/cmake/alicia_d_descriptionsConfig.cmake
[0.601s] -- Installing: /home/zyx/桌面/Robot_Arm/alicia_ws/install/alicia_d_descriptions/share/alicia_d_descriptions/cmake/alicia_d_descriptionsConfig-version.cmake
[0.601s] -- Installing: /home/zyx/桌面/Robot_Arm/alicia_ws/install/alicia_d_descriptions/share/alicia_d_descriptions/package.xml
[0.603s] Invoked command in '/home/zyx/桌面/Robot_Arm/alicia_ws/build/alicia_d_descriptions' returned '0': CMAKE_PREFIX_PATH=/opt/ros/humble /usr/bin/cmake --install /home/zyx/桌面/Robot_Arm/alicia_ws/build/alicia_d_descriptions
