[0.039s] Invoking command in '/home/Projects/HET/alicia_ws/build/alicia_d_control_interfaces': CMAKE_PREFIX_PATH=/opt/ros/humble /usr/bin/cmake --build /home/Projects/HET/alicia_ws/build/alicia_d_control_interfaces -- -j20 -l20
[0.280s] [  1%] Built target alicia_d_control_interfaces__rs
[0.287s] [  2%] Built target alicia_d_control_interfaces__cpp
[0.312s] [ 13%] Built target alicia_d_control_interfaces__rosidl_generator_c
[0.393s] [ 38%] Built target alicia_d_control_interfaces__rosidl_typesupport_fastrtps_cpp
[0.393s] [ 38%] Built target alicia_d_control_interfaces__rosidl_typesupport_introspection_cpp
[0.412s] [ 76%] Built target alicia_d_control_interfaces__rosidl_typesupport_cpp
[0.413s] [ 76%] Built target alicia_d_control_interfaces__rosidl_typesupport_fastrtps_c
[0.414s] [ 76%] Built target ament_cmake_python_copy_alicia_d_control_interfaces
[0.414s] [ 76%] Built target alicia_d_control_interfaces__rosidl_typesupport_c
[0.415s] [ 81%] Built target alicia_d_control_interfaces__rosidl_typesupport_introspection_c
[0.470s] [ 81%] Built target alicia_d_control_interfaces
[0.536s] [ 82%] Built target alicia_d_control_interfaces__py
[0.641s] [ 93%] Built target alicia_d_control_interfaces__rosidl_generator_py
[0.702s] [ 95%] Built target alicia_d_control_interfaces__rosidl_typesupport_fastrtps_c__pyext
[0.707s] [ 97%] Built target alicia_d_control_interfaces__rosidl_typesupport_introspection_c__pyext
[0.711s] [100%] Built target alicia_d_control_interfaces__rosidl_typesupport_c__pyext
[1.085s] running egg_info
[1.088s] writing alicia_d_control_interfaces.egg-info/PKG-INFO
[1.089s] writing dependency_links to alicia_d_control_interfaces.egg-info/dependency_links.txt
[1.091s] writing top-level names to alicia_d_control_interfaces.egg-info/top_level.txt
[1.100s] reading manifest file 'alicia_d_control_interfaces.egg-info/SOURCES.txt'
[1.103s] writing manifest file 'alicia_d_control_interfaces.egg-info/SOURCES.txt'
[1.179s] [100%] Built target ament_cmake_python_build_alicia_d_control_interfaces_egg
[1.212s] Invoked command in '/home/Projects/HET/alicia_ws/build/alicia_d_control_interfaces' returned '0': CMAKE_PREFIX_PATH=/opt/ros/humble /usr/bin/cmake --build /home/Projects/HET/alicia_ws/build/alicia_d_control_interfaces -- -j20 -l20
[1.244s] Invoking command in '/home/Projects/HET/alicia_ws/build/alicia_d_control_interfaces': CMAKE_PREFIX_PATH=/opt/ros/humble /usr/bin/cmake --install /home/Projects/HET/alicia_ws/build/alicia_d_control_interfaces
[1.270s] -- Install configuration: ""
[1.271s] -- Up-to-date: /home/Projects/HET/alicia_ws/install/alicia_d_control_interfaces/share/ament_index/resource_index/rosidl_interfaces/alicia_d_control_interfaces
[1.278s] -- Up-to-date: /home/Projects/HET/alicia_ws/install/alicia_d_control_interfaces/include/alicia_d_control_interfaces/alicia_d_control_interfaces
[1.278s] -- Up-to-date: /home/Projects/HET/alicia_ws/install/alicia_d_control_interfaces/include/alicia_d_control_interfaces/alicia_d_control_interfaces/action
[1.279s] -- Up-to-date: /home/Projects/HET/alicia_ws/install/alicia_d_control_interfaces/include/alicia_d_control_interfaces/alicia_d_control_interfaces/action/detail
[1.279s] -- Up-to-date: /home/Projects/HET/alicia_ws/install/alicia_d_control_interfaces/include/alicia_d_control_interfaces/alicia_d_control_interfaces/action/detail/move_gripper_step__functions.c
[1.279s] -- Up-to-date: /home/Projects/HET/alicia_ws/install/alicia_d_control_interfaces/include/alicia_d_control_interfaces/alicia_d_control_interfaces/action/detail/home_gripper__functions.c
[1.280s] -- Up-to-date: /home/Projects/HET/alicia_ws/install/alicia_d_control_interfaces/include/alicia_d_control_interfaces/alicia_d_control_interfaces/action/detail/force_grasp__struct.h
[1.280s] -- Up-to-date: /home/Projects/HET/alicia_ws/install/alicia_d_control_interfaces/include/alicia_d_control_interfaces/alicia_d_control_interfaces/action/detail/move_gripper__type_support.h
[1.280s] -- Up-to-date: /home/Projects/HET/alicia_ws/install/alicia_d_control_interfaces/include/alicia_d_control_interfaces/alicia_d_control_interfaces/action/detail/move_arm_to_joints__type_support.h
[1.281s] -- Up-to-date: /home/Projects/HET/alicia_ws/install/alicia_d_control_interfaces/include/alicia_d_control_interfaces/alicia_d_control_interfaces/action/detail/move_gripper_step__type_support.h
[1.281s] -- Up-to-date: /home/Projects/HET/alicia_ws/install/alicia_d_control_interfaces/include/alicia_d_control_interfaces/alicia_d_control_interfaces/action/detail/move_gripper_step__functions.h
[1.281s] -- Up-to-date: /home/Projects/HET/alicia_ws/install/alicia_d_control_interfaces/include/alicia_d_control_interfaces/alicia_d_control_interfaces/action/detail/move_arm_to_pose__functions.c
[1.281s] -- Up-to-date: /home/Projects/HET/alicia_ws/install/alicia_d_control_interfaces/include/alicia_d_control_interfaces/alicia_d_control_interfaces/action/detail/home_gripper__type_support.h
[1.282s] -- Up-to-date: /home/Projects/HET/alicia_ws/install/alicia_d_control_interfaces/include/alicia_d_control_interfaces/alicia_d_control_interfaces/action/detail/force_grasp__functions.h
[1.283s] -- Up-to-date: /home/Projects/HET/alicia_ws/install/alicia_d_control_interfaces/include/alicia_d_control_interfaces/alicia_d_control_interfaces/action/detail/move_gripper__functions.c
[1.283s] -- Up-to-date: /home/Projects/HET/alicia_ws/install/alicia_d_control_interfaces/include/alicia_d_control_interfaces/alicia_d_control_interfaces/action/detail/move_arm_to_joints__struct.h
[1.284s] -- Up-to-date: /home/Projects/HET/alicia_ws/install/alicia_d_control_interfaces/include/alicia_d_control_interfaces/alicia_d_control_interfaces/action/detail/force_grasp__type_support.h
[1.284s] -- Up-to-date: /home/Projects/HET/alicia_ws/install/alicia_d_control_interfaces/include/alicia_d_control_interfaces/alicia_d_control_interfaces/action/detail/move_arm_to_pose__functions.h
[1.285s] -- Up-to-date: /home/Projects/HET/alicia_ws/install/alicia_d_control_interfaces/include/alicia_d_control_interfaces/alicia_d_control_interfaces/action/detail/move_arm_to_joints__functions.c
[1.288s] -- Up-to-date: /home/Projects/HET/alicia_ws/install/alicia_d_control_interfaces/include/alicia_d_control_interfaces/alicia_d_control_interfaces/action/detail/home_gripper__struct.h
[1.289s] -- Up-to-date: /home/Projects/HET/alicia_ws/install/alicia_d_control_interfaces/include/alicia_d_control_interfaces/alicia_d_control_interfaces/action/detail/home_gripper__functions.h
[1.289s] -- Up-to-date: /home/Projects/HET/alicia_ws/install/alicia_d_control_interfaces/include/alicia_d_control_interfaces/alicia_d_control_interfaces/action/detail/move_arm_to_pose__type_support.h
[1.289s] -- Up-to-date: /home/Projects/HET/alicia_ws/install/alicia_d_control_interfaces/include/alicia_d_control_interfaces/alicia_d_control_interfaces/action/detail/move_arm_to_joints__functions.h
[1.290s] -- Up-to-date: /home/Projects/HET/alicia_ws/install/alicia_d_control_interfaces/include/alicia_d_control_interfaces/alicia_d_control_interfaces/action/detail/move_arm_to_pose__struct.h
[1.291s] -- Up-to-date: /home/Projects/HET/alicia_ws/install/alicia_d_control_interfaces/include/alicia_d_control_interfaces/alicia_d_control_interfaces/action/detail/force_grasp__functions.c
[1.291s] -- Up-to-date: /home/Projects/HET/alicia_ws/install/alicia_d_control_interfaces/include/alicia_d_control_interfaces/alicia_d_control_interfaces/action/detail/move_gripper_step__struct.h
[1.291s] -- Up-to-date: /home/Projects/HET/alicia_ws/install/alicia_d_control_interfaces/include/alicia_d_control_interfaces/alicia_d_control_interfaces/action/detail/move_gripper__struct.h
[1.292s] -- Up-to-date: /home/Projects/HET/alicia_ws/install/alicia_d_control_interfaces/include/alicia_d_control_interfaces/alicia_d_control_interfaces/action/detail/move_gripper__functions.h
[1.294s] -- Up-to-date: /home/Projects/HET/alicia_ws/install/alicia_d_control_interfaces/include/alicia_d_control_interfaces/alicia_d_control_interfaces/action/home_gripper.h
[1.295s] -- Up-to-date: /home/Projects/HET/alicia_ws/install/alicia_d_control_interfaces/include/alicia_d_control_interfaces/alicia_d_control_interfaces/action/move_gripper_step.h
[1.296s] -- Up-to-date: /home/Projects/HET/alicia_ws/install/alicia_d_control_interfaces/include/alicia_d_control_interfaces/alicia_d_control_interfaces/action/move_arm_to_pose.h
[1.297s] -- Up-to-date: /home/Projects/HET/alicia_ws/install/alicia_d_control_interfaces/include/alicia_d_control_interfaces/alicia_d_control_interfaces/action/force_grasp.h
[1.300s] -- Up-to-date: /home/Projects/HET/alicia_ws/install/alicia_d_control_interfaces/include/alicia_d_control_interfaces/alicia_d_control_interfaces/action/move_arm_to_joints.h
[1.300s] -- Up-to-date: /home/Projects/HET/alicia_ws/install/alicia_d_control_interfaces/include/alicia_d_control_interfaces/alicia_d_control_interfaces/action/move_gripper.h
[1.301s] -- Up-to-date: /home/Projects/HET/alicia_ws/install/alicia_d_control_interfaces/include/alicia_d_control_interfaces/alicia_d_control_interfaces/msg
[1.301s] -- Up-to-date: /home/Projects/HET/alicia_ws/install/alicia_d_control_interfaces/include/alicia_d_control_interfaces/alicia_d_control_interfaces/msg/detail
[1.302s] -- Up-to-date: /home/Projects/HET/alicia_ws/install/alicia_d_control_interfaces/include/alicia_d_control_interfaces/alicia_d_control_interfaces/msg/detail/grasp_candidate__type_support.h
[1.302s] -- Up-to-date: /home/Projects/HET/alicia_ws/install/alicia_d_control_interfaces/include/alicia_d_control_interfaces/alicia_d_control_interfaces/msg/detail/gripper_state__struct.h
[1.302s] -- Up-to-date: /home/Projects/HET/alicia_ws/install/alicia_d_control_interfaces/include/alicia_d_control_interfaces/alicia_d_control_interfaces/msg/detail/gripper_state__functions.c
[1.304s] -- Up-to-date: /home/Projects/HET/alicia_ws/install/alicia_d_control_interfaces/include/alicia_d_control_interfaces/alicia_d_control_interfaces/msg/detail/gripper_state__functions.h
[1.306s] -- Up-to-date: /home/Projects/HET/alicia_ws/install/alicia_d_control_interfaces/include/alicia_d_control_interfaces/alicia_d_control_interfaces/msg/detail/gripper_state__type_support.h
[1.307s] -- Up-to-date: /home/Projects/HET/alicia_ws/install/alicia_d_control_interfaces/include/alicia_d_control_interfaces/alicia_d_control_interfaces/msg/detail/grasp_candidate__functions.c
[1.308s] -- Up-to-date: /home/Projects/HET/alicia_ws/install/alicia_d_control_interfaces/include/alicia_d_control_interfaces/alicia_d_control_interfaces/msg/detail/grasp_candidate__struct.h
[1.309s] -- Up-to-date: /home/Projects/HET/alicia_ws/install/alicia_d_control_interfaces/include/alicia_d_control_interfaces/alicia_d_control_interfaces/msg/detail/grasp_candidate__functions.h
[1.311s] -- Up-to-date: /home/Projects/HET/alicia_ws/install/alicia_d_control_interfaces/include/alicia_d_control_interfaces/alicia_d_control_interfaces/msg/grasp_candidate.h
[1.311s] -- Up-to-date: /home/Projects/HET/alicia_ws/install/alicia_d_control_interfaces/include/alicia_d_control_interfaces/alicia_d_control_interfaces/msg/rosidl_generator_c__visibility_control.h
[1.312s] -- Up-to-date: /home/Projects/HET/alicia_ws/install/alicia_d_control_interfaces/include/alicia_d_control_interfaces/alicia_d_control_interfaces/msg/gripper_state.h
[1.312s] -- Up-to-date: /home/Projects/HET/alicia_ws/install/alicia_d_control_interfaces/share/alicia_d_control_interfaces/environment/library_path.sh
[1.312s] -- Up-to-date: /home/Projects/HET/alicia_ws/install/alicia_d_control_interfaces/share/alicia_d_control_interfaces/environment/library_path.dsv
[1.312s] -- Up-to-date: /home/Projects/HET/alicia_ws/install/alicia_d_control_interfaces/lib/libalicia_d_control_interfaces__rosidl_generator_c.so
[1.312s] -- Up-to-date: /home/Projects/HET/alicia_ws/install/alicia_d_control_interfaces/include/alicia_d_control_interfaces/alicia_d_control_interfaces
[1.313s] -- Up-to-date: /home/Projects/HET/alicia_ws/install/alicia_d_control_interfaces/include/alicia_d_control_interfaces/alicia_d_control_interfaces/action
[1.313s] -- Up-to-date: /home/Projects/HET/alicia_ws/install/alicia_d_control_interfaces/include/alicia_d_control_interfaces/alicia_d_control_interfaces/action/detail
[1.313s] -- Up-to-date: /home/Projects/HET/alicia_ws/install/alicia_d_control_interfaces/include/alicia_d_control_interfaces/alicia_d_control_interfaces/action/detail/force_grasp__rosidl_typesupport_fastrtps_c.h
[1.314s] -- Up-to-date: /home/Projects/HET/alicia_ws/install/alicia_d_control_interfaces/include/alicia_d_control_interfaces/alicia_d_control_interfaces/action/detail/move_arm_to_joints__rosidl_typesupport_fastrtps_c.h
[1.314s] -- Up-to-date: /home/Projects/HET/alicia_ws/install/alicia_d_control_interfaces/include/alicia_d_control_interfaces/alicia_d_control_interfaces/action/detail/move_gripper__rosidl_typesupport_fastrtps_c.h
[1.314s] -- Up-to-date: /home/Projects/HET/alicia_ws/install/alicia_d_control_interfaces/include/alicia_d_control_interfaces/alicia_d_control_interfaces/action/detail/home_gripper__rosidl_typesupport_fastrtps_c.h
[1.314s] -- Up-to-date: /home/Projects/HET/alicia_ws/install/alicia_d_control_interfaces/include/alicia_d_control_interfaces/alicia_d_control_interfaces/action/detail/move_arm_to_pose__rosidl_typesupport_fastrtps_c.h
[1.314s] -- Up-to-date: /home/Projects/HET/alicia_ws/install/alicia_d_control_interfaces/include/alicia_d_control_interfaces/alicia_d_control_interfaces/action/detail/move_gripper_step__rosidl_typesupport_fastrtps_c.h
[1.315s] -- Up-to-date: /home/Projects/HET/alicia_ws/install/alicia_d_control_interfaces/include/alicia_d_control_interfaces/alicia_d_control_interfaces/msg
[1.315s] -- Up-to-date: /home/Projects/HET/alicia_ws/install/alicia_d_control_interfaces/include/alicia_d_control_interfaces/alicia_d_control_interfaces/msg/detail
[1.315s] -- Up-to-date: /home/Projects/HET/alicia_ws/install/alicia_d_control_interfaces/include/alicia_d_control_interfaces/alicia_d_control_interfaces/msg/detail/grasp_candidate__rosidl_typesupport_fastrtps_c.h
[1.315s] -- Up-to-date: /home/Projects/HET/alicia_ws/install/alicia_d_control_interfaces/include/alicia_d_control_interfaces/alicia_d_control_interfaces/msg/detail/gripper_state__rosidl_typesupport_fastrtps_c.h
[1.315s] -- Up-to-date: /home/Projects/HET/alicia_ws/install/alicia_d_control_interfaces/include/alicia_d_control_interfaces/alicia_d_control_interfaces/msg/rosidl_typesupport_fastrtps_c__visibility_control.h
[1.315s] -- Up-to-date: /home/Projects/HET/alicia_ws/install/alicia_d_control_interfaces/lib/libalicia_d_control_interfaces__rosidl_typesupport_fastrtps_c.so
[1.315s] -- Up-to-date: /home/Projects/HET/alicia_ws/install/alicia_d_control_interfaces/include/alicia_d_control_interfaces/alicia_d_control_interfaces
[1.315s] -- Up-to-date: /home/Projects/HET/alicia_ws/install/alicia_d_control_interfaces/include/alicia_d_control_interfaces/alicia_d_control_interfaces/action
[1.315s] -- Up-to-date: /home/Projects/HET/alicia_ws/install/alicia_d_control_interfaces/include/alicia_d_control_interfaces/alicia_d_control_interfaces/action/move_arm_to_joints.hpp
[1.316s] -- Up-to-date: /home/Projects/HET/alicia_ws/install/alicia_d_control_interfaces/include/alicia_d_control_interfaces/alicia_d_control_interfaces/action/move_gripper.hpp
[1.316s] -- Up-to-date: /home/Projects/HET/alicia_ws/install/alicia_d_control_interfaces/include/alicia_d_control_interfaces/alicia_d_control_interfaces/action/detail
[1.316s] -- Up-to-date: /home/Projects/HET/alicia_ws/install/alicia_d_control_interfaces/include/alicia_d_control_interfaces/alicia_d_control_interfaces/action/detail/move_gripper_step__type_support.hpp
[1.316s] -- Up-to-date: /home/Projects/HET/alicia_ws/install/alicia_d_control_interfaces/include/alicia_d_control_interfaces/alicia_d_control_interfaces/action/detail/move_gripper__struct.hpp
[1.316s] -- Up-to-date: /home/Projects/HET/alicia_ws/install/alicia_d_control_interfaces/include/alicia_d_control_interfaces/alicia_d_control_interfaces/action/detail/home_gripper__type_support.hpp
[1.316s] -- Up-to-date: /home/Projects/HET/alicia_ws/install/alicia_d_control_interfaces/include/alicia_d_control_interfaces/alicia_d_control_interfaces/action/detail/home_gripper__builder.hpp
[1.316s] -- Up-to-date: /home/Projects/HET/alicia_ws/install/alicia_d_control_interfaces/include/alicia_d_control_interfaces/alicia_d_control_interfaces/action/detail/move_gripper__traits.hpp
[1.316s] -- Up-to-date: /home/Projects/HET/alicia_ws/install/alicia_d_control_interfaces/include/alicia_d_control_interfaces/alicia_d_control_interfaces/action/detail/move_arm_to_joints__traits.hpp
[1.316s] -- Up-to-date: /home/Projects/HET/alicia_ws/install/alicia_d_control_interfaces/include/alicia_d_control_interfaces/alicia_d_control_interfaces/action/detail/move_gripper__type_support.hpp
[1.316s] -- Up-to-date: /home/Projects/HET/alicia_ws/install/alicia_d_control_interfaces/include/alicia_d_control_interfaces/alicia_d_control_interfaces/action/detail/move_gripper_step__traits.hpp
[1.317s] -- Up-to-date: /home/Projects/HET/alicia_ws/install/alicia_d_control_interfaces/include/alicia_d_control_interfaces/alicia_d_control_interfaces/action/detail/force_grasp__builder.hpp
[1.317s] -- Up-to-date: /home/Projects/HET/alicia_ws/install/alicia_d_control_interfaces/include/alicia_d_control_interfaces/alicia_d_control_interfaces/action/detail/move_arm_to_pose__traits.hpp
[1.317s] -- Up-to-date: /home/Projects/HET/alicia_ws/install/alicia_d_control_interfaces/include/alicia_d_control_interfaces/alicia_d_control_interfaces/action/detail/move_arm_to_joints__struct.hpp
[1.317s] -- Up-to-date: /home/Projects/HET/alicia_ws/install/alicia_d_control_interfaces/include/alicia_d_control_interfaces/alicia_d_control_interfaces/action/detail/force_grasp__type_support.hpp
[1.317s] -- Up-to-date: /home/Projects/HET/alicia_ws/install/alicia_d_control_interfaces/include/alicia_d_control_interfaces/alicia_d_control_interfaces/action/detail/move_gripper__builder.hpp
[1.317s] -- Up-to-date: /home/Projects/HET/alicia_ws/install/alicia_d_control_interfaces/include/alicia_d_control_interfaces/alicia_d_control_interfaces/action/detail/move_gripper_step__builder.hpp
[1.317s] -- Up-to-date: /home/Projects/HET/alicia_ws/install/alicia_d_control_interfaces/include/alicia_d_control_interfaces/alicia_d_control_interfaces/action/detail/move_arm_to_pose__builder.hpp
[1.318s] -- Up-to-date: /home/Projects/HET/alicia_ws/install/alicia_d_control_interfaces/include/alicia_d_control_interfaces/alicia_d_control_interfaces/action/detail/move_arm_to_pose__type_support.hpp
[1.318s] -- Up-to-date: /home/Projects/HET/alicia_ws/install/alicia_d_control_interfaces/include/alicia_d_control_interfaces/alicia_d_control_interfaces/action/detail/move_arm_to_joints__type_support.hpp
[1.318s] -- Up-to-date: /home/Projects/HET/alicia_ws/install/alicia_d_control_interfaces/include/alicia_d_control_interfaces/alicia_d_control_interfaces/action/detail/force_grasp__struct.hpp
[1.318s] -- Up-to-date: /home/Projects/HET/alicia_ws/install/alicia_d_control_interfaces/include/alicia_d_control_interfaces/alicia_d_control_interfaces/action/detail/move_arm_to_joints__builder.hpp
[1.318s] -- Up-to-date: /home/Projects/HET/alicia_ws/install/alicia_d_control_interfaces/include/alicia_d_control_interfaces/alicia_d_control_interfaces/action/detail/force_grasp__traits.hpp
[1.318s] -- Up-to-date: /home/Projects/HET/alicia_ws/install/alicia_d_control_interfaces/include/alicia_d_control_interfaces/alicia_d_control_interfaces/action/detail/move_arm_to_pose__struct.hpp
[1.318s] -- Up-to-date: /home/Projects/HET/alicia_ws/install/alicia_d_control_interfaces/include/alicia_d_control_interfaces/alicia_d_control_interfaces/action/detail/home_gripper__struct.hpp
[1.319s] -- Up-to-date: /home/Projects/HET/alicia_ws/install/alicia_d_control_interfaces/include/alicia_d_control_interfaces/alicia_d_control_interfaces/action/detail/move_gripper_step__struct.hpp
[1.319s] -- Up-to-date: /home/Projects/HET/alicia_ws/install/alicia_d_control_interfaces/include/alicia_d_control_interfaces/alicia_d_control_interfaces/action/detail/home_gripper__traits.hpp
[1.319s] -- Up-to-date: /home/Projects/HET/alicia_ws/install/alicia_d_control_interfaces/include/alicia_d_control_interfaces/alicia_d_control_interfaces/action/move_gripper_step.hpp
[1.319s] -- Up-to-date: /home/Projects/HET/alicia_ws/install/alicia_d_control_interfaces/include/alicia_d_control_interfaces/alicia_d_control_interfaces/action/force_grasp.hpp
[1.319s] -- Up-to-date: /home/Projects/HET/alicia_ws/install/alicia_d_control_interfaces/include/alicia_d_control_interfaces/alicia_d_control_interfaces/action/move_arm_to_pose.hpp
[1.319s] -- Up-to-date: /home/Projects/HET/alicia_ws/install/alicia_d_control_interfaces/include/alicia_d_control_interfaces/alicia_d_control_interfaces/action/home_gripper.hpp
[1.320s] -- Up-to-date: /home/Projects/HET/alicia_ws/install/alicia_d_control_interfaces/include/alicia_d_control_interfaces/alicia_d_control_interfaces/msg
[1.320s] -- Up-to-date: /home/Projects/HET/alicia_ws/install/alicia_d_control_interfaces/include/alicia_d_control_interfaces/alicia_d_control_interfaces/msg/detail
[1.320s] -- Up-to-date: /home/Projects/HET/alicia_ws/install/alicia_d_control_interfaces/include/alicia_d_control_interfaces/alicia_d_control_interfaces/msg/detail/grasp_candidate__struct.hpp
[1.320s] -- Up-to-date: /home/Projects/HET/alicia_ws/install/alicia_d_control_interfaces/include/alicia_d_control_interfaces/alicia_d_control_interfaces/msg/detail/gripper_state__type_support.hpp
[1.320s] -- Up-to-date: /home/Projects/HET/alicia_ws/install/alicia_d_control_interfaces/include/alicia_d_control_interfaces/alicia_d_control_interfaces/msg/detail/gripper_state__struct.hpp
[1.321s] -- Up-to-date: /home/Projects/HET/alicia_ws/install/alicia_d_control_interfaces/include/alicia_d_control_interfaces/alicia_d_control_interfaces/msg/detail/grasp_candidate__traits.hpp
[1.321s] -- Up-to-date: /home/Projects/HET/alicia_ws/install/alicia_d_control_interfaces/include/alicia_d_control_interfaces/alicia_d_control_interfaces/msg/detail/gripper_state__builder.hpp
[1.321s] -- Up-to-date: /home/Projects/HET/alicia_ws/install/alicia_d_control_interfaces/include/alicia_d_control_interfaces/alicia_d_control_interfaces/msg/detail/gripper_state__traits.hpp
[1.322s] -- Up-to-date: /home/Projects/HET/alicia_ws/install/alicia_d_control_interfaces/include/alicia_d_control_interfaces/alicia_d_control_interfaces/msg/detail/grasp_candidate__type_support.hpp
[1.322s] -- Up-to-date: /home/Projects/HET/alicia_ws/install/alicia_d_control_interfaces/include/alicia_d_control_interfaces/alicia_d_control_interfaces/msg/detail/grasp_candidate__builder.hpp
[1.322s] -- Up-to-date: /home/Projects/HET/alicia_ws/install/alicia_d_control_interfaces/include/alicia_d_control_interfaces/alicia_d_control_interfaces/msg/gripper_state.hpp
[1.322s] -- Up-to-date: /home/Projects/HET/alicia_ws/install/alicia_d_control_interfaces/include/alicia_d_control_interfaces/alicia_d_control_interfaces/msg/grasp_candidate.hpp
[1.322s] -- Up-to-date: /home/Projects/HET/alicia_ws/install/alicia_d_control_interfaces/include/alicia_d_control_interfaces/alicia_d_control_interfaces/msg/rosidl_generator_cpp__visibility_control.hpp
[1.322s] -- Up-to-date: /home/Projects/HET/alicia_ws/install/alicia_d_control_interfaces/include/alicia_d_control_interfaces/alicia_d_control_interfaces
[1.322s] -- Up-to-date: /home/Projects/HET/alicia_ws/install/alicia_d_control_interfaces/include/alicia_d_control_interfaces/alicia_d_control_interfaces/action
[1.322s] -- Up-to-date: /home/Projects/HET/alicia_ws/install/alicia_d_control_interfaces/include/alicia_d_control_interfaces/alicia_d_control_interfaces/action/detail
[1.323s] -- Up-to-date: /home/Projects/HET/alicia_ws/install/alicia_d_control_interfaces/include/alicia_d_control_interfaces/alicia_d_control_interfaces/action/detail/move_gripper_step__rosidl_typesupport_fastrtps_cpp.hpp
[1.323s] -- Up-to-date: /home/Projects/HET/alicia_ws/install/alicia_d_control_interfaces/include/alicia_d_control_interfaces/alicia_d_control_interfaces/action/detail/move_arm_to_pose__rosidl_typesupport_fastrtps_cpp.hpp
[1.323s] -- Up-to-date: /home/Projects/HET/alicia_ws/install/alicia_d_control_interfaces/include/alicia_d_control_interfaces/alicia_d_control_interfaces/action/detail/move_arm_to_joints__rosidl_typesupport_fastrtps_cpp.hpp
[1.323s] -- Up-to-date: /home/Projects/HET/alicia_ws/install/alicia_d_control_interfaces/include/alicia_d_control_interfaces/alicia_d_control_interfaces/action/detail/move_gripper__rosidl_typesupport_fastrtps_cpp.hpp
[1.323s] -- Up-to-date: /home/Projects/HET/alicia_ws/install/alicia_d_control_interfaces/include/alicia_d_control_interfaces/alicia_d_control_interfaces/action/detail/home_gripper__rosidl_typesupport_fastrtps_cpp.hpp
[1.323s] -- Up-to-date: /home/Projects/HET/alicia_ws/install/alicia_d_control_interfaces/include/alicia_d_control_interfaces/alicia_d_control_interfaces/action/detail/dds_fastrtps
[1.324s] -- Up-to-date: /home/Projects/HET/alicia_ws/install/alicia_d_control_interfaces/include/alicia_d_control_interfaces/alicia_d_control_interfaces/action/detail/force_grasp__rosidl_typesupport_fastrtps_cpp.hpp
[1.324s] -- Up-to-date: /home/Projects/HET/alicia_ws/install/alicia_d_control_interfaces/include/alicia_d_control_interfaces/alicia_d_control_interfaces/msg
[1.324s] -- Up-to-date: /home/Projects/HET/alicia_ws/install/alicia_d_control_interfaces/include/alicia_d_control_interfaces/alicia_d_control_interfaces/msg/detail
[1.324s] -- Up-to-date: /home/Projects/HET/alicia_ws/install/alicia_d_control_interfaces/include/alicia_d_control_interfaces/alicia_d_control_interfaces/msg/detail/gripper_state__rosidl_typesupport_fastrtps_cpp.hpp
[1.324s] -- Up-to-date: /home/Projects/HET/alicia_ws/install/alicia_d_control_interfaces/include/alicia_d_control_interfaces/alicia_d_control_interfaces/msg/detail/dds_fastrtps
[1.324s] -- Up-to-date: /home/Projects/HET/alicia_ws/install/alicia_d_control_interfaces/include/alicia_d_control_interfaces/alicia_d_control_interfaces/msg/detail/grasp_candidate__rosidl_typesupport_fastrtps_cpp.hpp
[1.324s] -- Up-to-date: /home/Projects/HET/alicia_ws/install/alicia_d_control_interfaces/include/alicia_d_control_interfaces/alicia_d_control_interfaces/msg/rosidl_typesupport_fastrtps_cpp__visibility_control.h
[1.324s] -- Up-to-date: /home/Projects/HET/alicia_ws/install/alicia_d_control_interfaces/lib/libalicia_d_control_interfaces__rosidl_typesupport_fastrtps_cpp.so
[1.324s] -- Up-to-date: /home/Projects/HET/alicia_ws/install/alicia_d_control_interfaces/include/alicia_d_control_interfaces/alicia_d_control_interfaces
[1.325s] -- Up-to-date: /home/Projects/HET/alicia_ws/install/alicia_d_control_interfaces/include/alicia_d_control_interfaces/alicia_d_control_interfaces/action
[1.325s] -- Up-to-date: /home/Projects/HET/alicia_ws/install/alicia_d_control_interfaces/include/alicia_d_control_interfaces/alicia_d_control_interfaces/action/detail
[1.325s] -- Up-to-date: /home/Projects/HET/alicia_ws/install/alicia_d_control_interfaces/include/alicia_d_control_interfaces/alicia_d_control_interfaces/action/detail/move_gripper__type_support.c
[1.325s] -- Up-to-date: /home/Projects/HET/alicia_ws/install/alicia_d_control_interfaces/include/alicia_d_control_interfaces/alicia_d_control_interfaces/action/detail/move_arm_to_pose__rosidl_typesupport_introspection_c.h
[1.326s] -- Up-to-date: /home/Projects/HET/alicia_ws/install/alicia_d_control_interfaces/include/alicia_d_control_interfaces/alicia_d_control_interfaces/action/detail/move_gripper__rosidl_typesupport_introspection_c.h
[1.326s] -- Up-to-date: /home/Projects/HET/alicia_ws/install/alicia_d_control_interfaces/include/alicia_d_control_interfaces/alicia_d_control_interfaces/action/detail/force_grasp__type_support.c
[1.326s] -- Up-to-date: /home/Projects/HET/alicia_ws/install/alicia_d_control_interfaces/include/alicia_d_control_interfaces/alicia_d_control_interfaces/action/detail/move_gripper_step__rosidl_typesupport_introspection_c.h
[1.326s] -- Up-to-date: /home/Projects/HET/alicia_ws/install/alicia_d_control_interfaces/include/alicia_d_control_interfaces/alicia_d_control_interfaces/action/detail/home_gripper__rosidl_typesupport_introspection_c.h
[1.326s] -- Up-to-date: /home/Projects/HET/alicia_ws/install/alicia_d_control_interfaces/include/alicia_d_control_interfaces/alicia_d_control_interfaces/action/detail/force_grasp__rosidl_typesupport_introspection_c.h
[1.326s] -- Up-to-date: /home/Projects/HET/alicia_ws/install/alicia_d_control_interfaces/include/alicia_d_control_interfaces/alicia_d_control_interfaces/action/detail/move_gripper_step__type_support.c
[1.326s] -- Up-to-date: /home/Projects/HET/alicia_ws/install/alicia_d_control_interfaces/include/alicia_d_control_interfaces/alicia_d_control_interfaces/action/detail/move_arm_to_joints__type_support.c
[1.327s] -- Up-to-date: /home/Projects/HET/alicia_ws/install/alicia_d_control_interfaces/include/alicia_d_control_interfaces/alicia_d_control_interfaces/action/detail/move_arm_to_joints__rosidl_typesupport_introspection_c.h
[1.327s] -- Up-to-date: /home/Projects/HET/alicia_ws/install/alicia_d_control_interfaces/include/alicia_d_control_interfaces/alicia_d_control_interfaces/action/detail/move_arm_to_pose__type_support.c
[1.327s] -- Up-to-date: /home/Projects/HET/alicia_ws/install/alicia_d_control_interfaces/include/alicia_d_control_interfaces/alicia_d_control_interfaces/action/detail/home_gripper__type_support.c
[1.327s] -- Up-to-date: /home/Projects/HET/alicia_ws/install/alicia_d_control_interfaces/include/alicia_d_control_interfaces/alicia_d_control_interfaces/msg
[1.327s] -- Up-to-date: /home/Projects/HET/alicia_ws/install/alicia_d_control_interfaces/include/alicia_d_control_interfaces/alicia_d_control_interfaces/msg/detail
[1.327s] -- Up-to-date: /home/Projects/HET/alicia_ws/install/alicia_d_control_interfaces/include/alicia_d_control_interfaces/alicia_d_control_interfaces/msg/detail/grasp_candidate__type_support.c
[1.327s] -- Up-to-date: /home/Projects/HET/alicia_ws/install/alicia_d_control_interfaces/include/alicia_d_control_interfaces/alicia_d_control_interfaces/msg/detail/gripper_state__type_support.c
[1.327s] -- Up-to-date: /home/Projects/HET/alicia_ws/install/alicia_d_control_interfaces/include/alicia_d_control_interfaces/alicia_d_control_interfaces/msg/detail/gripper_state__rosidl_typesupport_introspection_c.h
[1.327s] -- Up-to-date: /home/Projects/HET/alicia_ws/install/alicia_d_control_interfaces/include/alicia_d_control_interfaces/alicia_d_control_interfaces/msg/detail/grasp_candidate__rosidl_typesupport_introspection_c.h
[1.328s] -- Up-to-date: /home/Projects/HET/alicia_ws/install/alicia_d_control_interfaces/include/alicia_d_control_interfaces/alicia_d_control_interfaces/msg/rosidl_typesupport_introspection_c__visibility_control.h
[1.328s] -- Up-to-date: /home/Projects/HET/alicia_ws/install/alicia_d_control_interfaces/lib/libalicia_d_control_interfaces__rosidl_typesupport_introspection_c.so
[1.329s] -- Up-to-date: /home/Projects/HET/alicia_ws/install/alicia_d_control_interfaces/lib/libalicia_d_control_interfaces__rosidl_typesupport_c.so
[1.329s] -- Up-to-date: /home/Projects/HET/alicia_ws/install/alicia_d_control_interfaces/include/alicia_d_control_interfaces/alicia_d_control_interfaces
[1.329s] -- Up-to-date: /home/Projects/HET/alicia_ws/install/alicia_d_control_interfaces/include/alicia_d_control_interfaces/alicia_d_control_interfaces/action
[1.329s] -- Up-to-date: /home/Projects/HET/alicia_ws/install/alicia_d_control_interfaces/include/alicia_d_control_interfaces/alicia_d_control_interfaces/action/detail
[1.330s] -- Up-to-date: /home/Projects/HET/alicia_ws/install/alicia_d_control_interfaces/include/alicia_d_control_interfaces/alicia_d_control_interfaces/action/detail/move_gripper_step__rosidl_typesupport_introspection_cpp.hpp
[1.330s] -- Up-to-date: /home/Projects/HET/alicia_ws/install/alicia_d_control_interfaces/include/alicia_d_control_interfaces/alicia_d_control_interfaces/action/detail/home_gripper__rosidl_typesupport_introspection_cpp.hpp
[1.330s] -- Up-to-date: /home/Projects/HET/alicia_ws/install/alicia_d_control_interfaces/include/alicia_d_control_interfaces/alicia_d_control_interfaces/action/detail/force_grasp__rosidl_typesupport_introspection_cpp.hpp
[1.330s] -- Up-to-date: /home/Projects/HET/alicia_ws/install/alicia_d_control_interfaces/include/alicia_d_control_interfaces/alicia_d_control_interfaces/action/detail/move_arm_to_pose__rosidl_typesupport_introspection_cpp.hpp
[1.330s] -- Up-to-date: /home/Projects/HET/alicia_ws/install/alicia_d_control_interfaces/include/alicia_d_control_interfaces/alicia_d_control_interfaces/action/detail/move_gripper__rosidl_typesupport_introspection_cpp.hpp
[1.331s] -- Up-to-date: /home/Projects/HET/alicia_ws/install/alicia_d_control_interfaces/include/alicia_d_control_interfaces/alicia_d_control_interfaces/action/detail/force_grasp__type_support.cpp
[1.331s] -- Up-to-date: /home/Projects/HET/alicia_ws/install/alicia_d_control_interfaces/include/alicia_d_control_interfaces/alicia_d_control_interfaces/action/detail/move_arm_to_joints__type_support.cpp
[1.331s] -- Up-to-date: /home/Projects/HET/alicia_ws/install/alicia_d_control_interfaces/include/alicia_d_control_interfaces/alicia_d_control_interfaces/action/detail/move_arm_to_pose__type_support.cpp
[1.331s] -- Up-to-date: /home/Projects/HET/alicia_ws/install/alicia_d_control_interfaces/include/alicia_d_control_interfaces/alicia_d_control_interfaces/action/detail/home_gripper__type_support.cpp
[1.332s] -- Up-to-date: /home/Projects/HET/alicia_ws/install/alicia_d_control_interfaces/include/alicia_d_control_interfaces/alicia_d_control_interfaces/action/detail/move_gripper_step__type_support.cpp
[1.332s] -- Up-to-date: /home/Projects/HET/alicia_ws/install/alicia_d_control_interfaces/include/alicia_d_control_interfaces/alicia_d_control_interfaces/action/detail/move_arm_to_joints__rosidl_typesupport_introspection_cpp.hpp
[1.332s] -- Up-to-date: /home/Projects/HET/alicia_ws/install/alicia_d_control_interfaces/include/alicia_d_control_interfaces/alicia_d_control_interfaces/action/detail/move_gripper__type_support.cpp
[1.332s] -- Up-to-date: /home/Projects/HET/alicia_ws/install/alicia_d_control_interfaces/include/alicia_d_control_interfaces/alicia_d_control_interfaces/msg
[1.332s] -- Up-to-date: /home/Projects/HET/alicia_ws/install/alicia_d_control_interfaces/include/alicia_d_control_interfaces/alicia_d_control_interfaces/msg/detail
[1.333s] -- Up-to-date: /home/Projects/HET/alicia_ws/install/alicia_d_control_interfaces/include/alicia_d_control_interfaces/alicia_d_control_interfaces/msg/detail/gripper_state__type_support.cpp
[1.333s] -- Up-to-date: /home/Projects/HET/alicia_ws/install/alicia_d_control_interfaces/include/alicia_d_control_interfaces/alicia_d_control_interfaces/msg/detail/grasp_candidate__rosidl_typesupport_introspection_cpp.hpp
[1.333s] -- Up-to-date: /home/Projects/HET/alicia_ws/install/alicia_d_control_interfaces/include/alicia_d_control_interfaces/alicia_d_control_interfaces/msg/detail/grasp_candidate__type_support.cpp
[1.333s] -- Up-to-date: /home/Projects/HET/alicia_ws/install/alicia_d_control_interfaces/include/alicia_d_control_interfaces/alicia_d_control_interfaces/msg/detail/gripper_state__rosidl_typesupport_introspection_cpp.hpp
[1.334s] -- Up-to-date: /home/Projects/HET/alicia_ws/install/alicia_d_control_interfaces/lib/libalicia_d_control_interfaces__rosidl_typesupport_introspection_cpp.so
[1.334s] -- Up-to-date: /home/Projects/HET/alicia_ws/install/alicia_d_control_interfaces/lib/libalicia_d_control_interfaces__rosidl_typesupport_cpp.so
[1.334s] -- Up-to-date: /home/Projects/HET/alicia_ws/install/alicia_d_control_interfaces/share/alicia_d_control_interfaces/environment/pythonpath.sh
[1.334s] -- Up-to-date: /home/Projects/HET/alicia_ws/install/alicia_d_control_interfaces/share/alicia_d_control_interfaces/environment/pythonpath.dsv
[1.334s] -- Up-to-date: /home/Projects/HET/alicia_ws/install/alicia_d_control_interfaces/local/lib/python3.10/dist-packages/alicia_d_control_interfaces-0.1.0-py3.10.egg-info
[1.334s] -- Installing: /home/Projects/HET/alicia_ws/install/alicia_d_control_interfaces/local/lib/python3.10/dist-packages/alicia_d_control_interfaces-0.1.0-py3.10.egg-info/PKG-INFO
[1.335s] -- Installing: /home/Projects/HET/alicia_ws/install/alicia_d_control_interfaces/local/lib/python3.10/dist-packages/alicia_d_control_interfaces-0.1.0-py3.10.egg-info/SOURCES.txt
[1.335s] -- Installing: /home/Projects/HET/alicia_ws/install/alicia_d_control_interfaces/local/lib/python3.10/dist-packages/alicia_d_control_interfaces-0.1.0-py3.10.egg-info/dependency_links.txt
[1.335s] -- Installing: /home/Projects/HET/alicia_ws/install/alicia_d_control_interfaces/local/lib/python3.10/dist-packages/alicia_d_control_interfaces-0.1.0-py3.10.egg-info/top_level.txt
[1.335s] -- Up-to-date: /home/Projects/HET/alicia_ws/install/alicia_d_control_interfaces/local/lib/python3.10/dist-packages/alicia_d_control_interfaces
[1.336s] -- Up-to-date: /home/Projects/HET/alicia_ws/install/alicia_d_control_interfaces/local/lib/python3.10/dist-packages/alicia_d_control_interfaces/alicia_d_control_interfaces_s__rosidl_typesupport_c.cpython-310-x86_64-linux-gnu.so
[1.336s] -- Up-to-date: /home/Projects/HET/alicia_ws/install/alicia_d_control_interfaces/local/lib/python3.10/dist-packages/alicia_d_control_interfaces/_alicia_d_control_interfaces_s.ep.rosidl_typesupport_fastrtps_c.c
[1.336s] -- Up-to-date: /home/Projects/HET/alicia_ws/install/alicia_d_control_interfaces/local/lib/python3.10/dist-packages/alicia_d_control_interfaces/__init__.py
[1.336s] -- Up-to-date: /home/Projects/HET/alicia_ws/install/alicia_d_control_interfaces/local/lib/python3.10/dist-packages/alicia_d_control_interfaces/_alicia_d_control_interfaces_s.ep.rosidl_typesupport_c.c
[1.336s] -- Up-to-date: /home/Projects/HET/alicia_ws/install/alicia_d_control_interfaces/local/lib/python3.10/dist-packages/alicia_d_control_interfaces/alicia_d_control_interfaces_s__rosidl_typesupport_introspection_c.cpython-310-x86_64-linux-gnu.so
[1.336s] -- Up-to-date: /home/Projects/HET/alicia_ws/install/alicia_d_control_interfaces/local/lib/python3.10/dist-packages/alicia_d_control_interfaces/libalicia_d_control_interfaces__rosidl_generator_py.so
[1.336s] -- Up-to-date: /home/Projects/HET/alicia_ws/install/alicia_d_control_interfaces/local/lib/python3.10/dist-packages/alicia_d_control_interfaces/alicia_d_control_interfaces_s__rosidl_typesupport_fastrtps_c.cpython-310-x86_64-linux-gnu.so
[1.336s] -- Up-to-date: /home/Projects/HET/alicia_ws/install/alicia_d_control_interfaces/local/lib/python3.10/dist-packages/alicia_d_control_interfaces/action
[1.337s] -- Up-to-date: /home/Projects/HET/alicia_ws/install/alicia_d_control_interfaces/local/lib/python3.10/dist-packages/alicia_d_control_interfaces/action/_force_grasp_s.c
[1.337s] -- Up-to-date: /home/Projects/HET/alicia_ws/install/alicia_d_control_interfaces/local/lib/python3.10/dist-packages/alicia_d_control_interfaces/action/_force_grasp.py
[1.338s] -- Up-to-date: /home/Projects/HET/alicia_ws/install/alicia_d_control_interfaces/local/lib/python3.10/dist-packages/alicia_d_control_interfaces/action/_move_gripper_step_s.c
[1.338s] -- Up-to-date: /home/Projects/HET/alicia_ws/install/alicia_d_control_interfaces/local/lib/python3.10/dist-packages/alicia_d_control_interfaces/action/__init__.py
[1.339s] -- Up-to-date: /home/Projects/HET/alicia_ws/install/alicia_d_control_interfaces/local/lib/python3.10/dist-packages/alicia_d_control_interfaces/action/_move_gripper.py
[1.339s] -- Up-to-date: /home/Projects/HET/alicia_ws/install/alicia_d_control_interfaces/local/lib/python3.10/dist-packages/alicia_d_control_interfaces/action/_home_gripper.py
[1.339s] -- Up-to-date: /home/Projects/HET/alicia_ws/install/alicia_d_control_interfaces/local/lib/python3.10/dist-packages/alicia_d_control_interfaces/action/_move_arm_to_joints.py
[1.339s] -- Up-to-date: /home/Projects/HET/alicia_ws/install/alicia_d_control_interfaces/local/lib/python3.10/dist-packages/alicia_d_control_interfaces/action/_move_gripper_step.py
[1.339s] -- Up-to-date: /home/Projects/HET/alicia_ws/install/alicia_d_control_interfaces/local/lib/python3.10/dist-packages/alicia_d_control_interfaces/action/_move_arm_to_pose.py
[1.339s] -- Up-to-date: /home/Projects/HET/alicia_ws/install/alicia_d_control_interfaces/local/lib/python3.10/dist-packages/alicia_d_control_interfaces/action/_move_arm_to_joints_s.c
[1.339s] -- Up-to-date: /home/Projects/HET/alicia_ws/install/alicia_d_control_interfaces/local/lib/python3.10/dist-packages/alicia_d_control_interfaces/action/_move_gripper_s.c
[1.339s] -- Up-to-date: /home/Projects/HET/alicia_ws/install/alicia_d_control_interfaces/local/lib/python3.10/dist-packages/alicia_d_control_interfaces/action/_move_arm_to_pose_s.c
[1.340s] -- Up-to-date: /home/Projects/HET/alicia_ws/install/alicia_d_control_interfaces/local/lib/python3.10/dist-packages/alicia_d_control_interfaces/action/_home_gripper_s.c
[1.340s] -- Up-to-date: /home/Projects/HET/alicia_ws/install/alicia_d_control_interfaces/local/lib/python3.10/dist-packages/alicia_d_control_interfaces/msg
[1.340s] -- Up-to-date: /home/Projects/HET/alicia_ws/install/alicia_d_control_interfaces/local/lib/python3.10/dist-packages/alicia_d_control_interfaces/msg/_grasp_candidate.py
[1.340s] -- Up-to-date: /home/Projects/HET/alicia_ws/install/alicia_d_control_interfaces/local/lib/python3.10/dist-packages/alicia_d_control_interfaces/msg/__init__.py
[1.340s] -- Up-to-date: /home/Projects/HET/alicia_ws/install/alicia_d_control_interfaces/local/lib/python3.10/dist-packages/alicia_d_control_interfaces/msg/_gripper_state.py
[1.341s] -- Up-to-date: /home/Projects/HET/alicia_ws/install/alicia_d_control_interfaces/local/lib/python3.10/dist-packages/alicia_d_control_interfaces/msg/_grasp_candidate_s.c
[1.342s] -- Up-to-date: /home/Projects/HET/alicia_ws/install/alicia_d_control_interfaces/local/lib/python3.10/dist-packages/alicia_d_control_interfaces/msg/_gripper_state_s.c
[1.342s] -- Up-to-date: /home/Projects/HET/alicia_ws/install/alicia_d_control_interfaces/local/lib/python3.10/dist-packages/alicia_d_control_interfaces/_alicia_d_control_interfaces_s.ep.rosidl_typesupport_introspection_c.c
[1.413s] Listing '/home/Projects/HET/alicia_ws/install/alicia_d_control_interfaces/local/lib/python3.10/dist-packages/alicia_d_control_interfaces'...
[1.414s] Listing '/home/Projects/HET/alicia_ws/install/alicia_d_control_interfaces/local/lib/python3.10/dist-packages/alicia_d_control_interfaces/action'...
[1.414s] Listing '/home/Projects/HET/alicia_ws/install/alicia_d_control_interfaces/local/lib/python3.10/dist-packages/alicia_d_control_interfaces/msg'...
[1.426s] -- Up-to-date: /home/Projects/HET/alicia_ws/install/alicia_d_control_interfaces/local/lib/python3.10/dist-packages/alicia_d_control_interfaces/alicia_d_control_interfaces_s__rosidl_typesupport_fastrtps_c.cpython-310-x86_64-linux-gnu.so
[1.428s] -- Up-to-date: /home/Projects/HET/alicia_ws/install/alicia_d_control_interfaces/local/lib/python3.10/dist-packages/alicia_d_control_interfaces/alicia_d_control_interfaces_s__rosidl_typesupport_introspection_c.cpython-310-x86_64-linux-gnu.so
[1.430s] -- Up-to-date: /home/Projects/HET/alicia_ws/install/alicia_d_control_interfaces/local/lib/python3.10/dist-packages/alicia_d_control_interfaces/alicia_d_control_interfaces_s__rosidl_typesupport_c.cpython-310-x86_64-linux-gnu.so
[1.431s] -- Up-to-date: /home/Projects/HET/alicia_ws/install/alicia_d_control_interfaces/lib/libalicia_d_control_interfaces__rosidl_generator_py.so
[1.433s] -- Up-to-date: /home/Projects/HET/alicia_ws/install/alicia_d_control_interfaces/share/ament_index/resource_index/rust_packages/alicia_d_control_interfaces
[1.436s] -- Up-to-date: /home/Projects/HET/alicia_ws/install/alicia_d_control_interfaces/share/alicia_d_control_interfaces/rust
[1.439s] -- Up-to-date: /home/Projects/HET/alicia_ws/install/alicia_d_control_interfaces/share/alicia_d_control_interfaces/rust/Cargo.toml
[1.440s] -- Up-to-date: /home/Projects/HET/alicia_ws/install/alicia_d_control_interfaces/share/alicia_d_control_interfaces/rust/build.rs
[1.440s] -- Up-to-date: /home/Projects/HET/alicia_ws/install/alicia_d_control_interfaces/share/alicia_d_control_interfaces/rust/src
[1.440s] -- Up-to-date: /home/Projects/HET/alicia_ws/install/alicia_d_control_interfaces/share/alicia_d_control_interfaces/rust/src/msg.rs
[1.440s] -- Up-to-date: /home/Projects/HET/alicia_ws/install/alicia_d_control_interfaces/share/alicia_d_control_interfaces/rust/src/lib.rs
[1.441s] -- Up-to-date: /home/Projects/HET/alicia_ws/install/alicia_d_control_interfaces/share/alicia_d_control_interfaces/rust/src/action.rs
[1.441s] -- Up-to-date: /home/Projects/HET/alicia_ws/install/alicia_d_control_interfaces/share/alicia_d_control_interfaces/rust/src/action
[1.441s] -- Up-to-date: /home/Projects/HET/alicia_ws/install/alicia_d_control_interfaces/share/alicia_d_control_interfaces/rust/src/action/rmw.rs
[1.442s] -- Up-to-date: /home/Projects/HET/alicia_ws/install/alicia_d_control_interfaces/share/alicia_d_control_interfaces/rust/src/msg
[1.443s] -- Up-to-date: /home/Projects/HET/alicia_ws/install/alicia_d_control_interfaces/share/alicia_d_control_interfaces/rust/src/msg/rmw.rs
[1.447s] -- Up-to-date: /home/Projects/HET/alicia_ws/install/alicia_d_control_interfaces/share/alicia_d_control_interfaces/msg/GraspCandidate.idl
[1.448s] -- Up-to-date: /home/Projects/HET/alicia_ws/install/alicia_d_control_interfaces/share/alicia_d_control_interfaces/msg/GripperState.idl
[1.448s] -- Up-to-date: /home/Projects/HET/alicia_ws/install/alicia_d_control_interfaces/share/alicia_d_control_interfaces/action/ForceGrasp.idl
[1.449s] -- Up-to-date: /home/Projects/HET/alicia_ws/install/alicia_d_control_interfaces/share/alicia_d_control_interfaces/action/HomeGripper.idl
[1.449s] -- Up-to-date: /home/Projects/HET/alicia_ws/install/alicia_d_control_interfaces/share/alicia_d_control_interfaces/action/MoveArmToJoints.idl
[1.450s] -- Up-to-date: /home/Projects/HET/alicia_ws/install/alicia_d_control_interfaces/share/alicia_d_control_interfaces/action/MoveArmToPose.idl
[1.452s] -- Up-to-date: /home/Projects/HET/alicia_ws/install/alicia_d_control_interfaces/share/alicia_d_control_interfaces/action/MoveGripper.idl
[1.452s] -- Up-to-date: /home/Projects/HET/alicia_ws/install/alicia_d_control_interfaces/share/alicia_d_control_interfaces/action/MoveGripperStep.idl
[1.452s] -- Up-to-date: /home/Projects/HET/alicia_ws/install/alicia_d_control_interfaces/share/alicia_d_control_interfaces/msg/GraspCandidate.msg
[1.453s] -- Up-to-date: /home/Projects/HET/alicia_ws/install/alicia_d_control_interfaces/share/alicia_d_control_interfaces/msg/GripperState.msg
[1.453s] -- Up-to-date: /home/Projects/HET/alicia_ws/install/alicia_d_control_interfaces/share/alicia_d_control_interfaces/action/ForceGrasp.action
[1.453s] -- Up-to-date: /home/Projects/HET/alicia_ws/install/alicia_d_control_interfaces/share/alicia_d_control_interfaces/action/HomeGripper.action
[1.453s] -- Up-to-date: /home/Projects/HET/alicia_ws/install/alicia_d_control_interfaces/share/alicia_d_control_interfaces/action/MoveArmToJoints.action
[1.454s] -- Up-to-date: /home/Projects/HET/alicia_ws/install/alicia_d_control_interfaces/share/alicia_d_control_interfaces/action/MoveArmToPose.action
[1.454s] -- Up-to-date: /home/Projects/HET/alicia_ws/install/alicia_d_control_interfaces/share/alicia_d_control_interfaces/action/MoveGripper.action
[1.454s] -- Up-to-date: /home/Projects/HET/alicia_ws/install/alicia_d_control_interfaces/share/alicia_d_control_interfaces/action/MoveGripperStep.action
[1.454s] -- Up-to-date: /home/Projects/HET/alicia_ws/install/alicia_d_control_interfaces/share/ament_index/resource_index/package_run_dependencies/alicia_d_control_interfaces
[1.455s] -- Up-to-date: /home/Projects/HET/alicia_ws/install/alicia_d_control_interfaces/share/ament_index/resource_index/parent_prefix_path/alicia_d_control_interfaces
[1.455s] -- Up-to-date: /home/Projects/HET/alicia_ws/install/alicia_d_control_interfaces/share/alicia_d_control_interfaces/environment/ament_prefix_path.sh
[1.456s] -- Up-to-date: /home/Projects/HET/alicia_ws/install/alicia_d_control_interfaces/share/alicia_d_control_interfaces/environment/ament_prefix_path.dsv
[1.456s] -- Up-to-date: /home/Projects/HET/alicia_ws/install/alicia_d_control_interfaces/share/alicia_d_control_interfaces/environment/path.sh
[1.457s] -- Up-to-date: /home/Projects/HET/alicia_ws/install/alicia_d_control_interfaces/share/alicia_d_control_interfaces/environment/path.dsv
[1.457s] -- Up-to-date: /home/Projects/HET/alicia_ws/install/alicia_d_control_interfaces/share/alicia_d_control_interfaces/local_setup.bash
[1.458s] -- Up-to-date: /home/Projects/HET/alicia_ws/install/alicia_d_control_interfaces/share/alicia_d_control_interfaces/local_setup.sh
[1.460s] -- Up-to-date: /home/Projects/HET/alicia_ws/install/alicia_d_control_interfaces/share/alicia_d_control_interfaces/local_setup.zsh
[1.460s] -- Up-to-date: /home/Projects/HET/alicia_ws/install/alicia_d_control_interfaces/share/alicia_d_control_interfaces/local_setup.dsv
[1.460s] -- Installing: /home/Projects/HET/alicia_ws/install/alicia_d_control_interfaces/share/alicia_d_control_interfaces/package.dsv
[1.461s] -- Up-to-date: /home/Projects/HET/alicia_ws/install/alicia_d_control_interfaces/share/ament_index/resource_index/packages/alicia_d_control_interfaces
[1.461s] -- Up-to-date: /home/Projects/HET/alicia_ws/install/alicia_d_control_interfaces/share/alicia_d_control_interfaces/cmake/export_alicia_d_control_interfaces__rosidl_generator_cExport.cmake
[1.461s] -- Up-to-date: /home/Projects/HET/alicia_ws/install/alicia_d_control_interfaces/share/alicia_d_control_interfaces/cmake/export_alicia_d_control_interfaces__rosidl_generator_cExport-noconfig.cmake
[1.462s] -- Up-to-date: /home/Projects/HET/alicia_ws/install/alicia_d_control_interfaces/share/alicia_d_control_interfaces/cmake/export_alicia_d_control_interfaces__rosidl_typesupport_fastrtps_cExport.cmake
[1.462s] -- Up-to-date: /home/Projects/HET/alicia_ws/install/alicia_d_control_interfaces/share/alicia_d_control_interfaces/cmake/export_alicia_d_control_interfaces__rosidl_typesupport_fastrtps_cExport-noconfig.cmake
[1.462s] -- Up-to-date: /home/Projects/HET/alicia_ws/install/alicia_d_control_interfaces/share/alicia_d_control_interfaces/cmake/export_alicia_d_control_interfaces__rosidl_generator_cppExport.cmake
[1.462s] -- Up-to-date: /home/Projects/HET/alicia_ws/install/alicia_d_control_interfaces/share/alicia_d_control_interfaces/cmake/export_alicia_d_control_interfaces__rosidl_typesupport_fastrtps_cppExport.cmake
[1.462s] -- Up-to-date: /home/Projects/HET/alicia_ws/install/alicia_d_control_interfaces/share/alicia_d_control_interfaces/cmake/export_alicia_d_control_interfaces__rosidl_typesupport_fastrtps_cppExport-noconfig.cmake
[1.462s] -- Up-to-date: /home/Projects/HET/alicia_ws/install/alicia_d_control_interfaces/share/alicia_d_control_interfaces/cmake/alicia_d_control_interfaces__rosidl_typesupport_introspection_cExport.cmake
[1.462s] -- Up-to-date: /home/Projects/HET/alicia_ws/install/alicia_d_control_interfaces/share/alicia_d_control_interfaces/cmake/alicia_d_control_interfaces__rosidl_typesupport_introspection_cExport-noconfig.cmake
[1.462s] -- Up-to-date: /home/Projects/HET/alicia_ws/install/alicia_d_control_interfaces/share/alicia_d_control_interfaces/cmake/alicia_d_control_interfaces__rosidl_typesupport_cExport.cmake
[1.462s] -- Up-to-date: /home/Projects/HET/alicia_ws/install/alicia_d_control_interfaces/share/alicia_d_control_interfaces/cmake/alicia_d_control_interfaces__rosidl_typesupport_cExport-noconfig.cmake
[1.463s] -- Up-to-date: /home/Projects/HET/alicia_ws/install/alicia_d_control_interfaces/share/alicia_d_control_interfaces/cmake/alicia_d_control_interfaces__rosidl_typesupport_introspection_cppExport.cmake
[1.463s] -- Up-to-date: /home/Projects/HET/alicia_ws/install/alicia_d_control_interfaces/share/alicia_d_control_interfaces/cmake/alicia_d_control_interfaces__rosidl_typesupport_introspection_cppExport-noconfig.cmake
[1.463s] -- Up-to-date: /home/Projects/HET/alicia_ws/install/alicia_d_control_interfaces/share/alicia_d_control_interfaces/cmake/alicia_d_control_interfaces__rosidl_typesupport_cppExport.cmake
[1.463s] -- Up-to-date: /home/Projects/HET/alicia_ws/install/alicia_d_control_interfaces/share/alicia_d_control_interfaces/cmake/alicia_d_control_interfaces__rosidl_typesupport_cppExport-noconfig.cmake
[1.463s] -- Up-to-date: /home/Projects/HET/alicia_ws/install/alicia_d_control_interfaces/share/alicia_d_control_interfaces/cmake/export_alicia_d_control_interfaces__rosidl_generator_pyExport.cmake
[1.463s] -- Up-to-date: /home/Projects/HET/alicia_ws/install/alicia_d_control_interfaces/share/alicia_d_control_interfaces/cmake/export_alicia_d_control_interfaces__rosidl_generator_pyExport-noconfig.cmake
[1.463s] -- Up-to-date: /home/Projects/HET/alicia_ws/install/alicia_d_control_interfaces/share/alicia_d_control_interfaces/cmake/rosidl_cmake-extras.cmake
[1.463s] -- Up-to-date: /home/Projects/HET/alicia_ws/install/alicia_d_control_interfaces/share/alicia_d_control_interfaces/cmake/ament_cmake_export_dependencies-extras.cmake
[1.463s] -- Up-to-date: /home/Projects/HET/alicia_ws/install/alicia_d_control_interfaces/share/alicia_d_control_interfaces/cmake/ament_cmake_export_include_directories-extras.cmake
[1.463s] -- Up-to-date: /home/Projects/HET/alicia_ws/install/alicia_d_control_interfaces/share/alicia_d_control_interfaces/cmake/ament_cmake_export_libraries-extras.cmake
[1.464s] -- Up-to-date: /home/Projects/HET/alicia_ws/install/alicia_d_control_interfaces/share/alicia_d_control_interfaces/cmake/ament_cmake_export_targets-extras.cmake
[1.464s] -- Up-to-date: /home/Projects/HET/alicia_ws/install/alicia_d_control_interfaces/share/alicia_d_control_interfaces/cmake/rosidl_cmake_export_typesupport_targets-extras.cmake
[1.464s] -- Up-to-date: /home/Projects/HET/alicia_ws/install/alicia_d_control_interfaces/share/alicia_d_control_interfaces/cmake/rosidl_cmake_export_typesupport_libraries-extras.cmake
[1.464s] -- Up-to-date: /home/Projects/HET/alicia_ws/install/alicia_d_control_interfaces/share/alicia_d_control_interfaces/cmake/alicia_d_control_interfacesConfig.cmake
[1.464s] -- Up-to-date: /home/Projects/HET/alicia_ws/install/alicia_d_control_interfaces/share/alicia_d_control_interfaces/cmake/alicia_d_control_interfacesConfig-version.cmake
[1.464s] -- Up-to-date: /home/Projects/HET/alicia_ws/install/alicia_d_control_interfaces/share/alicia_d_control_interfaces/package.xml
[30.019s] Invoked command in '/home/Projects/HET/alicia_ws/build/alicia_d_control_interfaces' returned '0': CMAKE_PREFIX_PATH=/opt/ros/humble /usr/bin/cmake --install /home/Projects/HET/alicia_ws/build/alicia_d_control_interfaces
