[4.088s] Invoking command in '/home/Projects/HET/alicia_ws/build/alicia_d_moveit': AMENT_PREFIX_PATH=/home/Projects/HET/alicia_ws/install/alicia_d_driver:/home/Projects/HET/alicia_ws/install/alicia_d_descriptions:${AMENT_PREFIX_PATH} CMAKE_PREFIX_PATH=/home/Projects/HET/alicia_ws/install/alicia_d_driver:/home/Projects/HET/alicia_ws/install/alicia_d_descriptions:/opt/ros/humble LD_LIBRARY_PATH=/home/Projects/HET/alicia_ws/install/alicia_d_driver/lib:${LD_LIBRARY_PATH} /usr/bin/cmake --build /home/Projects/HET/alicia_ws/build/alicia_d_moveit -- -j20 -l20
[30.029s] Invoked command in '/home/Projects/HET/alicia_ws/build/alicia_d_moveit' returned '0': AMENT_PREFIX_PATH=/home/Projects/HET/alicia_ws/install/alicia_d_driver:/home/Projects/HET/alicia_ws/install/alicia_d_descriptions:${AMENT_PREFIX_PATH} CMAKE_PREFIX_PATH=/home/Projects/HET/alicia_ws/install/alicia_d_driver:/home/Projects/HET/alicia_ws/install/alicia_d_descriptions:/opt/ros/humble LD_LIBRARY_PATH=/home/Projects/HET/alicia_ws/install/alicia_d_driver/lib:${LD_LIBRARY_PATH} /usr/bin/cmake --build /home/Projects/HET/alicia_ws/build/alicia_d_moveit -- -j20 -l20
[30.059s] Invoking command in '/home/Projects/HET/alicia_ws/build/alicia_d_moveit': AMENT_PREFIX_PATH=/home/Projects/HET/alicia_ws/install/alicia_d_driver:/home/Projects/HET/alicia_ws/install/alicia_d_descriptions:${AMENT_PREFIX_PATH} CMAKE_PREFIX_PATH=/home/Projects/HET/alicia_ws/install/alicia_d_driver:/home/Projects/HET/alicia_ws/install/alicia_d_descriptions:/opt/ros/humble LD_LIBRARY_PATH=/home/Projects/HET/alicia_ws/install/alicia_d_driver/lib:${LD_LIBRARY_PATH} /usr/bin/cmake --install /home/Projects/HET/alicia_ws/build/alicia_d_moveit
[30.081s] -- Install configuration: ""
[30.084s] -- Up-to-date: /home/Projects/HET/alicia_ws/install/alicia_d_moveit/share/ament_index/resource_index/package_run_dependencies/alicia_d_moveit
[30.085s] -- Up-to-date: /home/Projects/HET/alicia_ws/install/alicia_d_moveit/share/ament_index/resource_index/parent_prefix_path/alicia_d_moveit
[30.086s] -- Up-to-date: /home/Projects/HET/alicia_ws/install/alicia_d_moveit/share/alicia_d_moveit/environment/ament_prefix_path.sh
[30.087s] -- Up-to-date: /home/Projects/HET/alicia_ws/install/alicia_d_moveit/share/alicia_d_moveit/environment/ament_prefix_path.dsv
[30.087s] -- Up-to-date: /home/Projects/HET/alicia_ws/install/alicia_d_moveit/share/alicia_d_moveit/environment/path.sh
[30.092s] -- Up-to-date: /home/Projects/HET/alicia_ws/install/alicia_d_moveit/share/alicia_d_moveit/environment/path.dsv
[30.093s] -- Up-to-date: /home/Projects/HET/alicia_ws/install/alicia_d_moveit/share/alicia_d_moveit/local_setup.bash
[30.093s] -- Up-to-date: /home/Projects/HET/alicia_ws/install/alicia_d_moveit/share/alicia_d_moveit/local_setup.sh
[30.093s] -- Up-to-date: /home/Projects/HET/alicia_ws/install/alicia_d_moveit/share/alicia_d_moveit/local_setup.zsh
[30.093s] -- Up-to-date: /home/Projects/HET/alicia_ws/install/alicia_d_moveit/share/alicia_d_moveit/local_setup.dsv
[30.093s] -- Installing: /home/Projects/HET/alicia_ws/install/alicia_d_moveit/share/alicia_d_moveit/package.dsv
[30.093s] -- Up-to-date: /home/Projects/HET/alicia_ws/install/alicia_d_moveit/share/ament_index/resource_index/packages/alicia_d_moveit
[30.093s] -- Up-to-date: /home/Projects/HET/alicia_ws/install/alicia_d_moveit/share/alicia_d_moveit/cmake/alicia_d_moveitConfig.cmake
[30.094s] -- Up-to-date: /home/Projects/HET/alicia_ws/install/alicia_d_moveit/share/alicia_d_moveit/cmake/alicia_d_moveitConfig-version.cmake
[30.094s] -- Up-to-date: /home/Projects/HET/alicia_ws/install/alicia_d_moveit/share/alicia_d_moveit/package.xml
[30.094s] -- Up-to-date: /home/Projects/HET/alicia_ws/install/alicia_d_moveit/share/alicia_d_moveit/launch
[30.094s] -- Up-to-date: /home/Projects/HET/alicia_ws/install/alicia_d_moveit/share/alicia_d_moveit/launch/static_virtual_joint_tfs.launch.py
[30.094s] -- Up-to-date: /home/Projects/HET/alicia_ws/install/alicia_d_moveit/share/alicia_d_moveit/launch/spawn_controllers.launch.py
[30.097s] -- Up-to-date: /home/Projects/HET/alicia_ws/install/alicia_d_moveit/share/alicia_d_moveit/launch/moveit_config_builder.py
[30.098s] -- Up-to-date: /home/Projects/HET/alicia_ws/install/alicia_d_moveit/share/alicia_d_moveit/launch/moveit_rviz.launch.py
[30.099s] -- Installing: /home/Projects/HET/alicia_ws/install/alicia_d_moveit/share/alicia_d_moveit/launch/demo.launch.py
[30.099s] -- Up-to-date: /home/Projects/HET/alicia_ws/install/alicia_d_moveit/share/alicia_d_moveit/launch/move_group.launch.py
[30.099s] -- Up-to-date: /home/Projects/HET/alicia_ws/install/alicia_d_moveit/share/alicia_d_moveit/launch/setup_assistant.launch.py
[30.100s] -- Installing: /home/Projects/HET/alicia_ws/install/alicia_d_moveit/share/alicia_d_moveit/launch/real_robot.launch.py
[30.100s] -- Up-to-date: /home/Projects/HET/alicia_ws/install/alicia_d_moveit/share/alicia_d_moveit/launch/rsp.launch.py
[30.100s] -- Up-to-date: /home/Projects/HET/alicia_ws/install/alicia_d_moveit/share/alicia_d_moveit/launch/warehouse_db.launch.py
[30.101s] -- Up-to-date: /home/Projects/HET/alicia_ws/install/alicia_d_moveit/share/alicia_d_moveit/config
[30.101s] -- Up-to-date: /home/Projects/HET/alicia_ws/install/alicia_d_moveit/share/alicia_d_moveit/config/Alicia_D_v5_6_gripper_100mm_demo.urdf.xacro
[30.102s] -- Up-to-date: /home/Projects/HET/alicia_ws/install/alicia_d_moveit/share/alicia_d_moveit/config/kinematics.yaml
[30.102s] -- Up-to-date: /home/Projects/HET/alicia_ws/install/alicia_d_moveit/share/alicia_d_moveit/config/Alicia_D_v5_6_gripper_50mm_demo.urdf.xacro
[30.103s] -- Up-to-date: /home/Projects/HET/alicia_ws/install/alicia_d_moveit/share/alicia_d_moveit/config/Alicia_D_v5_6_gripper_100mm.urdf.xacro
[30.103s] -- Up-to-date: /home/Projects/HET/alicia_ws/install/alicia_d_moveit/share/alicia_d_moveit/config/hardware_defaults.yaml
[30.103s] -- Up-to-date: /home/Projects/HET/alicia_ws/install/alicia_d_moveit/share/alicia_d_moveit/config/moveit.rviz
[30.104s] -- Up-to-date: /home/Projects/HET/alicia_ws/install/alicia_d_moveit/share/alicia_d_moveit/config/pilz_cartesian_limits.yaml
[30.104s] -- Up-to-date: /home/Projects/HET/alicia_ws/install/alicia_d_moveit/share/alicia_d_moveit/config/moveit_controllers.yaml
[30.104s] -- Up-to-date: /home/Projects/HET/alicia_ws/install/alicia_d_moveit/share/alicia_d_moveit/config/alicia_d_descriptions.ros2_control.xacro
[30.104s] -- Up-to-date: /home/Projects/HET/alicia_ws/install/alicia_d_moveit/share/alicia_d_moveit/config/Alicia_D_v5_6_gripper_100mm.srdf
[30.105s] -- Up-to-date: /home/Projects/HET/alicia_ws/install/alicia_d_moveit/share/alicia_d_moveit/config/alicia_d_descriptions.urdf.xacro
[30.105s] -- Up-to-date: /home/Projects/HET/alicia_ws/install/alicia_d_moveit/share/alicia_d_moveit/config/demo.rviz
[30.105s] -- Up-to-date: /home/Projects/HET/alicia_ws/install/alicia_d_moveit/share/alicia_d_moveit/config/alicia_d_descriptions.ros2_control.fake.xacro
[30.105s] -- Up-to-date: /home/Projects/HET/alicia_ws/install/alicia_d_moveit/share/alicia_d_moveit/config/joint_limits.yaml
[30.105s] -- Up-to-date: /home/Projects/HET/alicia_ws/install/alicia_d_moveit/share/alicia_d_moveit/config/alicia_d_descriptions.srdf
[30.105s] -- Up-to-date: /home/Projects/HET/alicia_ws/install/alicia_d_moveit/share/alicia_d_moveit/config/initial_positions.yaml
[30.105s] -- Up-to-date: /home/Projects/HET/alicia_ws/install/alicia_d_moveit/share/alicia_d_moveit/config/Alicia_D_v5_6_gripper_50mm.urdf.xacro
[30.105s] -- Up-to-date: /home/Projects/HET/alicia_ws/install/alicia_d_moveit/share/alicia_d_moveit/config/Alicia_D_v5_6_gripper_50mm.srdf
[30.106s] -- Up-to-date: /home/Projects/HET/alicia_ws/install/alicia_d_moveit/share/alicia_d_moveit/config/ros2_controllers.yaml
[30.106s] -- Up-to-date: /home/Projects/HET/alicia_ws/install/alicia_d_moveit/share/alicia_d_moveit/config/sensors_3d.yaml
[30.106s] -- Up-to-date: /home/Projects/HET/alicia_ws/install/alicia_d_moveit/share/alicia_d_moveit/.setup_assistant
[60.059s] Invoked command in '/home/Projects/HET/alicia_ws/build/alicia_d_moveit' returned '0': AMENT_PREFIX_PATH=/home/Projects/HET/alicia_ws/install/alicia_d_driver:/home/Projects/HET/alicia_ws/install/alicia_d_descriptions:${AMENT_PREFIX_PATH} CMAKE_PREFIX_PATH=/home/Projects/HET/alicia_ws/install/alicia_d_driver:/home/Projects/HET/alicia_ws/install/alicia_d_descriptions:/opt/ros/humble LD_LIBRARY_PATH=/home/Projects/HET/alicia_ws/install/alicia_d_driver/lib:${LD_LIBRARY_PATH} /usr/bin/cmake --install /home/Projects/HET/alicia_ws/build/alicia_d_moveit
