[30.061s] Invoking command in '/home/zyx/桌面/Robot_Arm/alicia_ws/build/alicia_d_moveit': AMENT_PREFIX_PATH=/home/zyx/桌面/Robot_Arm/alicia_ws/install/alicia_d_driver:/home/zyx/桌面/Robot_Arm/alicia_ws/install/alicia_d_descriptions:${AMENT_PREFIX_PATH} CMAKE_PREFIX_PATH=/home/zyx/桌面/Robot_Arm/alicia_ws/install/alicia_d_driver:/home/zyx/桌面/Robot_Arm/alicia_ws/install/alicia_d_descriptions:/opt/ros/humble LD_LIBRARY_PATH=/home/zyx/桌面/Robot_Arm/alicia_ws/install/alicia_d_driver/lib:${LD_LIBRARY_PATH} /usr/bin/cmake --build /home/zyx/桌面/Robot_Arm/alicia_ws/build/alicia_d_moveit -- -j32 -l32
[60.060s] Invoked command in '/home/zyx/桌面/Robot_Arm/alicia_ws/build/alicia_d_moveit' returned '0': AMENT_PREFIX_PATH=/home/zyx/桌面/Robot_Arm/alicia_ws/install/alicia_d_driver:/home/zyx/桌面/Robot_Arm/alicia_ws/install/alicia_d_descriptions:${AMENT_PREFIX_PATH} CMAKE_PREFIX_PATH=/home/zyx/桌面/Robot_Arm/alicia_ws/install/alicia_d_driver:/home/zyx/桌面/Robot_Arm/alicia_ws/install/alicia_d_descriptions:/opt/ros/humble LD_LIBRARY_PATH=/home/zyx/桌面/Robot_Arm/alicia_ws/install/alicia_d_driver/lib:${LD_LIBRARY_PATH} /usr/bin/cmake --build /home/zyx/桌面/Robot_Arm/alicia_ws/build/alicia_d_moveit -- -j32 -l32
[90.066s] Invoking command in '/home/zyx/桌面/Robot_Arm/alicia_ws/build/alicia_d_moveit': AMENT_PREFIX_PATH=/home/zyx/桌面/Robot_Arm/alicia_ws/install/alicia_d_driver:/home/zyx/桌面/Robot_Arm/alicia_ws/install/alicia_d_descriptions:${AMENT_PREFIX_PATH} CMAKE_PREFIX_PATH=/home/zyx/桌面/Robot_Arm/alicia_ws/install/alicia_d_driver:/home/zyx/桌面/Robot_Arm/alicia_ws/install/alicia_d_descriptions:/opt/ros/humble LD_LIBRARY_PATH=/home/zyx/桌面/Robot_Arm/alicia_ws/install/alicia_d_driver/lib:${LD_LIBRARY_PATH} /usr/bin/cmake --install /home/zyx/桌面/Robot_Arm/alicia_ws/build/alicia_d_moveit
[90.101s] -- Install configuration: ""
[90.102s] -- Up-to-date: /home/zyx/桌面/Robot_Arm/alicia_ws/install/alicia_d_moveit/share/ament_index/resource_index/package_run_dependencies/alicia_d_moveit
[90.102s] -- Up-to-date: /home/zyx/桌面/Robot_Arm/alicia_ws/install/alicia_d_moveit/share/ament_index/resource_index/parent_prefix_path/alicia_d_moveit
[90.102s] -- Up-to-date: /home/zyx/桌面/Robot_Arm/alicia_ws/install/alicia_d_moveit/share/alicia_d_moveit/environment/ament_prefix_path.sh
[90.102s] -- Up-to-date: /home/zyx/桌面/Robot_Arm/alicia_ws/install/alicia_d_moveit/share/alicia_d_moveit/environment/ament_prefix_path.dsv
[90.102s] -- Up-to-date: /home/zyx/桌面/Robot_Arm/alicia_ws/install/alicia_d_moveit/share/alicia_d_moveit/environment/path.sh
[90.102s] -- Up-to-date: /home/zyx/桌面/Robot_Arm/alicia_ws/install/alicia_d_moveit/share/alicia_d_moveit/environment/path.dsv
[90.102s] -- Up-to-date: /home/zyx/桌面/Robot_Arm/alicia_ws/install/alicia_d_moveit/share/alicia_d_moveit/local_setup.bash
[90.102s] -- Up-to-date: /home/zyx/桌面/Robot_Arm/alicia_ws/install/alicia_d_moveit/share/alicia_d_moveit/local_setup.sh
[90.102s] -- Up-to-date: /home/zyx/桌面/Robot_Arm/alicia_ws/install/alicia_d_moveit/share/alicia_d_moveit/local_setup.zsh
[90.102s] -- Up-to-date: /home/zyx/桌面/Robot_Arm/alicia_ws/install/alicia_d_moveit/share/alicia_d_moveit/local_setup.dsv
[90.102s] -- Up-to-date: /home/zyx/桌面/Robot_Arm/alicia_ws/install/alicia_d_moveit/share/alicia_d_moveit/package.dsv
[90.102s] -- Up-to-date: /home/zyx/桌面/Robot_Arm/alicia_ws/install/alicia_d_moveit/share/ament_index/resource_index/packages/alicia_d_moveit
[90.102s] -- Up-to-date: /home/zyx/桌面/Robot_Arm/alicia_ws/install/alicia_d_moveit/share/alicia_d_moveit/cmake/alicia_d_moveitConfig.cmake
[90.102s] -- Up-to-date: /home/zyx/桌面/Robot_Arm/alicia_ws/install/alicia_d_moveit/share/alicia_d_moveit/cmake/alicia_d_moveitConfig-version.cmake
[90.102s] -- Up-to-date: /home/zyx/桌面/Robot_Arm/alicia_ws/install/alicia_d_moveit/share/alicia_d_moveit/package.xml
[90.103s] -- Up-to-date: /home/zyx/桌面/Robot_Arm/alicia_ws/install/alicia_d_moveit/share/alicia_d_moveit/launch
[90.103s] -- Installing: /home/zyx/桌面/Robot_Arm/alicia_ws/install/alicia_d_moveit/share/alicia_d_moveit/launch/moveit_config_builder.py
[90.103s] -- Up-to-date: /home/zyx/桌面/Robot_Arm/alicia_ws/install/alicia_d_moveit/share/alicia_d_moveit/launch/static_virtual_joint_tfs.launch.py
[90.103s] -- Up-to-date: /home/zyx/桌面/Robot_Arm/alicia_ws/install/alicia_d_moveit/share/alicia_d_moveit/launch/moveit_rviz.launch.py
[90.103s] -- Up-to-date: /home/zyx/桌面/Robot_Arm/alicia_ws/install/alicia_d_moveit/share/alicia_d_moveit/launch/warehouse_db.launch.py
[90.103s] -- Up-to-date: /home/zyx/桌面/Robot_Arm/alicia_ws/install/alicia_d_moveit/share/alicia_d_moveit/launch/spawn_controllers.launch.py
[90.103s] -- Up-to-date: /home/zyx/桌面/Robot_Arm/alicia_ws/install/alicia_d_moveit/share/alicia_d_moveit/launch/rsp.launch.py
[90.103s] -- Installing: /home/zyx/桌面/Robot_Arm/alicia_ws/install/alicia_d_moveit/share/alicia_d_moveit/launch/real_robot.launch.py
[90.103s] -- Up-to-date: /home/zyx/桌面/Robot_Arm/alicia_ws/install/alicia_d_moveit/share/alicia_d_moveit/launch/move_group.launch.py
[90.103s] -- Up-to-date: /home/zyx/桌面/Robot_Arm/alicia_ws/install/alicia_d_moveit/share/alicia_d_moveit/launch/demo.launch.py
[90.103s] -- Up-to-date: /home/zyx/桌面/Robot_Arm/alicia_ws/install/alicia_d_moveit/share/alicia_d_moveit/launch/setup_assistant.launch.py
[90.103s] -- Up-to-date: /home/zyx/桌面/Robot_Arm/alicia_ws/install/alicia_d_moveit/share/alicia_d_moveit/config
[90.103s] -- Installing: /home/zyx/桌面/Robot_Arm/alicia_ws/install/alicia_d_moveit/share/alicia_d_moveit/config/Alicia_D_v5_6_gripper_50mm.urdf.xacro
[90.103s] -- Up-to-date: /home/zyx/桌面/Robot_Arm/alicia_ws/install/alicia_d_moveit/share/alicia_d_moveit/config/Alicia_D_v5_6_gripper_50mm_demo.urdf.xacro
[90.103s] -- Up-to-date: /home/zyx/桌面/Robot_Arm/alicia_ws/install/alicia_d_moveit/share/alicia_d_moveit/config/alicia_d_descriptions.srdf
[90.103s] -- Up-to-date: /home/zyx/桌面/Robot_Arm/alicia_ws/install/alicia_d_moveit/share/alicia_d_moveit/config/Alicia_D_v5_6_gripper_50mm.srdf
[90.103s] -- Installing: /home/zyx/桌面/Robot_Arm/alicia_ws/install/alicia_d_moveit/share/alicia_d_moveit/config/alicia_d_descriptions.ros2_control.xacro
[90.103s] -- Up-to-date: /home/zyx/桌面/Robot_Arm/alicia_ws/install/alicia_d_moveit/share/alicia_d_moveit/config/Alicia_D_v5_6_gripper_100mm_demo.urdf.xacro
[90.103s] -- Installing: /home/zyx/桌面/Robot_Arm/alicia_ws/install/alicia_d_moveit/share/alicia_d_moveit/config/Alicia_D_v5_6_gripper_100mm.urdf.xacro
[90.103s] -- Up-to-date: /home/zyx/桌面/Robot_Arm/alicia_ws/install/alicia_d_moveit/share/alicia_d_moveit/config/alicia_d_descriptions.urdf.xacro
[90.103s] -- Up-to-date: /home/zyx/桌面/Robot_Arm/alicia_ws/install/alicia_d_moveit/share/alicia_d_moveit/config/kinematics.yaml
[90.104s] -- Up-to-date: /home/zyx/桌面/Robot_Arm/alicia_ws/install/alicia_d_moveit/share/alicia_d_moveit/config/Alicia_D_v5_6_gripper_100mm.srdf
[90.104s] -- Up-to-date: /home/zyx/桌面/Robot_Arm/alicia_ws/install/alicia_d_moveit/share/alicia_d_moveit/config/pilz_cartesian_limits.yaml
[90.104s] -- Up-to-date: /home/zyx/桌面/Robot_Arm/alicia_ws/install/alicia_d_moveit/share/alicia_d_moveit/config/sensors_3d.yaml
[90.104s] -- Up-to-date: /home/zyx/桌面/Robot_Arm/alicia_ws/install/alicia_d_moveit/share/alicia_d_moveit/config/moveit_controllers.yaml
[90.104s] -- Up-to-date: /home/zyx/桌面/Robot_Arm/alicia_ws/install/alicia_d_moveit/share/alicia_d_moveit/config/moveit.rviz
[90.104s] -- Up-to-date: /home/zyx/桌面/Robot_Arm/alicia_ws/install/alicia_d_moveit/share/alicia_d_moveit/config/alicia_d_descriptions.ros2_control.fake.xacro
[90.104s] -- Up-to-date: /home/zyx/桌面/Robot_Arm/alicia_ws/install/alicia_d_moveit/share/alicia_d_moveit/config/demo.rviz
[90.104s] -- Up-to-date: /home/zyx/桌面/Robot_Arm/alicia_ws/install/alicia_d_moveit/share/alicia_d_moveit/config/initial_positions.yaml
[90.105s] -- Up-to-date: /home/zyx/桌面/Robot_Arm/alicia_ws/install/alicia_d_moveit/share/alicia_d_moveit/config/joint_limits.yaml
[90.105s] -- Up-to-date: /home/zyx/桌面/Robot_Arm/alicia_ws/install/alicia_d_moveit/share/alicia_d_moveit/config/ros2_controllers.yaml
[90.105s] -- Up-to-date: /home/zyx/桌面/Robot_Arm/alicia_ws/install/alicia_d_moveit/share/alicia_d_moveit/.setup_assistant
[90.105s] Invoked command in '/home/zyx/桌面/Robot_Arm/alicia_ws/build/alicia_d_moveit' returned '0': AMENT_PREFIX_PATH=/home/zyx/桌面/Robot_Arm/alicia_ws/install/alicia_d_driver:/home/zyx/桌面/Robot_Arm/alicia_ws/install/alicia_d_descriptions:${AMENT_PREFIX_PATH} CMAKE_PREFIX_PATH=/home/zyx/桌面/Robot_Arm/alicia_ws/install/alicia_d_driver:/home/zyx/桌面/Robot_Arm/alicia_ws/install/alicia_d_descriptions:/opt/ros/humble LD_LIBRARY_PATH=/home/zyx/桌面/Robot_Arm/alicia_ws/install/alicia_d_driver/lib:${LD_LIBRARY_PATH} /usr/bin/cmake --install /home/zyx/桌面/Robot_Arm/alicia_ws/build/alicia_d_moveit
