[0.071s] Invoking command in '/home/Projects/HET/alicia_ws/build/alicia_d_calibration': CMAKE_PREFIX_PATH=/opt/ros/humble /usr/bin/cmake --build /home/Projects/HET/alicia_ws/build/alicia_d_calibration -- -j20 -l20
[0.236s] Built target ament_cmake_python_copy_alicia_d_calibration
[0.929s] running egg_info
[0.932s] writing alicia_d_calibration.egg-info/PKG-INFO
[0.932s] writing dependency_links to alicia_d_calibration.egg-info/dependency_links.txt
[0.933s] writing top-level names to alicia_d_calibration.egg-info/top_level.txt
[0.940s] reading manifest file 'alicia_d_calibration.egg-info/SOURCES.txt'
[0.942s] writing manifest file 'alicia_d_calibration.egg-info/SOURCES.txt'
[1.018s] Built target ament_cmake_python_build_alicia_d_calibration_egg
[1.048s] Invoked command in '/home/Projects/HET/alicia_ws/build/alicia_d_calibration' returned '0': CMAKE_PREFIX_PATH=/opt/ros/humble /usr/bin/cmake --build /home/Projects/HET/alicia_ws/build/alicia_d_calibration -- -j20 -l20
[1.054s] Invoking command in '/home/Projects/HET/alicia_ws/build/alicia_d_calibration': CMAKE_PREFIX_PATH=/opt/ros/humble /usr/bin/cmake --install /home/Projects/HET/alicia_ws/build/alicia_d_calibration
[1.072s] -- Install configuration: ""
[1.073s] -- Up-to-date: /home/Projects/HET/alicia_ws/install/alicia_d_calibration/share/alicia_d_calibration/environment/pythonpath.sh
[1.073s] -- Up-to-date: /home/Projects/HET/alicia_ws/install/alicia_d_calibration/share/alicia_d_calibration/environment/pythonpath.dsv
[1.074s] -- Up-to-date: /home/Projects/HET/alicia_ws/install/alicia_d_calibration/local/lib/python3.10/dist-packages/alicia_d_calibration-1.0.0-py3.10.egg-info
[1.074s] -- Installing: /home/Projects/HET/alicia_ws/install/alicia_d_calibration/local/lib/python3.10/dist-packages/alicia_d_calibration-1.0.0-py3.10.egg-info/PKG-INFO
[1.077s] -- Installing: /home/Projects/HET/alicia_ws/install/alicia_d_calibration/local/lib/python3.10/dist-packages/alicia_d_calibration-1.0.0-py3.10.egg-info/SOURCES.txt
[1.080s] -- Installing: /home/Projects/HET/alicia_ws/install/alicia_d_calibration/local/lib/python3.10/dist-packages/alicia_d_calibration-1.0.0-py3.10.egg-info/dependency_links.txt
[1.081s] -- Installing: /home/Projects/HET/alicia_ws/install/alicia_d_calibration/local/lib/python3.10/dist-packages/alicia_d_calibration-1.0.0-py3.10.egg-info/top_level.txt
[1.082s] -- Up-to-date: /home/Projects/HET/alicia_ws/install/alicia_d_calibration/local/lib/python3.10/dist-packages/alicia_d_calibration
[1.082s] -- Up-to-date: /home/Projects/HET/alicia_ws/install/alicia_d_calibration/local/lib/python3.10/dist-packages/alicia_d_calibration/__init__.py
[1.227s] Listing '/home/Projects/HET/alicia_ws/install/alicia_d_calibration/local/lib/python3.10/dist-packages/alicia_d_calibration'...
[1.258s] -- Up-to-date: /home/Projects/HET/alicia_ws/install/alicia_d_calibration/lib/alicia_d_calibration/hand_eye_calibration.py
[1.258s] -- Up-to-date: /home/Projects/HET/alicia_ws/install/alicia_d_calibration/lib/alicia_d_calibration/generate_calibration_poses.py
[1.259s] -- Up-to-date: /home/Projects/HET/alicia_ws/install/alicia_d_calibration/lib/alicia_d_calibration/aruco_detector.py
[1.260s] -- Up-to-date: /home/Projects/HET/alicia_ws/install/alicia_d_calibration/share/alicia_d_calibration/launch
[1.276s] -- Up-to-date: /home/Projects/HET/alicia_ws/install/alicia_d_calibration/share/alicia_d_calibration/launch/verify_calibration.launch.py
[1.278s] -- Up-to-date: /home/Projects/HET/alicia_ws/install/alicia_d_calibration/share/alicia_d_calibration/launch/hand_eye_calibration.launch.py
[1.279s] -- Up-to-date: /home/Projects/HET/alicia_ws/install/alicia_d_calibration/share/alicia_d_calibration/config
[1.279s] -- Up-to-date: /home/Projects/HET/alicia_ws/install/alicia_d_calibration/share/alicia_d_calibration/config/hand_eye_calibration_result.yaml
[1.280s] -- Up-to-date: /home/Projects/HET/alicia_ws/install/alicia_d_calibration/share/ament_index/resource_index/package_run_dependencies/alicia_d_calibration
[1.280s] -- Up-to-date: /home/Projects/HET/alicia_ws/install/alicia_d_calibration/share/ament_index/resource_index/parent_prefix_path/alicia_d_calibration
[1.281s] -- Up-to-date: /home/Projects/HET/alicia_ws/install/alicia_d_calibration/share/alicia_d_calibration/environment/ament_prefix_path.sh
[1.283s] -- Up-to-date: /home/Projects/HET/alicia_ws/install/alicia_d_calibration/share/alicia_d_calibration/environment/ament_prefix_path.dsv
[1.285s] -- Up-to-date: /home/Projects/HET/alicia_ws/install/alicia_d_calibration/share/alicia_d_calibration/environment/path.sh
[1.286s] -- Up-to-date: /home/Projects/HET/alicia_ws/install/alicia_d_calibration/share/alicia_d_calibration/environment/path.dsv
[1.288s] -- Up-to-date: /home/Projects/HET/alicia_ws/install/alicia_d_calibration/share/alicia_d_calibration/local_setup.bash
[1.292s] -- Up-to-date: /home/Projects/HET/alicia_ws/install/alicia_d_calibration/share/alicia_d_calibration/local_setup.sh
[1.294s] -- Up-to-date: /home/Projects/HET/alicia_ws/install/alicia_d_calibration/share/alicia_d_calibration/local_setup.zsh
[1.296s] -- Up-to-date: /home/Projects/HET/alicia_ws/install/alicia_d_calibration/share/alicia_d_calibration/local_setup.dsv
[1.298s] -- Installing: /home/Projects/HET/alicia_ws/install/alicia_d_calibration/share/alicia_d_calibration/package.dsv
[1.307s] -- Up-to-date: /home/Projects/HET/alicia_ws/install/alicia_d_calibration/share/ament_index/resource_index/packages/alicia_d_calibration
[1.308s] -- Up-to-date: /home/Projects/HET/alicia_ws/install/alicia_d_calibration/share/alicia_d_calibration/cmake/alicia_d_calibrationConfig.cmake
[1.310s] -- Up-to-date: /home/Projects/HET/alicia_ws/install/alicia_d_calibration/share/alicia_d_calibration/cmake/alicia_d_calibrationConfig-version.cmake
[1.314s] -- Up-to-date: /home/Projects/HET/alicia_ws/install/alicia_d_calibration/share/alicia_d_calibration/package.xml
[1.353s] Invoked command in '/home/Projects/HET/alicia_ws/build/alicia_d_calibration' returned '0': CMAKE_PREFIX_PATH=/opt/ros/humble /usr/bin/cmake --install /home/Projects/HET/alicia_ws/build/alicia_d_calibration
