[30.038s] Invoking command in '/home/Projects/HET/alicia_ws/build/alicia_d_sts_gripper': AMENT_PREFIX_PATH=/home/Projects/HET/alicia_ws/install/alicia_d_control_interfaces:${AMENT_PREFIX_PATH} CMAKE_PREFIX_PATH=/home/Projects/HET/alicia_ws/install/alicia_d_control_interfaces:/opt/ros/humble LD_LIBRARY_PATH=/home/Projects/HET/alicia_ws/install/alicia_d_control_interfaces/lib:${LD_LIBRARY_PATH} PYTHONPATH=/home/Projects/HET/alicia_ws/install/alicia_d_control_interfaces/local/lib/python3.10/dist-packages:${PYTHONPATH} /usr/bin/cmake --build /home/Projects/HET/alicia_ws/build/alicia_d_sts_gripper -- -j20 -l20
[30.086s] -- Found ament_cmake: 1.3.14 (/opt/ros/humble/share/ament_cmake/cmake)
[30.422s] -- Found rclpy: 3.3.21 (/opt/ros/humble/share/rclpy/cmake)
[30.711s] -- Configuring done
[30.721s] -- Generating done
[30.730s] -- Build files have been written to: /home/Projects/HET/alicia_ws/build/alicia_d_sts_gripper
[30.813s] Built target ament_cmake_python_copy_alicia_d_sts_gripper
[31.341s] running egg_info
[31.343s] writing alicia_d_sts_gripper.egg-info/PKG-INFO
[31.344s] writing dependency_links to alicia_d_sts_gripper.egg-info/dependency_links.txt
[31.344s] writing top-level names to alicia_d_sts_gripper.egg-info/top_level.txt
[31.349s] reading manifest file 'alicia_d_sts_gripper.egg-info/SOURCES.txt'
[31.350s] writing manifest file 'alicia_d_sts_gripper.egg-info/SOURCES.txt'
[31.405s] Built target ament_cmake_python_build_alicia_d_sts_gripper_egg
[31.431s] Invoked command in '/home/Projects/HET/alicia_ws/build/alicia_d_sts_gripper' returned '0': AMENT_PREFIX_PATH=/home/Projects/HET/alicia_ws/install/alicia_d_control_interfaces:${AMENT_PREFIX_PATH} CMAKE_PREFIX_PATH=/home/Projects/HET/alicia_ws/install/alicia_d_control_interfaces:/opt/ros/humble LD_LIBRARY_PATH=/home/Projects/HET/alicia_ws/install/alicia_d_control_interfaces/lib:${LD_LIBRARY_PATH} PYTHONPATH=/home/Projects/HET/alicia_ws/install/alicia_d_control_interfaces/local/lib/python3.10/dist-packages:${PYTHONPATH} /usr/bin/cmake --build /home/Projects/HET/alicia_ws/build/alicia_d_sts_gripper -- -j20 -l20
[31.455s] Invoking command in '/home/Projects/HET/alicia_ws/build/alicia_d_sts_gripper': AMENT_PREFIX_PATH=/home/Projects/HET/alicia_ws/install/alicia_d_control_interfaces:${AMENT_PREFIX_PATH} CMAKE_PREFIX_PATH=/home/Projects/HET/alicia_ws/install/alicia_d_control_interfaces:/opt/ros/humble LD_LIBRARY_PATH=/home/Projects/HET/alicia_ws/install/alicia_d_control_interfaces/lib:${LD_LIBRARY_PATH} PYTHONPATH=/home/Projects/HET/alicia_ws/install/alicia_d_control_interfaces/local/lib/python3.10/dist-packages:${PYTHONPATH} /usr/bin/cmake --install /home/Projects/HET/alicia_ws/build/alicia_d_sts_gripper
[31.473s] -- Install configuration: ""
[31.474s] -- Up-to-date: /home/Projects/HET/alicia_ws/install/alicia_d_sts_gripper/share/alicia_d_sts_gripper/environment/pythonpath.sh
[31.476s] -- Installing: /home/Projects/HET/alicia_ws/install/alicia_d_sts_gripper/share/alicia_d_sts_gripper/environment/pythonpath.dsv
[31.476s] -- Up-to-date: /home/Projects/HET/alicia_ws/install/alicia_d_sts_gripper/local/lib/python3.10/dist-packages/alicia_d_sts_gripper-0.1.0-py3.10.egg-info
[31.476s] -- Installing: /home/Projects/HET/alicia_ws/install/alicia_d_sts_gripper/local/lib/python3.10/dist-packages/alicia_d_sts_gripper-0.1.0-py3.10.egg-info/PKG-INFO
[31.477s] -- Installing: /home/Projects/HET/alicia_ws/install/alicia_d_sts_gripper/local/lib/python3.10/dist-packages/alicia_d_sts_gripper-0.1.0-py3.10.egg-info/SOURCES.txt
[31.477s] -- Installing: /home/Projects/HET/alicia_ws/install/alicia_d_sts_gripper/local/lib/python3.10/dist-packages/alicia_d_sts_gripper-0.1.0-py3.10.egg-info/dependency_links.txt
[31.477s] -- Installing: /home/Projects/HET/alicia_ws/install/alicia_d_sts_gripper/local/lib/python3.10/dist-packages/alicia_d_sts_gripper-0.1.0-py3.10.egg-info/top_level.txt
[31.477s] -- Up-to-date: /home/Projects/HET/alicia_ws/install/alicia_d_sts_gripper/local/lib/python3.10/dist-packages/alicia_d_sts_gripper
[31.478s] -- Installing: /home/Projects/HET/alicia_ws/install/alicia_d_sts_gripper/local/lib/python3.10/dist-packages/alicia_d_sts_gripper/__init__.py
[31.478s] -- Installing: /home/Projects/HET/alicia_ws/install/alicia_d_sts_gripper/local/lib/python3.10/dist-packages/alicia_d_sts_gripper/sts3215_bus.py
[31.573s] Listing '/home/Projects/HET/alicia_ws/install/alicia_d_sts_gripper/local/lib/python3.10/dist-packages/alicia_d_sts_gripper'...
[31.573s] Compiling '/home/Projects/HET/alicia_ws/install/alicia_d_sts_gripper/local/lib/python3.10/dist-packages/alicia_d_sts_gripper/__init__.py'...
[31.573s] Compiling '/home/Projects/HET/alicia_ws/install/alicia_d_sts_gripper/local/lib/python3.10/dist-packages/alicia_d_sts_gripper/sts3215_bus.py'...
[31.585s] -- Installing: /home/Projects/HET/alicia_ws/install/alicia_d_sts_gripper/lib/alicia_d_sts_gripper/gripper_action_node.py
[31.585s] -- Installing: /home/Projects/HET/alicia_ws/install/alicia_d_sts_gripper/lib/alicia_d_sts_gripper/sts3215_raw_tool.py
[31.587s] -- Up-to-date: /home/Projects/HET/alicia_ws/install/alicia_d_sts_gripper/share/alicia_d_sts_gripper/config
[31.587s] -- Installing: /home/Projects/HET/alicia_ws/install/alicia_d_sts_gripper/share/alicia_d_sts_gripper/config/sts3215_gripper.yaml
[31.589s] -- Up-to-date: /home/Projects/HET/alicia_ws/install/alicia_d_sts_gripper/share/alicia_d_sts_gripper/launch
[31.590s] -- Installing: /home/Projects/HET/alicia_ws/install/alicia_d_sts_gripper/share/alicia_d_sts_gripper/launch/sts3215_gripper.launch.py
[31.591s] -- Installing: /home/Projects/HET/alicia_ws/install/alicia_d_sts_gripper/share/alicia_d_sts_gripper/gripper_readme.md
[31.591s] -- Up-to-date: /home/Projects/HET/alicia_ws/install/alicia_d_sts_gripper/share/ament_index/resource_index/package_run_dependencies/alicia_d_sts_gripper
[31.592s] -- Up-to-date: /home/Projects/HET/alicia_ws/install/alicia_d_sts_gripper/share/ament_index/resource_index/parent_prefix_path/alicia_d_sts_gripper
[31.592s] -- Up-to-date: /home/Projects/HET/alicia_ws/install/alicia_d_sts_gripper/share/alicia_d_sts_gripper/environment/ament_prefix_path.sh
[31.592s] -- Installing: /home/Projects/HET/alicia_ws/install/alicia_d_sts_gripper/share/alicia_d_sts_gripper/environment/ament_prefix_path.dsv
[31.593s] -- Up-to-date: /home/Projects/HET/alicia_ws/install/alicia_d_sts_gripper/share/alicia_d_sts_gripper/environment/path.sh
[31.593s] -- Installing: /home/Projects/HET/alicia_ws/install/alicia_d_sts_gripper/share/alicia_d_sts_gripper/environment/path.dsv
[31.593s] -- Up-to-date: /home/Projects/HET/alicia_ws/install/alicia_d_sts_gripper/share/alicia_d_sts_gripper/local_setup.bash
[31.595s] -- Up-to-date: /home/Projects/HET/alicia_ws/install/alicia_d_sts_gripper/share/alicia_d_sts_gripper/local_setup.sh
[31.597s] -- Up-to-date: /home/Projects/HET/alicia_ws/install/alicia_d_sts_gripper/share/alicia_d_sts_gripper/local_setup.zsh
[31.598s] -- Installing: /home/Projects/HET/alicia_ws/install/alicia_d_sts_gripper/share/alicia_d_sts_gripper/local_setup.dsv
[31.599s] -- Installing: /home/Projects/HET/alicia_ws/install/alicia_d_sts_gripper/share/alicia_d_sts_gripper/package.dsv
[31.600s] -- Up-to-date: /home/Projects/HET/alicia_ws/install/alicia_d_sts_gripper/share/ament_index/resource_index/packages/alicia_d_sts_gripper
[31.600s] -- Up-to-date: /home/Projects/HET/alicia_ws/install/alicia_d_sts_gripper/share/alicia_d_sts_gripper/cmake/alicia_d_sts_gripperConfig.cmake
[31.601s] -- Up-to-date: /home/Projects/HET/alicia_ws/install/alicia_d_sts_gripper/share/alicia_d_sts_gripper/cmake/alicia_d_sts_gripperConfig-version.cmake
[31.601s] -- Installing: /home/Projects/HET/alicia_ws/install/alicia_d_sts_gripper/share/alicia_d_sts_gripper/package.xml
[31.603s] Invoked command in '/home/Projects/HET/alicia_ws/build/alicia_d_sts_gripper' returned '0': AMENT_PREFIX_PATH=/home/Projects/HET/alicia_ws/install/alicia_d_control_interfaces:${AMENT_PREFIX_PATH} CMAKE_PREFIX_PATH=/home/Projects/HET/alicia_ws/install/alicia_d_control_interfaces:/opt/ros/humble LD_LIBRARY_PATH=/home/Projects/HET/alicia_ws/install/alicia_d_control_interfaces/lib:${LD_LIBRARY_PATH} PYTHONPATH=/home/Projects/HET/alicia_ws/install/alicia_d_control_interfaces/local/lib/python3.10/dist-packages:${PYTHONPATH} /usr/bin/cmake --install /home/Projects/HET/alicia_ws/build/alicia_d_sts_gripper
