[0.087s] Invoking command in '/home/Projects/HET/alicia_ws/build/alicia_d_descriptions': CMAKE_PREFIX_PATH=/opt/ros/humble /usr/bin/cmake --build /home/Projects/HET/alicia_ws/build/alicia_d_descriptions -- -j20 -l20
[0.208s] Invoked command in '/home/Projects/HET/alicia_ws/build/alicia_d_descriptions' returned '0': CMAKE_PREFIX_PATH=/opt/ros/humble /usr/bin/cmake --build /home/Projects/HET/alicia_ws/build/alicia_d_descriptions -- -j20 -l20
[0.243s] Invoking command in '/home/Projects/HET/alicia_ws/build/alicia_d_descriptions': CMAKE_PREFIX_PATH=/opt/ros/humble /usr/bin/cmake --install /home/Projects/HET/alicia_ws/build/alicia_d_descriptions
[0.269s] -- Install configuration: ""
[0.270s] -- Up-to-date: /home/Projects/HET/alicia_ws/install/alicia_d_descriptions/share/alicia_d_descriptions/launch
[0.272s] -- Up-to-date: /home/Projects/HET/alicia_ws/install/alicia_d_descriptions/share/alicia_d_descriptions/launch/alicia.rviz
[0.273s] -- Up-to-date: /home/Projects/HET/alicia_ws/install/alicia_d_descriptions/share/alicia_d_descriptions/launch/display.launch.py
[0.273s] -- Up-to-date: /home/Projects/HET/alicia_ws/install/alicia_d_descriptions/share/alicia_d_descriptions/urdf
[0.275s] -- Up-to-date: /home/Projects/HET/alicia_ws/install/alicia_d_descriptions/share/alicia_d_descriptions/urdf/Alicia_D_v5_6
[0.276s] -- Up-to-date: /home/Projects/HET/alicia_ws/install/alicia_d_descriptions/share/alicia_d_descriptions/urdf/Alicia_D_v5_6/Alicia_D_v5_6_gripper_100mm.urdf
[0.276s] -- Up-to-date: /home/Projects/HET/alicia_ws/install/alicia_d_descriptions/share/alicia_d_descriptions/urdf/Alicia_D_v5_6/Alicia_D_v5_6_gripper_50mm.urdf
[0.277s] -- Up-to-date: /home/Projects/HET/alicia_ws/install/alicia_d_descriptions/share/alicia_d_descriptions/meshes
[0.277s] -- Up-to-date: /home/Projects/HET/alicia_ws/install/alicia_d_descriptions/share/alicia_d_descriptions/meshes/Alicia_D_v5_6
[0.277s] -- Up-to-date: /home/Projects/HET/alicia_ws/install/alicia_d_descriptions/share/alicia_d_descriptions/meshes/Alicia_D_v5_6/gripper_100mm
[0.277s] -- Up-to-date: /home/Projects/HET/alicia_ws/install/alicia_d_descriptions/share/alicia_d_descriptions/meshes/Alicia_D_v5_6/gripper_100mm/Link6.STL
[0.277s] -- Up-to-date: /home/Projects/HET/alicia_ws/install/alicia_d_descriptions/share/alicia_d_descriptions/meshes/Alicia_D_v5_6/gripper_100mm/Link5.STL
[0.278s] -- Up-to-date: /home/Projects/HET/alicia_ws/install/alicia_d_descriptions/share/alicia_d_descriptions/meshes/Alicia_D_v5_6/gripper_100mm/Link2.STL
[0.278s] -- Up-to-date: /home/Projects/HET/alicia_ws/install/alicia_d_descriptions/share/alicia_d_descriptions/meshes/Alicia_D_v5_6/gripper_100mm/Link4.STL
[0.278s] -- Up-to-date: /home/Projects/HET/alicia_ws/install/alicia_d_descriptions/share/alicia_d_descriptions/meshes/Alicia_D_v5_6/gripper_100mm/right_gripper.STL
[0.278s] -- Up-to-date: /home/Projects/HET/alicia_ws/install/alicia_d_descriptions/share/alicia_d_descriptions/meshes/Alicia_D_v5_6/gripper_100mm/Link1.STL
[0.278s] -- Up-to-date: /home/Projects/HET/alicia_ws/install/alicia_d_descriptions/share/alicia_d_descriptions/meshes/Alicia_D_v5_6/gripper_100mm/left_gripper.STL
[0.278s] -- Up-to-date: /home/Projects/HET/alicia_ws/install/alicia_d_descriptions/share/alicia_d_descriptions/meshes/Alicia_D_v5_6/gripper_100mm/Link3.STL
[0.278s] -- Up-to-date: /home/Projects/HET/alicia_ws/install/alicia_d_descriptions/share/alicia_d_descriptions/meshes/Alicia_D_v5_6/gripper_100mm/base_link.STL
[0.279s] -- Up-to-date: /home/Projects/HET/alicia_ws/install/alicia_d_descriptions/share/alicia_d_descriptions/meshes/Alicia_D_v5_6/gripper_100mm/girpper_center.STL
[0.280s] -- Up-to-date: /home/Projects/HET/alicia_ws/install/alicia_d_descriptions/share/alicia_d_descriptions/meshes/Alicia_D_v5_6/gripper_50mm
[0.280s] -- Up-to-date: /home/Projects/HET/alicia_ws/install/alicia_d_descriptions/share/alicia_d_descriptions/meshes/Alicia_D_v5_6/gripper_50mm/Link6.STL
[0.280s] -- Up-to-date: /home/Projects/HET/alicia_ws/install/alicia_d_descriptions/share/alicia_d_descriptions/meshes/Alicia_D_v5_6/gripper_50mm/Link5.STL
[0.280s] -- Up-to-date: /home/Projects/HET/alicia_ws/install/alicia_d_descriptions/share/alicia_d_descriptions/meshes/Alicia_D_v5_6/gripper_50mm/Link2.STL
[0.280s] -- Up-to-date: /home/Projects/HET/alicia_ws/install/alicia_d_descriptions/share/alicia_d_descriptions/meshes/Alicia_D_v5_6/gripper_50mm/Link4.STL
[0.281s] -- Up-to-date: /home/Projects/HET/alicia_ws/install/alicia_d_descriptions/share/alicia_d_descriptions/meshes/Alicia_D_v5_6/gripper_50mm/right_gripper.STL
[0.281s] -- Up-to-date: /home/Projects/HET/alicia_ws/install/alicia_d_descriptions/share/alicia_d_descriptions/meshes/Alicia_D_v5_6/gripper_50mm/Link1.STL
[0.282s] -- Up-to-date: /home/Projects/HET/alicia_ws/install/alicia_d_descriptions/share/alicia_d_descriptions/meshes/Alicia_D_v5_6/gripper_50mm/left_gripper.STL
[0.285s] -- Up-to-date: /home/Projects/HET/alicia_ws/install/alicia_d_descriptions/share/alicia_d_descriptions/meshes/Alicia_D_v5_6/gripper_50mm/Link3.STL
[0.288s] -- Up-to-date: /home/Projects/HET/alicia_ws/install/alicia_d_descriptions/share/alicia_d_descriptions/meshes/Alicia_D_v5_6/gripper_50mm/base_link.STL
[0.288s] -- Up-to-date: /home/Projects/HET/alicia_ws/install/alicia_d_descriptions/share/alicia_d_descriptions/meshes/Alicia_D_v5_6/gripper_50mm/girpper_center.STL
[0.288s] -- Up-to-date: /home/Projects/HET/alicia_ws/install/alicia_d_descriptions/lib/alicia_d_descriptions/display.launch.py
[0.288s] -- Up-to-date: /home/Projects/HET/alicia_ws/install/alicia_d_descriptions/share/ament_index/resource_index/package_run_dependencies/alicia_d_descriptions
[0.288s] -- Up-to-date: /home/Projects/HET/alicia_ws/install/alicia_d_descriptions/share/ament_index/resource_index/parent_prefix_path/alicia_d_descriptions
[0.289s] -- Up-to-date: /home/Projects/HET/alicia_ws/install/alicia_d_descriptions/share/alicia_d_descriptions/environment/ament_prefix_path.sh
[0.289s] -- Up-to-date: /home/Projects/HET/alicia_ws/install/alicia_d_descriptions/share/alicia_d_descriptions/environment/ament_prefix_path.dsv
[0.289s] -- Up-to-date: /home/Projects/HET/alicia_ws/install/alicia_d_descriptions/share/alicia_d_descriptions/environment/path.sh
[0.289s] -- Up-to-date: /home/Projects/HET/alicia_ws/install/alicia_d_descriptions/share/alicia_d_descriptions/environment/path.dsv
[0.289s] -- Up-to-date: /home/Projects/HET/alicia_ws/install/alicia_d_descriptions/share/alicia_d_descriptions/local_setup.bash
[0.289s] -- Up-to-date: /home/Projects/HET/alicia_ws/install/alicia_d_descriptions/share/alicia_d_descriptions/local_setup.sh
[0.290s] -- Up-to-date: /home/Projects/HET/alicia_ws/install/alicia_d_descriptions/share/alicia_d_descriptions/local_setup.zsh
[0.290s] -- Up-to-date: /home/Projects/HET/alicia_ws/install/alicia_d_descriptions/share/alicia_d_descriptions/local_setup.dsv
[0.298s] -- Installing: /home/Projects/HET/alicia_ws/install/alicia_d_descriptions/share/alicia_d_descriptions/package.dsv
[0.305s] -- Up-to-date: /home/Projects/HET/alicia_ws/install/alicia_d_descriptions/share/ament_index/resource_index/packages/alicia_d_descriptions
[0.305s] -- Up-to-date: /home/Projects/HET/alicia_ws/install/alicia_d_descriptions/share/alicia_d_descriptions/cmake/alicia_d_descriptionsConfig.cmake
[0.306s] -- Up-to-date: /home/Projects/HET/alicia_ws/install/alicia_d_descriptions/share/alicia_d_descriptions/cmake/alicia_d_descriptionsConfig-version.cmake
[0.306s] -- Up-to-date: /home/Projects/HET/alicia_ws/install/alicia_d_descriptions/share/alicia_d_descriptions/package.xml
[0.307s] Invoked command in '/home/Projects/HET/alicia_ws/build/alicia_d_descriptions' returned '0': CMAKE_PREFIX_PATH=/opt/ros/humble /usr/bin/cmake --install /home/Projects/HET/alicia_ws/build/alicia_d_descriptions
