[0.085s] Invoking command in '/home/Projects/HET/alicia_ws/build/alicia_d_cube_sort': CMAKE_PREFIX_PATH=/opt/ros/humble /usr/bin/cmake --build /home/Projects/HET/alicia_ws/build/alicia_d_cube_sort -- -j20 -l20
[0.245s] Built target ament_cmake_python_copy_alicia_d_cube_sort
[0.853s] running egg_info
[0.856s] writing alicia_d_cube_sort.egg-info/PKG-INFO
[0.857s] writing dependency_links to alicia_d_cube_sort.egg-info/dependency_links.txt
[0.858s] writing top-level names to alicia_d_cube_sort.egg-info/top_level.txt
[0.864s] reading manifest file 'alicia_d_cube_sort.egg-info/SOURCES.txt'
[0.865s] writing manifest file 'alicia_d_cube_sort.egg-info/SOURCES.txt'
[0.931s] Built target ament_cmake_python_build_alicia_d_cube_sort_egg
[0.966s] Invoked command in '/home/Projects/HET/alicia_ws/build/alicia_d_cube_sort' returned '0': CMAKE_PREFIX_PATH=/opt/ros/humble /usr/bin/cmake --build /home/Projects/HET/alicia_ws/build/alicia_d_cube_sort -- -j20 -l20
[0.976s] Invoking command in '/home/Projects/HET/alicia_ws/build/alicia_d_cube_sort': CMAKE_PREFIX_PATH=/opt/ros/humble /usr/bin/cmake --install /home/Projects/HET/alicia_ws/build/alicia_d_cube_sort
[0.997s] -- Install configuration: ""
[0.997s] -- Up-to-date: /home/Projects/HET/alicia_ws/install/alicia_d_cube_sort/share/alicia_d_cube_sort/environment/pythonpath.sh
[0.998s] -- Up-to-date: /home/Projects/HET/alicia_ws/install/alicia_d_cube_sort/share/alicia_d_cube_sort/environment/pythonpath.dsv
[0.998s] -- Up-to-date: /home/Projects/HET/alicia_ws/install/alicia_d_cube_sort/local/lib/python3.10/dist-packages/alicia_d_cube_sort-1.0.0-py3.10.egg-info
[0.999s] -- Installing: /home/Projects/HET/alicia_ws/install/alicia_d_cube_sort/local/lib/python3.10/dist-packages/alicia_d_cube_sort-1.0.0-py3.10.egg-info/PKG-INFO
[0.999s] -- Installing: /home/Projects/HET/alicia_ws/install/alicia_d_cube_sort/local/lib/python3.10/dist-packages/alicia_d_cube_sort-1.0.0-py3.10.egg-info/SOURCES.txt
[1.000s] -- Installing: /home/Projects/HET/alicia_ws/install/alicia_d_cube_sort/local/lib/python3.10/dist-packages/alicia_d_cube_sort-1.0.0-py3.10.egg-info/dependency_links.txt
[1.001s] -- Installing: /home/Projects/HET/alicia_ws/install/alicia_d_cube_sort/local/lib/python3.10/dist-packages/alicia_d_cube_sort-1.0.0-py3.10.egg-info/top_level.txt
[1.002s] -- Up-to-date: /home/Projects/HET/alicia_ws/install/alicia_d_cube_sort/local/lib/python3.10/dist-packages/alicia_d_cube_sort
[1.003s] -- Up-to-date: /home/Projects/HET/alicia_ws/install/alicia_d_cube_sort/local/lib/python3.10/dist-packages/alicia_d_cube_sort/utils
[1.004s] -- Up-to-date: /home/Projects/HET/alicia_ws/install/alicia_d_cube_sort/local/lib/python3.10/dist-packages/alicia_d_cube_sort/utils/plane_estimation.py
[1.004s] -- Up-to-date: /home/Projects/HET/alicia_ws/install/alicia_d_cube_sort/local/lib/python3.10/dist-packages/alicia_d_cube_sort/utils/color_detection.py
[1.004s] -- Up-to-date: /home/Projects/HET/alicia_ws/install/alicia_d_cube_sort/local/lib/python3.10/dist-packages/alicia_d_cube_sort/utils/__init__.py
[1.005s] -- Up-to-date: /home/Projects/HET/alicia_ws/install/alicia_d_cube_sort/local/lib/python3.10/dist-packages/alicia_d_cube_sort/__init__.py
[1.228s] Listing '/home/Projects/HET/alicia_ws/install/alicia_d_cube_sort/local/lib/python3.10/dist-packages/alicia_d_cube_sort'...
[1.230s] Listing '/home/Projects/HET/alicia_ws/install/alicia_d_cube_sort/local/lib/python3.10/dist-packages/alicia_d_cube_sort/utils'...
[1.315s] -- Up-to-date: /home/Projects/HET/alicia_ws/install/alicia_d_cube_sort/lib/alicia_d_cube_sort/cube_detection.py
[1.317s] -- Up-to-date: /home/Projects/HET/alicia_ws/install/alicia_d_cube_sort/lib/alicia_d_cube_sort/cube_sorting.py
[1.318s] -- Up-to-date: /home/Projects/HET/alicia_ws/install/alicia_d_cube_sort/share/alicia_d_cube_sort/config
[1.319s] -- Up-to-date: /home/Projects/HET/alicia_ws/install/alicia_d_cube_sort/share/alicia_d_cube_sort/config/cube_sorting.yaml
[1.320s] -- Up-to-date: /home/Projects/HET/alicia_ws/install/alicia_d_cube_sort/share/alicia_d_cube_sort/launch
[1.322s] -- Up-to-date: /home/Projects/HET/alicia_ws/install/alicia_d_cube_sort/share/alicia_d_cube_sort/launch/cube_sorting.launch.py
[1.334s] -- Up-to-date: /home/Projects/HET/alicia_ws/install/alicia_d_cube_sort/share/alicia_d_cube_sort/launch/cube_detection.launch.py
[1.335s] -- Up-to-date: /home/Projects/HET/alicia_ws/install/alicia_d_cube_sort/share/ament_index/resource_index/package_run_dependencies/alicia_d_cube_sort
[1.337s] -- Up-to-date: /home/Projects/HET/alicia_ws/install/alicia_d_cube_sort/share/ament_index/resource_index/parent_prefix_path/alicia_d_cube_sort
[1.338s] -- Up-to-date: /home/Projects/HET/alicia_ws/install/alicia_d_cube_sort/share/alicia_d_cube_sort/environment/ament_prefix_path.sh
[1.339s] -- Up-to-date: /home/Projects/HET/alicia_ws/install/alicia_d_cube_sort/share/alicia_d_cube_sort/environment/ament_prefix_path.dsv
[1.340s] -- Up-to-date: /home/Projects/HET/alicia_ws/install/alicia_d_cube_sort/share/alicia_d_cube_sort/environment/path.sh
[1.343s] -- Up-to-date: /home/Projects/HET/alicia_ws/install/alicia_d_cube_sort/share/alicia_d_cube_sort/environment/path.dsv
[1.345s] -- Up-to-date: /home/Projects/HET/alicia_ws/install/alicia_d_cube_sort/share/alicia_d_cube_sort/local_setup.bash
[1.350s] -- Up-to-date: /home/Projects/HET/alicia_ws/install/alicia_d_cube_sort/share/alicia_d_cube_sort/local_setup.sh
[1.350s] -- Up-to-date: /home/Projects/HET/alicia_ws/install/alicia_d_cube_sort/share/alicia_d_cube_sort/local_setup.zsh
[1.351s] -- Up-to-date: /home/Projects/HET/alicia_ws/install/alicia_d_cube_sort/share/alicia_d_cube_sort/local_setup.dsv
[1.353s] -- Installing: /home/Projects/HET/alicia_ws/install/alicia_d_cube_sort/share/alicia_d_cube_sort/package.dsv
[1.360s] -- Up-to-date: /home/Projects/HET/alicia_ws/install/alicia_d_cube_sort/share/ament_index/resource_index/packages/alicia_d_cube_sort
[1.362s] -- Up-to-date: /home/Projects/HET/alicia_ws/install/alicia_d_cube_sort/share/alicia_d_cube_sort/cmake/alicia_d_cube_sortConfig.cmake
[1.363s] -- Up-to-date: /home/Projects/HET/alicia_ws/install/alicia_d_cube_sort/share/alicia_d_cube_sort/cmake/alicia_d_cube_sortConfig-version.cmake
[1.364s] -- Up-to-date: /home/Projects/HET/alicia_ws/install/alicia_d_cube_sort/share/alicia_d_cube_sort/package.xml
[1.423s] Invoked command in '/home/Projects/HET/alicia_ws/build/alicia_d_cube_sort' returned '0': CMAKE_PREFIX_PATH=/opt/ros/humble /usr/bin/cmake --install /home/Projects/HET/alicia_ws/build/alicia_d_cube_sort
