[1.463s] Invoking command in '/home/Projects/HET/alicia_ws/build/alicia_d_thinkgrasp_bridge': AMENT_PREFIX_PATH=/home/Projects/HET/alicia_ws/install/alicia_d_control_interfaces:${AMENT_PREFIX_PATH} CMAKE_PREFIX_PATH=/home/Projects/HET/alicia_ws/install/alicia_d_control_interfaces:/opt/ros/humble LD_LIBRARY_PATH=/home/Projects/HET/alicia_ws/install/alicia_d_control_interfaces/lib:${LD_LIBRARY_PATH} PYTHONPATH=/home/Projects/HET/alicia_ws/install/alicia_d_control_interfaces/local/lib/python3.10/dist-packages:${PYTHONPATH} /usr/bin/cmake --build /home/Projects/HET/alicia_ws/build/alicia_d_thinkgrasp_bridge -- -j20 -l20
[1.515s] -- Found ament_cmake: 1.3.14 (/opt/ros/humble/share/ament_cmake/cmake)
[1.948s] -- Found rclpy: 3.3.21 (/opt/ros/humble/share/rclpy/cmake)
[2.389s] -- Configuring done
[2.411s] -- Generating done
[2.420s] -- Build files have been written to: /home/Projects/HET/alicia_ws/build/alicia_d_thinkgrasp_bridge
[2.522s] Built target ament_cmake_python_copy_alicia_d_thinkgrasp_bridge
[3.128s] running egg_info
[3.130s] writing alicia_d_thinkgrasp_bridge.egg-info/PKG-INFO
[3.131s] writing dependency_links to alicia_d_thinkgrasp_bridge.egg-info/dependency_links.txt
[3.132s] writing top-level names to alicia_d_thinkgrasp_bridge.egg-info/top_level.txt
[3.139s] reading manifest file 'alicia_d_thinkgrasp_bridge.egg-info/SOURCES.txt'
[3.141s] writing manifest file 'alicia_d_thinkgrasp_bridge.egg-info/SOURCES.txt'
[3.204s] Built target ament_cmake_python_build_alicia_d_thinkgrasp_bridge_egg
[3.229s] Invoked command in '/home/Projects/HET/alicia_ws/build/alicia_d_thinkgrasp_bridge' returned '0': AMENT_PREFIX_PATH=/home/Projects/HET/alicia_ws/install/alicia_d_control_interfaces:${AMENT_PREFIX_PATH} CMAKE_PREFIX_PATH=/home/Projects/HET/alicia_ws/install/alicia_d_control_interfaces:/opt/ros/humble LD_LIBRARY_PATH=/home/Projects/HET/alicia_ws/install/alicia_d_control_interfaces/lib:${LD_LIBRARY_PATH} PYTHONPATH=/home/Projects/HET/alicia_ws/install/alicia_d_control_interfaces/local/lib/python3.10/dist-packages:${PYTHONPATH} /usr/bin/cmake --build /home/Projects/HET/alicia_ws/build/alicia_d_thinkgrasp_bridge -- -j20 -l20
[3.236s] Invoking command in '/home/Projects/HET/alicia_ws/build/alicia_d_thinkgrasp_bridge': AMENT_PREFIX_PATH=/home/Projects/HET/alicia_ws/install/alicia_d_control_interfaces:${AMENT_PREFIX_PATH} CMAKE_PREFIX_PATH=/home/Projects/HET/alicia_ws/install/alicia_d_control_interfaces:/opt/ros/humble LD_LIBRARY_PATH=/home/Projects/HET/alicia_ws/install/alicia_d_control_interfaces/lib:${LD_LIBRARY_PATH} PYTHONPATH=/home/Projects/HET/alicia_ws/install/alicia_d_control_interfaces/local/lib/python3.10/dist-packages:${PYTHONPATH} /usr/bin/cmake --install /home/Projects/HET/alicia_ws/build/alicia_d_thinkgrasp_bridge
[3.249s] -- Install configuration: ""
[3.249s] -- Up-to-date: /home/Projects/HET/alicia_ws/install/alicia_d_thinkgrasp_bridge/share/alicia_d_thinkgrasp_bridge/environment/pythonpath.sh
[3.250s] -- Installing: /home/Projects/HET/alicia_ws/install/alicia_d_thinkgrasp_bridge/share/alicia_d_thinkgrasp_bridge/environment/pythonpath.dsv
[3.251s] -- Up-to-date: /home/Projects/HET/alicia_ws/install/alicia_d_thinkgrasp_bridge/local/lib/python3.10/dist-packages/alicia_d_thinkgrasp_bridge-0.1.0-py3.10.egg-info
[3.252s] -- Installing: /home/Projects/HET/alicia_ws/install/alicia_d_thinkgrasp_bridge/local/lib/python3.10/dist-packages/alicia_d_thinkgrasp_bridge-0.1.0-py3.10.egg-info/PKG-INFO
[3.252s] -- Installing: /home/Projects/HET/alicia_ws/install/alicia_d_thinkgrasp_bridge/local/lib/python3.10/dist-packages/alicia_d_thinkgrasp_bridge-0.1.0-py3.10.egg-info/SOURCES.txt
[3.252s] -- Installing: /home/Projects/HET/alicia_ws/install/alicia_d_thinkgrasp_bridge/local/lib/python3.10/dist-packages/alicia_d_thinkgrasp_bridge-0.1.0-py3.10.egg-info/dependency_links.txt
[3.253s] -- Installing: /home/Projects/HET/alicia_ws/install/alicia_d_thinkgrasp_bridge/local/lib/python3.10/dist-packages/alicia_d_thinkgrasp_bridge-0.1.0-py3.10.egg-info/top_level.txt
[3.253s] -- Up-to-date: /home/Projects/HET/alicia_ws/install/alicia_d_thinkgrasp_bridge/local/lib/python3.10/dist-packages/alicia_d_thinkgrasp_bridge
[3.253s] -- Up-to-date: /home/Projects/HET/alicia_ws/install/alicia_d_thinkgrasp_bridge/local/lib/python3.10/dist-packages/alicia_d_thinkgrasp_bridge/__init__.py
[3.324s] Listing '/home/Projects/HET/alicia_ws/install/alicia_d_thinkgrasp_bridge/local/lib/python3.10/dist-packages/alicia_d_thinkgrasp_bridge'...
[3.336s] -- Up-to-date: /home/Projects/HET/alicia_ws/install/alicia_d_thinkgrasp_bridge/lib/alicia_d_thinkgrasp_bridge/ik_workspace_probe.py
[3.336s] -- Up-to-date: /home/Projects/HET/alicia_ws/install/alicia_d_thinkgrasp_bridge/lib/alicia_d_thinkgrasp_bridge/mock_decision_server.py
[3.337s] -- Up-to-date: /home/Projects/HET/alicia_ws/install/alicia_d_thinkgrasp_bridge/lib/alicia_d_thinkgrasp_bridge/safe_joint_raise.py
[3.338s] -- Up-to-date: /home/Projects/HET/alicia_ws/install/alicia_d_thinkgrasp_bridge/lib/alicia_d_thinkgrasp_bridge/safe_tcp_lift.py
[3.338s] -- Up-to-date: /home/Projects/HET/alicia_ws/install/alicia_d_thinkgrasp_bridge/lib/alicia_d_thinkgrasp_bridge/thinkgrasp_bridge_node.py
[3.339s] -- Up-to-date: /home/Projects/HET/alicia_ws/install/alicia_d_thinkgrasp_bridge/share/alicia_d_thinkgrasp_bridge/config
[3.340s] -- Installing: /home/Projects/HET/alicia_ws/install/alicia_d_thinkgrasp_bridge/share/alicia_d_thinkgrasp_bridge/config/mock_grasp.yaml
[3.340s] -- Up-to-date: /home/Projects/HET/alicia_ws/install/alicia_d_thinkgrasp_bridge/share/alicia_d_thinkgrasp_bridge/launch
[3.341s] -- Up-to-date: /home/Projects/HET/alicia_ws/install/alicia_d_thinkgrasp_bridge/share/alicia_d_thinkgrasp_bridge/launch/mock_thinkgrasp_bridge.launch.py
[3.341s] -- Installing: /home/Projects/HET/alicia_ws/install/alicia_d_thinkgrasp_bridge/share/ament_index/resource_index/package_run_dependencies/alicia_d_thinkgrasp_bridge
[3.342s] -- Installing: /home/Projects/HET/alicia_ws/install/alicia_d_thinkgrasp_bridge/share/ament_index/resource_index/parent_prefix_path/alicia_d_thinkgrasp_bridge
[3.343s] -- Up-to-date: /home/Projects/HET/alicia_ws/install/alicia_d_thinkgrasp_bridge/share/alicia_d_thinkgrasp_bridge/environment/ament_prefix_path.sh
[3.344s] -- Installing: /home/Projects/HET/alicia_ws/install/alicia_d_thinkgrasp_bridge/share/alicia_d_thinkgrasp_bridge/environment/ament_prefix_path.dsv
[3.344s] -- Up-to-date: /home/Projects/HET/alicia_ws/install/alicia_d_thinkgrasp_bridge/share/alicia_d_thinkgrasp_bridge/environment/path.sh
[3.345s] -- Installing: /home/Projects/HET/alicia_ws/install/alicia_d_thinkgrasp_bridge/share/alicia_d_thinkgrasp_bridge/environment/path.dsv
[3.346s] -- Up-to-date: /home/Projects/HET/alicia_ws/install/alicia_d_thinkgrasp_bridge/share/alicia_d_thinkgrasp_bridge/local_setup.bash
[3.346s] -- Up-to-date: /home/Projects/HET/alicia_ws/install/alicia_d_thinkgrasp_bridge/share/alicia_d_thinkgrasp_bridge/local_setup.sh
[3.347s] -- Up-to-date: /home/Projects/HET/alicia_ws/install/alicia_d_thinkgrasp_bridge/share/alicia_d_thinkgrasp_bridge/local_setup.zsh
[3.347s] -- Installing: /home/Projects/HET/alicia_ws/install/alicia_d_thinkgrasp_bridge/share/alicia_d_thinkgrasp_bridge/local_setup.dsv
[3.347s] -- Installing: /home/Projects/HET/alicia_ws/install/alicia_d_thinkgrasp_bridge/share/alicia_d_thinkgrasp_bridge/package.dsv
[3.347s] -- Up-to-date: /home/Projects/HET/alicia_ws/install/alicia_d_thinkgrasp_bridge/share/ament_index/resource_index/packages/alicia_d_thinkgrasp_bridge
[3.347s] -- Up-to-date: /home/Projects/HET/alicia_ws/install/alicia_d_thinkgrasp_bridge/share/alicia_d_thinkgrasp_bridge/cmake/alicia_d_thinkgrasp_bridgeConfig.cmake
[3.347s] -- Up-to-date: /home/Projects/HET/alicia_ws/install/alicia_d_thinkgrasp_bridge/share/alicia_d_thinkgrasp_bridge/cmake/alicia_d_thinkgrasp_bridgeConfig-version.cmake
[3.348s] -- Installing: /home/Projects/HET/alicia_ws/install/alicia_d_thinkgrasp_bridge/share/alicia_d_thinkgrasp_bridge/package.xml
[3.353s] Invoked command in '/home/Projects/HET/alicia_ws/build/alicia_d_thinkgrasp_bridge' returned '0': AMENT_PREFIX_PATH=/home/Projects/HET/alicia_ws/install/alicia_d_control_interfaces:${AMENT_PREFIX_PATH} CMAKE_PREFIX_PATH=/home/Projects/HET/alicia_ws/install/alicia_d_control_interfaces:/opt/ros/humble LD_LIBRARY_PATH=/home/Projects/HET/alicia_ws/install/alicia_d_control_interfaces/lib:${LD_LIBRARY_PATH} PYTHONPATH=/home/Projects/HET/alicia_ws/install/alicia_d_control_interfaces/local/lib/python3.10/dist-packages:${PYTHONPATH} /usr/bin/cmake --install /home/Projects/HET/alicia_ws/build/alicia_d_thinkgrasp_bridge
