[0.087s] Invoking command in '/home/Projects/HET/alicia_ws/build/alicia_d_calibration': CMAKE_PREFIX_PATH=/opt/ros/humble /usr/bin/cmake --build /home/Projects/HET/alicia_ws/build/alicia_d_calibration -- -j20 -l20
[0.215s] Built target ament_cmake_python_copy_alicia_d_calibration
[0.857s] running egg_info
[0.860s] writing alicia_d_calibration.egg-info/PKG-INFO
[0.860s] writing dependency_links to alicia_d_calibration.egg-info/dependency_links.txt
[0.861s] writing top-level names to alicia_d_calibration.egg-info/top_level.txt
[0.869s] reading manifest file 'alicia_d_calibration.egg-info/SOURCES.txt'
[0.870s] writing manifest file 'alicia_d_calibration.egg-info/SOURCES.txt'
[0.936s] Built target ament_cmake_python_build_alicia_d_calibration_egg
[0.961s] Invoked command in '/home/Projects/HET/alicia_ws/build/alicia_d_calibration' returned '0': CMAKE_PREFIX_PATH=/opt/ros/humble /usr/bin/cmake --build /home/Projects/HET/alicia_ws/build/alicia_d_calibration -- -j20 -l20
[0.969s] Invoking command in '/home/Projects/HET/alicia_ws/build/alicia_d_calibration': CMAKE_PREFIX_PATH=/opt/ros/humble /usr/bin/cmake --install /home/Projects/HET/alicia_ws/build/alicia_d_calibration
[0.989s] -- Install configuration: ""
[0.990s] -- Up-to-date: /home/Projects/HET/alicia_ws/install/alicia_d_calibration/share/alicia_d_calibration/environment/pythonpath.sh
[0.990s] -- Up-to-date: /home/Projects/HET/alicia_ws/install/alicia_d_calibration/share/alicia_d_calibration/environment/pythonpath.dsv
[0.991s] -- Up-to-date: /home/Projects/HET/alicia_ws/install/alicia_d_calibration/local/lib/python3.10/dist-packages/alicia_d_calibration-1.0.0-py3.10.egg-info
[0.991s] -- Installing: /home/Projects/HET/alicia_ws/install/alicia_d_calibration/local/lib/python3.10/dist-packages/alicia_d_calibration-1.0.0-py3.10.egg-info/PKG-INFO
[0.991s] -- Installing: /home/Projects/HET/alicia_ws/install/alicia_d_calibration/local/lib/python3.10/dist-packages/alicia_d_calibration-1.0.0-py3.10.egg-info/SOURCES.txt
[0.991s] -- Installing: /home/Projects/HET/alicia_ws/install/alicia_d_calibration/local/lib/python3.10/dist-packages/alicia_d_calibration-1.0.0-py3.10.egg-info/dependency_links.txt
[0.992s] -- Installing: /home/Projects/HET/alicia_ws/install/alicia_d_calibration/local/lib/python3.10/dist-packages/alicia_d_calibration-1.0.0-py3.10.egg-info/top_level.txt
[0.992s] -- Up-to-date: /home/Projects/HET/alicia_ws/install/alicia_d_calibration/local/lib/python3.10/dist-packages/alicia_d_calibration
[0.992s] -- Up-to-date: /home/Projects/HET/alicia_ws/install/alicia_d_calibration/local/lib/python3.10/dist-packages/alicia_d_calibration/__init__.py
[1.099s] Listing '/home/Projects/HET/alicia_ws/install/alicia_d_calibration/local/lib/python3.10/dist-packages/alicia_d_calibration'...
[1.177s] -- Up-to-date: /home/Projects/HET/alicia_ws/install/alicia_d_calibration/lib/alicia_d_calibration/hand_eye_calibration.py
[1.177s] -- Up-to-date: /home/Projects/HET/alicia_ws/install/alicia_d_calibration/lib/alicia_d_calibration/generate_calibration_poses.py
[1.178s] -- Up-to-date: /home/Projects/HET/alicia_ws/install/alicia_d_calibration/lib/alicia_d_calibration/aruco_detector.py
[1.179s] -- Up-to-date: /home/Projects/HET/alicia_ws/install/alicia_d_calibration/share/alicia_d_calibration/launch
[1.184s] -- Up-to-date: /home/Projects/HET/alicia_ws/install/alicia_d_calibration/share/alicia_d_calibration/launch/verify_calibration.launch.py
[1.186s] -- Up-to-date: /home/Projects/HET/alicia_ws/install/alicia_d_calibration/share/alicia_d_calibration/launch/hand_eye_calibration.launch.py
[1.187s] -- Up-to-date: /home/Projects/HET/alicia_ws/install/alicia_d_calibration/share/alicia_d_calibration/config
[1.188s] -- Up-to-date: /home/Projects/HET/alicia_ws/install/alicia_d_calibration/share/alicia_d_calibration/config/hand_eye_calibration_result.yaml
[1.189s] -- Up-to-date: /home/Projects/HET/alicia_ws/install/alicia_d_calibration/share/ament_index/resource_index/package_run_dependencies/alicia_d_calibration
[1.191s] -- Up-to-date: /home/Projects/HET/alicia_ws/install/alicia_d_calibration/share/ament_index/resource_index/parent_prefix_path/alicia_d_calibration
[1.194s] -- Up-to-date: /home/Projects/HET/alicia_ws/install/alicia_d_calibration/share/alicia_d_calibration/environment/ament_prefix_path.sh
[1.195s] -- Up-to-date: /home/Projects/HET/alicia_ws/install/alicia_d_calibration/share/alicia_d_calibration/environment/ament_prefix_path.dsv
[1.197s] -- Up-to-date: /home/Projects/HET/alicia_ws/install/alicia_d_calibration/share/alicia_d_calibration/environment/path.sh
[1.198s] -- Up-to-date: /home/Projects/HET/alicia_ws/install/alicia_d_calibration/share/alicia_d_calibration/environment/path.dsv
[1.200s] -- Up-to-date: /home/Projects/HET/alicia_ws/install/alicia_d_calibration/share/alicia_d_calibration/local_setup.bash
[1.210s] -- Up-to-date: /home/Projects/HET/alicia_ws/install/alicia_d_calibration/share/alicia_d_calibration/local_setup.sh
[1.212s] -- Up-to-date: /home/Projects/HET/alicia_ws/install/alicia_d_calibration/share/alicia_d_calibration/local_setup.zsh
[1.213s] -- Up-to-date: /home/Projects/HET/alicia_ws/install/alicia_d_calibration/share/alicia_d_calibration/local_setup.dsv
[1.214s] -- Installing: /home/Projects/HET/alicia_ws/install/alicia_d_calibration/share/alicia_d_calibration/package.dsv
[1.215s] -- Up-to-date: /home/Projects/HET/alicia_ws/install/alicia_d_calibration/share/ament_index/resource_index/packages/alicia_d_calibration
[1.216s] -- Up-to-date: /home/Projects/HET/alicia_ws/install/alicia_d_calibration/share/alicia_d_calibration/cmake/alicia_d_calibrationConfig.cmake
[1.217s] -- Up-to-date: /home/Projects/HET/alicia_ws/install/alicia_d_calibration/share/alicia_d_calibration/cmake/alicia_d_calibrationConfig-version.cmake
[1.218s] -- Up-to-date: /home/Projects/HET/alicia_ws/install/alicia_d_calibration/share/alicia_d_calibration/package.xml
[1.293s] Invoked command in '/home/Projects/HET/alicia_ws/build/alicia_d_calibration' returned '0': CMAKE_PREFIX_PATH=/opt/ros/humble /usr/bin/cmake --install /home/Projects/HET/alicia_ws/build/alicia_d_calibration
