-- The C compiler identification is GNU 11.4.0
-- The CXX compiler identification is GNU 11.4.0
-- Detecting C compiler ABI info
-- Detecting C compiler ABI info - done
-- Check for working C compiler: /usr/bin/cc - skipped
-- Detecting C compile features
-- Detecting C compile features - done
-- Detecting CXX compiler ABI info
-- Detecting CXX compiler ABI info - done
-- Check for working CXX compiler: /usr/bin/c++ - skipped
-- Detecting CXX compile features
-- Detecting CXX compile features - done
-- Found ament_cmake: 1.3.14 (/opt/ros/humble/share/ament_cmake/cmake)
-- Found Python3: /usr/bin/python3 (found version "3.10.12") found components: Interpreter 
-- Found rclpy: 3.3.21 (/opt/ros/humble/share/rclpy/cmake)
-- Found ament_lint_auto: 0.12.15 (/opt/ros/humble/share/ament_lint_auto/cmake)
-- Configuring done
-- Generating done
-- Build files have been written to: /home/Projects/HET/alicia_ws/build/alicia_d_calibration
Built target ament_cmake_python_copy_alicia_d_calibration
running egg_info
creating alicia_d_calibration.egg-info
writing alicia_d_calibration.egg-info/PKG-INFO
writing dependency_links to alicia_d_calibration.egg-info/dependency_links.txt
writing top-level names to alicia_d_calibration.egg-info/top_level.txt
writing manifest file 'alicia_d_calibration.egg-info/SOURCES.txt'
reading manifest file 'alicia_d_calibration.egg-info/SOURCES.txt'
writing manifest file 'alicia_d_calibration.egg-info/SOURCES.txt'
Built target ament_cmake_python_build_alicia_d_calibration_egg
-- Install configuration: ""
-- Installing: /home/Projects/HET/alicia_ws/install/alicia_d_calibration/share/alicia_d_calibration/environment/pythonpath.sh
-- Installing: /home/Projects/HET/alicia_ws/install/alicia_d_calibration/share/alicia_d_calibration/environment/pythonpath.dsv
-- Installing: /home/Projects/HET/alicia_ws/install/alicia_d_calibration/local/lib/python3.10/dist-packages/alicia_d_calibration-1.0.0-py3.10.egg-info
-- Installing: /home/Projects/HET/alicia_ws/install/alicia_d_calibration/local/lib/python3.10/dist-packages/alicia_d_calibration-1.0.0-py3.10.egg-info/PKG-INFO
-- Installing: /home/Projects/HET/alicia_ws/install/alicia_d_calibration/local/lib/python3.10/dist-packages/alicia_d_calibration-1.0.0-py3.10.egg-info/SOURCES.txt
-- Installing: /home/Projects/HET/alicia_ws/install/alicia_d_calibration/local/lib/python3.10/dist-packages/alicia_d_calibration-1.0.0-py3.10.egg-info/dependency_links.txt
-- Installing: /home/Projects/HET/alicia_ws/install/alicia_d_calibration/local/lib/python3.10/dist-packages/alicia_d_calibration-1.0.0-py3.10.egg-info/top_level.txt
-- Installing: /home/Projects/HET/alicia_ws/install/alicia_d_calibration/local/lib/python3.10/dist-packages/alicia_d_calibration
-- Installing: /home/Projects/HET/alicia_ws/install/alicia_d_calibration/local/lib/python3.10/dist-packages/alicia_d_calibration/__init__.py
Listing '/home/Projects/HET/alicia_ws/install/alicia_d_calibration/local/lib/python3.10/dist-packages/alicia_d_calibration'...
Compiling '/home/Projects/HET/alicia_ws/install/alicia_d_calibration/local/lib/python3.10/dist-packages/alicia_d_calibration/__init__.py'...
-- Installing: /home/Projects/HET/alicia_ws/install/alicia_d_calibration/lib/alicia_d_calibration/hand_eye_calibration.py
-- Installing: /home/Projects/HET/alicia_ws/install/alicia_d_calibration/lib/alicia_d_calibration/generate_calibration_poses.py
-- Installing: /home/Projects/HET/alicia_ws/install/alicia_d_calibration/lib/alicia_d_calibration/aruco_detector.py
-- Installing: /home/Projects/HET/alicia_ws/install/alicia_d_calibration/share/alicia_d_calibration/launch
-- Installing: /home/Projects/HET/alicia_ws/install/alicia_d_calibration/share/alicia_d_calibration/launch/verify_calibration.launch.py
-- Installing: /home/Projects/HET/alicia_ws/install/alicia_d_calibration/share/alicia_d_calibration/launch/hand_eye_calibration.launch.py
-- Installing: /home/Projects/HET/alicia_ws/install/alicia_d_calibration/share/alicia_d_calibration/config
-- Installing: /home/Projects/HET/alicia_ws/install/alicia_d_calibration/share/alicia_d_calibration/config/hand_eye_calibration_result.yaml
-- Installing: /home/Projects/HET/alicia_ws/install/alicia_d_calibration/share/ament_index/resource_index/package_run_dependencies/alicia_d_calibration
-- Installing: /home/Projects/HET/alicia_ws/install/alicia_d_calibration/share/ament_index/resource_index/parent_prefix_path/alicia_d_calibration
-- Installing: /home/Projects/HET/alicia_ws/install/alicia_d_calibration/share/alicia_d_calibration/environment/ament_prefix_path.sh
-- Installing: /home/Projects/HET/alicia_ws/install/alicia_d_calibration/share/alicia_d_calibration/environment/ament_prefix_path.dsv
-- Installing: /home/Projects/HET/alicia_ws/install/alicia_d_calibration/share/alicia_d_calibration/environment/path.sh
-- Installing: /home/Projects/HET/alicia_ws/install/alicia_d_calibration/share/alicia_d_calibration/environment/path.dsv
-- Installing: /home/Projects/HET/alicia_ws/install/alicia_d_calibration/share/alicia_d_calibration/local_setup.bash
-- Installing: /home/Projects/HET/alicia_ws/install/alicia_d_calibration/share/alicia_d_calibration/local_setup.sh
-- Installing: /home/Projects/HET/alicia_ws/install/alicia_d_calibration/share/alicia_d_calibration/local_setup.zsh
-- Installing: /home/Projects/HET/alicia_ws/install/alicia_d_calibration/share/alicia_d_calibration/local_setup.dsv
-- Installing: /home/Projects/HET/alicia_ws/install/alicia_d_calibration/share/alicia_d_calibration/package.dsv
-- Installing: /home/Projects/HET/alicia_ws/install/alicia_d_calibration/share/ament_index/resource_index/packages/alicia_d_calibration
-- Installing: /home/Projects/HET/alicia_ws/install/alicia_d_calibration/share/alicia_d_calibration/cmake/alicia_d_calibrationConfig.cmake
-- Installing: /home/Projects/HET/alicia_ws/install/alicia_d_calibration/share/alicia_d_calibration/cmake/alicia_d_calibrationConfig-version.cmake
-- Installing: /home/Projects/HET/alicia_ws/install/alicia_d_calibration/share/alicia_d_calibration/package.xml
