[0.071s] Invoking command in '/home/Projects/HET/alicia_ws/build/alicia_d_calibration': CMAKE_PREFIX_PATH=/opt/ros/humble /usr/bin/cmake /home/Projects/HET/alicia_ws/src/alicia_d_calibration -DCMAKE_INSTALL_PREFIX=/home/Projects/HET/alicia_ws/install/alicia_d_calibration
[1.650s] -- The C compiler identification is GNU 11.4.0
[9.678s] -- The CXX compiler identification is GNU 11.4.0
[15.855s] -- Detecting C compiler ABI info
[17.497s] -- Detecting C compiler ABI info - done
[17.516s] -- Check for working C compiler: /usr/bin/cc - skipped
[17.518s] -- Detecting C compile features
[17.518s] -- Detecting C compile features - done
[17.525s] -- Detecting CXX compiler ABI info
[19.070s] -- Detecting CXX compiler ABI info - done
[19.088s] -- Check for working CXX compiler: /usr/bin/c++ - skipped
[19.089s] -- Detecting CXX compile features
[19.089s] -- Detecting CXX compile features - done
[19.095s] -- Found ament_cmake: 1.3.14 (/opt/ros/humble/share/ament_cmake/cmake)
[19.430s] -- Found Python3: /usr/bin/python3 (found version "3.10.12") found components: Interpreter 
[19.646s] -- Found rclpy: 3.3.21 (/opt/ros/humble/share/rclpy/cmake)
[19.894s] -- Found ament_lint_auto: 0.12.15 (/opt/ros/humble/share/ament_lint_auto/cmake)
[20.081s] -- Configuring done
[20.103s] -- Generating done
[20.113s] -- Build files have been written to: /home/Projects/HET/alicia_ws/build/alicia_d_calibration
[20.125s] Invoked command in '/home/Projects/HET/alicia_ws/build/alicia_d_calibration' returned '0': CMAKE_PREFIX_PATH=/opt/ros/humble /usr/bin/cmake /home/Projects/HET/alicia_ws/src/alicia_d_calibration -DCMAKE_INSTALL_PREFIX=/home/Projects/HET/alicia_ws/install/alicia_d_calibration
[20.128s] Invoking command in '/home/Projects/HET/alicia_ws/build/alicia_d_calibration': CMAKE_PREFIX_PATH=/opt/ros/humble /usr/bin/cmake --build /home/Projects/HET/alicia_ws/build/alicia_d_calibration -- -j20 -l20
[20.252s] Built target ament_cmake_python_copy_alicia_d_calibration
[20.813s] running egg_info
[20.814s] creating alicia_d_calibration.egg-info
[20.815s] writing alicia_d_calibration.egg-info/PKG-INFO
[20.816s] writing dependency_links to alicia_d_calibration.egg-info/dependency_links.txt
[20.816s] writing top-level names to alicia_d_calibration.egg-info/top_level.txt
[20.817s] writing manifest file 'alicia_d_calibration.egg-info/SOURCES.txt'
[20.822s] reading manifest file 'alicia_d_calibration.egg-info/SOURCES.txt'
[20.823s] writing manifest file 'alicia_d_calibration.egg-info/SOURCES.txt'
[20.879s] Built target ament_cmake_python_build_alicia_d_calibration_egg
[20.901s] Invoked command in '/home/Projects/HET/alicia_ws/build/alicia_d_calibration' returned '0': CMAKE_PREFIX_PATH=/opt/ros/humble /usr/bin/cmake --build /home/Projects/HET/alicia_ws/build/alicia_d_calibration -- -j20 -l20
[20.906s] Invoking command in '/home/Projects/HET/alicia_ws/build/alicia_d_calibration': CMAKE_PREFIX_PATH=/opt/ros/humble /usr/bin/cmake --install /home/Projects/HET/alicia_ws/build/alicia_d_calibration
[20.919s] -- Install configuration: ""
[20.921s] -- Installing: /home/Projects/HET/alicia_ws/install/alicia_d_calibration/share/alicia_d_calibration/environment/pythonpath.sh
[20.921s] -- Installing: /home/Projects/HET/alicia_ws/install/alicia_d_calibration/share/alicia_d_calibration/environment/pythonpath.dsv
[20.922s] -- Installing: /home/Projects/HET/alicia_ws/install/alicia_d_calibration/local/lib/python3.10/dist-packages/alicia_d_calibration-1.0.0-py3.10.egg-info
[20.923s] -- Installing: /home/Projects/HET/alicia_ws/install/alicia_d_calibration/local/lib/python3.10/dist-packages/alicia_d_calibration-1.0.0-py3.10.egg-info/PKG-INFO
[20.924s] -- Installing: /home/Projects/HET/alicia_ws/install/alicia_d_calibration/local/lib/python3.10/dist-packages/alicia_d_calibration-1.0.0-py3.10.egg-info/SOURCES.txt
[20.925s] -- Installing: /home/Projects/HET/alicia_ws/install/alicia_d_calibration/local/lib/python3.10/dist-packages/alicia_d_calibration-1.0.0-py3.10.egg-info/dependency_links.txt
[20.925s] -- Installing: /home/Projects/HET/alicia_ws/install/alicia_d_calibration/local/lib/python3.10/dist-packages/alicia_d_calibration-1.0.0-py3.10.egg-info/top_level.txt
[20.925s] -- Installing: /home/Projects/HET/alicia_ws/install/alicia_d_calibration/local/lib/python3.10/dist-packages/alicia_d_calibration
[20.926s] -- Installing: /home/Projects/HET/alicia_ws/install/alicia_d_calibration/local/lib/python3.10/dist-packages/alicia_d_calibration/__init__.py
[20.995s] Listing '/home/Projects/HET/alicia_ws/install/alicia_d_calibration/local/lib/python3.10/dist-packages/alicia_d_calibration'...
[20.995s] Compiling '/home/Projects/HET/alicia_ws/install/alicia_d_calibration/local/lib/python3.10/dist-packages/alicia_d_calibration/__init__.py'...
[21.005s] -- Installing: /home/Projects/HET/alicia_ws/install/alicia_d_calibration/lib/alicia_d_calibration/hand_eye_calibration.py
[21.006s] -- Installing: /home/Projects/HET/alicia_ws/install/alicia_d_calibration/lib/alicia_d_calibration/generate_calibration_poses.py
[21.007s] -- Installing: /home/Projects/HET/alicia_ws/install/alicia_d_calibration/lib/alicia_d_calibration/aruco_detector.py
[21.007s] -- Installing: /home/Projects/HET/alicia_ws/install/alicia_d_calibration/share/alicia_d_calibration/launch
[21.008s] -- Installing: /home/Projects/HET/alicia_ws/install/alicia_d_calibration/share/alicia_d_calibration/launch/verify_calibration.launch.py
[21.009s] -- Installing: /home/Projects/HET/alicia_ws/install/alicia_d_calibration/share/alicia_d_calibration/launch/hand_eye_calibration.launch.py
[21.009s] -- Installing: /home/Projects/HET/alicia_ws/install/alicia_d_calibration/share/alicia_d_calibration/config
[21.009s] -- Installing: /home/Projects/HET/alicia_ws/install/alicia_d_calibration/share/alicia_d_calibration/config/hand_eye_calibration_result.yaml
[21.010s] -- Installing: /home/Projects/HET/alicia_ws/install/alicia_d_calibration/share/ament_index/resource_index/package_run_dependencies/alicia_d_calibration
[21.011s] -- Installing: /home/Projects/HET/alicia_ws/install/alicia_d_calibration/share/ament_index/resource_index/parent_prefix_path/alicia_d_calibration
[21.011s] -- Installing: /home/Projects/HET/alicia_ws/install/alicia_d_calibration/share/alicia_d_calibration/environment/ament_prefix_path.sh
[21.012s] -- Installing: /home/Projects/HET/alicia_ws/install/alicia_d_calibration/share/alicia_d_calibration/environment/ament_prefix_path.dsv
[21.012s] -- Installing: /home/Projects/HET/alicia_ws/install/alicia_d_calibration/share/alicia_d_calibration/environment/path.sh
[21.013s] -- Installing: /home/Projects/HET/alicia_ws/install/alicia_d_calibration/share/alicia_d_calibration/environment/path.dsv
[21.013s] -- Installing: /home/Projects/HET/alicia_ws/install/alicia_d_calibration/share/alicia_d_calibration/local_setup.bash
[21.013s] -- Installing: /home/Projects/HET/alicia_ws/install/alicia_d_calibration/share/alicia_d_calibration/local_setup.sh
[21.014s] -- Installing: /home/Projects/HET/alicia_ws/install/alicia_d_calibration/share/alicia_d_calibration/local_setup.zsh
[21.014s] -- Installing: /home/Projects/HET/alicia_ws/install/alicia_d_calibration/share/alicia_d_calibration/local_setup.dsv
[21.014s] -- Installing: /home/Projects/HET/alicia_ws/install/alicia_d_calibration/share/alicia_d_calibration/package.dsv
[21.015s] -- Installing: /home/Projects/HET/alicia_ws/install/alicia_d_calibration/share/ament_index/resource_index/packages/alicia_d_calibration
[21.015s] -- Installing: /home/Projects/HET/alicia_ws/install/alicia_d_calibration/share/alicia_d_calibration/cmake/alicia_d_calibrationConfig.cmake
[21.016s] -- Installing: /home/Projects/HET/alicia_ws/install/alicia_d_calibration/share/alicia_d_calibration/cmake/alicia_d_calibrationConfig-version.cmake
[21.016s] -- Installing: /home/Projects/HET/alicia_ws/install/alicia_d_calibration/share/alicia_d_calibration/package.xml
[21.020s] Invoked command in '/home/Projects/HET/alicia_ws/build/alicia_d_calibration' returned '0': CMAKE_PREFIX_PATH=/opt/ros/humble /usr/bin/cmake --install /home/Projects/HET/alicia_ws/build/alicia_d_calibration
