[0.076s] Invoking command in '/home/Projects/HET/alicia_ws/build/alicia_d_control_interfaces': CMAKE_PREFIX_PATH=/opt/ros/humble /usr/bin/cmake --build /home/Projects/HET/alicia_ws/build/alicia_d_control_interfaces -- -j20 -l20
[0.232s] [  1%] Built target alicia_d_control_interfaces__rs
[0.241s] [  2%] Built target alicia_d_control_interfaces__cpp
[0.274s] [ 13%] Built target alicia_d_control_interfaces__rosidl_generator_c
[0.283s] [ 13%] Built target ament_cmake_python_copy_alicia_d_control_interfaces
[0.346s] [ 25%] Built target alicia_d_control_interfaces__rosidl_typesupport_cpp
[0.356s] [ 48%] Built target alicia_d_control_interfaces__rosidl_typesupport_fastrtps_c
[0.356s] [ 48%] Built target alicia_d_control_interfaces__rosidl_typesupport_c
[0.357s] [ 59%] Built target alicia_d_control_interfaces__rosidl_typesupport_fastrtps_cpp
[0.364s] [ 76%] Built target alicia_d_control_interfaces__rosidl_typesupport_introspection_cpp
[0.365s] [ 81%] Built target alicia_d_control_interfaces__rosidl_typesupport_introspection_c
[0.426s] [ 81%] Built target alicia_d_control_interfaces
[0.496s] [ 82%] Built target alicia_d_control_interfaces__py
[0.574s] [ 93%] Built target alicia_d_control_interfaces__rosidl_generator_py
[0.643s] [ 95%] Built target alicia_d_control_interfaces__rosidl_typesupport_fastrtps_c__pyext
[0.644s] [ 97%] Built target alicia_d_control_interfaces__rosidl_typesupport_c__pyext
[0.655s] [100%] Built target alicia_d_control_interfaces__rosidl_typesupport_introspection_c__pyext
[1.186s] running egg_info
[1.188s] writing alicia_d_control_interfaces.egg-info/PKG-INFO
[1.191s] writing dependency_links to alicia_d_control_interfaces.egg-info/dependency_links.txt
[1.191s] writing top-level names to alicia_d_control_interfaces.egg-info/top_level.txt
[1.200s] reading manifest file 'alicia_d_control_interfaces.egg-info/SOURCES.txt'
[1.203s] writing manifest file 'alicia_d_control_interfaces.egg-info/SOURCES.txt'
[1.286s] [100%] Built target ament_cmake_python_build_alicia_d_control_interfaces_egg
[1.336s] Invoked command in '/home/Projects/HET/alicia_ws/build/alicia_d_control_interfaces' returned '0': CMAKE_PREFIX_PATH=/opt/ros/humble /usr/bin/cmake --build /home/Projects/HET/alicia_ws/build/alicia_d_control_interfaces -- -j20 -l20
[1.343s] Invoking command in '/home/Projects/HET/alicia_ws/build/alicia_d_control_interfaces': CMAKE_PREFIX_PATH=/opt/ros/humble /usr/bin/cmake --install /home/Projects/HET/alicia_ws/build/alicia_d_control_interfaces
[1.361s] -- Install configuration: ""
[1.362s] -- Up-to-date: /home/Projects/HET/alicia_ws/install/alicia_d_control_interfaces/share/ament_index/resource_index/rosidl_interfaces/alicia_d_control_interfaces
[1.363s] -- Up-to-date: /home/Projects/HET/alicia_ws/install/alicia_d_control_interfaces/include/alicia_d_control_interfaces/alicia_d_control_interfaces
[1.364s] -- Up-to-date: /home/Projects/HET/alicia_ws/install/alicia_d_control_interfaces/include/alicia_d_control_interfaces/alicia_d_control_interfaces/action
[1.365s] -- Up-to-date: /home/Projects/HET/alicia_ws/install/alicia_d_control_interfaces/include/alicia_d_control_interfaces/alicia_d_control_interfaces/action/detail
[1.366s] -- Up-to-date: /home/Projects/HET/alicia_ws/install/alicia_d_control_interfaces/include/alicia_d_control_interfaces/alicia_d_control_interfaces/action/detail/move_gripper_step__functions.c
[1.368s] -- Up-to-date: /home/Projects/HET/alicia_ws/install/alicia_d_control_interfaces/include/alicia_d_control_interfaces/alicia_d_control_interfaces/action/detail/home_gripper__functions.c
[1.368s] -- Up-to-date: /home/Projects/HET/alicia_ws/install/alicia_d_control_interfaces/include/alicia_d_control_interfaces/alicia_d_control_interfaces/action/detail/force_grasp__struct.h
[1.369s] -- Up-to-date: /home/Projects/HET/alicia_ws/install/alicia_d_control_interfaces/include/alicia_d_control_interfaces/alicia_d_control_interfaces/action/detail/move_gripper__type_support.h
[1.370s] -- Up-to-date: /home/Projects/HET/alicia_ws/install/alicia_d_control_interfaces/include/alicia_d_control_interfaces/alicia_d_control_interfaces/action/detail/move_arm_to_joints__type_support.h
[1.371s] -- Up-to-date: /home/Projects/HET/alicia_ws/install/alicia_d_control_interfaces/include/alicia_d_control_interfaces/alicia_d_control_interfaces/action/detail/move_gripper_step__type_support.h
[1.371s] -- Up-to-date: /home/Projects/HET/alicia_ws/install/alicia_d_control_interfaces/include/alicia_d_control_interfaces/alicia_d_control_interfaces/action/detail/move_gripper_step__functions.h
[1.372s] -- Up-to-date: /home/Projects/HET/alicia_ws/install/alicia_d_control_interfaces/include/alicia_d_control_interfaces/alicia_d_control_interfaces/action/detail/move_arm_to_pose__functions.c
[1.372s] -- Up-to-date: /home/Projects/HET/alicia_ws/install/alicia_d_control_interfaces/include/alicia_d_control_interfaces/alicia_d_control_interfaces/action/detail/home_gripper__type_support.h
[1.373s] -- Up-to-date: /home/Projects/HET/alicia_ws/install/alicia_d_control_interfaces/include/alicia_d_control_interfaces/alicia_d_control_interfaces/action/detail/force_grasp__functions.h
[1.373s] -- Up-to-date: /home/Projects/HET/alicia_ws/install/alicia_d_control_interfaces/include/alicia_d_control_interfaces/alicia_d_control_interfaces/action/detail/move_gripper__functions.c
[1.375s] -- Up-to-date: /home/Projects/HET/alicia_ws/install/alicia_d_control_interfaces/include/alicia_d_control_interfaces/alicia_d_control_interfaces/action/detail/move_arm_to_joints__struct.h
[1.377s] -- Up-to-date: /home/Projects/HET/alicia_ws/install/alicia_d_control_interfaces/include/alicia_d_control_interfaces/alicia_d_control_interfaces/action/detail/force_grasp__type_support.h
[1.378s] -- Up-to-date: /home/Projects/HET/alicia_ws/install/alicia_d_control_interfaces/include/alicia_d_control_interfaces/alicia_d_control_interfaces/action/detail/move_arm_to_pose__functions.h
[1.380s] -- Up-to-date: /home/Projects/HET/alicia_ws/install/alicia_d_control_interfaces/include/alicia_d_control_interfaces/alicia_d_control_interfaces/action/detail/move_arm_to_joints__functions.c
[1.380s] -- Up-to-date: /home/Projects/HET/alicia_ws/install/alicia_d_control_interfaces/include/alicia_d_control_interfaces/alicia_d_control_interfaces/action/detail/home_gripper__struct.h
[1.381s] -- Up-to-date: /home/Projects/HET/alicia_ws/install/alicia_d_control_interfaces/include/alicia_d_control_interfaces/alicia_d_control_interfaces/action/detail/home_gripper__functions.h
[1.382s] -- Up-to-date: /home/Projects/HET/alicia_ws/install/alicia_d_control_interfaces/include/alicia_d_control_interfaces/alicia_d_control_interfaces/action/detail/move_arm_to_pose__type_support.h
[1.385s] -- Up-to-date: /home/Projects/HET/alicia_ws/install/alicia_d_control_interfaces/include/alicia_d_control_interfaces/alicia_d_control_interfaces/action/detail/move_arm_to_joints__functions.h
[1.386s] -- Up-to-date: /home/Projects/HET/alicia_ws/install/alicia_d_control_interfaces/include/alicia_d_control_interfaces/alicia_d_control_interfaces/action/detail/move_arm_to_pose__struct.h
[1.386s] -- Up-to-date: /home/Projects/HET/alicia_ws/install/alicia_d_control_interfaces/include/alicia_d_control_interfaces/alicia_d_control_interfaces/action/detail/force_grasp__functions.c
[1.387s] -- Up-to-date: /home/Projects/HET/alicia_ws/install/alicia_d_control_interfaces/include/alicia_d_control_interfaces/alicia_d_control_interfaces/action/detail/move_gripper_step__struct.h
[1.387s] -- Up-to-date: /home/Projects/HET/alicia_ws/install/alicia_d_control_interfaces/include/alicia_d_control_interfaces/alicia_d_control_interfaces/action/detail/move_gripper__struct.h
[1.387s] -- Up-to-date: /home/Projects/HET/alicia_ws/install/alicia_d_control_interfaces/include/alicia_d_control_interfaces/alicia_d_control_interfaces/action/detail/move_gripper__functions.h
[1.389s] -- Up-to-date: /home/Projects/HET/alicia_ws/install/alicia_d_control_interfaces/include/alicia_d_control_interfaces/alicia_d_control_interfaces/action/home_gripper.h
[1.391s] -- Up-to-date: /home/Projects/HET/alicia_ws/install/alicia_d_control_interfaces/include/alicia_d_control_interfaces/alicia_d_control_interfaces/action/move_gripper_step.h
[1.391s] -- Up-to-date: /home/Projects/HET/alicia_ws/install/alicia_d_control_interfaces/include/alicia_d_control_interfaces/alicia_d_control_interfaces/action/move_arm_to_pose.h
[1.391s] -- Up-to-date: /home/Projects/HET/alicia_ws/install/alicia_d_control_interfaces/include/alicia_d_control_interfaces/alicia_d_control_interfaces/action/force_grasp.h
[1.392s] -- Up-to-date: /home/Projects/HET/alicia_ws/install/alicia_d_control_interfaces/include/alicia_d_control_interfaces/alicia_d_control_interfaces/action/move_arm_to_joints.h
[1.393s] -- Up-to-date: /home/Projects/HET/alicia_ws/install/alicia_d_control_interfaces/include/alicia_d_control_interfaces/alicia_d_control_interfaces/action/move_gripper.h
[1.394s] -- Up-to-date: /home/Projects/HET/alicia_ws/install/alicia_d_control_interfaces/include/alicia_d_control_interfaces/alicia_d_control_interfaces/msg
[1.395s] -- Up-to-date: /home/Projects/HET/alicia_ws/install/alicia_d_control_interfaces/include/alicia_d_control_interfaces/alicia_d_control_interfaces/msg/detail
[1.398s] -- Up-to-date: /home/Projects/HET/alicia_ws/install/alicia_d_control_interfaces/include/alicia_d_control_interfaces/alicia_d_control_interfaces/msg/detail/grasp_candidate__type_support.h
[1.399s] -- Up-to-date: /home/Projects/HET/alicia_ws/install/alicia_d_control_interfaces/include/alicia_d_control_interfaces/alicia_d_control_interfaces/msg/detail/gripper_state__struct.h
[1.399s] -- Up-to-date: /home/Projects/HET/alicia_ws/install/alicia_d_control_interfaces/include/alicia_d_control_interfaces/alicia_d_control_interfaces/msg/detail/gripper_state__functions.c
[1.399s] -- Up-to-date: /home/Projects/HET/alicia_ws/install/alicia_d_control_interfaces/include/alicia_d_control_interfaces/alicia_d_control_interfaces/msg/detail/gripper_state__functions.h
[1.399s] -- Up-to-date: /home/Projects/HET/alicia_ws/install/alicia_d_control_interfaces/include/alicia_d_control_interfaces/alicia_d_control_interfaces/msg/detail/gripper_state__type_support.h
[1.400s] -- Up-to-date: /home/Projects/HET/alicia_ws/install/alicia_d_control_interfaces/include/alicia_d_control_interfaces/alicia_d_control_interfaces/msg/detail/grasp_candidate__functions.c
[1.401s] -- Up-to-date: /home/Projects/HET/alicia_ws/install/alicia_d_control_interfaces/include/alicia_d_control_interfaces/alicia_d_control_interfaces/msg/detail/grasp_candidate__struct.h
[1.402s] -- Up-to-date: /home/Projects/HET/alicia_ws/install/alicia_d_control_interfaces/include/alicia_d_control_interfaces/alicia_d_control_interfaces/msg/detail/grasp_candidate__functions.h
[1.403s] -- Up-to-date: /home/Projects/HET/alicia_ws/install/alicia_d_control_interfaces/include/alicia_d_control_interfaces/alicia_d_control_interfaces/msg/grasp_candidate.h
[1.403s] -- Up-to-date: /home/Projects/HET/alicia_ws/install/alicia_d_control_interfaces/include/alicia_d_control_interfaces/alicia_d_control_interfaces/msg/rosidl_generator_c__visibility_control.h
[1.404s] -- Up-to-date: /home/Projects/HET/alicia_ws/install/alicia_d_control_interfaces/include/alicia_d_control_interfaces/alicia_d_control_interfaces/msg/gripper_state.h
[1.405s] -- Up-to-date: /home/Projects/HET/alicia_ws/install/alicia_d_control_interfaces/share/alicia_d_control_interfaces/environment/library_path.sh
[1.406s] -- Up-to-date: /home/Projects/HET/alicia_ws/install/alicia_d_control_interfaces/share/alicia_d_control_interfaces/environment/library_path.dsv
[1.406s] -- Up-to-date: /home/Projects/HET/alicia_ws/install/alicia_d_control_interfaces/lib/libalicia_d_control_interfaces__rosidl_generator_c.so
[1.406s] -- Up-to-date: /home/Projects/HET/alicia_ws/install/alicia_d_control_interfaces/include/alicia_d_control_interfaces/alicia_d_control_interfaces
[1.406s] -- Up-to-date: /home/Projects/HET/alicia_ws/install/alicia_d_control_interfaces/include/alicia_d_control_interfaces/alicia_d_control_interfaces/action
[1.407s] -- Up-to-date: /home/Projects/HET/alicia_ws/install/alicia_d_control_interfaces/include/alicia_d_control_interfaces/alicia_d_control_interfaces/action/detail
[1.407s] -- Up-to-date: /home/Projects/HET/alicia_ws/install/alicia_d_control_interfaces/include/alicia_d_control_interfaces/alicia_d_control_interfaces/action/detail/force_grasp__rosidl_typesupport_fastrtps_c.h
[1.407s] -- Up-to-date: /home/Projects/HET/alicia_ws/install/alicia_d_control_interfaces/include/alicia_d_control_interfaces/alicia_d_control_interfaces/action/detail/move_arm_to_joints__rosidl_typesupport_fastrtps_c.h
[1.407s] -- Up-to-date: /home/Projects/HET/alicia_ws/install/alicia_d_control_interfaces/include/alicia_d_control_interfaces/alicia_d_control_interfaces/action/detail/move_gripper__rosidl_typesupport_fastrtps_c.h
[1.408s] -- Up-to-date: /home/Projects/HET/alicia_ws/install/alicia_d_control_interfaces/include/alicia_d_control_interfaces/alicia_d_control_interfaces/action/detail/home_gripper__rosidl_typesupport_fastrtps_c.h
[1.408s] -- Up-to-date: /home/Projects/HET/alicia_ws/install/alicia_d_control_interfaces/include/alicia_d_control_interfaces/alicia_d_control_interfaces/action/detail/move_arm_to_pose__rosidl_typesupport_fastrtps_c.h
[1.408s] -- Up-to-date: /home/Projects/HET/alicia_ws/install/alicia_d_control_interfaces/include/alicia_d_control_interfaces/alicia_d_control_interfaces/action/detail/move_gripper_step__rosidl_typesupport_fastrtps_c.h
[1.409s] -- Up-to-date: /home/Projects/HET/alicia_ws/install/alicia_d_control_interfaces/include/alicia_d_control_interfaces/alicia_d_control_interfaces/msg
[1.410s] -- Up-to-date: /home/Projects/HET/alicia_ws/install/alicia_d_control_interfaces/include/alicia_d_control_interfaces/alicia_d_control_interfaces/msg/detail
[1.410s] -- Up-to-date: /home/Projects/HET/alicia_ws/install/alicia_d_control_interfaces/include/alicia_d_control_interfaces/alicia_d_control_interfaces/msg/detail/grasp_candidate__rosidl_typesupport_fastrtps_c.h
[1.410s] -- Up-to-date: /home/Projects/HET/alicia_ws/install/alicia_d_control_interfaces/include/alicia_d_control_interfaces/alicia_d_control_interfaces/msg/detail/gripper_state__rosidl_typesupport_fastrtps_c.h
[1.411s] -- Up-to-date: /home/Projects/HET/alicia_ws/install/alicia_d_control_interfaces/include/alicia_d_control_interfaces/alicia_d_control_interfaces/msg/rosidl_typesupport_fastrtps_c__visibility_control.h
[1.411s] -- Up-to-date: /home/Projects/HET/alicia_ws/install/alicia_d_control_interfaces/lib/libalicia_d_control_interfaces__rosidl_typesupport_fastrtps_c.so
[1.411s] -- Up-to-date: /home/Projects/HET/alicia_ws/install/alicia_d_control_interfaces/include/alicia_d_control_interfaces/alicia_d_control_interfaces
[1.412s] -- Up-to-date: /home/Projects/HET/alicia_ws/install/alicia_d_control_interfaces/include/alicia_d_control_interfaces/alicia_d_control_interfaces/action
[1.412s] -- Up-to-date: /home/Projects/HET/alicia_ws/install/alicia_d_control_interfaces/include/alicia_d_control_interfaces/alicia_d_control_interfaces/action/move_arm_to_joints.hpp
[1.412s] -- Up-to-date: /home/Projects/HET/alicia_ws/install/alicia_d_control_interfaces/include/alicia_d_control_interfaces/alicia_d_control_interfaces/action/move_gripper.hpp
[1.413s] -- Up-to-date: /home/Projects/HET/alicia_ws/install/alicia_d_control_interfaces/include/alicia_d_control_interfaces/alicia_d_control_interfaces/action/detail
[1.413s] -- Up-to-date: /home/Projects/HET/alicia_ws/install/alicia_d_control_interfaces/include/alicia_d_control_interfaces/alicia_d_control_interfaces/action/detail/move_gripper_step__type_support.hpp
[1.413s] -- Up-to-date: /home/Projects/HET/alicia_ws/install/alicia_d_control_interfaces/include/alicia_d_control_interfaces/alicia_d_control_interfaces/action/detail/move_gripper__struct.hpp
[1.414s] -- Up-to-date: /home/Projects/HET/alicia_ws/install/alicia_d_control_interfaces/include/alicia_d_control_interfaces/alicia_d_control_interfaces/action/detail/home_gripper__type_support.hpp
[1.414s] -- Up-to-date: /home/Projects/HET/alicia_ws/install/alicia_d_control_interfaces/include/alicia_d_control_interfaces/alicia_d_control_interfaces/action/detail/home_gripper__builder.hpp
[1.415s] -- Up-to-date: /home/Projects/HET/alicia_ws/install/alicia_d_control_interfaces/include/alicia_d_control_interfaces/alicia_d_control_interfaces/action/detail/move_gripper__traits.hpp
[1.415s] -- Up-to-date: /home/Projects/HET/alicia_ws/install/alicia_d_control_interfaces/include/alicia_d_control_interfaces/alicia_d_control_interfaces/action/detail/move_arm_to_joints__traits.hpp
[1.415s] -- Up-to-date: /home/Projects/HET/alicia_ws/install/alicia_d_control_interfaces/include/alicia_d_control_interfaces/alicia_d_control_interfaces/action/detail/move_gripper__type_support.hpp
[1.415s] -- Up-to-date: /home/Projects/HET/alicia_ws/install/alicia_d_control_interfaces/include/alicia_d_control_interfaces/alicia_d_control_interfaces/action/detail/move_gripper_step__traits.hpp
[1.416s] -- Up-to-date: /home/Projects/HET/alicia_ws/install/alicia_d_control_interfaces/include/alicia_d_control_interfaces/alicia_d_control_interfaces/action/detail/force_grasp__builder.hpp
[1.416s] -- Up-to-date: /home/Projects/HET/alicia_ws/install/alicia_d_control_interfaces/include/alicia_d_control_interfaces/alicia_d_control_interfaces/action/detail/move_arm_to_pose__traits.hpp
[1.416s] -- Up-to-date: /home/Projects/HET/alicia_ws/install/alicia_d_control_interfaces/include/alicia_d_control_interfaces/alicia_d_control_interfaces/action/detail/move_arm_to_joints__struct.hpp
[1.416s] -- Up-to-date: /home/Projects/HET/alicia_ws/install/alicia_d_control_interfaces/include/alicia_d_control_interfaces/alicia_d_control_interfaces/action/detail/force_grasp__type_support.hpp
[1.416s] -- Up-to-date: /home/Projects/HET/alicia_ws/install/alicia_d_control_interfaces/include/alicia_d_control_interfaces/alicia_d_control_interfaces/action/detail/move_gripper__builder.hpp
[1.416s] -- Up-to-date: /home/Projects/HET/alicia_ws/install/alicia_d_control_interfaces/include/alicia_d_control_interfaces/alicia_d_control_interfaces/action/detail/move_gripper_step__builder.hpp
[1.417s] -- Up-to-date: /home/Projects/HET/alicia_ws/install/alicia_d_control_interfaces/include/alicia_d_control_interfaces/alicia_d_control_interfaces/action/detail/move_arm_to_pose__builder.hpp
[1.418s] -- Up-to-date: /home/Projects/HET/alicia_ws/install/alicia_d_control_interfaces/include/alicia_d_control_interfaces/alicia_d_control_interfaces/action/detail/move_arm_to_pose__type_support.hpp
[1.418s] -- Up-to-date: /home/Projects/HET/alicia_ws/install/alicia_d_control_interfaces/include/alicia_d_control_interfaces/alicia_d_control_interfaces/action/detail/move_arm_to_joints__type_support.hpp
[1.418s] -- Up-to-date: /home/Projects/HET/alicia_ws/install/alicia_d_control_interfaces/include/alicia_d_control_interfaces/alicia_d_control_interfaces/action/detail/force_grasp__struct.hpp
[1.419s] -- Up-to-date: /home/Projects/HET/alicia_ws/install/alicia_d_control_interfaces/include/alicia_d_control_interfaces/alicia_d_control_interfaces/action/detail/move_arm_to_joints__builder.hpp
[1.420s] -- Up-to-date: /home/Projects/HET/alicia_ws/install/alicia_d_control_interfaces/include/alicia_d_control_interfaces/alicia_d_control_interfaces/action/detail/force_grasp__traits.hpp
[1.420s] -- Up-to-date: /home/Projects/HET/alicia_ws/install/alicia_d_control_interfaces/include/alicia_d_control_interfaces/alicia_d_control_interfaces/action/detail/move_arm_to_pose__struct.hpp
[1.420s] -- Up-to-date: /home/Projects/HET/alicia_ws/install/alicia_d_control_interfaces/include/alicia_d_control_interfaces/alicia_d_control_interfaces/action/detail/home_gripper__struct.hpp
[1.420s] -- Up-to-date: /home/Projects/HET/alicia_ws/install/alicia_d_control_interfaces/include/alicia_d_control_interfaces/alicia_d_control_interfaces/action/detail/move_gripper_step__struct.hpp
[1.421s] -- Up-to-date: /home/Projects/HET/alicia_ws/install/alicia_d_control_interfaces/include/alicia_d_control_interfaces/alicia_d_control_interfaces/action/detail/home_gripper__traits.hpp
[1.421s] -- Up-to-date: /home/Projects/HET/alicia_ws/install/alicia_d_control_interfaces/include/alicia_d_control_interfaces/alicia_d_control_interfaces/action/move_gripper_step.hpp
[1.422s] -- Up-to-date: /home/Projects/HET/alicia_ws/install/alicia_d_control_interfaces/include/alicia_d_control_interfaces/alicia_d_control_interfaces/action/force_grasp.hpp
[1.422s] -- Up-to-date: /home/Projects/HET/alicia_ws/install/alicia_d_control_interfaces/include/alicia_d_control_interfaces/alicia_d_control_interfaces/action/move_arm_to_pose.hpp
[1.422s] -- Up-to-date: /home/Projects/HET/alicia_ws/install/alicia_d_control_interfaces/include/alicia_d_control_interfaces/alicia_d_control_interfaces/action/home_gripper.hpp
[1.423s] -- Up-to-date: /home/Projects/HET/alicia_ws/install/alicia_d_control_interfaces/include/alicia_d_control_interfaces/alicia_d_control_interfaces/msg
[1.423s] -- Up-to-date: /home/Projects/HET/alicia_ws/install/alicia_d_control_interfaces/include/alicia_d_control_interfaces/alicia_d_control_interfaces/msg/detail
[1.423s] -- Up-to-date: /home/Projects/HET/alicia_ws/install/alicia_d_control_interfaces/include/alicia_d_control_interfaces/alicia_d_control_interfaces/msg/detail/grasp_candidate__struct.hpp
[1.423s] -- Up-to-date: /home/Projects/HET/alicia_ws/install/alicia_d_control_interfaces/include/alicia_d_control_interfaces/alicia_d_control_interfaces/msg/detail/gripper_state__type_support.hpp
[1.423s] -- Up-to-date: /home/Projects/HET/alicia_ws/install/alicia_d_control_interfaces/include/alicia_d_control_interfaces/alicia_d_control_interfaces/msg/detail/gripper_state__struct.hpp
[1.423s] -- Up-to-date: /home/Projects/HET/alicia_ws/install/alicia_d_control_interfaces/include/alicia_d_control_interfaces/alicia_d_control_interfaces/msg/detail/grasp_candidate__traits.hpp
[1.424s] -- Up-to-date: /home/Projects/HET/alicia_ws/install/alicia_d_control_interfaces/include/alicia_d_control_interfaces/alicia_d_control_interfaces/msg/detail/gripper_state__builder.hpp
[1.424s] -- Up-to-date: /home/Projects/HET/alicia_ws/install/alicia_d_control_interfaces/include/alicia_d_control_interfaces/alicia_d_control_interfaces/msg/detail/gripper_state__traits.hpp
[1.424s] -- Up-to-date: /home/Projects/HET/alicia_ws/install/alicia_d_control_interfaces/include/alicia_d_control_interfaces/alicia_d_control_interfaces/msg/detail/grasp_candidate__type_support.hpp
[1.424s] -- Up-to-date: /home/Projects/HET/alicia_ws/install/alicia_d_control_interfaces/include/alicia_d_control_interfaces/alicia_d_control_interfaces/msg/detail/grasp_candidate__builder.hpp
[1.424s] -- Up-to-date: /home/Projects/HET/alicia_ws/install/alicia_d_control_interfaces/include/alicia_d_control_interfaces/alicia_d_control_interfaces/msg/gripper_state.hpp
[1.424s] -- Up-to-date: /home/Projects/HET/alicia_ws/install/alicia_d_control_interfaces/include/alicia_d_control_interfaces/alicia_d_control_interfaces/msg/grasp_candidate.hpp
[1.424s] -- Up-to-date: /home/Projects/HET/alicia_ws/install/alicia_d_control_interfaces/include/alicia_d_control_interfaces/alicia_d_control_interfaces/msg/rosidl_generator_cpp__visibility_control.hpp
[1.425s] -- Up-to-date: /home/Projects/HET/alicia_ws/install/alicia_d_control_interfaces/include/alicia_d_control_interfaces/alicia_d_control_interfaces
[1.425s] -- Up-to-date: /home/Projects/HET/alicia_ws/install/alicia_d_control_interfaces/include/alicia_d_control_interfaces/alicia_d_control_interfaces/action
[1.425s] -- Up-to-date: /home/Projects/HET/alicia_ws/install/alicia_d_control_interfaces/include/alicia_d_control_interfaces/alicia_d_control_interfaces/action/detail
[1.426s] -- Up-to-date: /home/Projects/HET/alicia_ws/install/alicia_d_control_interfaces/include/alicia_d_control_interfaces/alicia_d_control_interfaces/action/detail/move_gripper_step__rosidl_typesupport_fastrtps_cpp.hpp
[1.426s] -- Up-to-date: /home/Projects/HET/alicia_ws/install/alicia_d_control_interfaces/include/alicia_d_control_interfaces/alicia_d_control_interfaces/action/detail/move_arm_to_pose__rosidl_typesupport_fastrtps_cpp.hpp
[1.426s] -- Up-to-date: /home/Projects/HET/alicia_ws/install/alicia_d_control_interfaces/include/alicia_d_control_interfaces/alicia_d_control_interfaces/action/detail/move_arm_to_joints__rosidl_typesupport_fastrtps_cpp.hpp
[1.426s] -- Up-to-date: /home/Projects/HET/alicia_ws/install/alicia_d_control_interfaces/include/alicia_d_control_interfaces/alicia_d_control_interfaces/action/detail/move_gripper__rosidl_typesupport_fastrtps_cpp.hpp
[1.426s] -- Up-to-date: /home/Projects/HET/alicia_ws/install/alicia_d_control_interfaces/include/alicia_d_control_interfaces/alicia_d_control_interfaces/action/detail/home_gripper__rosidl_typesupport_fastrtps_cpp.hpp
[1.427s] -- Up-to-date: /home/Projects/HET/alicia_ws/install/alicia_d_control_interfaces/include/alicia_d_control_interfaces/alicia_d_control_interfaces/action/detail/dds_fastrtps
[1.427s] -- Up-to-date: /home/Projects/HET/alicia_ws/install/alicia_d_control_interfaces/include/alicia_d_control_interfaces/alicia_d_control_interfaces/action/detail/force_grasp__rosidl_typesupport_fastrtps_cpp.hpp
[1.427s] -- Up-to-date: /home/Projects/HET/alicia_ws/install/alicia_d_control_interfaces/include/alicia_d_control_interfaces/alicia_d_control_interfaces/msg
[1.427s] -- Up-to-date: /home/Projects/HET/alicia_ws/install/alicia_d_control_interfaces/include/alicia_d_control_interfaces/alicia_d_control_interfaces/msg/detail
[1.428s] -- Up-to-date: /home/Projects/HET/alicia_ws/install/alicia_d_control_interfaces/include/alicia_d_control_interfaces/alicia_d_control_interfaces/msg/detail/gripper_state__rosidl_typesupport_fastrtps_cpp.hpp
[1.428s] -- Up-to-date: /home/Projects/HET/alicia_ws/install/alicia_d_control_interfaces/include/alicia_d_control_interfaces/alicia_d_control_interfaces/msg/detail/dds_fastrtps
[1.428s] -- Up-to-date: /home/Projects/HET/alicia_ws/install/alicia_d_control_interfaces/include/alicia_d_control_interfaces/alicia_d_control_interfaces/msg/detail/grasp_candidate__rosidl_typesupport_fastrtps_cpp.hpp
[1.428s] -- Up-to-date: /home/Projects/HET/alicia_ws/install/alicia_d_control_interfaces/include/alicia_d_control_interfaces/alicia_d_control_interfaces/msg/rosidl_typesupport_fastrtps_cpp__visibility_control.h
[1.428s] -- Up-to-date: /home/Projects/HET/alicia_ws/install/alicia_d_control_interfaces/lib/libalicia_d_control_interfaces__rosidl_typesupport_fastrtps_cpp.so
[1.429s] -- Up-to-date: /home/Projects/HET/alicia_ws/install/alicia_d_control_interfaces/include/alicia_d_control_interfaces/alicia_d_control_interfaces
[1.429s] -- Up-to-date: /home/Projects/HET/alicia_ws/install/alicia_d_control_interfaces/include/alicia_d_control_interfaces/alicia_d_control_interfaces/action
[1.430s] -- Up-to-date: /home/Projects/HET/alicia_ws/install/alicia_d_control_interfaces/include/alicia_d_control_interfaces/alicia_d_control_interfaces/action/detail
[1.430s] -- Up-to-date: /home/Projects/HET/alicia_ws/install/alicia_d_control_interfaces/include/alicia_d_control_interfaces/alicia_d_control_interfaces/action/detail/move_gripper__type_support.c
[1.431s] -- Up-to-date: /home/Projects/HET/alicia_ws/install/alicia_d_control_interfaces/include/alicia_d_control_interfaces/alicia_d_control_interfaces/action/detail/move_arm_to_pose__rosidl_typesupport_introspection_c.h
[1.431s] -- Up-to-date: /home/Projects/HET/alicia_ws/install/alicia_d_control_interfaces/include/alicia_d_control_interfaces/alicia_d_control_interfaces/action/detail/move_gripper__rosidl_typesupport_introspection_c.h
[1.431s] -- Up-to-date: /home/Projects/HET/alicia_ws/install/alicia_d_control_interfaces/include/alicia_d_control_interfaces/alicia_d_control_interfaces/action/detail/force_grasp__type_support.c
[1.431s] -- Up-to-date: /home/Projects/HET/alicia_ws/install/alicia_d_control_interfaces/include/alicia_d_control_interfaces/alicia_d_control_interfaces/action/detail/move_gripper_step__rosidl_typesupport_introspection_c.h
[1.432s] -- Up-to-date: /home/Projects/HET/alicia_ws/install/alicia_d_control_interfaces/include/alicia_d_control_interfaces/alicia_d_control_interfaces/action/detail/home_gripper__rosidl_typesupport_introspection_c.h
[1.432s] -- Up-to-date: /home/Projects/HET/alicia_ws/install/alicia_d_control_interfaces/include/alicia_d_control_interfaces/alicia_d_control_interfaces/action/detail/force_grasp__rosidl_typesupport_introspection_c.h
[1.433s] -- Up-to-date: /home/Projects/HET/alicia_ws/install/alicia_d_control_interfaces/include/alicia_d_control_interfaces/alicia_d_control_interfaces/action/detail/move_gripper_step__type_support.c
[1.433s] -- Up-to-date: /home/Projects/HET/alicia_ws/install/alicia_d_control_interfaces/include/alicia_d_control_interfaces/alicia_d_control_interfaces/action/detail/move_arm_to_joints__type_support.c
[1.433s] -- Up-to-date: /home/Projects/HET/alicia_ws/install/alicia_d_control_interfaces/include/alicia_d_control_interfaces/alicia_d_control_interfaces/action/detail/move_arm_to_joints__rosidl_typesupport_introspection_c.h
[1.433s] -- Up-to-date: /home/Projects/HET/alicia_ws/install/alicia_d_control_interfaces/include/alicia_d_control_interfaces/alicia_d_control_interfaces/action/detail/move_arm_to_pose__type_support.c
[1.434s] -- Up-to-date: /home/Projects/HET/alicia_ws/install/alicia_d_control_interfaces/include/alicia_d_control_interfaces/alicia_d_control_interfaces/action/detail/home_gripper__type_support.c
[1.435s] -- Up-to-date: /home/Projects/HET/alicia_ws/install/alicia_d_control_interfaces/include/alicia_d_control_interfaces/alicia_d_control_interfaces/msg
[1.435s] -- Up-to-date: /home/Projects/HET/alicia_ws/install/alicia_d_control_interfaces/include/alicia_d_control_interfaces/alicia_d_control_interfaces/msg/detail
[1.436s] -- Up-to-date: /home/Projects/HET/alicia_ws/install/alicia_d_control_interfaces/include/alicia_d_control_interfaces/alicia_d_control_interfaces/msg/detail/grasp_candidate__type_support.c
[1.437s] -- Up-to-date: /home/Projects/HET/alicia_ws/install/alicia_d_control_interfaces/include/alicia_d_control_interfaces/alicia_d_control_interfaces/msg/detail/gripper_state__type_support.c
[1.438s] -- Up-to-date: /home/Projects/HET/alicia_ws/install/alicia_d_control_interfaces/include/alicia_d_control_interfaces/alicia_d_control_interfaces/msg/detail/gripper_state__rosidl_typesupport_introspection_c.h
[1.438s] -- Up-to-date: /home/Projects/HET/alicia_ws/install/alicia_d_control_interfaces/include/alicia_d_control_interfaces/alicia_d_control_interfaces/msg/detail/grasp_candidate__rosidl_typesupport_introspection_c.h
[1.439s] -- Up-to-date: /home/Projects/HET/alicia_ws/install/alicia_d_control_interfaces/include/alicia_d_control_interfaces/alicia_d_control_interfaces/msg/rosidl_typesupport_introspection_c__visibility_control.h
[1.439s] -- Up-to-date: /home/Projects/HET/alicia_ws/install/alicia_d_control_interfaces/lib/libalicia_d_control_interfaces__rosidl_typesupport_introspection_c.so
[1.439s] -- Up-to-date: /home/Projects/HET/alicia_ws/install/alicia_d_control_interfaces/lib/libalicia_d_control_interfaces__rosidl_typesupport_c.so
[1.439s] -- Up-to-date: /home/Projects/HET/alicia_ws/install/alicia_d_control_interfaces/include/alicia_d_control_interfaces/alicia_d_control_interfaces
[1.439s] -- Up-to-date: /home/Projects/HET/alicia_ws/install/alicia_d_control_interfaces/include/alicia_d_control_interfaces/alicia_d_control_interfaces/action
[1.439s] -- Up-to-date: /home/Projects/HET/alicia_ws/install/alicia_d_control_interfaces/include/alicia_d_control_interfaces/alicia_d_control_interfaces/action/detail
[1.440s] -- Up-to-date: /home/Projects/HET/alicia_ws/install/alicia_d_control_interfaces/include/alicia_d_control_interfaces/alicia_d_control_interfaces/action/detail/move_gripper_step__rosidl_typesupport_introspection_cpp.hpp
[1.440s] -- Up-to-date: /home/Projects/HET/alicia_ws/install/alicia_d_control_interfaces/include/alicia_d_control_interfaces/alicia_d_control_interfaces/action/detail/home_gripper__rosidl_typesupport_introspection_cpp.hpp
[1.440s] -- Up-to-date: /home/Projects/HET/alicia_ws/install/alicia_d_control_interfaces/include/alicia_d_control_interfaces/alicia_d_control_interfaces/action/detail/force_grasp__rosidl_typesupport_introspection_cpp.hpp
[1.440s] -- Up-to-date: /home/Projects/HET/alicia_ws/install/alicia_d_control_interfaces/include/alicia_d_control_interfaces/alicia_d_control_interfaces/action/detail/move_arm_to_pose__rosidl_typesupport_introspection_cpp.hpp
[1.440s] -- Up-to-date: /home/Projects/HET/alicia_ws/install/alicia_d_control_interfaces/include/alicia_d_control_interfaces/alicia_d_control_interfaces/action/detail/move_gripper__rosidl_typesupport_introspection_cpp.hpp
[1.441s] -- Up-to-date: /home/Projects/HET/alicia_ws/install/alicia_d_control_interfaces/include/alicia_d_control_interfaces/alicia_d_control_interfaces/action/detail/force_grasp__type_support.cpp
[1.441s] -- Up-to-date: /home/Projects/HET/alicia_ws/install/alicia_d_control_interfaces/include/alicia_d_control_interfaces/alicia_d_control_interfaces/action/detail/move_arm_to_joints__type_support.cpp
[1.441s] -- Up-to-date: /home/Projects/HET/alicia_ws/install/alicia_d_control_interfaces/include/alicia_d_control_interfaces/alicia_d_control_interfaces/action/detail/move_arm_to_pose__type_support.cpp
[1.441s] -- Up-to-date: /home/Projects/HET/alicia_ws/install/alicia_d_control_interfaces/include/alicia_d_control_interfaces/alicia_d_control_interfaces/action/detail/home_gripper__type_support.cpp
[1.442s] -- Up-to-date: /home/Projects/HET/alicia_ws/install/alicia_d_control_interfaces/include/alicia_d_control_interfaces/alicia_d_control_interfaces/action/detail/move_gripper_step__type_support.cpp
[1.442s] -- Up-to-date: /home/Projects/HET/alicia_ws/install/alicia_d_control_interfaces/include/alicia_d_control_interfaces/alicia_d_control_interfaces/action/detail/move_arm_to_joints__rosidl_typesupport_introspection_cpp.hpp
[1.442s] -- Up-to-date: /home/Projects/HET/alicia_ws/install/alicia_d_control_interfaces/include/alicia_d_control_interfaces/alicia_d_control_interfaces/action/detail/move_gripper__type_support.cpp
[1.442s] -- Up-to-date: /home/Projects/HET/alicia_ws/install/alicia_d_control_interfaces/include/alicia_d_control_interfaces/alicia_d_control_interfaces/msg
[1.442s] -- Up-to-date: /home/Projects/HET/alicia_ws/install/alicia_d_control_interfaces/include/alicia_d_control_interfaces/alicia_d_control_interfaces/msg/detail
[1.443s] -- Up-to-date: /home/Projects/HET/alicia_ws/install/alicia_d_control_interfaces/include/alicia_d_control_interfaces/alicia_d_control_interfaces/msg/detail/gripper_state__type_support.cpp
[1.443s] -- Up-to-date: /home/Projects/HET/alicia_ws/install/alicia_d_control_interfaces/include/alicia_d_control_interfaces/alicia_d_control_interfaces/msg/detail/grasp_candidate__rosidl_typesupport_introspection_cpp.hpp
[1.443s] -- Up-to-date: /home/Projects/HET/alicia_ws/install/alicia_d_control_interfaces/include/alicia_d_control_interfaces/alicia_d_control_interfaces/msg/detail/grasp_candidate__type_support.cpp
[1.443s] -- Up-to-date: /home/Projects/HET/alicia_ws/install/alicia_d_control_interfaces/include/alicia_d_control_interfaces/alicia_d_control_interfaces/msg/detail/gripper_state__rosidl_typesupport_introspection_cpp.hpp
[1.443s] -- Up-to-date: /home/Projects/HET/alicia_ws/install/alicia_d_control_interfaces/lib/libalicia_d_control_interfaces__rosidl_typesupport_introspection_cpp.so
[1.443s] -- Up-to-date: /home/Projects/HET/alicia_ws/install/alicia_d_control_interfaces/lib/libalicia_d_control_interfaces__rosidl_typesupport_cpp.so
[1.443s] -- Up-to-date: /home/Projects/HET/alicia_ws/install/alicia_d_control_interfaces/share/alicia_d_control_interfaces/environment/pythonpath.sh
[1.443s] -- Up-to-date: /home/Projects/HET/alicia_ws/install/alicia_d_control_interfaces/share/alicia_d_control_interfaces/environment/pythonpath.dsv
[1.443s] -- Up-to-date: /home/Projects/HET/alicia_ws/install/alicia_d_control_interfaces/local/lib/python3.10/dist-packages/alicia_d_control_interfaces-0.1.0-py3.10.egg-info
[1.444s] -- Installing: /home/Projects/HET/alicia_ws/install/alicia_d_control_interfaces/local/lib/python3.10/dist-packages/alicia_d_control_interfaces-0.1.0-py3.10.egg-info/PKG-INFO
[1.444s] -- Installing: /home/Projects/HET/alicia_ws/install/alicia_d_control_interfaces/local/lib/python3.10/dist-packages/alicia_d_control_interfaces-0.1.0-py3.10.egg-info/SOURCES.txt
[1.444s] -- Installing: /home/Projects/HET/alicia_ws/install/alicia_d_control_interfaces/local/lib/python3.10/dist-packages/alicia_d_control_interfaces-0.1.0-py3.10.egg-info/dependency_links.txt
[1.444s] -- Installing: /home/Projects/HET/alicia_ws/install/alicia_d_control_interfaces/local/lib/python3.10/dist-packages/alicia_d_control_interfaces-0.1.0-py3.10.egg-info/top_level.txt
[1.444s] -- Up-to-date: /home/Projects/HET/alicia_ws/install/alicia_d_control_interfaces/local/lib/python3.10/dist-packages/alicia_d_control_interfaces
[1.444s] -- Up-to-date: /home/Projects/HET/alicia_ws/install/alicia_d_control_interfaces/local/lib/python3.10/dist-packages/alicia_d_control_interfaces/alicia_d_control_interfaces_s__rosidl_typesupport_c.cpython-310-x86_64-linux-gnu.so
[1.445s] -- Up-to-date: /home/Projects/HET/alicia_ws/install/alicia_d_control_interfaces/local/lib/python3.10/dist-packages/alicia_d_control_interfaces/_alicia_d_control_interfaces_s.ep.rosidl_typesupport_fastrtps_c.c
[1.445s] -- Up-to-date: /home/Projects/HET/alicia_ws/install/alicia_d_control_interfaces/local/lib/python3.10/dist-packages/alicia_d_control_interfaces/__init__.py
[1.445s] -- Up-to-date: /home/Projects/HET/alicia_ws/install/alicia_d_control_interfaces/local/lib/python3.10/dist-packages/alicia_d_control_interfaces/_alicia_d_control_interfaces_s.ep.rosidl_typesupport_c.c
[1.445s] -- Up-to-date: /home/Projects/HET/alicia_ws/install/alicia_d_control_interfaces/local/lib/python3.10/dist-packages/alicia_d_control_interfaces/alicia_d_control_interfaces_s__rosidl_typesupport_introspection_c.cpython-310-x86_64-linux-gnu.so
[1.445s] -- Up-to-date: /home/Projects/HET/alicia_ws/install/alicia_d_control_interfaces/local/lib/python3.10/dist-packages/alicia_d_control_interfaces/libalicia_d_control_interfaces__rosidl_generator_py.so
[1.446s] -- Up-to-date: /home/Projects/HET/alicia_ws/install/alicia_d_control_interfaces/local/lib/python3.10/dist-packages/alicia_d_control_interfaces/alicia_d_control_interfaces_s__rosidl_typesupport_fastrtps_c.cpython-310-x86_64-linux-gnu.so
[1.447s] -- Up-to-date: /home/Projects/HET/alicia_ws/install/alicia_d_control_interfaces/local/lib/python3.10/dist-packages/alicia_d_control_interfaces/action
[1.448s] -- Up-to-date: /home/Projects/HET/alicia_ws/install/alicia_d_control_interfaces/local/lib/python3.10/dist-packages/alicia_d_control_interfaces/action/_force_grasp_s.c
[1.449s] -- Up-to-date: /home/Projects/HET/alicia_ws/install/alicia_d_control_interfaces/local/lib/python3.10/dist-packages/alicia_d_control_interfaces/action/_force_grasp.py
[1.449s] -- Up-to-date: /home/Projects/HET/alicia_ws/install/alicia_d_control_interfaces/local/lib/python3.10/dist-packages/alicia_d_control_interfaces/action/_move_gripper_step_s.c
[1.450s] -- Up-to-date: /home/Projects/HET/alicia_ws/install/alicia_d_control_interfaces/local/lib/python3.10/dist-packages/alicia_d_control_interfaces/action/__init__.py
[1.451s] -- Up-to-date: /home/Projects/HET/alicia_ws/install/alicia_d_control_interfaces/local/lib/python3.10/dist-packages/alicia_d_control_interfaces/action/_move_gripper.py
[1.451s] -- Up-to-date: /home/Projects/HET/alicia_ws/install/alicia_d_control_interfaces/local/lib/python3.10/dist-packages/alicia_d_control_interfaces/action/_home_gripper.py
[1.452s] -- Up-to-date: /home/Projects/HET/alicia_ws/install/alicia_d_control_interfaces/local/lib/python3.10/dist-packages/alicia_d_control_interfaces/action/_move_arm_to_joints.py
[1.452s] -- Up-to-date: /home/Projects/HET/alicia_ws/install/alicia_d_control_interfaces/local/lib/python3.10/dist-packages/alicia_d_control_interfaces/action/_move_gripper_step.py
[1.453s] -- Up-to-date: /home/Projects/HET/alicia_ws/install/alicia_d_control_interfaces/local/lib/python3.10/dist-packages/alicia_d_control_interfaces/action/_move_arm_to_pose.py
[1.454s] -- Up-to-date: /home/Projects/HET/alicia_ws/install/alicia_d_control_interfaces/local/lib/python3.10/dist-packages/alicia_d_control_interfaces/action/_move_arm_to_joints_s.c
[1.458s] -- Up-to-date: /home/Projects/HET/alicia_ws/install/alicia_d_control_interfaces/local/lib/python3.10/dist-packages/alicia_d_control_interfaces/action/_move_gripper_s.c
[1.464s] -- Up-to-date: /home/Projects/HET/alicia_ws/install/alicia_d_control_interfaces/local/lib/python3.10/dist-packages/alicia_d_control_interfaces/action/_move_arm_to_pose_s.c
[1.467s] -- Up-to-date: /home/Projects/HET/alicia_ws/install/alicia_d_control_interfaces/local/lib/python3.10/dist-packages/alicia_d_control_interfaces/action/_home_gripper_s.c
[1.469s] -- Up-to-date: /home/Projects/HET/alicia_ws/install/alicia_d_control_interfaces/local/lib/python3.10/dist-packages/alicia_d_control_interfaces/msg
[1.472s] -- Up-to-date: /home/Projects/HET/alicia_ws/install/alicia_d_control_interfaces/local/lib/python3.10/dist-packages/alicia_d_control_interfaces/msg/_grasp_candidate.py
[1.473s] -- Up-to-date: /home/Projects/HET/alicia_ws/install/alicia_d_control_interfaces/local/lib/python3.10/dist-packages/alicia_d_control_interfaces/msg/__init__.py
[1.473s] -- Up-to-date: /home/Projects/HET/alicia_ws/install/alicia_d_control_interfaces/local/lib/python3.10/dist-packages/alicia_d_control_interfaces/msg/_gripper_state.py
[1.475s] -- Up-to-date: /home/Projects/HET/alicia_ws/install/alicia_d_control_interfaces/local/lib/python3.10/dist-packages/alicia_d_control_interfaces/msg/_grasp_candidate_s.c
[1.476s] -- Up-to-date: /home/Projects/HET/alicia_ws/install/alicia_d_control_interfaces/local/lib/python3.10/dist-packages/alicia_d_control_interfaces/msg/_gripper_state_s.c
[1.479s] -- Up-to-date: /home/Projects/HET/alicia_ws/install/alicia_d_control_interfaces/local/lib/python3.10/dist-packages/alicia_d_control_interfaces/_alicia_d_control_interfaces_s.ep.rosidl_typesupport_introspection_c.c
[1.547s] Listing '/home/Projects/HET/alicia_ws/install/alicia_d_control_interfaces/local/lib/python3.10/dist-packages/alicia_d_control_interfaces'...
[1.547s] Listing '/home/Projects/HET/alicia_ws/install/alicia_d_control_interfaces/local/lib/python3.10/dist-packages/alicia_d_control_interfaces/action'...
[1.547s] Listing '/home/Projects/HET/alicia_ws/install/alicia_d_control_interfaces/local/lib/python3.10/dist-packages/alicia_d_control_interfaces/msg'...
[1.548s] -- Up-to-date: /home/Projects/HET/alicia_ws/install/alicia_d_control_interfaces/local/lib/python3.10/dist-packages/alicia_d_control_interfaces/alicia_d_control_interfaces_s__rosidl_typesupport_fastrtps_c.cpython-310-x86_64-linux-gnu.so
[1.549s] -- Up-to-date: /home/Projects/HET/alicia_ws/install/alicia_d_control_interfaces/local/lib/python3.10/dist-packages/alicia_d_control_interfaces/alicia_d_control_interfaces_s__rosidl_typesupport_introspection_c.cpython-310-x86_64-linux-gnu.so
[1.549s] -- Up-to-date: /home/Projects/HET/alicia_ws/install/alicia_d_control_interfaces/local/lib/python3.10/dist-packages/alicia_d_control_interfaces/alicia_d_control_interfaces_s__rosidl_typesupport_c.cpython-310-x86_64-linux-gnu.so
[1.550s] -- Up-to-date: /home/Projects/HET/alicia_ws/install/alicia_d_control_interfaces/lib/libalicia_d_control_interfaces__rosidl_generator_py.so
[1.551s] -- Up-to-date: /home/Projects/HET/alicia_ws/install/alicia_d_control_interfaces/share/ament_index/resource_index/rust_packages/alicia_d_control_interfaces
[1.551s] -- Up-to-date: /home/Projects/HET/alicia_ws/install/alicia_d_control_interfaces/share/alicia_d_control_interfaces/rust
[1.552s] -- Up-to-date: /home/Projects/HET/alicia_ws/install/alicia_d_control_interfaces/share/alicia_d_control_interfaces/rust/Cargo.toml
[1.552s] -- Up-to-date: /home/Projects/HET/alicia_ws/install/alicia_d_control_interfaces/share/alicia_d_control_interfaces/rust/build.rs
[1.554s] -- Up-to-date: /home/Projects/HET/alicia_ws/install/alicia_d_control_interfaces/share/alicia_d_control_interfaces/rust/src
[1.555s] -- Up-to-date: /home/Projects/HET/alicia_ws/install/alicia_d_control_interfaces/share/alicia_d_control_interfaces/rust/src/msg.rs
[1.555s] -- Up-to-date: /home/Projects/HET/alicia_ws/install/alicia_d_control_interfaces/share/alicia_d_control_interfaces/rust/src/lib.rs
[1.556s] -- Up-to-date: /home/Projects/HET/alicia_ws/install/alicia_d_control_interfaces/share/alicia_d_control_interfaces/rust/src/action.rs
[1.557s] -- Up-to-date: /home/Projects/HET/alicia_ws/install/alicia_d_control_interfaces/share/alicia_d_control_interfaces/rust/src/action
[1.557s] -- Up-to-date: /home/Projects/HET/alicia_ws/install/alicia_d_control_interfaces/share/alicia_d_control_interfaces/rust/src/action/rmw.rs
[1.558s] -- Up-to-date: /home/Projects/HET/alicia_ws/install/alicia_d_control_interfaces/share/alicia_d_control_interfaces/rust/src/msg
[1.559s] -- Up-to-date: /home/Projects/HET/alicia_ws/install/alicia_d_control_interfaces/share/alicia_d_control_interfaces/rust/src/msg/rmw.rs
[1.559s] -- Up-to-date: /home/Projects/HET/alicia_ws/install/alicia_d_control_interfaces/share/alicia_d_control_interfaces/msg/GraspCandidate.idl
[1.559s] -- Up-to-date: /home/Projects/HET/alicia_ws/install/alicia_d_control_interfaces/share/alicia_d_control_interfaces/msg/GripperState.idl
[1.560s] -- Up-to-date: /home/Projects/HET/alicia_ws/install/alicia_d_control_interfaces/share/alicia_d_control_interfaces/action/ForceGrasp.idl
[1.560s] -- Up-to-date: /home/Projects/HET/alicia_ws/install/alicia_d_control_interfaces/share/alicia_d_control_interfaces/action/HomeGripper.idl
[1.563s] -- Up-to-date: /home/Projects/HET/alicia_ws/install/alicia_d_control_interfaces/share/alicia_d_control_interfaces/action/MoveArmToJoints.idl
[1.564s] -- Up-to-date: /home/Projects/HET/alicia_ws/install/alicia_d_control_interfaces/share/alicia_d_control_interfaces/action/MoveArmToPose.idl
[1.565s] -- Up-to-date: /home/Projects/HET/alicia_ws/install/alicia_d_control_interfaces/share/alicia_d_control_interfaces/action/MoveGripper.idl
[1.566s] -- Up-to-date: /home/Projects/HET/alicia_ws/install/alicia_d_control_interfaces/share/alicia_d_control_interfaces/action/MoveGripperStep.idl
[1.566s] -- Up-to-date: /home/Projects/HET/alicia_ws/install/alicia_d_control_interfaces/share/alicia_d_control_interfaces/msg/GraspCandidate.msg
[1.568s] -- Up-to-date: /home/Projects/HET/alicia_ws/install/alicia_d_control_interfaces/share/alicia_d_control_interfaces/msg/GripperState.msg
[1.569s] -- Up-to-date: /home/Projects/HET/alicia_ws/install/alicia_d_control_interfaces/share/alicia_d_control_interfaces/action/ForceGrasp.action
[1.571s] -- Up-to-date: /home/Projects/HET/alicia_ws/install/alicia_d_control_interfaces/share/alicia_d_control_interfaces/action/HomeGripper.action
[1.571s] -- Up-to-date: /home/Projects/HET/alicia_ws/install/alicia_d_control_interfaces/share/alicia_d_control_interfaces/action/MoveArmToJoints.action
[1.571s] -- Up-to-date: /home/Projects/HET/alicia_ws/install/alicia_d_control_interfaces/share/alicia_d_control_interfaces/action/MoveArmToPose.action
[1.575s] -- Up-to-date: /home/Projects/HET/alicia_ws/install/alicia_d_control_interfaces/share/alicia_d_control_interfaces/action/MoveGripper.action
[1.578s] -- Up-to-date: /home/Projects/HET/alicia_ws/install/alicia_d_control_interfaces/share/alicia_d_control_interfaces/action/MoveGripperStep.action
[1.578s] -- Up-to-date: /home/Projects/HET/alicia_ws/install/alicia_d_control_interfaces/share/ament_index/resource_index/package_run_dependencies/alicia_d_control_interfaces
[1.579s] -- Up-to-date: /home/Projects/HET/alicia_ws/install/alicia_d_control_interfaces/share/ament_index/resource_index/parent_prefix_path/alicia_d_control_interfaces
[1.581s] -- Up-to-date: /home/Projects/HET/alicia_ws/install/alicia_d_control_interfaces/share/alicia_d_control_interfaces/environment/ament_prefix_path.sh
[1.582s] -- Up-to-date: /home/Projects/HET/alicia_ws/install/alicia_d_control_interfaces/share/alicia_d_control_interfaces/environment/ament_prefix_path.dsv
[1.582s] -- Up-to-date: /home/Projects/HET/alicia_ws/install/alicia_d_control_interfaces/share/alicia_d_control_interfaces/environment/path.sh
[1.582s] -- Up-to-date: /home/Projects/HET/alicia_ws/install/alicia_d_control_interfaces/share/alicia_d_control_interfaces/environment/path.dsv
[1.584s] -- Up-to-date: /home/Projects/HET/alicia_ws/install/alicia_d_control_interfaces/share/alicia_d_control_interfaces/local_setup.bash
[1.586s] -- Up-to-date: /home/Projects/HET/alicia_ws/install/alicia_d_control_interfaces/share/alicia_d_control_interfaces/local_setup.sh
[1.586s] -- Up-to-date: /home/Projects/HET/alicia_ws/install/alicia_d_control_interfaces/share/alicia_d_control_interfaces/local_setup.zsh
[1.587s] -- Up-to-date: /home/Projects/HET/alicia_ws/install/alicia_d_control_interfaces/share/alicia_d_control_interfaces/local_setup.dsv
[1.587s] -- Installing: /home/Projects/HET/alicia_ws/install/alicia_d_control_interfaces/share/alicia_d_control_interfaces/package.dsv
[1.588s] -- Up-to-date: /home/Projects/HET/alicia_ws/install/alicia_d_control_interfaces/share/ament_index/resource_index/packages/alicia_d_control_interfaces
[1.590s] -- Up-to-date: /home/Projects/HET/alicia_ws/install/alicia_d_control_interfaces/share/alicia_d_control_interfaces/cmake/export_alicia_d_control_interfaces__rosidl_generator_cExport.cmake
[1.594s] -- Up-to-date: /home/Projects/HET/alicia_ws/install/alicia_d_control_interfaces/share/alicia_d_control_interfaces/cmake/export_alicia_d_control_interfaces__rosidl_generator_cExport-noconfig.cmake
[1.595s] -- Up-to-date: /home/Projects/HET/alicia_ws/install/alicia_d_control_interfaces/share/alicia_d_control_interfaces/cmake/export_alicia_d_control_interfaces__rosidl_typesupport_fastrtps_cExport.cmake
[1.596s] -- Up-to-date: /home/Projects/HET/alicia_ws/install/alicia_d_control_interfaces/share/alicia_d_control_interfaces/cmake/export_alicia_d_control_interfaces__rosidl_typesupport_fastrtps_cExport-noconfig.cmake
[1.596s] -- Up-to-date: /home/Projects/HET/alicia_ws/install/alicia_d_control_interfaces/share/alicia_d_control_interfaces/cmake/export_alicia_d_control_interfaces__rosidl_generator_cppExport.cmake
[1.596s] -- Up-to-date: /home/Projects/HET/alicia_ws/install/alicia_d_control_interfaces/share/alicia_d_control_interfaces/cmake/export_alicia_d_control_interfaces__rosidl_typesupport_fastrtps_cppExport.cmake
[1.597s] -- Up-to-date: /home/Projects/HET/alicia_ws/install/alicia_d_control_interfaces/share/alicia_d_control_interfaces/cmake/export_alicia_d_control_interfaces__rosidl_typesupport_fastrtps_cppExport-noconfig.cmake
[1.597s] -- Up-to-date: /home/Projects/HET/alicia_ws/install/alicia_d_control_interfaces/share/alicia_d_control_interfaces/cmake/alicia_d_control_interfaces__rosidl_typesupport_introspection_cExport.cmake
[1.598s] -- Up-to-date: /home/Projects/HET/alicia_ws/install/alicia_d_control_interfaces/share/alicia_d_control_interfaces/cmake/alicia_d_control_interfaces__rosidl_typesupport_introspection_cExport-noconfig.cmake
[1.600s] -- Up-to-date: /home/Projects/HET/alicia_ws/install/alicia_d_control_interfaces/share/alicia_d_control_interfaces/cmake/alicia_d_control_interfaces__rosidl_typesupport_cExport.cmake
[1.605s] -- Up-to-date: /home/Projects/HET/alicia_ws/install/alicia_d_control_interfaces/share/alicia_d_control_interfaces/cmake/alicia_d_control_interfaces__rosidl_typesupport_cExport-noconfig.cmake
[1.606s] -- Up-to-date: /home/Projects/HET/alicia_ws/install/alicia_d_control_interfaces/share/alicia_d_control_interfaces/cmake/alicia_d_control_interfaces__rosidl_typesupport_introspection_cppExport.cmake
[1.606s] -- Up-to-date: /home/Projects/HET/alicia_ws/install/alicia_d_control_interfaces/share/alicia_d_control_interfaces/cmake/alicia_d_control_interfaces__rosidl_typesupport_introspection_cppExport-noconfig.cmake
[1.606s] -- Up-to-date: /home/Projects/HET/alicia_ws/install/alicia_d_control_interfaces/share/alicia_d_control_interfaces/cmake/alicia_d_control_interfaces__rosidl_typesupport_cppExport.cmake
[1.608s] -- Up-to-date: /home/Projects/HET/alicia_ws/install/alicia_d_control_interfaces/share/alicia_d_control_interfaces/cmake/alicia_d_control_interfaces__rosidl_typesupport_cppExport-noconfig.cmake
[1.611s] -- Up-to-date: /home/Projects/HET/alicia_ws/install/alicia_d_control_interfaces/share/alicia_d_control_interfaces/cmake/export_alicia_d_control_interfaces__rosidl_generator_pyExport.cmake
[1.614s] -- Up-to-date: /home/Projects/HET/alicia_ws/install/alicia_d_control_interfaces/share/alicia_d_control_interfaces/cmake/export_alicia_d_control_interfaces__rosidl_generator_pyExport-noconfig.cmake
[1.614s] -- Up-to-date: /home/Projects/HET/alicia_ws/install/alicia_d_control_interfaces/share/alicia_d_control_interfaces/cmake/rosidl_cmake-extras.cmake
[1.615s] -- Up-to-date: /home/Projects/HET/alicia_ws/install/alicia_d_control_interfaces/share/alicia_d_control_interfaces/cmake/ament_cmake_export_dependencies-extras.cmake
[1.616s] -- Up-to-date: /home/Projects/HET/alicia_ws/install/alicia_d_control_interfaces/share/alicia_d_control_interfaces/cmake/ament_cmake_export_include_directories-extras.cmake
[1.618s] -- Up-to-date: /home/Projects/HET/alicia_ws/install/alicia_d_control_interfaces/share/alicia_d_control_interfaces/cmake/ament_cmake_export_libraries-extras.cmake
[1.619s] -- Up-to-date: /home/Projects/HET/alicia_ws/install/alicia_d_control_interfaces/share/alicia_d_control_interfaces/cmake/ament_cmake_export_targets-extras.cmake
[1.622s] -- Up-to-date: /home/Projects/HET/alicia_ws/install/alicia_d_control_interfaces/share/alicia_d_control_interfaces/cmake/rosidl_cmake_export_typesupport_targets-extras.cmake
[1.624s] -- Up-to-date: /home/Projects/HET/alicia_ws/install/alicia_d_control_interfaces/share/alicia_d_control_interfaces/cmake/rosidl_cmake_export_typesupport_libraries-extras.cmake
[1.626s] -- Up-to-date: /home/Projects/HET/alicia_ws/install/alicia_d_control_interfaces/share/alicia_d_control_interfaces/cmake/alicia_d_control_interfacesConfig.cmake
[1.627s] -- Up-to-date: /home/Projects/HET/alicia_ws/install/alicia_d_control_interfaces/share/alicia_d_control_interfaces/cmake/alicia_d_control_interfacesConfig-version.cmake
[1.627s] -- Up-to-date: /home/Projects/HET/alicia_ws/install/alicia_d_control_interfaces/share/alicia_d_control_interfaces/package.xml
[1.687s] Invoked command in '/home/Projects/HET/alicia_ws/build/alicia_d_control_interfaces' returned '0': CMAKE_PREFIX_PATH=/opt/ros/humble /usr/bin/cmake --install /home/Projects/HET/alicia_ws/build/alicia_d_control_interfaces
