[30.050s] Invoking command in '/home/Projects/HET/alicia_ws/build/alicia_d_control_interfaces': CMAKE_PREFIX_PATH=/opt/ros/humble /usr/bin/cmake --build /home/Projects/HET/alicia_ws/build/alicia_d_control_interfaces -- -j20 -l20
[30.234s] [  1%] Built target alicia_d_control_interfaces__rs
[30.234s] [  2%] Built target alicia_d_control_interfaces__cpp
[30.254s] [ 13%] Built target alicia_d_control_interfaces__rosidl_generator_c
[30.312s] [ 13%] Built target ament_cmake_python_copy_alicia_d_control_interfaces
[30.344s] [ 25%] Built target alicia_d_control_interfaces__rosidl_typesupport_fastrtps_cpp
[30.347s] [ 36%] Built target alicia_d_control_interfaces__rosidl_typesupport_cpp
[30.356s] [ 60%] Built target alicia_d_control_interfaces__rosidl_typesupport_c
[30.357s] [ 65%] Built target alicia_d_control_interfaces__rosidl_typesupport_introspection_c
[30.357s] [ 70%] Built target alicia_d_control_interfaces__rosidl_typesupport_introspection_cpp
[30.365s] [ 81%] Built target alicia_d_control_interfaces__rosidl_typesupport_fastrtps_c
[30.426s] [ 81%] Built target alicia_d_control_interfaces
[30.492s] [ 82%] Built target alicia_d_control_interfaces__py
[30.571s] [ 92%] Built target alicia_d_control_interfaces__rosidl_generator_py
[30.653s] [ 95%] Built target alicia_d_control_interfaces__rosidl_typesupport_c__pyext
[30.655s] [ 97%] Built target alicia_d_control_interfaces__rosidl_typesupport_introspection_c__pyext
[30.661s] [100%] Built target alicia_d_control_interfaces__rosidl_typesupport_fastrtps_c__pyext
[31.173s] running egg_info
[31.177s] writing alicia_d_control_interfaces.egg-info/PKG-INFO
[31.179s] writing dependency_links to alicia_d_control_interfaces.egg-info/dependency_links.txt
[31.179s] writing top-level names to alicia_d_control_interfaces.egg-info/top_level.txt
[31.188s] reading manifest file 'alicia_d_control_interfaces.egg-info/SOURCES.txt'
[31.190s] writing manifest file 'alicia_d_control_interfaces.egg-info/SOURCES.txt'
[31.288s] [100%] Built target ament_cmake_python_build_alicia_d_control_interfaces_egg
[31.327s] Invoked command in '/home/Projects/HET/alicia_ws/build/alicia_d_control_interfaces' returned '0': CMAKE_PREFIX_PATH=/opt/ros/humble /usr/bin/cmake --build /home/Projects/HET/alicia_ws/build/alicia_d_control_interfaces -- -j20 -l20
[31.357s] Invoking command in '/home/Projects/HET/alicia_ws/build/alicia_d_control_interfaces': CMAKE_PREFIX_PATH=/opt/ros/humble /usr/bin/cmake --install /home/Projects/HET/alicia_ws/build/alicia_d_control_interfaces
[31.388s] -- Install configuration: ""
[31.390s] -- Up-to-date: /home/Projects/HET/alicia_ws/install/alicia_d_control_interfaces/share/ament_index/resource_index/rosidl_interfaces/alicia_d_control_interfaces
[31.396s] -- Up-to-date: /home/Projects/HET/alicia_ws/install/alicia_d_control_interfaces/include/alicia_d_control_interfaces/alicia_d_control_interfaces
[31.398s] -- Up-to-date: /home/Projects/HET/alicia_ws/install/alicia_d_control_interfaces/include/alicia_d_control_interfaces/alicia_d_control_interfaces/action
[31.400s] -- Up-to-date: /home/Projects/HET/alicia_ws/install/alicia_d_control_interfaces/include/alicia_d_control_interfaces/alicia_d_control_interfaces/action/detail
[31.400s] -- Up-to-date: /home/Projects/HET/alicia_ws/install/alicia_d_control_interfaces/include/alicia_d_control_interfaces/alicia_d_control_interfaces/action/detail/execute_pick__functions.c
[31.401s] -- Up-to-date: /home/Projects/HET/alicia_ws/install/alicia_d_control_interfaces/include/alicia_d_control_interfaces/alicia_d_control_interfaces/action/detail/home_gripper__functions.c
[31.402s] -- Up-to-date: /home/Projects/HET/alicia_ws/install/alicia_d_control_interfaces/include/alicia_d_control_interfaces/alicia_d_control_interfaces/action/detail/force_grasp__struct.h
[31.403s] -- Up-to-date: /home/Projects/HET/alicia_ws/install/alicia_d_control_interfaces/include/alicia_d_control_interfaces/alicia_d_control_interfaces/action/detail/move_gripper__type_support.h
[31.406s] -- Up-to-date: /home/Projects/HET/alicia_ws/install/alicia_d_control_interfaces/include/alicia_d_control_interfaces/alicia_d_control_interfaces/action/detail/move_arm_to_pose__functions.c
[31.408s] -- Up-to-date: /home/Projects/HET/alicia_ws/install/alicia_d_control_interfaces/include/alicia_d_control_interfaces/alicia_d_control_interfaces/action/detail/home_gripper__type_support.h
[31.409s] -- Up-to-date: /home/Projects/HET/alicia_ws/install/alicia_d_control_interfaces/include/alicia_d_control_interfaces/alicia_d_control_interfaces/action/detail/force_grasp__functions.h
[31.410s] -- Up-to-date: /home/Projects/HET/alicia_ws/install/alicia_d_control_interfaces/include/alicia_d_control_interfaces/alicia_d_control_interfaces/action/detail/move_gripper__functions.c
[31.410s] -- Up-to-date: /home/Projects/HET/alicia_ws/install/alicia_d_control_interfaces/include/alicia_d_control_interfaces/alicia_d_control_interfaces/action/detail/force_grasp__type_support.h
[31.410s] -- Up-to-date: /home/Projects/HET/alicia_ws/install/alicia_d_control_interfaces/include/alicia_d_control_interfaces/alicia_d_control_interfaces/action/detail/execute_pick__type_support.h
[31.410s] -- Up-to-date: /home/Projects/HET/alicia_ws/install/alicia_d_control_interfaces/include/alicia_d_control_interfaces/alicia_d_control_interfaces/action/detail/move_arm_to_pose__functions.h
[31.411s] -- Up-to-date: /home/Projects/HET/alicia_ws/install/alicia_d_control_interfaces/include/alicia_d_control_interfaces/alicia_d_control_interfaces/action/detail/execute_pick__struct.h
[31.411s] -- Up-to-date: /home/Projects/HET/alicia_ws/install/alicia_d_control_interfaces/include/alicia_d_control_interfaces/alicia_d_control_interfaces/action/detail/home_gripper__struct.h
[31.411s] -- Up-to-date: /home/Projects/HET/alicia_ws/install/alicia_d_control_interfaces/include/alicia_d_control_interfaces/alicia_d_control_interfaces/action/detail/execute_pick__functions.h
[31.411s] -- Up-to-date: /home/Projects/HET/alicia_ws/install/alicia_d_control_interfaces/include/alicia_d_control_interfaces/alicia_d_control_interfaces/action/detail/home_gripper__functions.h
[31.412s] -- Up-to-date: /home/Projects/HET/alicia_ws/install/alicia_d_control_interfaces/include/alicia_d_control_interfaces/alicia_d_control_interfaces/action/detail/move_arm_to_pose__type_support.h
[31.412s] -- Up-to-date: /home/Projects/HET/alicia_ws/install/alicia_d_control_interfaces/include/alicia_d_control_interfaces/alicia_d_control_interfaces/action/detail/move_arm_to_pose__struct.h
[31.412s] -- Up-to-date: /home/Projects/HET/alicia_ws/install/alicia_d_control_interfaces/include/alicia_d_control_interfaces/alicia_d_control_interfaces/action/detail/force_grasp__functions.c
[31.412s] -- Up-to-date: /home/Projects/HET/alicia_ws/install/alicia_d_control_interfaces/include/alicia_d_control_interfaces/alicia_d_control_interfaces/action/detail/move_gripper__struct.h
[31.413s] -- Up-to-date: /home/Projects/HET/alicia_ws/install/alicia_d_control_interfaces/include/alicia_d_control_interfaces/alicia_d_control_interfaces/action/detail/move_gripper__functions.h
[31.413s] -- Up-to-date: /home/Projects/HET/alicia_ws/install/alicia_d_control_interfaces/include/alicia_d_control_interfaces/alicia_d_control_interfaces/action/execute_pick.h
[31.413s] -- Up-to-date: /home/Projects/HET/alicia_ws/install/alicia_d_control_interfaces/include/alicia_d_control_interfaces/alicia_d_control_interfaces/action/home_gripper.h
[31.414s] -- Up-to-date: /home/Projects/HET/alicia_ws/install/alicia_d_control_interfaces/include/alicia_d_control_interfaces/alicia_d_control_interfaces/action/move_arm_to_pose.h
[31.415s] -- Up-to-date: /home/Projects/HET/alicia_ws/install/alicia_d_control_interfaces/include/alicia_d_control_interfaces/alicia_d_control_interfaces/action/force_grasp.h
[31.415s] -- Up-to-date: /home/Projects/HET/alicia_ws/install/alicia_d_control_interfaces/include/alicia_d_control_interfaces/alicia_d_control_interfaces/action/move_gripper.h
[31.416s] -- Up-to-date: /home/Projects/HET/alicia_ws/install/alicia_d_control_interfaces/include/alicia_d_control_interfaces/alicia_d_control_interfaces/msg
[31.416s] -- Up-to-date: /home/Projects/HET/alicia_ws/install/alicia_d_control_interfaces/include/alicia_d_control_interfaces/alicia_d_control_interfaces/msg/detail
[31.416s] -- Up-to-date: /home/Projects/HET/alicia_ws/install/alicia_d_control_interfaces/include/alicia_d_control_interfaces/alicia_d_control_interfaces/msg/detail/grasp_candidate__type_support.h
[31.416s] -- Up-to-date: /home/Projects/HET/alicia_ws/install/alicia_d_control_interfaces/include/alicia_d_control_interfaces/alicia_d_control_interfaces/msg/detail/gripper_state__struct.h
[31.416s] -- Up-to-date: /home/Projects/HET/alicia_ws/install/alicia_d_control_interfaces/include/alicia_d_control_interfaces/alicia_d_control_interfaces/msg/detail/gripper_state__functions.c
[31.416s] -- Up-to-date: /home/Projects/HET/alicia_ws/install/alicia_d_control_interfaces/include/alicia_d_control_interfaces/alicia_d_control_interfaces/msg/detail/gripper_state__functions.h
[31.417s] -- Up-to-date: /home/Projects/HET/alicia_ws/install/alicia_d_control_interfaces/include/alicia_d_control_interfaces/alicia_d_control_interfaces/msg/detail/gripper_state__type_support.h
[31.417s] -- Up-to-date: /home/Projects/HET/alicia_ws/install/alicia_d_control_interfaces/include/alicia_d_control_interfaces/alicia_d_control_interfaces/msg/detail/grasp_candidate__functions.c
[31.417s] -- Up-to-date: /home/Projects/HET/alicia_ws/install/alicia_d_control_interfaces/include/alicia_d_control_interfaces/alicia_d_control_interfaces/msg/detail/grasp_candidate__struct.h
[31.417s] -- Up-to-date: /home/Projects/HET/alicia_ws/install/alicia_d_control_interfaces/include/alicia_d_control_interfaces/alicia_d_control_interfaces/msg/detail/grasp_candidate__functions.h
[31.417s] -- Up-to-date: /home/Projects/HET/alicia_ws/install/alicia_d_control_interfaces/include/alicia_d_control_interfaces/alicia_d_control_interfaces/msg/grasp_candidate.h
[31.418s] -- Up-to-date: /home/Projects/HET/alicia_ws/install/alicia_d_control_interfaces/include/alicia_d_control_interfaces/alicia_d_control_interfaces/msg/rosidl_generator_c__visibility_control.h
[31.418s] -- Up-to-date: /home/Projects/HET/alicia_ws/install/alicia_d_control_interfaces/include/alicia_d_control_interfaces/alicia_d_control_interfaces/msg/gripper_state.h
[31.418s] -- Up-to-date: /home/Projects/HET/alicia_ws/install/alicia_d_control_interfaces/share/alicia_d_control_interfaces/environment/library_path.sh
[31.418s] -- Up-to-date: /home/Projects/HET/alicia_ws/install/alicia_d_control_interfaces/share/alicia_d_control_interfaces/environment/library_path.dsv
[31.418s] -- Up-to-date: /home/Projects/HET/alicia_ws/install/alicia_d_control_interfaces/lib/libalicia_d_control_interfaces__rosidl_generator_c.so
[31.418s] -- Up-to-date: /home/Projects/HET/alicia_ws/install/alicia_d_control_interfaces/include/alicia_d_control_interfaces/alicia_d_control_interfaces
[31.418s] -- Up-to-date: /home/Projects/HET/alicia_ws/install/alicia_d_control_interfaces/include/alicia_d_control_interfaces/alicia_d_control_interfaces/action
[31.419s] -- Up-to-date: /home/Projects/HET/alicia_ws/install/alicia_d_control_interfaces/include/alicia_d_control_interfaces/alicia_d_control_interfaces/action/detail
[31.419s] -- Up-to-date: /home/Projects/HET/alicia_ws/install/alicia_d_control_interfaces/include/alicia_d_control_interfaces/alicia_d_control_interfaces/action/detail/force_grasp__rosidl_typesupport_fastrtps_c.h
[31.419s] -- Up-to-date: /home/Projects/HET/alicia_ws/install/alicia_d_control_interfaces/include/alicia_d_control_interfaces/alicia_d_control_interfaces/action/detail/execute_pick__rosidl_typesupport_fastrtps_c.h
[31.419s] -- Up-to-date: /home/Projects/HET/alicia_ws/install/alicia_d_control_interfaces/include/alicia_d_control_interfaces/alicia_d_control_interfaces/action/detail/move_gripper__rosidl_typesupport_fastrtps_c.h
[31.419s] -- Up-to-date: /home/Projects/HET/alicia_ws/install/alicia_d_control_interfaces/include/alicia_d_control_interfaces/alicia_d_control_interfaces/action/detail/home_gripper__rosidl_typesupport_fastrtps_c.h
[31.419s] -- Up-to-date: /home/Projects/HET/alicia_ws/install/alicia_d_control_interfaces/include/alicia_d_control_interfaces/alicia_d_control_interfaces/action/detail/move_arm_to_pose__rosidl_typesupport_fastrtps_c.h
[31.419s] -- Up-to-date: /home/Projects/HET/alicia_ws/install/alicia_d_control_interfaces/include/alicia_d_control_interfaces/alicia_d_control_interfaces/msg
[31.420s] -- Up-to-date: /home/Projects/HET/alicia_ws/install/alicia_d_control_interfaces/include/alicia_d_control_interfaces/alicia_d_control_interfaces/msg/detail
[31.420s] -- Up-to-date: /home/Projects/HET/alicia_ws/install/alicia_d_control_interfaces/include/alicia_d_control_interfaces/alicia_d_control_interfaces/msg/detail/grasp_candidate__rosidl_typesupport_fastrtps_c.h
[31.420s] -- Up-to-date: /home/Projects/HET/alicia_ws/install/alicia_d_control_interfaces/include/alicia_d_control_interfaces/alicia_d_control_interfaces/msg/detail/gripper_state__rosidl_typesupport_fastrtps_c.h
[31.420s] -- Up-to-date: /home/Projects/HET/alicia_ws/install/alicia_d_control_interfaces/include/alicia_d_control_interfaces/alicia_d_control_interfaces/msg/rosidl_typesupport_fastrtps_c__visibility_control.h
[31.421s] -- Up-to-date: /home/Projects/HET/alicia_ws/install/alicia_d_control_interfaces/lib/libalicia_d_control_interfaces__rosidl_typesupport_fastrtps_c.so
[31.421s] -- Up-to-date: /home/Projects/HET/alicia_ws/install/alicia_d_control_interfaces/include/alicia_d_control_interfaces/alicia_d_control_interfaces
[31.422s] -- Up-to-date: /home/Projects/HET/alicia_ws/install/alicia_d_control_interfaces/include/alicia_d_control_interfaces/alicia_d_control_interfaces/action
[31.422s] -- Up-to-date: /home/Projects/HET/alicia_ws/install/alicia_d_control_interfaces/include/alicia_d_control_interfaces/alicia_d_control_interfaces/action/move_gripper.hpp
[31.423s] -- Up-to-date: /home/Projects/HET/alicia_ws/install/alicia_d_control_interfaces/include/alicia_d_control_interfaces/alicia_d_control_interfaces/action/detail
[31.423s] -- Up-to-date: /home/Projects/HET/alicia_ws/install/alicia_d_control_interfaces/include/alicia_d_control_interfaces/alicia_d_control_interfaces/action/detail/move_gripper__struct.hpp
[31.423s] -- Up-to-date: /home/Projects/HET/alicia_ws/install/alicia_d_control_interfaces/include/alicia_d_control_interfaces/alicia_d_control_interfaces/action/detail/home_gripper__type_support.hpp
[31.424s] -- Up-to-date: /home/Projects/HET/alicia_ws/install/alicia_d_control_interfaces/include/alicia_d_control_interfaces/alicia_d_control_interfaces/action/detail/home_gripper__builder.hpp
[31.424s] -- Up-to-date: /home/Projects/HET/alicia_ws/install/alicia_d_control_interfaces/include/alicia_d_control_interfaces/alicia_d_control_interfaces/action/detail/execute_pick__traits.hpp
[31.424s] -- Up-to-date: /home/Projects/HET/alicia_ws/install/alicia_d_control_interfaces/include/alicia_d_control_interfaces/alicia_d_control_interfaces/action/detail/move_gripper__traits.hpp
[31.424s] -- Up-to-date: /home/Projects/HET/alicia_ws/install/alicia_d_control_interfaces/include/alicia_d_control_interfaces/alicia_d_control_interfaces/action/detail/move_gripper__type_support.hpp
[31.424s] -- Up-to-date: /home/Projects/HET/alicia_ws/install/alicia_d_control_interfaces/include/alicia_d_control_interfaces/alicia_d_control_interfaces/action/detail/force_grasp__builder.hpp
[31.424s] -- Up-to-date: /home/Projects/HET/alicia_ws/install/alicia_d_control_interfaces/include/alicia_d_control_interfaces/alicia_d_control_interfaces/action/detail/execute_pick__builder.hpp
[31.424s] -- Up-to-date: /home/Projects/HET/alicia_ws/install/alicia_d_control_interfaces/include/alicia_d_control_interfaces/alicia_d_control_interfaces/action/detail/move_arm_to_pose__traits.hpp
[31.425s] -- Up-to-date: /home/Projects/HET/alicia_ws/install/alicia_d_control_interfaces/include/alicia_d_control_interfaces/alicia_d_control_interfaces/action/detail/execute_pick__struct.hpp
[31.426s] -- Up-to-date: /home/Projects/HET/alicia_ws/install/alicia_d_control_interfaces/include/alicia_d_control_interfaces/alicia_d_control_interfaces/action/detail/execute_pick__type_support.hpp
[31.426s] -- Up-to-date: /home/Projects/HET/alicia_ws/install/alicia_d_control_interfaces/include/alicia_d_control_interfaces/alicia_d_control_interfaces/action/detail/force_grasp__type_support.hpp
[31.426s] -- Up-to-date: /home/Projects/HET/alicia_ws/install/alicia_d_control_interfaces/include/alicia_d_control_interfaces/alicia_d_control_interfaces/action/detail/move_gripper__builder.hpp
[31.426s] -- Up-to-date: /home/Projects/HET/alicia_ws/install/alicia_d_control_interfaces/include/alicia_d_control_interfaces/alicia_d_control_interfaces/action/detail/move_arm_to_pose__builder.hpp
[31.426s] -- Up-to-date: /home/Projects/HET/alicia_ws/install/alicia_d_control_interfaces/include/alicia_d_control_interfaces/alicia_d_control_interfaces/action/detail/move_arm_to_pose__type_support.hpp
[31.426s] -- Up-to-date: /home/Projects/HET/alicia_ws/install/alicia_d_control_interfaces/include/alicia_d_control_interfaces/alicia_d_control_interfaces/action/detail/force_grasp__struct.hpp
[31.426s] -- Up-to-date: /home/Projects/HET/alicia_ws/install/alicia_d_control_interfaces/include/alicia_d_control_interfaces/alicia_d_control_interfaces/action/detail/force_grasp__traits.hpp
[31.427s] -- Up-to-date: /home/Projects/HET/alicia_ws/install/alicia_d_control_interfaces/include/alicia_d_control_interfaces/alicia_d_control_interfaces/action/detail/move_arm_to_pose__struct.hpp
[31.427s] -- Up-to-date: /home/Projects/HET/alicia_ws/install/alicia_d_control_interfaces/include/alicia_d_control_interfaces/alicia_d_control_interfaces/action/detail/home_gripper__struct.hpp
[31.427s] -- Up-to-date: /home/Projects/HET/alicia_ws/install/alicia_d_control_interfaces/include/alicia_d_control_interfaces/alicia_d_control_interfaces/action/detail/home_gripper__traits.hpp
[31.427s] -- Up-to-date: /home/Projects/HET/alicia_ws/install/alicia_d_control_interfaces/include/alicia_d_control_interfaces/alicia_d_control_interfaces/action/execute_pick.hpp
[31.427s] -- Up-to-date: /home/Projects/HET/alicia_ws/install/alicia_d_control_interfaces/include/alicia_d_control_interfaces/alicia_d_control_interfaces/action/force_grasp.hpp
[31.427s] -- Up-to-date: /home/Projects/HET/alicia_ws/install/alicia_d_control_interfaces/include/alicia_d_control_interfaces/alicia_d_control_interfaces/action/move_arm_to_pose.hpp
[31.427s] -- Up-to-date: /home/Projects/HET/alicia_ws/install/alicia_d_control_interfaces/include/alicia_d_control_interfaces/alicia_d_control_interfaces/action/home_gripper.hpp
[31.428s] -- Up-to-date: /home/Projects/HET/alicia_ws/install/alicia_d_control_interfaces/include/alicia_d_control_interfaces/alicia_d_control_interfaces/msg
[31.428s] -- Up-to-date: /home/Projects/HET/alicia_ws/install/alicia_d_control_interfaces/include/alicia_d_control_interfaces/alicia_d_control_interfaces/msg/detail
[31.428s] -- Up-to-date: /home/Projects/HET/alicia_ws/install/alicia_d_control_interfaces/include/alicia_d_control_interfaces/alicia_d_control_interfaces/msg/detail/grasp_candidate__struct.hpp
[31.428s] -- Up-to-date: /home/Projects/HET/alicia_ws/install/alicia_d_control_interfaces/include/alicia_d_control_interfaces/alicia_d_control_interfaces/msg/detail/gripper_state__type_support.hpp
[31.428s] -- Up-to-date: /home/Projects/HET/alicia_ws/install/alicia_d_control_interfaces/include/alicia_d_control_interfaces/alicia_d_control_interfaces/msg/detail/gripper_state__struct.hpp
[31.428s] -- Up-to-date: /home/Projects/HET/alicia_ws/install/alicia_d_control_interfaces/include/alicia_d_control_interfaces/alicia_d_control_interfaces/msg/detail/grasp_candidate__traits.hpp
[31.428s] -- Up-to-date: /home/Projects/HET/alicia_ws/install/alicia_d_control_interfaces/include/alicia_d_control_interfaces/alicia_d_control_interfaces/msg/detail/gripper_state__builder.hpp
[31.429s] -- Up-to-date: /home/Projects/HET/alicia_ws/install/alicia_d_control_interfaces/include/alicia_d_control_interfaces/alicia_d_control_interfaces/msg/detail/gripper_state__traits.hpp
[31.429s] -- Up-to-date: /home/Projects/HET/alicia_ws/install/alicia_d_control_interfaces/include/alicia_d_control_interfaces/alicia_d_control_interfaces/msg/detail/grasp_candidate__type_support.hpp
[31.429s] -- Up-to-date: /home/Projects/HET/alicia_ws/install/alicia_d_control_interfaces/include/alicia_d_control_interfaces/alicia_d_control_interfaces/msg/detail/grasp_candidate__builder.hpp
[31.429s] -- Up-to-date: /home/Projects/HET/alicia_ws/install/alicia_d_control_interfaces/include/alicia_d_control_interfaces/alicia_d_control_interfaces/msg/gripper_state.hpp
[31.429s] -- Up-to-date: /home/Projects/HET/alicia_ws/install/alicia_d_control_interfaces/include/alicia_d_control_interfaces/alicia_d_control_interfaces/msg/grasp_candidate.hpp
[31.430s] -- Up-to-date: /home/Projects/HET/alicia_ws/install/alicia_d_control_interfaces/include/alicia_d_control_interfaces/alicia_d_control_interfaces/msg/rosidl_generator_cpp__visibility_control.hpp
[31.430s] -- Up-to-date: /home/Projects/HET/alicia_ws/install/alicia_d_control_interfaces/include/alicia_d_control_interfaces/alicia_d_control_interfaces
[31.430s] -- Up-to-date: /home/Projects/HET/alicia_ws/install/alicia_d_control_interfaces/include/alicia_d_control_interfaces/alicia_d_control_interfaces/action
[31.430s] -- Up-to-date: /home/Projects/HET/alicia_ws/install/alicia_d_control_interfaces/include/alicia_d_control_interfaces/alicia_d_control_interfaces/action/detail
[31.430s] -- Up-to-date: /home/Projects/HET/alicia_ws/install/alicia_d_control_interfaces/include/alicia_d_control_interfaces/alicia_d_control_interfaces/action/detail/move_arm_to_pose__rosidl_typesupport_fastrtps_cpp.hpp
[31.431s] -- Up-to-date: /home/Projects/HET/alicia_ws/install/alicia_d_control_interfaces/include/alicia_d_control_interfaces/alicia_d_control_interfaces/action/detail/move_gripper__rosidl_typesupport_fastrtps_cpp.hpp
[31.431s] -- Up-to-date: /home/Projects/HET/alicia_ws/install/alicia_d_control_interfaces/include/alicia_d_control_interfaces/alicia_d_control_interfaces/action/detail/execute_pick__rosidl_typesupport_fastrtps_cpp.hpp
[31.431s] -- Up-to-date: /home/Projects/HET/alicia_ws/install/alicia_d_control_interfaces/include/alicia_d_control_interfaces/alicia_d_control_interfaces/action/detail/home_gripper__rosidl_typesupport_fastrtps_cpp.hpp
[31.431s] -- Up-to-date: /home/Projects/HET/alicia_ws/install/alicia_d_control_interfaces/include/alicia_d_control_interfaces/alicia_d_control_interfaces/action/detail/dds_fastrtps
[31.431s] -- Up-to-date: /home/Projects/HET/alicia_ws/install/alicia_d_control_interfaces/include/alicia_d_control_interfaces/alicia_d_control_interfaces/action/detail/force_grasp__rosidl_typesupport_fastrtps_cpp.hpp
[31.431s] -- Up-to-date: /home/Projects/HET/alicia_ws/install/alicia_d_control_interfaces/include/alicia_d_control_interfaces/alicia_d_control_interfaces/msg
[31.431s] -- Up-to-date: /home/Projects/HET/alicia_ws/install/alicia_d_control_interfaces/include/alicia_d_control_interfaces/alicia_d_control_interfaces/msg/detail
[31.431s] -- Up-to-date: /home/Projects/HET/alicia_ws/install/alicia_d_control_interfaces/include/alicia_d_control_interfaces/alicia_d_control_interfaces/msg/detail/gripper_state__rosidl_typesupport_fastrtps_cpp.hpp
[31.432s] -- Up-to-date: /home/Projects/HET/alicia_ws/install/alicia_d_control_interfaces/include/alicia_d_control_interfaces/alicia_d_control_interfaces/msg/detail/dds_fastrtps
[31.432s] -- Up-to-date: /home/Projects/HET/alicia_ws/install/alicia_d_control_interfaces/include/alicia_d_control_interfaces/alicia_d_control_interfaces/msg/detail/grasp_candidate__rosidl_typesupport_fastrtps_cpp.hpp
[31.433s] -- Up-to-date: /home/Projects/HET/alicia_ws/install/alicia_d_control_interfaces/include/alicia_d_control_interfaces/alicia_d_control_interfaces/msg/rosidl_typesupport_fastrtps_cpp__visibility_control.h
[31.433s] -- Up-to-date: /home/Projects/HET/alicia_ws/install/alicia_d_control_interfaces/lib/libalicia_d_control_interfaces__rosidl_typesupport_fastrtps_cpp.so
[31.433s] -- Up-to-date: /home/Projects/HET/alicia_ws/install/alicia_d_control_interfaces/include/alicia_d_control_interfaces/alicia_d_control_interfaces
[31.434s] -- Up-to-date: /home/Projects/HET/alicia_ws/install/alicia_d_control_interfaces/include/alicia_d_control_interfaces/alicia_d_control_interfaces/action
[31.434s] -- Up-to-date: /home/Projects/HET/alicia_ws/install/alicia_d_control_interfaces/include/alicia_d_control_interfaces/alicia_d_control_interfaces/action/detail
[31.434s] -- Up-to-date: /home/Projects/HET/alicia_ws/install/alicia_d_control_interfaces/include/alicia_d_control_interfaces/alicia_d_control_interfaces/action/detail/move_gripper__type_support.c
[31.434s] -- Up-to-date: /home/Projects/HET/alicia_ws/install/alicia_d_control_interfaces/include/alicia_d_control_interfaces/alicia_d_control_interfaces/action/detail/execute_pick__type_support.c
[31.434s] -- Up-to-date: /home/Projects/HET/alicia_ws/install/alicia_d_control_interfaces/include/alicia_d_control_interfaces/alicia_d_control_interfaces/action/detail/move_arm_to_pose__rosidl_typesupport_introspection_c.h
[31.434s] -- Up-to-date: /home/Projects/HET/alicia_ws/install/alicia_d_control_interfaces/include/alicia_d_control_interfaces/alicia_d_control_interfaces/action/detail/execute_pick__rosidl_typesupport_introspection_c.h
[31.434s] -- Up-to-date: /home/Projects/HET/alicia_ws/install/alicia_d_control_interfaces/include/alicia_d_control_interfaces/alicia_d_control_interfaces/action/detail/move_gripper__rosidl_typesupport_introspection_c.h
[31.435s] -- Up-to-date: /home/Projects/HET/alicia_ws/install/alicia_d_control_interfaces/include/alicia_d_control_interfaces/alicia_d_control_interfaces/action/detail/force_grasp__type_support.c
[31.435s] -- Up-to-date: /home/Projects/HET/alicia_ws/install/alicia_d_control_interfaces/include/alicia_d_control_interfaces/alicia_d_control_interfaces/action/detail/home_gripper__rosidl_typesupport_introspection_c.h
[31.435s] -- Up-to-date: /home/Projects/HET/alicia_ws/install/alicia_d_control_interfaces/include/alicia_d_control_interfaces/alicia_d_control_interfaces/action/detail/force_grasp__rosidl_typesupport_introspection_c.h
[31.435s] -- Up-to-date: /home/Projects/HET/alicia_ws/install/alicia_d_control_interfaces/include/alicia_d_control_interfaces/alicia_d_control_interfaces/action/detail/move_arm_to_pose__type_support.c
[31.435s] -- Up-to-date: /home/Projects/HET/alicia_ws/install/alicia_d_control_interfaces/include/alicia_d_control_interfaces/alicia_d_control_interfaces/action/detail/home_gripper__type_support.c
[31.436s] -- Up-to-date: /home/Projects/HET/alicia_ws/install/alicia_d_control_interfaces/include/alicia_d_control_interfaces/alicia_d_control_interfaces/msg
[31.436s] -- Up-to-date: /home/Projects/HET/alicia_ws/install/alicia_d_control_interfaces/include/alicia_d_control_interfaces/alicia_d_control_interfaces/msg/detail
[31.436s] -- Up-to-date: /home/Projects/HET/alicia_ws/install/alicia_d_control_interfaces/include/alicia_d_control_interfaces/alicia_d_control_interfaces/msg/detail/grasp_candidate__type_support.c
[31.437s] -- Up-to-date: /home/Projects/HET/alicia_ws/install/alicia_d_control_interfaces/include/alicia_d_control_interfaces/alicia_d_control_interfaces/msg/detail/gripper_state__type_support.c
[31.437s] -- Up-to-date: /home/Projects/HET/alicia_ws/install/alicia_d_control_interfaces/include/alicia_d_control_interfaces/alicia_d_control_interfaces/msg/detail/gripper_state__rosidl_typesupport_introspection_c.h
[31.437s] -- Up-to-date: /home/Projects/HET/alicia_ws/install/alicia_d_control_interfaces/include/alicia_d_control_interfaces/alicia_d_control_interfaces/msg/detail/grasp_candidate__rosidl_typesupport_introspection_c.h
[31.437s] -- Up-to-date: /home/Projects/HET/alicia_ws/install/alicia_d_control_interfaces/include/alicia_d_control_interfaces/alicia_d_control_interfaces/msg/rosidl_typesupport_introspection_c__visibility_control.h
[31.437s] -- Up-to-date: /home/Projects/HET/alicia_ws/install/alicia_d_control_interfaces/lib/libalicia_d_control_interfaces__rosidl_typesupport_introspection_c.so
[31.437s] -- Up-to-date: /home/Projects/HET/alicia_ws/install/alicia_d_control_interfaces/lib/libalicia_d_control_interfaces__rosidl_typesupport_c.so
[31.438s] -- Up-to-date: /home/Projects/HET/alicia_ws/install/alicia_d_control_interfaces/include/alicia_d_control_interfaces/alicia_d_control_interfaces
[31.438s] -- Up-to-date: /home/Projects/HET/alicia_ws/install/alicia_d_control_interfaces/include/alicia_d_control_interfaces/alicia_d_control_interfaces/action
[31.438s] -- Up-to-date: /home/Projects/HET/alicia_ws/install/alicia_d_control_interfaces/include/alicia_d_control_interfaces/alicia_d_control_interfaces/action/detail
[31.438s] -- Up-to-date: /home/Projects/HET/alicia_ws/install/alicia_d_control_interfaces/include/alicia_d_control_interfaces/alicia_d_control_interfaces/action/detail/home_gripper__rosidl_typesupport_introspection_cpp.hpp
[31.438s] -- Up-to-date: /home/Projects/HET/alicia_ws/install/alicia_d_control_interfaces/include/alicia_d_control_interfaces/alicia_d_control_interfaces/action/detail/force_grasp__rosidl_typesupport_introspection_cpp.hpp
[31.438s] -- Up-to-date: /home/Projects/HET/alicia_ws/install/alicia_d_control_interfaces/include/alicia_d_control_interfaces/alicia_d_control_interfaces/action/detail/execute_pick__type_support.cpp
[31.438s] -- Up-to-date: /home/Projects/HET/alicia_ws/install/alicia_d_control_interfaces/include/alicia_d_control_interfaces/alicia_d_control_interfaces/action/detail/move_arm_to_pose__rosidl_typesupport_introspection_cpp.hpp
[31.438s] -- Up-to-date: /home/Projects/HET/alicia_ws/install/alicia_d_control_interfaces/include/alicia_d_control_interfaces/alicia_d_control_interfaces/action/detail/move_gripper__rosidl_typesupport_introspection_cpp.hpp
[31.438s] -- Up-to-date: /home/Projects/HET/alicia_ws/install/alicia_d_control_interfaces/include/alicia_d_control_interfaces/alicia_d_control_interfaces/action/detail/force_grasp__type_support.cpp
[31.438s] -- Up-to-date: /home/Projects/HET/alicia_ws/install/alicia_d_control_interfaces/include/alicia_d_control_interfaces/alicia_d_control_interfaces/action/detail/move_arm_to_pose__type_support.cpp
[31.439s] -- Up-to-date: /home/Projects/HET/alicia_ws/install/alicia_d_control_interfaces/include/alicia_d_control_interfaces/alicia_d_control_interfaces/action/detail/home_gripper__type_support.cpp
[31.439s] -- Up-to-date: /home/Projects/HET/alicia_ws/install/alicia_d_control_interfaces/include/alicia_d_control_interfaces/alicia_d_control_interfaces/action/detail/move_gripper__type_support.cpp
[31.439s] -- Up-to-date: /home/Projects/HET/alicia_ws/install/alicia_d_control_interfaces/include/alicia_d_control_interfaces/alicia_d_control_interfaces/action/detail/execute_pick__rosidl_typesupport_introspection_cpp.hpp
[31.439s] -- Up-to-date: /home/Projects/HET/alicia_ws/install/alicia_d_control_interfaces/include/alicia_d_control_interfaces/alicia_d_control_interfaces/msg
[31.440s] -- Up-to-date: /home/Projects/HET/alicia_ws/install/alicia_d_control_interfaces/include/alicia_d_control_interfaces/alicia_d_control_interfaces/msg/detail
[31.440s] -- Up-to-date: /home/Projects/HET/alicia_ws/install/alicia_d_control_interfaces/include/alicia_d_control_interfaces/alicia_d_control_interfaces/msg/detail/gripper_state__type_support.cpp
[31.440s] -- Up-to-date: /home/Projects/HET/alicia_ws/install/alicia_d_control_interfaces/include/alicia_d_control_interfaces/alicia_d_control_interfaces/msg/detail/grasp_candidate__rosidl_typesupport_introspection_cpp.hpp
[31.440s] -- Up-to-date: /home/Projects/HET/alicia_ws/install/alicia_d_control_interfaces/include/alicia_d_control_interfaces/alicia_d_control_interfaces/msg/detail/grasp_candidate__type_support.cpp
[31.440s] -- Up-to-date: /home/Projects/HET/alicia_ws/install/alicia_d_control_interfaces/include/alicia_d_control_interfaces/alicia_d_control_interfaces/msg/detail/gripper_state__rosidl_typesupport_introspection_cpp.hpp
[31.440s] -- Up-to-date: /home/Projects/HET/alicia_ws/install/alicia_d_control_interfaces/lib/libalicia_d_control_interfaces__rosidl_typesupport_introspection_cpp.so
[31.440s] -- Up-to-date: /home/Projects/HET/alicia_ws/install/alicia_d_control_interfaces/lib/libalicia_d_control_interfaces__rosidl_typesupport_cpp.so
[31.441s] -- Up-to-date: /home/Projects/HET/alicia_ws/install/alicia_d_control_interfaces/share/alicia_d_control_interfaces/environment/pythonpath.sh
[31.441s] -- Up-to-date: /home/Projects/HET/alicia_ws/install/alicia_d_control_interfaces/share/alicia_d_control_interfaces/environment/pythonpath.dsv
[31.442s] -- Up-to-date: /home/Projects/HET/alicia_ws/install/alicia_d_control_interfaces/local/lib/python3.10/dist-packages/alicia_d_control_interfaces-0.1.0-py3.10.egg-info
[31.442s] -- Installing: /home/Projects/HET/alicia_ws/install/alicia_d_control_interfaces/local/lib/python3.10/dist-packages/alicia_d_control_interfaces-0.1.0-py3.10.egg-info/PKG-INFO
[31.442s] -- Installing: /home/Projects/HET/alicia_ws/install/alicia_d_control_interfaces/local/lib/python3.10/dist-packages/alicia_d_control_interfaces-0.1.0-py3.10.egg-info/SOURCES.txt
[31.442s] -- Installing: /home/Projects/HET/alicia_ws/install/alicia_d_control_interfaces/local/lib/python3.10/dist-packages/alicia_d_control_interfaces-0.1.0-py3.10.egg-info/dependency_links.txt
[31.442s] -- Installing: /home/Projects/HET/alicia_ws/install/alicia_d_control_interfaces/local/lib/python3.10/dist-packages/alicia_d_control_interfaces-0.1.0-py3.10.egg-info/top_level.txt
[31.443s] -- Up-to-date: /home/Projects/HET/alicia_ws/install/alicia_d_control_interfaces/local/lib/python3.10/dist-packages/alicia_d_control_interfaces
[31.443s] -- Up-to-date: /home/Projects/HET/alicia_ws/install/alicia_d_control_interfaces/local/lib/python3.10/dist-packages/alicia_d_control_interfaces/alicia_d_control_interfaces_s__rosidl_typesupport_c.cpython-310-x86_64-linux-gnu.so
[31.443s] -- Up-to-date: /home/Projects/HET/alicia_ws/install/alicia_d_control_interfaces/local/lib/python3.10/dist-packages/alicia_d_control_interfaces/_alicia_d_control_interfaces_s.ep.rosidl_typesupport_fastrtps_c.c
[31.443s] -- Up-to-date: /home/Projects/HET/alicia_ws/install/alicia_d_control_interfaces/local/lib/python3.10/dist-packages/alicia_d_control_interfaces/__init__.py
[31.443s] -- Up-to-date: /home/Projects/HET/alicia_ws/install/alicia_d_control_interfaces/local/lib/python3.10/dist-packages/alicia_d_control_interfaces/_alicia_d_control_interfaces_s.ep.rosidl_typesupport_c.c
[31.444s] -- Up-to-date: /home/Projects/HET/alicia_ws/install/alicia_d_control_interfaces/local/lib/python3.10/dist-packages/alicia_d_control_interfaces/alicia_d_control_interfaces_s__rosidl_typesupport_introspection_c.cpython-310-x86_64-linux-gnu.so
[31.445s] -- Up-to-date: /home/Projects/HET/alicia_ws/install/alicia_d_control_interfaces/local/lib/python3.10/dist-packages/alicia_d_control_interfaces/libalicia_d_control_interfaces__rosidl_generator_py.so
[31.445s] -- Up-to-date: /home/Projects/HET/alicia_ws/install/alicia_d_control_interfaces/local/lib/python3.10/dist-packages/alicia_d_control_interfaces/alicia_d_control_interfaces_s__rosidl_typesupport_fastrtps_c.cpython-310-x86_64-linux-gnu.so
[31.445s] -- Up-to-date: /home/Projects/HET/alicia_ws/install/alicia_d_control_interfaces/local/lib/python3.10/dist-packages/alicia_d_control_interfaces/action
[31.445s] -- Up-to-date: /home/Projects/HET/alicia_ws/install/alicia_d_control_interfaces/local/lib/python3.10/dist-packages/alicia_d_control_interfaces/action/_force_grasp_s.c
[31.445s] -- Up-to-date: /home/Projects/HET/alicia_ws/install/alicia_d_control_interfaces/local/lib/python3.10/dist-packages/alicia_d_control_interfaces/action/_force_grasp.py
[31.446s] -- Up-to-date: /home/Projects/HET/alicia_ws/install/alicia_d_control_interfaces/local/lib/python3.10/dist-packages/alicia_d_control_interfaces/action/_execute_pick.py
[31.446s] -- Up-to-date: /home/Projects/HET/alicia_ws/install/alicia_d_control_interfaces/local/lib/python3.10/dist-packages/alicia_d_control_interfaces/action/__init__.py
[31.446s] -- Up-to-date: /home/Projects/HET/alicia_ws/install/alicia_d_control_interfaces/local/lib/python3.10/dist-packages/alicia_d_control_interfaces/action/_move_gripper.py
[31.446s] -- Up-to-date: /home/Projects/HET/alicia_ws/install/alicia_d_control_interfaces/local/lib/python3.10/dist-packages/alicia_d_control_interfaces/action/_home_gripper.py
[31.446s] -- Up-to-date: /home/Projects/HET/alicia_ws/install/alicia_d_control_interfaces/local/lib/python3.10/dist-packages/alicia_d_control_interfaces/action/_move_arm_to_pose.py
[31.447s] -- Up-to-date: /home/Projects/HET/alicia_ws/install/alicia_d_control_interfaces/local/lib/python3.10/dist-packages/alicia_d_control_interfaces/action/_move_gripper_s.c
[31.447s] -- Up-to-date: /home/Projects/HET/alicia_ws/install/alicia_d_control_interfaces/local/lib/python3.10/dist-packages/alicia_d_control_interfaces/action/_execute_pick_s.c
[31.447s] -- Up-to-date: /home/Projects/HET/alicia_ws/install/alicia_d_control_interfaces/local/lib/python3.10/dist-packages/alicia_d_control_interfaces/action/_move_arm_to_pose_s.c
[31.447s] -- Up-to-date: /home/Projects/HET/alicia_ws/install/alicia_d_control_interfaces/local/lib/python3.10/dist-packages/alicia_d_control_interfaces/action/_home_gripper_s.c
[31.447s] -- Up-to-date: /home/Projects/HET/alicia_ws/install/alicia_d_control_interfaces/local/lib/python3.10/dist-packages/alicia_d_control_interfaces/msg
[31.447s] -- Up-to-date: /home/Projects/HET/alicia_ws/install/alicia_d_control_interfaces/local/lib/python3.10/dist-packages/alicia_d_control_interfaces/msg/_grasp_candidate.py
[31.448s] -- Up-to-date: /home/Projects/HET/alicia_ws/install/alicia_d_control_interfaces/local/lib/python3.10/dist-packages/alicia_d_control_interfaces/msg/__init__.py
[31.448s] -- Up-to-date: /home/Projects/HET/alicia_ws/install/alicia_d_control_interfaces/local/lib/python3.10/dist-packages/alicia_d_control_interfaces/msg/_gripper_state.py
[31.449s] -- Up-to-date: /home/Projects/HET/alicia_ws/install/alicia_d_control_interfaces/local/lib/python3.10/dist-packages/alicia_d_control_interfaces/msg/_grasp_candidate_s.c
[31.449s] -- Up-to-date: /home/Projects/HET/alicia_ws/install/alicia_d_control_interfaces/local/lib/python3.10/dist-packages/alicia_d_control_interfaces/msg/_gripper_state_s.c
[31.449s] -- Up-to-date: /home/Projects/HET/alicia_ws/install/alicia_d_control_interfaces/local/lib/python3.10/dist-packages/alicia_d_control_interfaces/_alicia_d_control_interfaces_s.ep.rosidl_typesupport_introspection_c.c
[31.522s] Listing '/home/Projects/HET/alicia_ws/install/alicia_d_control_interfaces/local/lib/python3.10/dist-packages/alicia_d_control_interfaces'...
[31.522s] Listing '/home/Projects/HET/alicia_ws/install/alicia_d_control_interfaces/local/lib/python3.10/dist-packages/alicia_d_control_interfaces/action'...
[31.523s] Listing '/home/Projects/HET/alicia_ws/install/alicia_d_control_interfaces/local/lib/python3.10/dist-packages/alicia_d_control_interfaces/msg'...
[31.534s] -- Up-to-date: /home/Projects/HET/alicia_ws/install/alicia_d_control_interfaces/local/lib/python3.10/dist-packages/alicia_d_control_interfaces/alicia_d_control_interfaces_s__rosidl_typesupport_fastrtps_c.cpython-310-x86_64-linux-gnu.so
[31.536s] -- Up-to-date: /home/Projects/HET/alicia_ws/install/alicia_d_control_interfaces/local/lib/python3.10/dist-packages/alicia_d_control_interfaces/alicia_d_control_interfaces_s__rosidl_typesupport_introspection_c.cpython-310-x86_64-linux-gnu.so
[31.537s] -- Up-to-date: /home/Projects/HET/alicia_ws/install/alicia_d_control_interfaces/local/lib/python3.10/dist-packages/alicia_d_control_interfaces/alicia_d_control_interfaces_s__rosidl_typesupport_c.cpython-310-x86_64-linux-gnu.so
[31.538s] -- Up-to-date: /home/Projects/HET/alicia_ws/install/alicia_d_control_interfaces/lib/libalicia_d_control_interfaces__rosidl_generator_py.so
[31.538s] -- Up-to-date: /home/Projects/HET/alicia_ws/install/alicia_d_control_interfaces/share/ament_index/resource_index/rust_packages/alicia_d_control_interfaces
[31.541s] -- Up-to-date: /home/Projects/HET/alicia_ws/install/alicia_d_control_interfaces/share/alicia_d_control_interfaces/rust
[31.543s] -- Up-to-date: /home/Projects/HET/alicia_ws/install/alicia_d_control_interfaces/share/alicia_d_control_interfaces/rust/Cargo.toml
[31.545s] -- Up-to-date: /home/Projects/HET/alicia_ws/install/alicia_d_control_interfaces/share/alicia_d_control_interfaces/rust/build.rs
[31.548s] -- Up-to-date: /home/Projects/HET/alicia_ws/install/alicia_d_control_interfaces/share/alicia_d_control_interfaces/rust/src
[31.549s] -- Up-to-date: /home/Projects/HET/alicia_ws/install/alicia_d_control_interfaces/share/alicia_d_control_interfaces/rust/src/msg.rs
[31.549s] -- Up-to-date: /home/Projects/HET/alicia_ws/install/alicia_d_control_interfaces/share/alicia_d_control_interfaces/rust/src/lib.rs
[31.553s] -- Up-to-date: /home/Projects/HET/alicia_ws/install/alicia_d_control_interfaces/share/alicia_d_control_interfaces/rust/src/action.rs
[31.554s] -- Up-to-date: /home/Projects/HET/alicia_ws/install/alicia_d_control_interfaces/share/alicia_d_control_interfaces/rust/src/action
[31.557s] -- Up-to-date: /home/Projects/HET/alicia_ws/install/alicia_d_control_interfaces/share/alicia_d_control_interfaces/rust/src/action/rmw.rs
[31.558s] -- Up-to-date: /home/Projects/HET/alicia_ws/install/alicia_d_control_interfaces/share/alicia_d_control_interfaces/rust/src/msg
[31.558s] -- Up-to-date: /home/Projects/HET/alicia_ws/install/alicia_d_control_interfaces/share/alicia_d_control_interfaces/rust/src/msg/rmw.rs
[31.558s] -- Up-to-date: /home/Projects/HET/alicia_ws/install/alicia_d_control_interfaces/share/alicia_d_control_interfaces/msg/GraspCandidate.idl
[31.559s] -- Up-to-date: /home/Projects/HET/alicia_ws/install/alicia_d_control_interfaces/share/alicia_d_control_interfaces/msg/GripperState.idl
[31.559s] -- Up-to-date: /home/Projects/HET/alicia_ws/install/alicia_d_control_interfaces/share/alicia_d_control_interfaces/action/ExecutePick.idl
[31.559s] -- Up-to-date: /home/Projects/HET/alicia_ws/install/alicia_d_control_interfaces/share/alicia_d_control_interfaces/action/ForceGrasp.idl
[31.559s] -- Up-to-date: /home/Projects/HET/alicia_ws/install/alicia_d_control_interfaces/share/alicia_d_control_interfaces/action/HomeGripper.idl
[31.559s] -- Up-to-date: /home/Projects/HET/alicia_ws/install/alicia_d_control_interfaces/share/alicia_d_control_interfaces/action/MoveArmToPose.idl
[31.559s] -- Up-to-date: /home/Projects/HET/alicia_ws/install/alicia_d_control_interfaces/share/alicia_d_control_interfaces/action/MoveGripper.idl
[31.560s] -- Up-to-date: /home/Projects/HET/alicia_ws/install/alicia_d_control_interfaces/share/alicia_d_control_interfaces/msg/GraspCandidate.msg
[31.560s] -- Up-to-date: /home/Projects/HET/alicia_ws/install/alicia_d_control_interfaces/share/alicia_d_control_interfaces/msg/GripperState.msg
[31.560s] -- Up-to-date: /home/Projects/HET/alicia_ws/install/alicia_d_control_interfaces/share/alicia_d_control_interfaces/action/ExecutePick.action
[31.560s] -- Up-to-date: /home/Projects/HET/alicia_ws/install/alicia_d_control_interfaces/share/alicia_d_control_interfaces/action/ForceGrasp.action
[31.560s] -- Up-to-date: /home/Projects/HET/alicia_ws/install/alicia_d_control_interfaces/share/alicia_d_control_interfaces/action/HomeGripper.action
[31.560s] -- Up-to-date: /home/Projects/HET/alicia_ws/install/alicia_d_control_interfaces/share/alicia_d_control_interfaces/action/MoveArmToPose.action
[31.560s] -- Up-to-date: /home/Projects/HET/alicia_ws/install/alicia_d_control_interfaces/share/alicia_d_control_interfaces/action/MoveGripper.action
[31.561s] -- Up-to-date: /home/Projects/HET/alicia_ws/install/alicia_d_control_interfaces/share/ament_index/resource_index/package_run_dependencies/alicia_d_control_interfaces
[31.561s] -- Up-to-date: /home/Projects/HET/alicia_ws/install/alicia_d_control_interfaces/share/ament_index/resource_index/parent_prefix_path/alicia_d_control_interfaces
[31.561s] -- Up-to-date: /home/Projects/HET/alicia_ws/install/alicia_d_control_interfaces/share/alicia_d_control_interfaces/environment/ament_prefix_path.sh
[31.561s] -- Up-to-date: /home/Projects/HET/alicia_ws/install/alicia_d_control_interfaces/share/alicia_d_control_interfaces/environment/ament_prefix_path.dsv
[31.561s] -- Up-to-date: /home/Projects/HET/alicia_ws/install/alicia_d_control_interfaces/share/alicia_d_control_interfaces/environment/path.sh
[31.561s] -- Up-to-date: /home/Projects/HET/alicia_ws/install/alicia_d_control_interfaces/share/alicia_d_control_interfaces/environment/path.dsv
[31.562s] -- Up-to-date: /home/Projects/HET/alicia_ws/install/alicia_d_control_interfaces/share/alicia_d_control_interfaces/local_setup.bash
[31.562s] -- Up-to-date: /home/Projects/HET/alicia_ws/install/alicia_d_control_interfaces/share/alicia_d_control_interfaces/local_setup.sh
[31.562s] -- Up-to-date: /home/Projects/HET/alicia_ws/install/alicia_d_control_interfaces/share/alicia_d_control_interfaces/local_setup.zsh
[31.562s] -- Up-to-date: /home/Projects/HET/alicia_ws/install/alicia_d_control_interfaces/share/alicia_d_control_interfaces/local_setup.dsv
[31.565s] -- Installing: /home/Projects/HET/alicia_ws/install/alicia_d_control_interfaces/share/alicia_d_control_interfaces/package.dsv
[31.568s] -- Up-to-date: /home/Projects/HET/alicia_ws/install/alicia_d_control_interfaces/share/ament_index/resource_index/packages/alicia_d_control_interfaces
[31.568s] -- Up-to-date: /home/Projects/HET/alicia_ws/install/alicia_d_control_interfaces/share/alicia_d_control_interfaces/cmake/export_alicia_d_control_interfaces__rosidl_generator_cExport.cmake
[31.569s] -- Up-to-date: /home/Projects/HET/alicia_ws/install/alicia_d_control_interfaces/share/alicia_d_control_interfaces/cmake/export_alicia_d_control_interfaces__rosidl_generator_cExport-noconfig.cmake
[31.570s] -- Up-to-date: /home/Projects/HET/alicia_ws/install/alicia_d_control_interfaces/share/alicia_d_control_interfaces/cmake/export_alicia_d_control_interfaces__rosidl_typesupport_fastrtps_cExport.cmake
[31.570s] -- Up-to-date: /home/Projects/HET/alicia_ws/install/alicia_d_control_interfaces/share/alicia_d_control_interfaces/cmake/export_alicia_d_control_interfaces__rosidl_typesupport_fastrtps_cExport-noconfig.cmake
[31.571s] -- Up-to-date: /home/Projects/HET/alicia_ws/install/alicia_d_control_interfaces/share/alicia_d_control_interfaces/cmake/export_alicia_d_control_interfaces__rosidl_generator_cppExport.cmake
[31.572s] -- Up-to-date: /home/Projects/HET/alicia_ws/install/alicia_d_control_interfaces/share/alicia_d_control_interfaces/cmake/export_alicia_d_control_interfaces__rosidl_typesupport_fastrtps_cppExport.cmake
[31.573s] -- Up-to-date: /home/Projects/HET/alicia_ws/install/alicia_d_control_interfaces/share/alicia_d_control_interfaces/cmake/export_alicia_d_control_interfaces__rosidl_typesupport_fastrtps_cppExport-noconfig.cmake
[31.573s] -- Up-to-date: /home/Projects/HET/alicia_ws/install/alicia_d_control_interfaces/share/alicia_d_control_interfaces/cmake/alicia_d_control_interfaces__rosidl_typesupport_introspection_cExport.cmake
[31.576s] -- Up-to-date: /home/Projects/HET/alicia_ws/install/alicia_d_control_interfaces/share/alicia_d_control_interfaces/cmake/alicia_d_control_interfaces__rosidl_typesupport_introspection_cExport-noconfig.cmake
[31.577s] -- Up-to-date: /home/Projects/HET/alicia_ws/install/alicia_d_control_interfaces/share/alicia_d_control_interfaces/cmake/alicia_d_control_interfaces__rosidl_typesupport_cExport.cmake
[31.579s] -- Up-to-date: /home/Projects/HET/alicia_ws/install/alicia_d_control_interfaces/share/alicia_d_control_interfaces/cmake/alicia_d_control_interfaces__rosidl_typesupport_cExport-noconfig.cmake
[31.580s] -- Up-to-date: /home/Projects/HET/alicia_ws/install/alicia_d_control_interfaces/share/alicia_d_control_interfaces/cmake/alicia_d_control_interfaces__rosidl_typesupport_introspection_cppExport.cmake
[31.580s] -- Up-to-date: /home/Projects/HET/alicia_ws/install/alicia_d_control_interfaces/share/alicia_d_control_interfaces/cmake/alicia_d_control_interfaces__rosidl_typesupport_introspection_cppExport-noconfig.cmake
[31.581s] -- Up-to-date: /home/Projects/HET/alicia_ws/install/alicia_d_control_interfaces/share/alicia_d_control_interfaces/cmake/alicia_d_control_interfaces__rosidl_typesupport_cppExport.cmake
[31.582s] -- Up-to-date: /home/Projects/HET/alicia_ws/install/alicia_d_control_interfaces/share/alicia_d_control_interfaces/cmake/alicia_d_control_interfaces__rosidl_typesupport_cppExport-noconfig.cmake
[31.583s] -- Up-to-date: /home/Projects/HET/alicia_ws/install/alicia_d_control_interfaces/share/alicia_d_control_interfaces/cmake/export_alicia_d_control_interfaces__rosidl_generator_pyExport.cmake
[31.583s] -- Up-to-date: /home/Projects/HET/alicia_ws/install/alicia_d_control_interfaces/share/alicia_d_control_interfaces/cmake/export_alicia_d_control_interfaces__rosidl_generator_pyExport-noconfig.cmake
[31.584s] -- Up-to-date: /home/Projects/HET/alicia_ws/install/alicia_d_control_interfaces/share/alicia_d_control_interfaces/cmake/rosidl_cmake-extras.cmake
[31.586s] -- Up-to-date: /home/Projects/HET/alicia_ws/install/alicia_d_control_interfaces/share/alicia_d_control_interfaces/cmake/ament_cmake_export_dependencies-extras.cmake
[31.588s] -- Up-to-date: /home/Projects/HET/alicia_ws/install/alicia_d_control_interfaces/share/alicia_d_control_interfaces/cmake/ament_cmake_export_include_directories-extras.cmake
[31.589s] -- Up-to-date: /home/Projects/HET/alicia_ws/install/alicia_d_control_interfaces/share/alicia_d_control_interfaces/cmake/ament_cmake_export_libraries-extras.cmake
[31.591s] -- Up-to-date: /home/Projects/HET/alicia_ws/install/alicia_d_control_interfaces/share/alicia_d_control_interfaces/cmake/ament_cmake_export_targets-extras.cmake
[31.591s] -- Up-to-date: /home/Projects/HET/alicia_ws/install/alicia_d_control_interfaces/share/alicia_d_control_interfaces/cmake/rosidl_cmake_export_typesupport_targets-extras.cmake
[31.593s] -- Up-to-date: /home/Projects/HET/alicia_ws/install/alicia_d_control_interfaces/share/alicia_d_control_interfaces/cmake/rosidl_cmake_export_typesupport_libraries-extras.cmake
[31.595s] -- Up-to-date: /home/Projects/HET/alicia_ws/install/alicia_d_control_interfaces/share/alicia_d_control_interfaces/cmake/alicia_d_control_interfacesConfig.cmake
[31.598s] -- Up-to-date: /home/Projects/HET/alicia_ws/install/alicia_d_control_interfaces/share/alicia_d_control_interfaces/cmake/alicia_d_control_interfacesConfig-version.cmake
[31.599s] -- Up-to-date: /home/Projects/HET/alicia_ws/install/alicia_d_control_interfaces/share/alicia_d_control_interfaces/package.xml
[31.601s] Invoked command in '/home/Projects/HET/alicia_ws/build/alicia_d_control_interfaces' returned '0': CMAKE_PREFIX_PATH=/opt/ros/humble /usr/bin/cmake --install /home/Projects/HET/alicia_ws/build/alicia_d_control_interfaces
