[0.091s] Invoking command in '/home/Projects/HET/alicia_ws/build/alicia_d_driver': CMAKE_PREFIX_PATH=/opt/ros/humble /usr/bin/cmake --build /home/Projects/HET/alicia_ws/build/alicia_d_driver -- -j20 -l20
[0.252s] [35m[1mConsolidate compiler generated dependencies of target serial_communicator_lib[0m
[0.357s] [ 25%] Built target serial_communicator_lib
[0.394s] [ 50%] Built target alicia_d_data_parser_control_lib
[0.478s] [ 75%] Built target alicia_d_hardware_interface
[0.480s] [100%] Built target alicia_d_driver_node
[0.513s] Invoked command in '/home/Projects/HET/alicia_ws/build/alicia_d_driver' returned '0': CMAKE_PREFIX_PATH=/opt/ros/humble /usr/bin/cmake --build /home/Projects/HET/alicia_ws/build/alicia_d_driver -- -j20 -l20
[0.523s] Invoking command in '/home/Projects/HET/alicia_ws/build/alicia_d_driver': CMAKE_PREFIX_PATH=/opt/ros/humble /usr/bin/cmake --install /home/Projects/HET/alicia_ws/build/alicia_d_driver
[0.544s] -- Install configuration: ""
[0.545s] -- Up-to-date: /home/Projects/HET/alicia_ws/install/alicia_d_driver/share/alicia_d_driver/alicia_d_driver.xml
[0.545s] -- Up-to-date: /home/Projects/HET/alicia_ws/install/alicia_d_driver/include/alicia_d_driver
[0.547s] -- Up-to-date: /home/Projects/HET/alicia_ws/install/alicia_d_driver/include/alicia_d_driver/alicia_d_driver
[0.547s] -- Up-to-date: /home/Projects/HET/alicia_ws/install/alicia_d_driver/include/alicia_d_driver/alicia_d_driver/alicia_d_hardware_interface.hpp
[0.547s] -- Up-to-date: /home/Projects/HET/alicia_ws/install/alicia_d_driver/include/alicia_d_driver/alicia_d_driver/alicia_d_data_parser_control.hpp
[0.547s] -- Up-to-date: /home/Projects/HET/alicia_ws/install/alicia_d_driver/include/alicia_d_driver/alicia_d_driver/serial_communicator.hpp
[0.547s] -- Up-to-date: /home/Projects/HET/alicia_ws/install/alicia_d_driver/include/alicia_d_driver/alicia_d_driver/alicia_d_driver_node.hpp
[0.547s] -- Up-to-date: /home/Projects/HET/alicia_ws/install/alicia_d_driver/share/alicia_d_driver
[0.548s] -- Up-to-date: /home/Projects/HET/alicia_ws/install/alicia_d_driver/share/alicia_d_driver/alicia_d_driver.launch.py
[0.548s] -- Up-to-date: /home/Projects/HET/alicia_ws/install/alicia_d_driver/share/alicia_d_driver/alicia_d_driver.xml
[0.551s] -- Up-to-date: /home/Projects/HET/alicia_ws/install/alicia_d_driver/lib/alicia_d_driver/alicia_d_driver_node
[0.554s] -- Up-to-date: /home/Projects/HET/alicia_ws/install/alicia_d_driver/lib/libalicia_d_hardware_interface.so
[0.555s] -- Up-to-date: /home/Projects/HET/alicia_ws/install/alicia_d_driver/lib/libserial_communicator_lib.so
[0.556s] -- Up-to-date: /home/Projects/HET/alicia_ws/install/alicia_d_driver/lib/libalicia_d_data_parser_control_lib.so
[0.558s] -- Up-to-date: /home/Projects/HET/alicia_ws/install/alicia_d_driver/share/alicia_d_driver/environment/library_path.sh
[0.558s] -- Up-to-date: /home/Projects/HET/alicia_ws/install/alicia_d_driver/share/alicia_d_driver/environment/library_path.dsv
[0.559s] -- Up-to-date: /home/Projects/HET/alicia_ws/install/alicia_d_driver/share/ament_index/resource_index/package_run_dependencies/alicia_d_driver
[0.560s] -- Up-to-date: /home/Projects/HET/alicia_ws/install/alicia_d_driver/share/ament_index/resource_index/parent_prefix_path/alicia_d_driver
[0.561s] -- Up-to-date: /home/Projects/HET/alicia_ws/install/alicia_d_driver/share/alicia_d_driver/environment/ament_prefix_path.sh
[0.561s] -- Up-to-date: /home/Projects/HET/alicia_ws/install/alicia_d_driver/share/alicia_d_driver/environment/ament_prefix_path.dsv
[0.562s] -- Up-to-date: /home/Projects/HET/alicia_ws/install/alicia_d_driver/share/alicia_d_driver/environment/path.sh
[0.563s] -- Up-to-date: /home/Projects/HET/alicia_ws/install/alicia_d_driver/share/alicia_d_driver/environment/path.dsv
[0.563s] -- Up-to-date: /home/Projects/HET/alicia_ws/install/alicia_d_driver/share/alicia_d_driver/local_setup.bash
[0.564s] -- Up-to-date: /home/Projects/HET/alicia_ws/install/alicia_d_driver/share/alicia_d_driver/local_setup.sh
[0.564s] -- Up-to-date: /home/Projects/HET/alicia_ws/install/alicia_d_driver/share/alicia_d_driver/local_setup.zsh
[0.564s] -- Up-to-date: /home/Projects/HET/alicia_ws/install/alicia_d_driver/share/alicia_d_driver/local_setup.dsv
[0.564s] -- Installing: /home/Projects/HET/alicia_ws/install/alicia_d_driver/share/alicia_d_driver/package.dsv
[0.565s] -- Up-to-date: /home/Projects/HET/alicia_ws/install/alicia_d_driver/share/ament_index/resource_index/packages/alicia_d_driver
[0.565s] -- Up-to-date: /home/Projects/HET/alicia_ws/install/alicia_d_driver/share/ament_index/resource_index/hardware_interface__pluginlib__plugin/alicia_d_driver
[0.566s] -- Up-to-date: /home/Projects/HET/alicia_ws/install/alicia_d_driver/share/alicia_d_driver/cmake/export_alicia_d_driverExport.cmake
[0.566s] -- Up-to-date: /home/Projects/HET/alicia_ws/install/alicia_d_driver/share/alicia_d_driver/cmake/export_alicia_d_driverExport-noconfig.cmake
[0.566s] -- Up-to-date: /home/Projects/HET/alicia_ws/install/alicia_d_driver/share/alicia_d_driver/cmake/ament_cmake_export_targets-extras.cmake
[0.567s] -- Up-to-date: /home/Projects/HET/alicia_ws/install/alicia_d_driver/share/alicia_d_driver/cmake/ament_cmake_export_dependencies-extras.cmake
[0.569s] -- Up-to-date: /home/Projects/HET/alicia_ws/install/alicia_d_driver/share/alicia_d_driver/cmake/alicia_d_driverConfig.cmake
[0.573s] -- Up-to-date: /home/Projects/HET/alicia_ws/install/alicia_d_driver/share/alicia_d_driver/cmake/alicia_d_driverConfig-version.cmake
[0.576s] -- Up-to-date: /home/Projects/HET/alicia_ws/install/alicia_d_driver/share/alicia_d_driver/package.xml
[0.578s] Invoked command in '/home/Projects/HET/alicia_ws/build/alicia_d_driver' returned '0': CMAKE_PREFIX_PATH=/opt/ros/humble /usr/bin/cmake --install /home/Projects/HET/alicia_ws/build/alicia_d_driver
