[0.006s] Invoking command in '/home/zyx/桌面/Robot_Arm/alicia_ws/build/alicia_d_moveit': AMENT_PREFIX_PATH=/home/zyx/桌面/Robot_Arm/alicia_ws/install/alicia_d_driver:/home/zyx/桌面/Robot_Arm/alicia_ws/install/alicia_d_descriptions:${AMENT_PREFIX_PATH} CMAKE_PREFIX_PATH=/home/zyx/桌面/Robot_Arm/alicia_ws/install/alicia_d_driver:/home/zyx/桌面/Robot_Arm/alicia_ws/install/alicia_d_descriptions:/opt/ros/humble LD_LIBRARY_PATH=/home/zyx/桌面/Robot_Arm/alicia_ws/install/alicia_d_driver/lib:${LD_LIBRARY_PATH} /usr/bin/cmake /home/zyx/桌面/Robot_Arm/alicia_ws/src/alicia_d_moveit -DCMAKE_INSTALL_PREFIX=/home/zyx/桌面/Robot_Arm/alicia_ws/install/alicia_d_moveit
[0.051s] -- The C compiler identification is GNU 12.3.0
[0.091s] -- The CXX compiler identification is GNU 12.3.0
[0.096s] -- Detecting C compiler ABI info
[0.149s] -- Detecting C compiler ABI info - done
[0.154s] -- Check for working C compiler: /usr/bin/cc - skipped
[0.154s] -- Detecting C compile features
[0.154s] -- Detecting C compile features - done
[0.155s] -- Detecting CXX compiler ABI info
[0.209s] -- Detecting CXX compiler ABI info - done
[0.215s] -- Check for working CXX compiler: /usr/bin/c++ - skipped
[0.216s] -- Detecting CXX compile features
[0.216s] -- Detecting CXX compile features - done
[0.218s] -- Found ament_cmake: 1.3.10 (/opt/ros/humble/share/ament_cmake/cmake)
[0.313s] -- Found Python3: /usr/bin/python3 (found version "3.10.12") found components: Interpreter 
[0.395s] -- Configuring done
[0.396s] -- Generating done
[0.396s] -- Build files have been written to: /home/zyx/桌面/Robot_Arm/alicia_ws/build/alicia_d_moveit
[0.399s] Invoked command in '/home/zyx/桌面/Robot_Arm/alicia_ws/build/alicia_d_moveit' returned '0': AMENT_PREFIX_PATH=/home/zyx/桌面/Robot_Arm/alicia_ws/install/alicia_d_driver:/home/zyx/桌面/Robot_Arm/alicia_ws/install/alicia_d_descriptions:${AMENT_PREFIX_PATH} CMAKE_PREFIX_PATH=/home/zyx/桌面/Robot_Arm/alicia_ws/install/alicia_d_driver:/home/zyx/桌面/Robot_Arm/alicia_ws/install/alicia_d_descriptions:/opt/ros/humble LD_LIBRARY_PATH=/home/zyx/桌面/Robot_Arm/alicia_ws/install/alicia_d_driver/lib:${LD_LIBRARY_PATH} /usr/bin/cmake /home/zyx/桌面/Robot_Arm/alicia_ws/src/alicia_d_moveit -DCMAKE_INSTALL_PREFIX=/home/zyx/桌面/Robot_Arm/alicia_ws/install/alicia_d_moveit
[0.400s] Invoking command in '/home/zyx/桌面/Robot_Arm/alicia_ws/build/alicia_d_moveit': AMENT_PREFIX_PATH=/home/zyx/桌面/Robot_Arm/alicia_ws/install/alicia_d_driver:/home/zyx/桌面/Robot_Arm/alicia_ws/install/alicia_d_descriptions:${AMENT_PREFIX_PATH} CMAKE_PREFIX_PATH=/home/zyx/桌面/Robot_Arm/alicia_ws/install/alicia_d_driver:/home/zyx/桌面/Robot_Arm/alicia_ws/install/alicia_d_descriptions:/opt/ros/humble LD_LIBRARY_PATH=/home/zyx/桌面/Robot_Arm/alicia_ws/install/alicia_d_driver/lib:${LD_LIBRARY_PATH} /usr/bin/cmake --build /home/zyx/桌面/Robot_Arm/alicia_ws/build/alicia_d_moveit -- -j32 -l32
[0.427s] Invoked command in '/home/zyx/桌面/Robot_Arm/alicia_ws/build/alicia_d_moveit' returned '0': AMENT_PREFIX_PATH=/home/zyx/桌面/Robot_Arm/alicia_ws/install/alicia_d_driver:/home/zyx/桌面/Robot_Arm/alicia_ws/install/alicia_d_descriptions:${AMENT_PREFIX_PATH} CMAKE_PREFIX_PATH=/home/zyx/桌面/Robot_Arm/alicia_ws/install/alicia_d_driver:/home/zyx/桌面/Robot_Arm/alicia_ws/install/alicia_d_descriptions:/opt/ros/humble LD_LIBRARY_PATH=/home/zyx/桌面/Robot_Arm/alicia_ws/install/alicia_d_driver/lib:${LD_LIBRARY_PATH} /usr/bin/cmake --build /home/zyx/桌面/Robot_Arm/alicia_ws/build/alicia_d_moveit -- -j32 -l32
[0.445s] Invoking command in '/home/zyx/桌面/Robot_Arm/alicia_ws/build/alicia_d_moveit': AMENT_PREFIX_PATH=/home/zyx/桌面/Robot_Arm/alicia_ws/install/alicia_d_driver:/home/zyx/桌面/Robot_Arm/alicia_ws/install/alicia_d_descriptions:${AMENT_PREFIX_PATH} CMAKE_PREFIX_PATH=/home/zyx/桌面/Robot_Arm/alicia_ws/install/alicia_d_driver:/home/zyx/桌面/Robot_Arm/alicia_ws/install/alicia_d_descriptions:/opt/ros/humble LD_LIBRARY_PATH=/home/zyx/桌面/Robot_Arm/alicia_ws/install/alicia_d_driver/lib:${LD_LIBRARY_PATH} /usr/bin/cmake --install /home/zyx/桌面/Robot_Arm/alicia_ws/build/alicia_d_moveit
[0.451s] -- Install configuration: ""
[0.452s] -- Installing: /home/zyx/桌面/Robot_Arm/alicia_ws/install/alicia_d_moveit/share/ament_index/resource_index/package_run_dependencies/alicia_d_moveit
[0.452s] -- Installing: /home/zyx/桌面/Robot_Arm/alicia_ws/install/alicia_d_moveit/share/ament_index/resource_index/parent_prefix_path/alicia_d_moveit
[0.452s] -- Installing: /home/zyx/桌面/Robot_Arm/alicia_ws/install/alicia_d_moveit/share/alicia_d_moveit/environment/ament_prefix_path.sh
[0.452s] -- Installing: /home/zyx/桌面/Robot_Arm/alicia_ws/install/alicia_d_moveit/share/alicia_d_moveit/environment/ament_prefix_path.dsv
[0.452s] -- Installing: /home/zyx/桌面/Robot_Arm/alicia_ws/install/alicia_d_moveit/share/alicia_d_moveit/environment/path.sh
[0.452s] -- Installing: /home/zyx/桌面/Robot_Arm/alicia_ws/install/alicia_d_moveit/share/alicia_d_moveit/environment/path.dsv
[0.452s] -- Installing: /home/zyx/桌面/Robot_Arm/alicia_ws/install/alicia_d_moveit/share/alicia_d_moveit/local_setup.bash
[0.452s] -- Installing: /home/zyx/桌面/Robot_Arm/alicia_ws/install/alicia_d_moveit/share/alicia_d_moveit/local_setup.sh
[0.452s] -- Installing: /home/zyx/桌面/Robot_Arm/alicia_ws/install/alicia_d_moveit/share/alicia_d_moveit/local_setup.zsh
[0.452s] -- Installing: /home/zyx/桌面/Robot_Arm/alicia_ws/install/alicia_d_moveit/share/alicia_d_moveit/local_setup.dsv
[0.452s] -- Installing: /home/zyx/桌面/Robot_Arm/alicia_ws/install/alicia_d_moveit/share/alicia_d_moveit/package.dsv
[0.452s] -- Installing: /home/zyx/桌面/Robot_Arm/alicia_ws/install/alicia_d_moveit/share/ament_index/resource_index/packages/alicia_d_moveit
[0.453s] -- Installing: /home/zyx/桌面/Robot_Arm/alicia_ws/install/alicia_d_moveit/share/alicia_d_moveit/cmake/alicia_d_moveitConfig.cmake
[0.453s] -- Installing: /home/zyx/桌面/Robot_Arm/alicia_ws/install/alicia_d_moveit/share/alicia_d_moveit/cmake/alicia_d_moveitConfig-version.cmake
[0.453s] -- Installing: /home/zyx/桌面/Robot_Arm/alicia_ws/install/alicia_d_moveit/share/alicia_d_moveit/package.xml
[0.453s] -- Installing: /home/zyx/桌面/Robot_Arm/alicia_ws/install/alicia_d_moveit/share/alicia_d_moveit/launch
[0.453s] -- Installing: /home/zyx/桌面/Robot_Arm/alicia_ws/install/alicia_d_moveit/share/alicia_d_moveit/launch/moveit_config_builder.py
[0.453s] -- Installing: /home/zyx/桌面/Robot_Arm/alicia_ws/install/alicia_d_moveit/share/alicia_d_moveit/launch/static_virtual_joint_tfs.launch.py
[0.453s] -- Installing: /home/zyx/桌面/Robot_Arm/alicia_ws/install/alicia_d_moveit/share/alicia_d_moveit/launch/moveit_rviz.launch.py
[0.453s] -- Installing: /home/zyx/桌面/Robot_Arm/alicia_ws/install/alicia_d_moveit/share/alicia_d_moveit/launch/warehouse_db.launch.py
[0.453s] -- Installing: /home/zyx/桌面/Robot_Arm/alicia_ws/install/alicia_d_moveit/share/alicia_d_moveit/launch/spawn_controllers.launch.py
[0.453s] -- Installing: /home/zyx/桌面/Robot_Arm/alicia_ws/install/alicia_d_moveit/share/alicia_d_moveit/launch/rsp.launch.py
[0.453s] -- Installing: /home/zyx/桌面/Robot_Arm/alicia_ws/install/alicia_d_moveit/share/alicia_d_moveit/launch/real_robot.launch.py
[0.453s] -- Installing: /home/zyx/桌面/Robot_Arm/alicia_ws/install/alicia_d_moveit/share/alicia_d_moveit/launch/move_group.launch.py
[0.453s] -- Installing: /home/zyx/桌面/Robot_Arm/alicia_ws/install/alicia_d_moveit/share/alicia_d_moveit/launch/demo.launch.py
[0.453s] -- Installing: /home/zyx/桌面/Robot_Arm/alicia_ws/install/alicia_d_moveit/share/alicia_d_moveit/launch/setup_assistant.launch.py
[0.453s] -- Installing: /home/zyx/桌面/Robot_Arm/alicia_ws/install/alicia_d_moveit/share/alicia_d_moveit/config
[0.453s] -- Installing: /home/zyx/桌面/Robot_Arm/alicia_ws/install/alicia_d_moveit/share/alicia_d_moveit/config/Alicia_D_v5_6_gripper_50mm.urdf.xacro
[0.453s] -- Installing: /home/zyx/桌面/Robot_Arm/alicia_ws/install/alicia_d_moveit/share/alicia_d_moveit/config/Alicia_D_v5_6_gripper_50mm_demo.urdf.xacro
[0.453s] -- Installing: /home/zyx/桌面/Robot_Arm/alicia_ws/install/alicia_d_moveit/share/alicia_d_moveit/config/alicia_d_descriptions.srdf
[0.453s] -- Installing: /home/zyx/桌面/Robot_Arm/alicia_ws/install/alicia_d_moveit/share/alicia_d_moveit/config/Alicia_D_v5_6_gripper_50mm.srdf
[0.453s] -- Installing: /home/zyx/桌面/Robot_Arm/alicia_ws/install/alicia_d_moveit/share/alicia_d_moveit/config/alicia_d_descriptions.ros2_control.xacro
[0.453s] -- Installing: /home/zyx/桌面/Robot_Arm/alicia_ws/install/alicia_d_moveit/share/alicia_d_moveit/config/Alicia_D_v5_6_gripper_100mm_demo.urdf.xacro
[0.453s] -- Installing: /home/zyx/桌面/Robot_Arm/alicia_ws/install/alicia_d_moveit/share/alicia_d_moveit/config/Alicia_D_v5_6_gripper_100mm.urdf.xacro
[0.453s] -- Installing: /home/zyx/桌面/Robot_Arm/alicia_ws/install/alicia_d_moveit/share/alicia_d_moveit/config/alicia_d_descriptions.urdf.xacro
[0.454s] -- Installing: /home/zyx/桌面/Robot_Arm/alicia_ws/install/alicia_d_moveit/share/alicia_d_moveit/config/kinematics.yaml
[0.454s] -- Installing: /home/zyx/桌面/Robot_Arm/alicia_ws/install/alicia_d_moveit/share/alicia_d_moveit/config/Alicia_D_v5_6_gripper_100mm.srdf
[0.454s] -- Installing: /home/zyx/桌面/Robot_Arm/alicia_ws/install/alicia_d_moveit/share/alicia_d_moveit/config/pilz_cartesian_limits.yaml
[0.454s] -- Installing: /home/zyx/桌面/Robot_Arm/alicia_ws/install/alicia_d_moveit/share/alicia_d_moveit/config/sensors_3d.yaml
[0.454s] -- Installing: /home/zyx/桌面/Robot_Arm/alicia_ws/install/alicia_d_moveit/share/alicia_d_moveit/config/moveit_controllers.yaml
[0.454s] -- Installing: /home/zyx/桌面/Robot_Arm/alicia_ws/install/alicia_d_moveit/share/alicia_d_moveit/config/moveit.rviz
[0.454s] -- Installing: /home/zyx/桌面/Robot_Arm/alicia_ws/install/alicia_d_moveit/share/alicia_d_moveit/config/alicia_d_descriptions.ros2_control.fake.xacro
[0.454s] -- Installing: /home/zyx/桌面/Robot_Arm/alicia_ws/install/alicia_d_moveit/share/alicia_d_moveit/config/demo.rviz
[0.454s] -- Installing: /home/zyx/桌面/Robot_Arm/alicia_ws/install/alicia_d_moveit/share/alicia_d_moveit/config/initial_positions.yaml
[0.454s] -- Installing: /home/zyx/桌面/Robot_Arm/alicia_ws/install/alicia_d_moveit/share/alicia_d_moveit/config/joint_limits.yaml
[0.454s] -- Installing: /home/zyx/桌面/Robot_Arm/alicia_ws/install/alicia_d_moveit/share/alicia_d_moveit/config/ros2_controllers.yaml
[0.454s] -- Installing: /home/zyx/桌面/Robot_Arm/alicia_ws/install/alicia_d_moveit/share/alicia_d_moveit/.setup_assistant
[0.456s] Invoked command in '/home/zyx/桌面/Robot_Arm/alicia_ws/build/alicia_d_moveit' returned '0': AMENT_PREFIX_PATH=/home/zyx/桌面/Robot_Arm/alicia_ws/install/alicia_d_driver:/home/zyx/桌面/Robot_Arm/alicia_ws/install/alicia_d_descriptions:${AMENT_PREFIX_PATH} CMAKE_PREFIX_PATH=/home/zyx/桌面/Robot_Arm/alicia_ws/install/alicia_d_driver:/home/zyx/桌面/Robot_Arm/alicia_ws/install/alicia_d_descriptions:/opt/ros/humble LD_LIBRARY_PATH=/home/zyx/桌面/Robot_Arm/alicia_ws/install/alicia_d_driver/lib:${LD_LIBRARY_PATH} /usr/bin/cmake --install /home/zyx/桌面/Robot_Arm/alicia_ws/build/alicia_d_moveit
