[2.760s] Invoking command in '/home/Projects/HET/alicia_ws/build/alicia_d_sts_gripper': AMENT_PREFIX_PATH=/home/Projects/HET/alicia_ws/install/alicia_d_control_interfaces:${AMENT_PREFIX_PATH} CMAKE_PREFIX_PATH=/home/Projects/HET/alicia_ws/install/alicia_d_control_interfaces:/opt/ros/humble LD_LIBRARY_PATH=/home/Projects/HET/alicia_ws/install/alicia_d_control_interfaces/lib:${LD_LIBRARY_PATH} PYTHONPATH=/home/Projects/HET/alicia_ws/install/alicia_d_control_interfaces/local/lib/python3.10/dist-packages:${PYTHONPATH} /usr/bin/cmake --build /home/Projects/HET/alicia_ws/build/alicia_d_sts_gripper -- -j20 -l20
[2.923s] Built target ament_cmake_python_copy_alicia_d_sts_gripper
[3.782s] running egg_info
[3.784s] writing alicia_d_sts_gripper.egg-info/PKG-INFO
[3.786s] writing dependency_links to alicia_d_sts_gripper.egg-info/dependency_links.txt
[3.787s] writing top-level names to alicia_d_sts_gripper.egg-info/top_level.txt
[3.795s] reading manifest file 'alicia_d_sts_gripper.egg-info/SOURCES.txt'
[3.796s] writing manifest file 'alicia_d_sts_gripper.egg-info/SOURCES.txt'
[3.872s] Built target ament_cmake_python_build_alicia_d_sts_gripper_egg
[3.899s] Invoked command in '/home/Projects/HET/alicia_ws/build/alicia_d_sts_gripper' returned '0': AMENT_PREFIX_PATH=/home/Projects/HET/alicia_ws/install/alicia_d_control_interfaces:${AMENT_PREFIX_PATH} CMAKE_PREFIX_PATH=/home/Projects/HET/alicia_ws/install/alicia_d_control_interfaces:/opt/ros/humble LD_LIBRARY_PATH=/home/Projects/HET/alicia_ws/install/alicia_d_control_interfaces/lib:${LD_LIBRARY_PATH} PYTHONPATH=/home/Projects/HET/alicia_ws/install/alicia_d_control_interfaces/local/lib/python3.10/dist-packages:${PYTHONPATH} /usr/bin/cmake --build /home/Projects/HET/alicia_ws/build/alicia_d_sts_gripper -- -j20 -l20
[3.904s] Invoking command in '/home/Projects/HET/alicia_ws/build/alicia_d_sts_gripper': AMENT_PREFIX_PATH=/home/Projects/HET/alicia_ws/install/alicia_d_control_interfaces:${AMENT_PREFIX_PATH} CMAKE_PREFIX_PATH=/home/Projects/HET/alicia_ws/install/alicia_d_control_interfaces:/opt/ros/humble LD_LIBRARY_PATH=/home/Projects/HET/alicia_ws/install/alicia_d_control_interfaces/lib:${LD_LIBRARY_PATH} PYTHONPATH=/home/Projects/HET/alicia_ws/install/alicia_d_control_interfaces/local/lib/python3.10/dist-packages:${PYTHONPATH} /usr/bin/cmake --install /home/Projects/HET/alicia_ws/build/alicia_d_sts_gripper
[3.924s] -- Install configuration: ""
[3.925s] -- Up-to-date: /home/Projects/HET/alicia_ws/install/alicia_d_sts_gripper/share/alicia_d_sts_gripper/environment/pythonpath.sh
[3.925s] -- Up-to-date: /home/Projects/HET/alicia_ws/install/alicia_d_sts_gripper/share/alicia_d_sts_gripper/environment/pythonpath.dsv
[3.926s] -- Up-to-date: /home/Projects/HET/alicia_ws/install/alicia_d_sts_gripper/local/lib/python3.10/dist-packages/alicia_d_sts_gripper-0.1.0-py3.10.egg-info
[3.926s] -- Installing: /home/Projects/HET/alicia_ws/install/alicia_d_sts_gripper/local/lib/python3.10/dist-packages/alicia_d_sts_gripper-0.1.0-py3.10.egg-info/PKG-INFO
[3.926s] -- Installing: /home/Projects/HET/alicia_ws/install/alicia_d_sts_gripper/local/lib/python3.10/dist-packages/alicia_d_sts_gripper-0.1.0-py3.10.egg-info/SOURCES.txt
[3.927s] -- Installing: /home/Projects/HET/alicia_ws/install/alicia_d_sts_gripper/local/lib/python3.10/dist-packages/alicia_d_sts_gripper-0.1.0-py3.10.egg-info/dependency_links.txt
[3.927s] -- Installing: /home/Projects/HET/alicia_ws/install/alicia_d_sts_gripper/local/lib/python3.10/dist-packages/alicia_d_sts_gripper-0.1.0-py3.10.egg-info/top_level.txt
[3.927s] -- Up-to-date: /home/Projects/HET/alicia_ws/install/alicia_d_sts_gripper/local/lib/python3.10/dist-packages/alicia_d_sts_gripper
[3.927s] -- Up-to-date: /home/Projects/HET/alicia_ws/install/alicia_d_sts_gripper/local/lib/python3.10/dist-packages/alicia_d_sts_gripper/__init__.py
[3.927s] -- Installing: /home/Projects/HET/alicia_ws/install/alicia_d_sts_gripper/local/lib/python3.10/dist-packages/alicia_d_sts_gripper/sts3215_bus.py
[4.041s] Listing '/home/Projects/HET/alicia_ws/install/alicia_d_sts_gripper/local/lib/python3.10/dist-packages/alicia_d_sts_gripper'...
[4.041s] Compiling '/home/Projects/HET/alicia_ws/install/alicia_d_sts_gripper/local/lib/python3.10/dist-packages/alicia_d_sts_gripper/sts3215_bus.py'...
[4.062s] -- Installing: /home/Projects/HET/alicia_ws/install/alicia_d_sts_gripper/lib/alicia_d_sts_gripper/gripper_action_node.py
[4.064s] -- Up-to-date: /home/Projects/HET/alicia_ws/install/alicia_d_sts_gripper/lib/alicia_d_sts_gripper/sts3215_raw_tool.py
[4.064s] -- Up-to-date: /home/Projects/HET/alicia_ws/install/alicia_d_sts_gripper/share/alicia_d_sts_gripper/config
[4.065s] -- Installing: /home/Projects/HET/alicia_ws/install/alicia_d_sts_gripper/share/alicia_d_sts_gripper/config/sts3215_gripper.yaml
[4.066s] -- Up-to-date: /home/Projects/HET/alicia_ws/install/alicia_d_sts_gripper/share/alicia_d_sts_gripper/launch
[4.068s] -- Up-to-date: /home/Projects/HET/alicia_ws/install/alicia_d_sts_gripper/share/alicia_d_sts_gripper/launch/sts3215_gripper.launch.py
[4.069s] -- Up-to-date: /home/Projects/HET/alicia_ws/install/alicia_d_sts_gripper/share/ament_index/resource_index/package_run_dependencies/alicia_d_sts_gripper
[4.069s] -- Up-to-date: /home/Projects/HET/alicia_ws/install/alicia_d_sts_gripper/share/ament_index/resource_index/parent_prefix_path/alicia_d_sts_gripper
[4.070s] -- Up-to-date: /home/Projects/HET/alicia_ws/install/alicia_d_sts_gripper/share/alicia_d_sts_gripper/environment/ament_prefix_path.sh
[4.070s] -- Up-to-date: /home/Projects/HET/alicia_ws/install/alicia_d_sts_gripper/share/alicia_d_sts_gripper/environment/ament_prefix_path.dsv
[4.071s] -- Up-to-date: /home/Projects/HET/alicia_ws/install/alicia_d_sts_gripper/share/alicia_d_sts_gripper/environment/path.sh
[4.079s] -- Up-to-date: /home/Projects/HET/alicia_ws/install/alicia_d_sts_gripper/share/alicia_d_sts_gripper/environment/path.dsv
[4.083s] -- Up-to-date: /home/Projects/HET/alicia_ws/install/alicia_d_sts_gripper/share/alicia_d_sts_gripper/local_setup.bash
[4.084s] -- Up-to-date: /home/Projects/HET/alicia_ws/install/alicia_d_sts_gripper/share/alicia_d_sts_gripper/local_setup.sh
[4.086s] -- Up-to-date: /home/Projects/HET/alicia_ws/install/alicia_d_sts_gripper/share/alicia_d_sts_gripper/local_setup.zsh
[4.087s] -- Up-to-date: /home/Projects/HET/alicia_ws/install/alicia_d_sts_gripper/share/alicia_d_sts_gripper/local_setup.dsv
[4.089s] -- Installing: /home/Projects/HET/alicia_ws/install/alicia_d_sts_gripper/share/alicia_d_sts_gripper/package.dsv
[4.090s] -- Up-to-date: /home/Projects/HET/alicia_ws/install/alicia_d_sts_gripper/share/ament_index/resource_index/packages/alicia_d_sts_gripper
[4.091s] -- Up-to-date: /home/Projects/HET/alicia_ws/install/alicia_d_sts_gripper/share/alicia_d_sts_gripper/cmake/alicia_d_sts_gripperConfig.cmake
[4.092s] -- Up-to-date: /home/Projects/HET/alicia_ws/install/alicia_d_sts_gripper/share/alicia_d_sts_gripper/cmake/alicia_d_sts_gripperConfig-version.cmake
[4.101s] -- Up-to-date: /home/Projects/HET/alicia_ws/install/alicia_d_sts_gripper/share/alicia_d_sts_gripper/package.xml
[4.104s] Invoked command in '/home/Projects/HET/alicia_ws/build/alicia_d_sts_gripper' returned '0': AMENT_PREFIX_PATH=/home/Projects/HET/alicia_ws/install/alicia_d_control_interfaces:${AMENT_PREFIX_PATH} CMAKE_PREFIX_PATH=/home/Projects/HET/alicia_ws/install/alicia_d_control_interfaces:/opt/ros/humble LD_LIBRARY_PATH=/home/Projects/HET/alicia_ws/install/alicia_d_control_interfaces/lib:${LD_LIBRARY_PATH} PYTHONPATH=/home/Projects/HET/alicia_ws/install/alicia_d_control_interfaces/local/lib/python3.10/dist-packages:${PYTHONPATH} /usr/bin/cmake --install /home/Projects/HET/alicia_ws/build/alicia_d_sts_gripper
