[0.085s] Invoking command in '/home/Projects/HET/alicia_ws/build/alicia_d_cube_sort': CMAKE_PREFIX_PATH=/opt/ros/humble /usr/bin/cmake --build /home/Projects/HET/alicia_ws/build/alicia_d_cube_sort -- -j20 -l20
[0.282s] Built target ament_cmake_python_copy_alicia_d_cube_sort
[1.365s] running egg_info
[1.368s] writing alicia_d_cube_sort.egg-info/PKG-INFO
[1.368s] writing dependency_links to alicia_d_cube_sort.egg-info/dependency_links.txt
[1.368s] writing top-level names to alicia_d_cube_sort.egg-info/top_level.txt
[1.368s] reading manifest file 'alicia_d_cube_sort.egg-info/SOURCES.txt'
[1.372s] writing manifest file 'alicia_d_cube_sort.egg-info/SOURCES.txt'
[1.516s] Built target ament_cmake_python_build_alicia_d_cube_sort_egg
[1.559s] Invoked command in '/home/Projects/HET/alicia_ws/build/alicia_d_cube_sort' returned '0': CMAKE_PREFIX_PATH=/opt/ros/humble /usr/bin/cmake --build /home/Projects/HET/alicia_ws/build/alicia_d_cube_sort -- -j20 -l20
[1.569s] Invoking command in '/home/Projects/HET/alicia_ws/build/alicia_d_cube_sort': CMAKE_PREFIX_PATH=/opt/ros/humble /usr/bin/cmake --install /home/Projects/HET/alicia_ws/build/alicia_d_cube_sort
[1.633s] -- Install configuration: ""
[1.633s] -- Up-to-date: /home/Projects/HET/alicia_ws/install/alicia_d_cube_sort/share/alicia_d_cube_sort/environment/pythonpath.sh
[1.633s] -- Up-to-date: /home/Projects/HET/alicia_ws/install/alicia_d_cube_sort/share/alicia_d_cube_sort/environment/pythonpath.dsv
[1.634s] -- Up-to-date: /home/Projects/HET/alicia_ws/install/alicia_d_cube_sort/local/lib/python3.10/dist-packages/alicia_d_cube_sort-1.0.0-py3.10.egg-info
[1.635s] -- Installing: /home/Projects/HET/alicia_ws/install/alicia_d_cube_sort/local/lib/python3.10/dist-packages/alicia_d_cube_sort-1.0.0-py3.10.egg-info/PKG-INFO
[1.635s] -- Installing: /home/Projects/HET/alicia_ws/install/alicia_d_cube_sort/local/lib/python3.10/dist-packages/alicia_d_cube_sort-1.0.0-py3.10.egg-info/SOURCES.txt
[1.635s] -- Installing: /home/Projects/HET/alicia_ws/install/alicia_d_cube_sort/local/lib/python3.10/dist-packages/alicia_d_cube_sort-1.0.0-py3.10.egg-info/dependency_links.txt
[1.636s] -- Installing: /home/Projects/HET/alicia_ws/install/alicia_d_cube_sort/local/lib/python3.10/dist-packages/alicia_d_cube_sort-1.0.0-py3.10.egg-info/top_level.txt
[1.645s] -- Up-to-date: /home/Projects/HET/alicia_ws/install/alicia_d_cube_sort/local/lib/python3.10/dist-packages/alicia_d_cube_sort
[1.645s] -- Up-to-date: /home/Projects/HET/alicia_ws/install/alicia_d_cube_sort/local/lib/python3.10/dist-packages/alicia_d_cube_sort/utils
[1.645s] -- Up-to-date: /home/Projects/HET/alicia_ws/install/alicia_d_cube_sort/local/lib/python3.10/dist-packages/alicia_d_cube_sort/utils/plane_estimation.py
[1.646s] -- Up-to-date: /home/Projects/HET/alicia_ws/install/alicia_d_cube_sort/local/lib/python3.10/dist-packages/alicia_d_cube_sort/utils/color_detection.py
[1.646s] -- Up-to-date: /home/Projects/HET/alicia_ws/install/alicia_d_cube_sort/local/lib/python3.10/dist-packages/alicia_d_cube_sort/utils/__init__.py
[1.646s] -- Up-to-date: /home/Projects/HET/alicia_ws/install/alicia_d_cube_sort/local/lib/python3.10/dist-packages/alicia_d_cube_sort/__init__.py
[1.704s] Listing '/home/Projects/HET/alicia_ws/install/alicia_d_cube_sort/local/lib/python3.10/dist-packages/alicia_d_cube_sort'...
[1.704s] Listing '/home/Projects/HET/alicia_ws/install/alicia_d_cube_sort/local/lib/python3.10/dist-packages/alicia_d_cube_sort/utils'...
[1.716s] -- Up-to-date: /home/Projects/HET/alicia_ws/install/alicia_d_cube_sort/lib/alicia_d_cube_sort/cube_detection.py
[1.717s] -- Up-to-date: /home/Projects/HET/alicia_ws/install/alicia_d_cube_sort/lib/alicia_d_cube_sort/cube_sorting.py
[1.721s] -- Up-to-date: /home/Projects/HET/alicia_ws/install/alicia_d_cube_sort/share/alicia_d_cube_sort/config
[1.721s] -- Up-to-date: /home/Projects/HET/alicia_ws/install/alicia_d_cube_sort/share/alicia_d_cube_sort/config/cube_sorting.yaml
[1.721s] -- Up-to-date: /home/Projects/HET/alicia_ws/install/alicia_d_cube_sort/share/alicia_d_cube_sort/launch
[1.721s] -- Up-to-date: /home/Projects/HET/alicia_ws/install/alicia_d_cube_sort/share/alicia_d_cube_sort/launch/cube_sorting.launch.py
[1.722s] -- Up-to-date: /home/Projects/HET/alicia_ws/install/alicia_d_cube_sort/share/alicia_d_cube_sort/launch/cube_detection.launch.py
[1.723s] -- Up-to-date: /home/Projects/HET/alicia_ws/install/alicia_d_cube_sort/share/ament_index/resource_index/package_run_dependencies/alicia_d_cube_sort
[1.724s] -- Up-to-date: /home/Projects/HET/alicia_ws/install/alicia_d_cube_sort/share/ament_index/resource_index/parent_prefix_path/alicia_d_cube_sort
[1.724s] -- Up-to-date: /home/Projects/HET/alicia_ws/install/alicia_d_cube_sort/share/alicia_d_cube_sort/environment/ament_prefix_path.sh
[1.724s] -- Up-to-date: /home/Projects/HET/alicia_ws/install/alicia_d_cube_sort/share/alicia_d_cube_sort/environment/ament_prefix_path.dsv
[1.724s] -- Up-to-date: /home/Projects/HET/alicia_ws/install/alicia_d_cube_sort/share/alicia_d_cube_sort/environment/path.sh
[1.724s] -- Up-to-date: /home/Projects/HET/alicia_ws/install/alicia_d_cube_sort/share/alicia_d_cube_sort/environment/path.dsv
[1.724s] -- Up-to-date: /home/Projects/HET/alicia_ws/install/alicia_d_cube_sort/share/alicia_d_cube_sort/local_setup.bash
[1.725s] -- Up-to-date: /home/Projects/HET/alicia_ws/install/alicia_d_cube_sort/share/alicia_d_cube_sort/local_setup.sh
[1.725s] -- Up-to-date: /home/Projects/HET/alicia_ws/install/alicia_d_cube_sort/share/alicia_d_cube_sort/local_setup.zsh
[1.726s] -- Up-to-date: /home/Projects/HET/alicia_ws/install/alicia_d_cube_sort/share/alicia_d_cube_sort/local_setup.dsv
[1.726s] -- Installing: /home/Projects/HET/alicia_ws/install/alicia_d_cube_sort/share/alicia_d_cube_sort/package.dsv
[1.727s] -- Up-to-date: /home/Projects/HET/alicia_ws/install/alicia_d_cube_sort/share/ament_index/resource_index/packages/alicia_d_cube_sort
[1.728s] -- Up-to-date: /home/Projects/HET/alicia_ws/install/alicia_d_cube_sort/share/alicia_d_cube_sort/cmake/alicia_d_cube_sortConfig.cmake
[1.728s] -- Up-to-date: /home/Projects/HET/alicia_ws/install/alicia_d_cube_sort/share/alicia_d_cube_sort/cmake/alicia_d_cube_sortConfig-version.cmake
[1.728s] -- Up-to-date: /home/Projects/HET/alicia_ws/install/alicia_d_cube_sort/share/alicia_d_cube_sort/package.xml
[1.739s] Invoked command in '/home/Projects/HET/alicia_ws/build/alicia_d_cube_sort' returned '0': CMAKE_PREFIX_PATH=/opt/ros/humble /usr/bin/cmake --install /home/Projects/HET/alicia_ws/build/alicia_d_cube_sort
