-- Install configuration: ""
-- Up-to-date: /home/Projects/HET/alicia_ws/install/alicia_d_descriptions/share/alicia_d_descriptions/launch
-- Up-to-date: /home/Projects/HET/alicia_ws/install/alicia_d_descriptions/share/alicia_d_descriptions/launch/alicia.rviz
-- Up-to-date: /home/Projects/HET/alicia_ws/install/alicia_d_descriptions/share/alicia_d_descriptions/launch/display.launch.py
-- Up-to-date: /home/Projects/HET/alicia_ws/install/alicia_d_descriptions/share/alicia_d_descriptions/urdf
-- Up-to-date: /home/Projects/HET/alicia_ws/install/alicia_d_descriptions/share/alicia_d_descriptions/urdf/Alicia_D_v5_6
-- Up-to-date: /home/Projects/HET/alicia_ws/install/alicia_d_descriptions/share/alicia_d_descriptions/urdf/Alicia_D_v5_6/Alicia_D_v5_6_gripper_100mm.urdf
-- Up-to-date: /home/Projects/HET/alicia_ws/install/alicia_d_descriptions/share/alicia_d_descriptions/urdf/Alicia_D_v5_6/Alicia_D_v5_6_gripper_50mm.urdf
-- Up-to-date: /home/Projects/HET/alicia_ws/install/alicia_d_descriptions/share/alicia_d_descriptions/meshes
-- Up-to-date: /home/Projects/HET/alicia_ws/install/alicia_d_descriptions/share/alicia_d_descriptions/meshes/Alicia_D_v5_6
-- Up-to-date: /home/Projects/HET/alicia_ws/install/alicia_d_descriptions/share/alicia_d_descriptions/meshes/Alicia_D_v5_6/gripper_100mm
-- Up-to-date: /home/Projects/HET/alicia_ws/install/alicia_d_descriptions/share/alicia_d_descriptions/meshes/Alicia_D_v5_6/gripper_100mm/Link6.STL
-- Up-to-date: /home/Projects/HET/alicia_ws/install/alicia_d_descriptions/share/alicia_d_descriptions/meshes/Alicia_D_v5_6/gripper_100mm/Link5.STL
-- Up-to-date: /home/Projects/HET/alicia_ws/install/alicia_d_descriptions/share/alicia_d_descriptions/meshes/Alicia_D_v5_6/gripper_100mm/Link2.STL
-- Up-to-date: /home/Projects/HET/alicia_ws/install/alicia_d_descriptions/share/alicia_d_descriptions/meshes/Alicia_D_v5_6/gripper_100mm/Link4.STL
-- Up-to-date: /home/Projects/HET/alicia_ws/install/alicia_d_descriptions/share/alicia_d_descriptions/meshes/Alicia_D_v5_6/gripper_100mm/right_gripper.STL
-- Up-to-date: /home/Projects/HET/alicia_ws/install/alicia_d_descriptions/share/alicia_d_descriptions/meshes/Alicia_D_v5_6/gripper_100mm/Link1.STL
-- Up-to-date: /home/Projects/HET/alicia_ws/install/alicia_d_descriptions/share/alicia_d_descriptions/meshes/Alicia_D_v5_6/gripper_100mm/left_gripper.STL
-- Up-to-date: /home/Projects/HET/alicia_ws/install/alicia_d_descriptions/share/alicia_d_descriptions/meshes/Alicia_D_v5_6/gripper_100mm/Link3.STL
-- Up-to-date: /home/Projects/HET/alicia_ws/install/alicia_d_descriptions/share/alicia_d_descriptions/meshes/Alicia_D_v5_6/gripper_100mm/base_link.STL
-- Up-to-date: /home/Projects/HET/alicia_ws/install/alicia_d_descriptions/share/alicia_d_descriptions/meshes/Alicia_D_v5_6/gripper_100mm/girpper_center.STL
-- Up-to-date: /home/Projects/HET/alicia_ws/install/alicia_d_descriptions/share/alicia_d_descriptions/meshes/Alicia_D_v5_6/gripper_50mm
-- Up-to-date: /home/Projects/HET/alicia_ws/install/alicia_d_descriptions/share/alicia_d_descriptions/meshes/Alicia_D_v5_6/gripper_50mm/Link6.STL
-- Up-to-date: /home/Projects/HET/alicia_ws/install/alicia_d_descriptions/share/alicia_d_descriptions/meshes/Alicia_D_v5_6/gripper_50mm/Link5.STL
-- Up-to-date: /home/Projects/HET/alicia_ws/install/alicia_d_descriptions/share/alicia_d_descriptions/meshes/Alicia_D_v5_6/gripper_50mm/Link2.STL
-- Up-to-date: /home/Projects/HET/alicia_ws/install/alicia_d_descriptions/share/alicia_d_descriptions/meshes/Alicia_D_v5_6/gripper_50mm/Link4.STL
-- Up-to-date: /home/Projects/HET/alicia_ws/install/alicia_d_descriptions/share/alicia_d_descriptions/meshes/Alicia_D_v5_6/gripper_50mm/right_gripper.STL
-- Up-to-date: /home/Projects/HET/alicia_ws/install/alicia_d_descriptions/share/alicia_d_descriptions/meshes/Alicia_D_v5_6/gripper_50mm/Link1.STL
-- Up-to-date: /home/Projects/HET/alicia_ws/install/alicia_d_descriptions/share/alicia_d_descriptions/meshes/Alicia_D_v5_6/gripper_50mm/left_gripper.STL
-- Up-to-date: /home/Projects/HET/alicia_ws/install/alicia_d_descriptions/share/alicia_d_descriptions/meshes/Alicia_D_v5_6/gripper_50mm/Link3.STL
-- Up-to-date: /home/Projects/HET/alicia_ws/install/alicia_d_descriptions/share/alicia_d_descriptions/meshes/Alicia_D_v5_6/gripper_50mm/base_link.STL
-- Up-to-date: /home/Projects/HET/alicia_ws/install/alicia_d_descriptions/share/alicia_d_descriptions/meshes/Alicia_D_v5_6/gripper_50mm/girpper_center.STL
-- Up-to-date: /home/Projects/HET/alicia_ws/install/alicia_d_descriptions/lib/alicia_d_descriptions/display.launch.py
-- Up-to-date: /home/Projects/HET/alicia_ws/install/alicia_d_descriptions/share/ament_index/resource_index/package_run_dependencies/alicia_d_descriptions
-- Up-to-date: /home/Projects/HET/alicia_ws/install/alicia_d_descriptions/share/ament_index/resource_index/parent_prefix_path/alicia_d_descriptions
-- Up-to-date: /home/Projects/HET/alicia_ws/install/alicia_d_descriptions/share/alicia_d_descriptions/environment/ament_prefix_path.sh
-- Up-to-date: /home/Projects/HET/alicia_ws/install/alicia_d_descriptions/share/alicia_d_descriptions/environment/ament_prefix_path.dsv
-- Up-to-date: /home/Projects/HET/alicia_ws/install/alicia_d_descriptions/share/alicia_d_descriptions/environment/path.sh
-- Up-to-date: /home/Projects/HET/alicia_ws/install/alicia_d_descriptions/share/alicia_d_descriptions/environment/path.dsv
-- Up-to-date: /home/Projects/HET/alicia_ws/install/alicia_d_descriptions/share/alicia_d_descriptions/local_setup.bash
-- Up-to-date: /home/Projects/HET/alicia_ws/install/alicia_d_descriptions/share/alicia_d_descriptions/local_setup.sh
-- Up-to-date: /home/Projects/HET/alicia_ws/install/alicia_d_descriptions/share/alicia_d_descriptions/local_setup.zsh
-- Up-to-date: /home/Projects/HET/alicia_ws/install/alicia_d_descriptions/share/alicia_d_descriptions/local_setup.dsv
-- Installing: /home/Projects/HET/alicia_ws/install/alicia_d_descriptions/share/alicia_d_descriptions/package.dsv
-- Up-to-date: /home/Projects/HET/alicia_ws/install/alicia_d_descriptions/share/ament_index/resource_index/packages/alicia_d_descriptions
-- Up-to-date: /home/Projects/HET/alicia_ws/install/alicia_d_descriptions/share/alicia_d_descriptions/cmake/alicia_d_descriptionsConfig.cmake
-- Up-to-date: /home/Projects/HET/alicia_ws/install/alicia_d_descriptions/share/alicia_d_descriptions/cmake/alicia_d_descriptionsConfig-version.cmake
-- Up-to-date: /home/Projects/HET/alicia_ws/install/alicia_d_descriptions/share/alicia_d_descriptions/package.xml
